../Drivers/CMSIS/Include/core_cm3.h:1480:22:__NVIC_SetPriorityGrouping	24	static
../Drivers/CMSIS/Include/core_cm3.h:1499:26:__NVIC_GetPriorityGrouping	4	static
../Drivers/CMSIS/Include/core_cm3.h:1511:22:__NVIC_EnableIRQ	16	static
../Drivers/CMSIS/Include/core_cm3.h:1547:22:__NVIC_DisableIRQ	16	static,ignoring_inline_asm
../Drivers/CMSIS/Include/core_cm3.h:1566:26:__NVIC_GetPendingIRQ	16	static
../Drivers/CMSIS/Include/core_cm3.h:1585:22:__NVIC_SetPendingIRQ	16	static
../Drivers/CMSIS/Include/core_cm3.h:1600:22:__NVIC_ClearPendingIRQ	16	static
../Drivers/CMSIS/Include/core_cm3.h:1617:26:__NVIC_GetActive	16	static
../Drivers/CMSIS/Include/core_cm3.h:1639:22:__NVIC_SetPriority	16	static
../Drivers/CMSIS/Include/core_cm3.h:1661:26:__NVIC_GetPriority	16	static
../Drivers/CMSIS/Include/core_cm3.h:1686:26:NVIC_EncodePriority	40	static
../Drivers/CMSIS/Include/core_cm3.h:1713:22:NVIC_DecodePriority	40	static
../Drivers/CMSIS/Include/core_cm3.h:1762:34:__NVIC_SystemReset	4	static,ignoring_inline_asm
../Drivers/CMSIS/Include/core_cm3.h:1834:26:SysTick_Config	16	static
../Drivers/STM32F1xx_HAL_Driver/Src/stm32f1xx_hal_cortex.c:142:6:HAL_NVIC_SetPriorityGrouping	16	static
../Drivers/STM32F1xx_HAL_Driver/Src/stm32f1xx_hal_cortex.c:164:6:HAL_NVIC_SetPriority	32	static
../Drivers/STM32F1xx_HAL_Driver/Src/stm32f1xx_hal_cortex.c:186:6:HAL_NVIC_EnableIRQ	16	static
../Drivers/STM32F1xx_HAL_Driver/Src/stm32f1xx_hal_cortex.c:202:6:HAL_NVIC_DisableIRQ	16	static
../Drivers/STM32F1xx_HAL_Driver/Src/stm32f1xx_hal_cortex.c:215:6:HAL_NVIC_SystemReset	8	static
../Drivers/STM32F1xx_HAL_Driver/Src/stm32f1xx_hal_cortex.c:228:10:HAL_SYSTICK_Config	16	static
../Drivers/STM32F1xx_HAL_Driver/Src/stm32f1xx_hal_cortex.c:369:10:HAL_NVIC_GetPriorityGrouping	8	static
../Drivers/STM32F1xx_HAL_Driver/Src/stm32f1xx_hal_cortex.c:396:6:HAL_NVIC_GetPriority	24	static
../Drivers/STM32F1xx_HAL_Driver/Src/stm32f1xx_hal_cortex.c:411:6:HAL_NVIC_SetPendingIRQ	16	static
../Drivers/STM32F1xx_HAL_Driver/Src/stm32f1xx_hal_cortex.c:429:10:HAL_NVIC_GetPendingIRQ	16	static
../Drivers/STM32F1xx_HAL_Driver/Src/stm32f1xx_hal_cortex.c:445:6:HAL_NVIC_ClearPendingIRQ	16	static
../Drivers/STM32F1xx_HAL_Driver/Src/stm32f1xx_hal_cortex.c:462:10:HAL_NVIC_GetActive	16	static
../Drivers/STM32F1xx_HAL_Driver/Src/stm32f1xx_hal_cortex.c:479:6:HAL_SYSTICK_CLKSourceConfig	16	static
../Drivers/STM32F1xx_HAL_Driver/Src/stm32f1xx_hal_cortex.c:497:6:HAL_SYSTICK_IRQHandler	8	static
../Drivers/STM32F1xx_HAL_Driver/Src/stm32f1xx_hal_cortex.c:506:13:HAL_SYSTICK_Callback	4	static
