../Drivers/STM32F1xx_HAL_Driver/Src/stm32f1xx_ll_fsmc.c:208:20:FSMC_NORSRAM_Init	32	static
../Drivers/STM32F1xx_HAL_Driver/Src/stm32f1xx_ll_fsmc.c:291:19:FSMC_NORSRAM_DeInit	24	static
../Drivers/STM32F1xx_HAL_Driver/Src/stm32f1xx_ll_fsmc.c:328:19:FSMC_NORSRAM_Timing_Init	24	static
../Drivers/STM32F1xx_HAL_Driver/Src/stm32f1xx_ll_fsmc.c:368:19:FSMC_NORSRAM_Extended_Timing_Init	24	static
../Drivers/STM32F1xx_HAL_Driver/Src/stm32f1xx_ll_fsmc.c:440:19:FSMC_NORSRAM_WriteOperation_Enable	16	static
../Drivers/STM32F1xx_HAL_Driver/Src/stm32f1xx_ll_fsmc.c:458:19:FSMC_NORSRAM_WriteOperation_Disable	16	static
../Drivers/STM32F1xx_HAL_Driver/Src/stm32f1xx_ll_fsmc.c:530:19:FSMC_NAND_Init	16	static
../Drivers/STM32F1xx_HAL_Driver/Src/stm32f1xx_ll_fsmc.c:577:19:FSMC_NAND_CommonSpace_Timing_Init	24	static
../Drivers/STM32F1xx_HAL_Driver/Src/stm32f1xx_ll_fsmc.c:617:19:FSMC_NAND_AttributeSpace_Timing_Init	24	static
../Drivers/STM32F1xx_HAL_Driver/Src/stm32f1xx_ll_fsmc.c:655:19:FSMC_NAND_DeInit	16	static
../Drivers/STM32F1xx_HAL_Driver/Src/stm32f1xx_ll_fsmc.c:712:19:FSMC_NAND_ECC_Enable	16	static
../Drivers/STM32F1xx_HAL_Driver/Src/stm32f1xx_ll_fsmc.c:738:19:FSMC_NAND_ECC_Disable	16	static
../Drivers/STM32F1xx_HAL_Driver/Src/stm32f1xx_ll_fsmc.c:765:19:FSMC_NAND_GetECC	32	static
../Drivers/STM32F1xx_HAL_Driver/Src/stm32f1xx_ll_fsmc.c:858:19:FSMC_PCCARD_Init	16	static
../Drivers/STM32F1xx_HAL_Driver/Src/stm32f1xx_ll_fsmc.c:891:19:FSMC_PCCARD_CommonSpace_Timing_Init	16	static
../Drivers/STM32F1xx_HAL_Driver/Src/stm32f1xx_ll_fsmc.c:920:19:FSMC_PCCARD_AttributeSpace_Timing_Init	16	static
../Drivers/STM32F1xx_HAL_Driver/Src/stm32f1xx_ll_fsmc.c:949:19:FSMC_PCCARD_IOSpace_Timing_Init	16	static
../Drivers/STM32F1xx_HAL_Driver/Src/stm32f1xx_ll_fsmc.c:976:19:FSMC_PCCARD_DeInit	16	static
