<html>
<body>
<pre>
<h1>µVision Build Log</h1>
<h2>Tool Versions:</h2>
IDE-Version: µVision V5.25.2.0
Copyright (C) 2018 ARM Ltd and ARM Germany GmbH. All rights reserved.
License Information:  ,  , LIC=EPPJJ-U1R5F-GPFZR-KID7G-HDEAK-FYKB1
 
Tool Versions:
Toolchain:       MDK-ARM Professional  Version: 5.25.2.0
Toolchain Path:  C:\Keil_v5\ARM\ARMCC\Bin
C Compiler:      Armcc.exe V5.06 update 6 (build 750)
Assembler:       Armasm.exe V5.06 update 6 (build 750)
Linker/Locator:  ArmLink.exe V5.06 update 6 (build 750)
Library Manager: ArmAr.exe V5.06 update 6 (build 750)
Hex Converter:   FromElf.exe V5.06 update 6 (build 750)
CPU DLL:         SARMCM3.DLL V5.25.2.0
Dialog DLL:      DCM.DLL V1.17.1.0
Target DLL:      STLink\ST-LINKIII-KEIL_SWO.dll V3.0.1.0
Dialog DLL:      TCM.DLL V1.35.1.0
 
<h2>Project:</h2>
D:\Dropbox\Git\LCD\SSD1306_HAL\MDK-ARM\SSD1306_HAL.uvprojx
Project File Date:  06/08/2018

<h2>Output:</h2>
*** Using Compiler 'V5.06 update 6 (build 750)', folder: 'C:\Keil_v5\ARM\ARMCC\Bin'
Build target 'SSD1306_HAL'
compiling main.c...
../Src/main.c(101): warning:  #188-D: enumerated type mixed with another type
  	LCD_Fill (0);
../Src/main.c(104): warning:  #188-D: enumerated type mixed with another type
  	LCD_String (10, 0, "Font_7x10", &Font_7x10, 1);
../Src/main.c(105): warning:  #188-D: enumerated type mixed with another type
  	LCD_String (10, 10, "Font_11x18", &Font_11x18, 1);
../Src/main.c(106): warning:  #188-D: enumerated type mixed with another type
  	LCD_String (10, 30, "16x26", &Font_16x26, 1);
../Src/main.c: 4 warnings, 0 errors
compiling ssd1306.c...
linking...
Program Size: Code=5408 RO-data=10552 RW-data=56 ZI-data=2656  
"SSD1306_HAL\SSD1306_HAL.axf" - 0 Error(s), 4 Warning(s).

<h2>Software Packages used:</h2>

Package Vendor: ARM
                http://www.keil.com/pack/ARM.CMSIS.5.3.0.pack
                ARM.CMSIS.5.3.0
                CMSIS (Cortex Microcontroller Software Interface Standard)
   * Component: CORE Version: 5.1.1

Package Vendor: Keil
                http://www.keil.com/pack/Keil.STM32F1xx_DFP.2.2.0.pack
                Keil.STM32F1xx_DFP.2.2.0
                STMicroelectronics STM32F1 Series Device Support, Drivers and Examples

<h2>Collection of Component include folders:</h2>
  .\RTE\_SSD1306_HAL
  C:\Keil_v5\ARM\PACK\ARM\CMSIS\5.3.0\CMSIS\Include
  C:\Keil_v5\ARM\PACK\Keil\STM32F1xx_DFP\2.2.0\Device\Include

<h2>Collection of Component Files used:</h2>

   * Component: ARM::CMSIS:CORE:5.1.1
Build Time Elapsed:  00:00:04
</pre>
</body>
</html>
