../Src/hx8357.c:3:10:RGB	16	static
../Src/hx8357.c:8:24:H24_RGB565	24	static
../Src/hx8357.c:17:20:LCD_Bus	16	static
../Src/hx8357.c:37:20:LCD_Send_Cmd	16	static
../Src/hx8357.c:48:20:LCD_Send_Dat	16	static
../Src/hx8357.c:60:20:LCD_Window	32	static
../Src/hx8357.c:78:6:LCD_Pixel	16	static
../Src/hx8357.c:84:6:LCD_Rect_Fill	32	static
../Src/hx8357.c:92:6:LCD_Line	56	static
../Src/hx8357.c:119:6:LCD_Triangle	32	static
../Src/hx8357.c:128:6:LCD_Triangle_Fill	64	static
../Src/hx8357.c:196:6:LCD_Rect	32	static
../Src/hx8357.c:204:6:LCD_Ellipse	56	static
../Src/hx8357.c:268:6:LCD_Circle	48	static
../Src/hx8357.c:306:6:LCD_Circle_Helper	48	static
../Src/hx8357.c:342:6:LCD_Rect_Round	32	static
../Src/hx8357.c:355:6:LCD_Circle_Fill_Helper	48	static
../Src/hx8357.c:384:6:LCD_Rect_Round_Fill	32	static
../Src/hx8357.c:391:13:LCD_Char	56	static
../Src/hx8357.c:426:6:LCD_Font	72	static
../Src/hx8357.c:450:6:LCD_Init	8	static
../Src/hx8357.c:467:6:LCD_Orientation	16	static
