Archive member included to satisfy reference by file (symbol)

c:/program files (x86)/atmel/studio/7.0/toolchain/avr8/avr8-gnu-toolchain/bin/../lib/gcc/avr/5.4.0/../../../../avr/lib/avr5\libm.a(addsf3.o)
                              xpt2046.o (__subsf3)
c:/program files (x86)/atmel/studio/7.0/toolchain/avr8/avr8-gnu-toolchain/bin/../lib/gcc/avr/5.4.0/../../../../avr/lib/avr5\libm.a(addsf3x.o)
                              c:/program files (x86)/atmel/studio/7.0/toolchain/avr8/avr8-gnu-toolchain/bin/../lib/gcc/avr/5.4.0/../../../../avr/lib/avr5\libm.a(addsf3.o) (__addsf3x)
c:/program files (x86)/atmel/studio/7.0/toolchain/avr8/avr8-gnu-toolchain/bin/../lib/gcc/avr/5.4.0/../../../../avr/lib/avr5\libm.a(divsf3.o)
                              xpt2046.o (__divsf3)
c:/program files (x86)/atmel/studio/7.0/toolchain/avr8/avr8-gnu-toolchain/bin/../lib/gcc/avr/5.4.0/../../../../avr/lib/avr5\libm.a(divsf3x.o)
                              c:/program files (x86)/atmel/studio/7.0/toolchain/avr8/avr8-gnu-toolchain/bin/../lib/gcc/avr/5.4.0/../../../../avr/lib/avr5\libm.a(divsf3.o) (__divsf3x)
c:/program files (x86)/atmel/studio/7.0/toolchain/avr8/avr8-gnu-toolchain/bin/../lib/gcc/avr/5.4.0/../../../../avr/lib/avr5\libm.a(fixunssfsi.o)
                              xpt2046.o (__fixunssfsi)
c:/program files (x86)/atmel/studio/7.0/toolchain/avr8/avr8-gnu-toolchain/bin/../lib/gcc/avr/5.4.0/../../../../avr/lib/avr5\libm.a(floatsisf.o)
                              xpt2046.o (__floatunsisf)
c:/program files (x86)/atmel/studio/7.0/toolchain/avr8/avr8-gnu-toolchain/bin/../lib/gcc/avr/5.4.0/../../../../avr/lib/avr5\libm.a(fp_inf.o)
                              c:/program files (x86)/atmel/studio/7.0/toolchain/avr8/avr8-gnu-toolchain/bin/../lib/gcc/avr/5.4.0/../../../../avr/lib/avr5\libm.a(addsf3x.o) (__fp_inf)
c:/program files (x86)/atmel/studio/7.0/toolchain/avr8/avr8-gnu-toolchain/bin/../lib/gcc/avr/5.4.0/../../../../avr/lib/avr5\libm.a(fp_nan.o)
                              c:/program files (x86)/atmel/studio/7.0/toolchain/avr8/avr8-gnu-toolchain/bin/../lib/gcc/avr/5.4.0/../../../../avr/lib/avr5\libm.a(addsf3x.o) (__fp_nan)
c:/program files (x86)/atmel/studio/7.0/toolchain/avr8/avr8-gnu-toolchain/bin/../lib/gcc/avr/5.4.0/../../../../avr/lib/avr5\libm.a(fp_pscA.o)
                              c:/program files (x86)/atmel/studio/7.0/toolchain/avr8/avr8-gnu-toolchain/bin/../lib/gcc/avr/5.4.0/../../../../avr/lib/avr5\libm.a(addsf3x.o) (__fp_pscA)
c:/program files (x86)/atmel/studio/7.0/toolchain/avr8/avr8-gnu-toolchain/bin/../lib/gcc/avr/5.4.0/../../../../avr/lib/avr5\libm.a(fp_pscB.o)
                              c:/program files (x86)/atmel/studio/7.0/toolchain/avr8/avr8-gnu-toolchain/bin/../lib/gcc/avr/5.4.0/../../../../avr/lib/avr5\libm.a(addsf3x.o) (__fp_pscB)
c:/program files (x86)/atmel/studio/7.0/toolchain/avr8/avr8-gnu-toolchain/bin/../lib/gcc/avr/5.4.0/../../../../avr/lib/avr5\libm.a(fp_round.o)
                              c:/program files (x86)/atmel/studio/7.0/toolchain/avr8/avr8-gnu-toolchain/bin/../lib/gcc/avr/5.4.0/../../../../avr/lib/avr5\libm.a(addsf3.o) (__fp_round)
c:/program files (x86)/atmel/studio/7.0/toolchain/avr8/avr8-gnu-toolchain/bin/../lib/gcc/avr/5.4.0/../../../../avr/lib/avr5\libm.a(fp_split3.o)
                              c:/program files (x86)/atmel/studio/7.0/toolchain/avr8/avr8-gnu-toolchain/bin/../lib/gcc/avr/5.4.0/../../../../avr/lib/avr5\libm.a(addsf3x.o) (__fp_split3)
c:/program files (x86)/atmel/studio/7.0/toolchain/avr8/avr8-gnu-toolchain/bin/../lib/gcc/avr/5.4.0/../../../../avr/lib/avr5\libm.a(fp_zero.o)
                              c:/program files (x86)/atmel/studio/7.0/toolchain/avr8/avr8-gnu-toolchain/bin/../lib/gcc/avr/5.4.0/../../../../avr/lib/avr5\libm.a(addsf3x.o) (__fp_zero)
c:/program files (x86)/atmel/studio/7.0/toolchain/avr8/avr8-gnu-toolchain/bin/../lib/gcc/avr/5.4.0/../../../../avr/lib/avr5\libm.a(mulsf3.o)
                              xpt2046.o (__mulsf3)
c:/program files (x86)/atmel/studio/7.0/toolchain/avr8/avr8-gnu-toolchain/bin/../lib/gcc/avr/5.4.0/../../../../avr/lib/avr5\libm.a(mulsf3x.o)
                              c:/program files (x86)/atmel/studio/7.0/toolchain/avr8/avr8-gnu-toolchain/bin/../lib/gcc/avr/5.4.0/../../../../avr/lib/avr5\libm.a(mulsf3.o) (__mulsf3x)
c:/program files (x86)/atmel/studio/7.0/toolchain/avr8/avr8-gnu-toolchain/bin/../lib/gcc/avr/5.4.0/avr5\libgcc.a(_exit.o)
                              C:/Program Files (x86)/Atmel/Studio/7.0/Packs/Atmel/ATmega_DFP/1.2.209/gcc/dev/atmega32a/avr5/crtatmega32a.o (exit)
c:/program files (x86)/atmel/studio/7.0/toolchain/avr8/avr8-gnu-toolchain/bin/../lib/gcc/avr/5.4.0/avr5\libgcc.a(_copy_data.o)
                              main.o (__do_copy_data)
c:/program files (x86)/atmel/studio/7.0/toolchain/avr8/avr8-gnu-toolchain/bin/../lib/gcc/avr/5.4.0/avr5\libgcc.a(_umulhisi3.o)
                              ssd1963.o (__umulhisi3)
c:/program files (x86)/atmel/studio/7.0/toolchain/avr8/avr8-gnu-toolchain/bin/../lib/gcc/avr/5.4.0/avr5\libgcc.a(_mulshisi3.o)
                              ssd1963.o (__mulshisi3)
c:/program files (x86)/atmel/studio/7.0/toolchain/avr8/avr8-gnu-toolchain/bin/../lib/gcc/avr/5.4.0/avr5\libgcc.a(_muluhisi3.o)
                              c:/program files (x86)/atmel/studio/7.0/toolchain/avr8/avr8-gnu-toolchain/bin/../lib/gcc/avr/5.4.0/avr5\libgcc.a(_mulshisi3.o) (__muluhisi3)
c:/program files (x86)/atmel/studio/7.0/toolchain/avr8/avr8-gnu-toolchain/bin/../lib/gcc/avr/5.4.0/../../../../avr/lib/avr5\libc.a(memcpy_P.o)
                              ssd1963.o (memcpy_P)
c:/program files (x86)/atmel/studio/7.0/toolchain/avr8/avr8-gnu-toolchain/bin/../lib/gcc/avr/5.4.0/../../../../avr/lib/avr5\libc.a(sprintf.o)
                              main.o (sprintf)
c:/program files (x86)/atmel/studio/7.0/toolchain/avr8/avr8-gnu-toolchain/bin/../lib/gcc/avr/5.4.0/../../../../avr/lib/avr5\libc.a(vfprintf_std.o)
                              c:/program files (x86)/atmel/studio/7.0/toolchain/avr8/avr8-gnu-toolchain/bin/../lib/gcc/avr/5.4.0/../../../../avr/lib/avr5\libc.a(sprintf.o) (vfprintf)
c:/program files (x86)/atmel/studio/7.0/toolchain/avr8/avr8-gnu-toolchain/bin/../lib/gcc/avr/5.4.0/../../../../avr/lib/avr5\libc.a(strnlen_P.o)
                              c:/program files (x86)/atmel/studio/7.0/toolchain/avr8/avr8-gnu-toolchain/bin/../lib/gcc/avr/5.4.0/../../../../avr/lib/avr5\libc.a(vfprintf_std.o) (strnlen_P)
c:/program files (x86)/atmel/studio/7.0/toolchain/avr8/avr8-gnu-toolchain/bin/../lib/gcc/avr/5.4.0/../../../../avr/lib/avr5\libc.a(strnlen.o)
                              c:/program files (x86)/atmel/studio/7.0/toolchain/avr8/avr8-gnu-toolchain/bin/../lib/gcc/avr/5.4.0/../../../../avr/lib/avr5\libc.a(vfprintf_std.o) (strnlen)
c:/program files (x86)/atmel/studio/7.0/toolchain/avr8/avr8-gnu-toolchain/bin/../lib/gcc/avr/5.4.0/../../../../avr/lib/avr5\libc.a(fputc.o)
                              c:/program files (x86)/atmel/studio/7.0/toolchain/avr8/avr8-gnu-toolchain/bin/../lib/gcc/avr/5.4.0/../../../../avr/lib/avr5\libc.a(vfprintf_std.o) (fputc)
c:/program files (x86)/atmel/studio/7.0/toolchain/avr8/avr8-gnu-toolchain/bin/../lib/gcc/avr/5.4.0/../../../../avr/lib/avr5\libc.a(ultoa_invert.o)
                              c:/program files (x86)/atmel/studio/7.0/toolchain/avr8/avr8-gnu-toolchain/bin/../lib/gcc/avr/5.4.0/../../../../avr/lib/avr5\libc.a(vfprintf_std.o) (__ultoa_invert)
c:/program files (x86)/atmel/studio/7.0/toolchain/avr8/avr8-gnu-toolchain/bin/../lib/gcc/avr/5.4.0/avr5\libgcc.a(_prologue.o)
                              c:/program files (x86)/atmel/studio/7.0/toolchain/avr8/avr8-gnu-toolchain/bin/../lib/gcc/avr/5.4.0/../../../../avr/lib/avr5\libc.a(sprintf.o) (__prologue_saves__)
c:/program files (x86)/atmel/studio/7.0/toolchain/avr8/avr8-gnu-toolchain/bin/../lib/gcc/avr/5.4.0/avr5\libgcc.a(_epilogue.o)
                              c:/program files (x86)/atmel/studio/7.0/toolchain/avr8/avr8-gnu-toolchain/bin/../lib/gcc/avr/5.4.0/../../../../avr/lib/avr5\libc.a(sprintf.o) (__epilogue_restores__)

Discarded input sections

 .data          0x00000000        0x0 C:/Program Files (x86)/Atmel/Studio/7.0/Packs/Atmel/ATmega_DFP/1.2.209/gcc/dev/atmega32a/avr5/crtatmega32a.o
 .bss           0x00000000        0x0 C:/Program Files (x86)/Atmel/Studio/7.0/Packs/Atmel/ATmega_DFP/1.2.209/gcc/dev/atmega32a/avr5/crtatmega32a.o
 .text          0x00000000        0x0 main.o
 .data          0x00000000        0x0 main.o
 .bss           0x00000000        0x0 main.o
 .progmem.data.Font_64_Segment_7_Num
                0x00000000        0x7 main.o
 .progmem.data.Font_64_Segment_7_NumGlyphs
                0x00000000       0x46 main.o
 .progmem.data.Font_64_Segment_7_NumBitmaps
                0x00000000     0x1514 main.o
 .progmem.data.Font_64_Segment_16_Num
                0x00000000        0x7 main.o
 .progmem.data.Font_64_Segment_16_NumGlyphs
                0x00000000       0x46 main.o
 .progmem.data.Font_64_Segment_16_NumBitmaps
                0x00000000     0x1817 main.o
 .progmem.data.Font_48_Segment_16_Num
                0x00000000        0x7 main.o
 .progmem.data.Font_48_Segment_16_NumGlyphs
                0x00000000       0x46 main.o
 .progmem.data.Font_48_Segment_16_NumBitmaps
                0x00000000      0xdcf main.o
 .progmem.data.Font_48_Battery
                0x00000000        0x7 main.o
 .progmem.data.Font_48_BatteryGlyphs
                0x00000000       0x46 main.o
 .progmem.data.Font_48_BatteryBitmaps
                0x00000000      0x564 main.o
 .progmem.data.Font_40_Segment_16_Full
                0x00000000        0x7 main.o
 .progmem.data.Font_40_Segment_16_FullGlyphs
                0x00000000      0x299 main.o
 .progmem.data.Font_40_Segment_16_FullBitmaps
                0x00000000     0x40ae main.o
 .progmem.data.Font_32_Grotesk_Bold
                0x00000000        0x7 main.o
 .progmem.data.Font_32_Grotesk_BoldGlyphs
                0x00000000      0x299 main.o
 .progmem.data.Font_32_Grotesk_BoldBitmaps
                0x00000000     0x345f main.o
 .progmem.data.Font_32_Grotesk
                0x00000000        0x7 main.o
 .progmem.data.Font_32_GroteskGlyphs
                0x00000000      0x299 main.o
 .progmem.data.Font_32_GroteskBitmaps
                0x00000000     0x3203 main.o
 .progmem.data.Font_32_Segment_18_Full
                0x00000000        0x7 main.o
 .progmem.data.Font_32_Segment_18_FullGlyphs
                0x00000000      0x299 main.o
 .progmem.data.Font_32_Segment_18_FullBitmaps
                0x00000000     0x30ee main.o
 .progmem.data.Font_32_Segment_16_Full
                0x00000000        0x7 main.o
 .progmem.data.Font_32_Segment_16_FullGlyphs
                0x00000000      0x299 main.o
 .progmem.data.Font_32_Segment_16_FullBitmaps
                0x00000000     0x2451 main.o
 .progmem.data.Font_32_Segment_7_Full
                0x00000000        0x7 main.o
 .progmem.data.Font_32_Segment_7_FullGlyphs
                0x00000000      0x299 main.o
 .progmem.data.Font_32_Segment_7_FullBitmaps
                0x00000000     0x2994 main.o
 .progmem.data.Font_32_Matrix_Num
                0x00000000        0x7 main.o
 .progmem.data.Font_32_Matrix_NumGlyphs
                0x00000000       0x46 main.o
 .progmem.data.Font_32_Matrix_NumBitmaps
                0x00000000      0x667 main.o
 .progmem.data.Font_32_Arial_Num_Plus
                0x00000000        0x7 main.o
 .progmem.data.Font_32_Arial_Num_PlusGlyphs
                0x00000000       0x4d main.o
 .progmem.data.Font_32_Arial_Num_PlusBitmaps
                0x00000000      0x61d main.o
 .progmem.data.Font_32_Calibri_Bold
                0x00000000        0x7 main.o
 .progmem.data.Font_32_Calibri_BoldGlyphs
                0x00000000       0x46 main.o
 .progmem.data.Font_32_Calibri_BoldBitmaps
                0x00000000      0x5c5 main.o
 .progmem.data.Font_32_Special
                0x00000000        0x7 main.o
 .progmem.data.Font_32_SpecialGlyphs
                0x00000000      0x299 main.o
 .progmem.data.Font_32_SpecialBitmaps
                0x00000000     0x2ae9 main.o
 .progmem.data.Font_32_Dingbats
                0x00000000        0x7 main.o
 .progmem.data.Font_32_DingbatsGlyphs
                0x00000000      0x299 main.o
 .progmem.data.Font_32_DingbatsBitmaps
                0x00000000      0xed2 main.o
 .progmem.data.Font_24_SerifItalic
                0x00000000        0x7 main.o
 .progmem.data.Font_24_SerifItalicGlyphs
                0x00000000      0x299 main.o
 .progmem.data.Font_24_SerifItalicBitmaps
                0x00000000     0x1d9b main.o
 .progmem.data.Font_24_Serif_Bold_Italic
                0x00000000        0x7 main.o
 .progmem.data.Font_24_Serif_Bold_ItalicGlyphs
                0x00000000      0x299 main.o
 .progmem.data.Font_24_Serif_Bold_ItalicBitmaps
                0x00000000     0x2035 main.o
 .progmem.data.Font_24_Serif_Bold
                0x00000000        0x7 main.o
 .progmem.data.Font_24_Serif_BoldGlyphs
                0x00000000      0x299 main.o
 .progmem.data.Font_24_Serif_BoldBitmaps
                0x00000000     0x1ea7 main.o
 .progmem.data.Font_24_Serif
                0x00000000        0x7 main.o
 .progmem.data.Font_24_SerifGlyphs
                0x00000000      0x299 main.o
 .progmem.data.Font_24_SerifBitmaps
                0x00000000     0x1b62 main.o
 .progmem.data.Font_24_Sans_Oblique
                0x00000000        0x7 main.o
 .progmem.data.Font_24_Sans_ObliqueGlyphs
                0x00000000      0x299 main.o
 .progmem.data.Font_24_Sans_ObliqueBitmaps
                0x00000000     0x226b main.o
 .progmem.data.Font_24_Sans_Bold_Oblique
                0x00000000        0x7 main.o
 .progmem.data.Font_24_Sans_Bold_ObliqueGlyphs
                0x00000000      0x299 main.o
 .progmem.data.Font_24_Sans_Bold_ObliqueBitmaps
                0x00000000     0x24e7 main.o
 .progmem.data.Font_24_Sans_Bold
                0x00000000        0x7 main.o
 .progmem.data.Font_24_Sans_BoldGlyphs
                0x00000000      0x299 main.o
 .progmem.data.Font_24_Sans_BoldBitmaps
                0x00000000     0x1fcf main.o
 .progmem.data.Font_24_Sans
                0x00000000        0x7 main.o
 .progmem.data.Font_24_SansGlyphs
                0x00000000      0x299 main.o
 .progmem.data.Font_24_SansBitmaps
                0x00000000     0x1d28 main.o
 .progmem.data.Font_24_Grotesk_Bold
                0x00000000        0x7 main.o
 .progmem.data.Font_24_Grotesk_BoldGlyphs
                0x00000000      0x299 main.o
 .progmem.data.Font_24_Grotesk_BoldBitmaps
                0x00000000     0x1d97 main.o
 .progmem.data.Font_24_Grotesk
                0x00000000        0x7 main.o
 .progmem.data.Font_24_GroteskGlyphs
                0x00000000      0x299 main.o
 .progmem.data.Font_24_GroteskBitmaps
                0x00000000     0x1c7a main.o
 .progmem.data.Font_24_Mono_Oblique
                0x00000000        0x7 main.o
 .progmem.data.Font_24_Mono_ObliqueGlyphs
                0x00000000      0x299 main.o
 .progmem.data.Font_24_Mono_ObliqueBitmaps
                0x00000000     0x1934 main.o
 .progmem.data.Font_24_Mono_Bold_Oblique
                0x00000000        0x7 main.o
 .progmem.data.Font_24_Mono_Bold_ObliqueGlyphs
                0x00000000      0x299 main.o
 .progmem.data.Font_24_Mono_Bold_ObliqueBitmaps
                0x00000000     0x1dd3 main.o
 .progmem.data.Font_24_Mono_Bold
                0x00000000        0x7 main.o
 .progmem.data.Font_24_Mono_BoldGlyphs
                0x00000000      0x299 main.o
 .progmem.data.Font_24_Mono_BoldBitmaps
                0x00000000     0x1a8d main.o
 .progmem.data.Font_24_Mono
                0x00000000        0x7 main.o
 .progmem.data.Font_24_MonoGlyphs
                0x00000000      0x299 main.o
 .progmem.data.Font_24_MonoBitmaps
                0x00000000     0x161a main.o
 .progmem.data.Font_24_Segment_16_Full
                0x00000000        0x7 main.o
 .progmem.data.Font_24_Segment_16_FullGlyphs
                0x00000000      0x299 main.o
 .progmem.data.Font_24_Segment_16_FullBitmaps
                0x00000000     0x183a main.o
 .progmem.data.Font_24_Ubuntu_Bold
                0x00000000        0x7 main.o
 .progmem.data.Font_24_Ubuntu_BoldGlyphs
                0x00000000      0x299 main.o
 .progmem.data.Font_24_Ubuntu_BoldBitmaps
                0x00000000      0xfc4 main.o
 .progmem.data.Font_24_Ubuntu
                0x00000000        0x7 main.o
 .progmem.data.Font_24_UbuntuGlyphs
                0x00000000      0x299 main.o
 .progmem.data.Font_24_UbuntuBitmaps
                0x00000000      0xe3d main.o
 .progmem.data.Font_24_Inconsola
                0x00000000        0x7 main.o
 .progmem.data.Font_24_InconsolaGlyphs
                0x00000000      0x299 main.o
 .progmem.data.Font_24_InconsolaBitmaps
                0x00000000      0xdcb main.o
 .progmem.data.Font_24_Matrix_Num
                0x00000000        0x7 main.o
 .progmem.data.Font_24_Matrix_NumGlyphs
                0x00000000       0x46 main.o
 .progmem.data.Font_24_Matrix_NumBitmaps
                0x00000000      0x26f main.o
 .progmem.data.Font_18_Serif_Italic
                0x00000000        0x7 main.o
 .progmem.data.Font_18_Serif_ItalicGlyphs
                0x00000000      0x299 main.o
 .progmem.data.Font_18_Serif_ItalicBitmaps
                0x00000000     0x1025 main.o
 .progmem.data.Font_18_Serif_Bold_Italic
                0x00000000        0x7 main.o
 .progmem.data.Font_18_Serif_Bold_ItalicGlyphs
                0x00000000      0x299 main.o
 .progmem.data.Font_18_Serif_Bold_ItalicBitmaps
                0x00000000     0x1282 main.o
 .progmem.data.Font_18_Serif_Bold
                0x00000000        0x7 main.o
 .progmem.data.Font_18_Serif_BoldGlyphs
                0x00000000      0x299 main.o
 .progmem.data.Font_18_Serif_BoldBitmaps
                0x00000000     0x10b1 main.o
 .progmem.data.Font_18_Sans_Oblique
                0x00000000        0x7 main.o
 .progmem.data.Font_18_Sans_ObliqueGlyphs
                0x00000000      0x299 main.o
 .progmem.data.Font_18_Sans_ObliqueBitmaps
                0x00000000     0x1357 main.o
 .progmem.data.Font_18_Sans_Bold_Oblique
                0x00000000        0x7 main.o
 .progmem.data.Font_18_Sans_Bold_ObliqueGlyphs
                0x00000000      0x299 main.o
 .progmem.data.Font_18_Sans_Bold_ObliqueBitmaps
                0x00000000     0x1497 main.o
 .progmem.data.Font_18_Sans_Bold
                0x00000000        0x7 main.o
 .progmem.data.Font_18_Sans_BoldGlyphs
                0x00000000      0x299 main.o
 .progmem.data.Font_18_Sans_BoldBitmaps
                0x00000000     0x1197 main.o
 .progmem.data.Font_18_Sans
                0x00000000        0x7 main.o
 .progmem.data.Font_18_SansGlyphs
                0x00000000      0x299 main.o
 .progmem.data.Font_18_SansBitmaps
                0x00000000     0x103f main.o
 .progmem.data.Font_18_Mono_Oblique
                0x00000000        0x7 main.o
 .progmem.data.Font_18_Mono_ObliqueGlyphs
                0x00000000      0x299 main.o
 .progmem.data.Font_18_Mono_ObliqueBitmaps
                0x00000000      0xdba main.o
 .progmem.data.Font_18_Mono_Bold_Oblique
                0x00000000        0x7 main.o
 .progmem.data.Font_18_Mono_Bold_ObliqueGlyphs
                0x00000000      0x299 main.o
 .progmem.data.Font_18_Mono_Bold_ObliqueBitmaps
                0x00000000     0x10a0 main.o
 .progmem.data.Font_18_Mono_Bold
                0x00000000        0x7 main.o
 .progmem.data.Font_18_Mono_BoldGlyphs
                0x00000000      0x299 main.o
 .progmem.data.Font_18_Mono_BoldBitmaps
                0x00000000      0xee5 main.o
 .progmem.data.Font_18_Mono
                0x00000000        0x7 main.o
 .progmem.data.Font_18_MonoGlyphs
                0x00000000      0x299 main.o
 .progmem.data.Font_18_MonoBitmaps
                0x00000000      0xc11 main.o
 .progmem.data.Font_16_Retro
                0x00000000        0x7 main.o
 .progmem.data.Font_16_RetroGlyphs
                0x00000000      0x299 main.o
 .progmem.data.Font_16_RetroBitmaps
                0x00000000      0xbe0 main.o
 .progmem.data.Font_16_Grotesk_Bold16x32
                0x00000000        0x7 main.o
 .progmem.data.Font_16_Grotesk_Bold16x32Glyphs
                0x00000000      0x299 main.o
 .progmem.data.Font_16_Grotesk_Bold16x32Bitmaps
                0x00000000      0xd17 main.o
 .progmem.data.Font_16_Grotesk
                0x00000000        0x7 main.o
 .progmem.data.Font_16_GroteskGlyphs
                0x00000000      0x299 main.o
 .progmem.data.Font_16_GroteskBitmaps
                0x00000000      0xce8 main.o
 .progmem.data.Font_16_Segment_16_Full
                0x00000000        0x7 main.o
 .progmem.data.Font_16_Segment_16_FullGlyphs
                0x00000000      0x299 main.o
 .progmem.data.Font_16_Segment_16_FullBitmaps
                0x00000000      0xa2b main.o
 .progmem.data.Font_16_OCR
                0x00000000        0x7 main.o
 .progmem.data.Font_16_OCRGlyphs
                0x00000000      0x299 main.o
 .progmem.data.Font_16_OCRBitmaps
                0x00000000      0x71c main.o
 .progmem.data.Font_16_Arial_Round
                0x00000000        0x7 main.o
 .progmem.data.Font_16_Arial_RoundGlyphs
                0x00000000      0x299 main.o
 .progmem.data.Font_16_Arial_RoundBitmaps
                0x00000000      0x753 main.o
 .progmem.data.Font_16_Matrix_Num
                0x00000000        0x7 main.o
 .progmem.data.Font_16_Matrix_NumGlyphs
                0x00000000       0x46 main.o
 .progmem.data.Font_16_Matrix_NumBitmaps
                0x00000000      0x14f main.o
 .progmem.data.Font_16_Matrix_Full_Slash
                0x00000000        0x7 main.o
 .progmem.data.Font_16_Matrix_Full_SlashGlyphs
                0x00000000      0x299 main.o
 .progmem.data.Font_16_Matrix_Full_SlashBitmaps
                0x00000000      0x95b main.o
 .progmem.data.Font_16_Matrix_Full
                0x00000000        0x7 main.o
 .progmem.data.Font_16_Matrix_FullGlyphs
                0x00000000      0x299 main.o
 .progmem.data.Font_16_Matrix_FullBitmaps
                0x00000000      0x95b main.o
 .progmem.data.Font_16_Swiss_Outline
                0x00000000        0x7 main.o
 .progmem.data.Font_16_Swiss_OutlineGlyphs
                0x00000000      0x299 main.o
 .progmem.data.Font_16_Swiss_OutlineBitmaps
                0x00000000      0x443 main.o
 .progmem.data.Font_16_Sinclair_Inverted
                0x00000000        0x7 main.o
 .progmem.data.Font_16_Sinclair_InvertedGlyphs
                0x00000000      0x299 main.o
 .progmem.data.Font_16_Sinclair_InvertedBitmaps
                0x00000000      0x70f main.o
 .progmem.data.Font_16_Sinclair
                0x00000000        0x7 main.o
 .progmem.data.Font_16_SinclairGlyphs
                0x00000000      0x299 main.o
 .progmem.data.Font_16_SinclairBitmaps
                0x00000000      0x522 main.o
 .progmem.data.Font_16_Nadianne
                0x00000000        0x7 main.o
 .progmem.data.Font_16_NadianneGlyphs
                0x00000000      0x299 main.o
 .progmem.data.Font_16_NadianneBitmaps
                0x00000000      0x4fe main.o
 .progmem.data.Font_16_Hallfetica
                0x00000000        0x7 main.o
 .progmem.data.Font_16_HallfeticaGlyphs
                0x00000000      0x299 main.o
 .progmem.data.Font_16_HallfeticaBitmaps
                0x00000000      0x3a9 main.o
 .progmem.data.Font_16_FranklinGothic
                0x00000000        0x7 main.o
 .progmem.data.Font_16_FranklinGothicGlyphs
                0x00000000      0x299 main.o
 .progmem.data.Font_16_FranklinGothicBitmaps
                0x00000000      0x3a2 main.o
 .progmem.data.Font_16_Default
                0x00000000        0x7 main.o
 .progmem.data.Font_16_DefaultGlyphs
                0x00000000      0x299 main.o
 .progmem.data.Font_16_DefaultBitmaps
                0x00000000      0x4ae main.o
 .progmem.data.Font_16_Arial_Italic
                0x00000000        0x7 main.o
 .progmem.data.Font_16_Arial_ItalicGlyphs
                0x00000000      0x299 main.o
 .progmem.data.Font_16_Arial_ItalicBitmaps
                0x00000000      0x3fd main.o
 .progmem.data.Font_16_Arial_Bold
                0x00000000        0x7 main.o
 .progmem.data.Font_16_Arial_BoldGlyphs
                0x00000000      0x299 main.o
 .progmem.data.Font_16_Arial_BoldBitmaps
                0x00000000      0x3e4 main.o
 .progmem.data.Font_16_Arial
                0x00000000        0x7 main.o
 .progmem.data.Font_16_ArialGlyphs
                0x00000000      0x299 main.o
 .progmem.data.Font_16_ArialBitmaps
                0x00000000      0x389 main.o
 .progmem.data.Font_12_Serif_Italic
                0x00000000        0x7 main.o
 .progmem.data.Font_12_Serif_ItalicGlyphs
                0x00000000      0x299 main.o
 .progmem.data.Font_12_Serif_ItalicBitmaps
                0x00000000      0x7c0 main.o
 .progmem.data.FreeSerFont_12_Serif_Bold_Italic
                0x00000000        0x7 main.o
 .progmem.data.FreeSerFont_12_Serif_Bold_ItalicGlyphs
                0x00000000      0x299 main.o
 .progmem.data.FreeSerFont_12_Serif_Bold_ItalicBitmaps
                0x00000000      0x8be main.o
 .progmem.data.Font_12_Serif_Bold
                0x00000000        0x7 main.o
 .progmem.data.Font_12_Serif_BoldGlyphs
                0x00000000      0x299 main.o
 .progmem.data.Font_12_Serif_BoldBitmaps
                0x00000000      0x7c7 main.o
 .progmem.data.Font_12_Serif
                0x00000000        0x7 main.o
 .progmem.data.Font_12_SerifGlyphs
                0x00000000      0x299 main.o
 .progmem.data.Font_12_SerifBitmaps
                0x00000000      0x72f main.o
 .progmem.data.Font_12_Sans_Oblique
                0x00000000        0x7 main.o
 .progmem.data.Font_12_Sans_ObliqueGlyphs
                0x00000000      0x299 main.o
 .progmem.data.Font_12_Sans_ObliqueBitmaps
                0x00000000      0x93a main.o
 .progmem.data.Font_12_Sans_Bold_Oblique
                0x00000000        0x7 main.o
 .progmem.data.Font_12_Sans_Bold_ObliqueGlyphs
                0x00000000      0x299 main.o
 .progmem.data.Font_12_Sans_Bold_ObliqueBitmaps
                0x00000000      0x9e7 main.o
 .progmem.data.Font_12_Sans_Bold
                0x00000000        0x7 main.o
 .progmem.data.Font_12_Sans_BoldGlyphs
                0x00000000      0x299 main.o
 .progmem.data.Font_12_Sans_BoldBitmaps
                0x00000000      0x88a main.o
 .progmem.data.Font_12_Sans
                0x00000000        0x7 main.o
 .progmem.data.Font_12_SansGlyphs
                0x00000000      0x299 main.o
 .progmem.data.Font_12_SansBitmaps
                0x00000000      0x7b1 main.o
 .progmem.data.Font_12_Mono_Oblique
                0x00000000        0x7 main.o
 .progmem.data.Font_12_Mono_ObliqueGlyphs
                0x00000000      0x299 main.o
 .progmem.data.Font_12_Mono_ObliqueBitmaps
                0x00000000      0x6ab main.o
 .progmem.data.Font_12_Mono_Bold_Oblique
                0x00000000        0x7 main.o
 .progmem.data.Font_12_Mono_Bold_ObliqueGlyphs
                0x00000000      0x299 main.o
 .progmem.data.Font_12_Mono_Bold_ObliqueBitmaps
                0x00000000      0x7ae main.o
 .progmem.data.Font_12_Mono_Bold
                0x00000000        0x7 main.o
 .progmem.data.Font_12_Mono_BoldGlyphs
                0x00000000      0x299 main.o
 .progmem.data.Font_12_Mono_BoldBitmaps
                0x00000000      0x6c2 main.o
 .progmem.data.Font_12_Mono
                0x00000000        0x7 main.o
 .progmem.data.Font_12_MonoGlyphs
                0x00000000      0x299 main.o
 .progmem.data.Font_12_MonoBitmaps
                0x00000000      0x5b4 main.o
 .progmem.data.Font_9_Serif_Italic
                0x00000000        0x7 main.o
 .progmem.data.Font_9_Serif_ItalicGlyphs
                0x00000000      0x299 main.o
 .progmem.data.Font_9_Serif_ItalicBitmaps
                0x00000000      0x48b main.o
 .progmem.data.Font_9_Serif_Bold_Italic
                0x00000000        0x7 main.o
 .progmem.data.Font_9_Serif_Bold_ItalicGlyphs
                0x00000000      0x299 main.o
 .progmem.data.Font_9_Serif_Bold_ItalicBitmaps
                0x00000000      0x51e main.o
 .progmem.data.Font_9_Serif
                0x00000000        0x7 main.o
 .progmem.data.Font_9_SerifGlyphs
                0x00000000      0x299 main.o
 .progmem.data.Font_9_SerifBitmaps
                0x00000000      0x438 main.o
 .progmem.data.Font_9_Sans_Oblique
                0x00000000        0x7 main.o
 .progmem.data.Font_9_Sans_ObliqueGlyphs
                0x00000000      0x299 main.o
 .progmem.data.Font_9_Sans_ObliqueBitmaps
                0x00000000      0x559 main.o
 .progmem.data.Font_9_Sans_Bold_Oblique
                0x00000000        0x7 main.o
 .progmem.data.Font_9_Sans_Bold_ObliqueGlyphs
                0x00000000      0x299 main.o
 .progmem.data.Font_9_Sans_Bold_ObliqueBitmaps
                0x00000000      0x5b8 main.o
 .progmem.data.Font_9_Sans_Bold
                0x00000000        0x7 main.o
 .progmem.data.Font_9_Sans_BoldGlyphs
                0x00000000      0x299 main.o
 .progmem.data.Font_9_Sans_BoldBitmaps
                0x00000000      0x4ce main.o
 .progmem.data.Font_9_Sans
                0x00000000        0x7 main.o
 .progmem.data.Font_9_SansGlyphs
                0x00000000      0x299 main.o
 .progmem.data.Font_9_SansBitmaps
                0x00000000      0x47e main.o
 .progmem.data.Font_9_Mono_Oblique
                0x00000000        0x7 main.o
 .progmem.data.Font_9_Mono_ObliqueGlyphs
                0x00000000      0x299 main.o
 .progmem.data.Font_9_Mono_ObliqueBitmaps
                0x00000000      0x3d6 main.o
 .progmem.data.Font_9_Mono_Bold_Oblique
                0x00000000        0x7 main.o
 .progmem.data.Font_9_Mono_Bold_ObliqueGlyphs
                0x00000000      0x299 main.o
 .progmem.data.Font_9_Mono_Bold_ObliqueBitmaps
                0x00000000      0x48f main.o
 .progmem.data.Font_9_Mono_Bold
                0x00000000        0x7 main.o
 .progmem.data.Font_9_Mono_BoldGlyphs
                0x00000000      0x299 main.o
 .progmem.data.Font_9_Mono_BoldBitmaps
                0x00000000      0x3e8 main.o
 .progmem.data.Font_9_Mono
                0x00000000        0x7 main.o
 .progmem.data.Font_9_MonoGlyphs
                0x00000000      0x299 main.o
 .progmem.data.Font_9_MonoBitmaps
                0x00000000      0x34c main.o
 .progmem.data.Font_8_Retro
                0x00000000        0x7 main.o
 .progmem.data.Font_8_RetroGlyphs
                0x00000000      0x299 main.o
 .progmem.data.Font_8_RetroBitmaps
                0x00000000      0x321 main.o
 .progmem.data.Font_8_Myke
                0x00000000        0x7 main.o
 .progmem.data.Font_8_MykeGlyphs
                0x00000000      0x299 main.o
 .progmem.data.Font_8_MykeBitmaps
                0x00000000      0x15d main.o
 .progmem.data.Font_8_Tiny
                0x00000000        0x7 main.o
 .progmem.data.Font_8_TinyGlyphs
                0x00000000      0x299 main.o
 .progmem.data.Font_8_TinyBitmaps
                0x00000000      0x20b main.o
 .progmem.data.Font_8_Sinclair_Inverted
                0x00000000        0x7 main.o
 .progmem.data.Font_8_Sinclair_InvertedGlyphs
                0x00000000      0x299 main.o
 .progmem.data.Font_8_Sinclair_InvertedBitmaps
                0x00000000      0x1e2 main.o
 .progmem.data.Font_8_Sinclair
                0x00000000        0x7 main.o
 .progmem.data.Font_8_SinclairGlyphs
                0x00000000      0x299 main.o
 .progmem.data.Font_8_SinclairBitmaps
                0x00000000      0x175 main.o
 .progmem.data.Font_3_PicoPixel
                0x00000000        0x7 main.o
 .progmem.data.Font_3_PicoPixelGlyphs
                0x00000000      0x299 main.o
 .progmem.data.Font_3_PicoPixelBitmaps
                0x00000000       0xb4 main.o
 .progmem.data.Font_3_Tiny
                0x00000000        0x7 main.o
 .progmem.data.Font_3_TinyGlyphs
                0x00000000      0x299 main.o
 .progmem.data.Font_3_TinyBitmaps
                0x00000000       0x8e main.o
 .text          0x00000000        0x0 ssd1963.o
 .data          0x00000000        0x0 ssd1963.o
 .bss           0x00000000        0x0 ssd1963.o
 .text.RGB      0x00000000       0x22 ssd1963.o
 .text.LCD_Pixel
                0x00000000      0x154 ssd1963.o
 .text.LCD_Bitmap
                0x00000000      0x1a4 ssd1963.o
 .text.LCD_Bitmap_Mono
                0x00000000      0x26a ssd1963.o
 .text.LCD_Bright
                0x00000000       0x68 ssd1963.o
 .text          0x00000000        0x0 xpt2046.o
 .data          0x00000000        0x0 xpt2046.o
 .bss           0x00000000        0x0 xpt2046.o
 .text          0x00000000        0x0 c:/program files (x86)/atmel/studio/7.0/toolchain/avr8/avr8-gnu-toolchain/bin/../lib/gcc/avr/5.4.0/../../../../avr/lib/avr5\libm.a(addsf3.o)
 .data          0x00000000        0x0 c:/program files (x86)/atmel/studio/7.0/toolchain/avr8/avr8-gnu-toolchain/bin/../lib/gcc/avr/5.4.0/../../../../avr/lib/avr5\libm.a(addsf3.o)
 .bss           0x00000000        0x0 c:/program files (x86)/atmel/studio/7.0/toolchain/avr8/avr8-gnu-toolchain/bin/../lib/gcc/avr/5.4.0/../../../../avr/lib/avr5\libm.a(addsf3.o)
 .text          0x00000000        0x0 c:/program files (x86)/atmel/studio/7.0/toolchain/avr8/avr8-gnu-toolchain/bin/../lib/gcc/avr/5.4.0/../../../../avr/lib/avr5\libm.a(addsf3x.o)
 .data          0x00000000        0x0 c:/program files (x86)/atmel/studio/7.0/toolchain/avr8/avr8-gnu-toolchain/bin/../lib/gcc/avr/5.4.0/../../../../avr/lib/avr5\libm.a(addsf3x.o)
 .bss           0x00000000        0x0 c:/program files (x86)/atmel/studio/7.0/toolchain/avr8/avr8-gnu-toolchain/bin/../lib/gcc/avr/5.4.0/../../../../avr/lib/avr5\libm.a(addsf3x.o)
 .text          0x00000000        0x0 c:/program files (x86)/atmel/studio/7.0/toolchain/avr8/avr8-gnu-toolchain/bin/../lib/gcc/avr/5.4.0/../../../../avr/lib/avr5\libm.a(divsf3.o)
 .data          0x00000000        0x0 c:/program files (x86)/atmel/studio/7.0/toolchain/avr8/avr8-gnu-toolchain/bin/../lib/gcc/avr/5.4.0/../../../../avr/lib/avr5\libm.a(divsf3.o)
 .bss           0x00000000        0x0 c:/program files (x86)/atmel/studio/7.0/toolchain/avr8/avr8-gnu-toolchain/bin/../lib/gcc/avr/5.4.0/../../../../avr/lib/avr5\libm.a(divsf3.o)
 .text          0x00000000        0x0 c:/program files (x86)/atmel/studio/7.0/toolchain/avr8/avr8-gnu-toolchain/bin/../lib/gcc/avr/5.4.0/../../../../avr/lib/avr5\libm.a(divsf3x.o)
 .data          0x00000000        0x0 c:/program files (x86)/atmel/studio/7.0/toolchain/avr8/avr8-gnu-toolchain/bin/../lib/gcc/avr/5.4.0/../../../../avr/lib/avr5\libm.a(divsf3x.o)
 .bss           0x00000000        0x0 c:/program files (x86)/atmel/studio/7.0/toolchain/avr8/avr8-gnu-toolchain/bin/../lib/gcc/avr/5.4.0/../../../../avr/lib/avr5\libm.a(divsf3x.o)
 .text          0x00000000        0x0 c:/program files (x86)/atmel/studio/7.0/toolchain/avr8/avr8-gnu-toolchain/bin/../lib/gcc/avr/5.4.0/../../../../avr/lib/avr5\libm.a(fixunssfsi.o)
 .data          0x00000000        0x0 c:/program files (x86)/atmel/studio/7.0/toolchain/avr8/avr8-gnu-toolchain/bin/../lib/gcc/avr/5.4.0/../../../../avr/lib/avr5\libm.a(fixunssfsi.o)
 .bss           0x00000000        0x0 c:/program files (x86)/atmel/studio/7.0/toolchain/avr8/avr8-gnu-toolchain/bin/../lib/gcc/avr/5.4.0/../../../../avr/lib/avr5\libm.a(fixunssfsi.o)
 .text          0x00000000        0x0 c:/program files (x86)/atmel/studio/7.0/toolchain/avr8/avr8-gnu-toolchain/bin/../lib/gcc/avr/5.4.0/../../../../avr/lib/avr5\libm.a(floatsisf.o)
 .data          0x00000000        0x0 c:/program files (x86)/atmel/studio/7.0/toolchain/avr8/avr8-gnu-toolchain/bin/../lib/gcc/avr/5.4.0/../../../../avr/lib/avr5\libm.a(floatsisf.o)
 .bss           0x00000000        0x0 c:/program files (x86)/atmel/studio/7.0/toolchain/avr8/avr8-gnu-toolchain/bin/../lib/gcc/avr/5.4.0/../../../../avr/lib/avr5\libm.a(floatsisf.o)
 .text          0x00000000        0x0 c:/program files (x86)/atmel/studio/7.0/toolchain/avr8/avr8-gnu-toolchain/bin/../lib/gcc/avr/5.4.0/../../../../avr/lib/avr5\libm.a(fp_inf.o)
 .data          0x00000000        0x0 c:/program files (x86)/atmel/studio/7.0/toolchain/avr8/avr8-gnu-toolchain/bin/../lib/gcc/avr/5.4.0/../../../../avr/lib/avr5\libm.a(fp_inf.o)
 .bss           0x00000000        0x0 c:/program files (x86)/atmel/studio/7.0/toolchain/avr8/avr8-gnu-toolchain/bin/../lib/gcc/avr/5.4.0/../../../../avr/lib/avr5\libm.a(fp_inf.o)
 .text          0x00000000        0x0 c:/program files (x86)/atmel/studio/7.0/toolchain/avr8/avr8-gnu-toolchain/bin/../lib/gcc/avr/5.4.0/../../../../avr/lib/avr5\libm.a(fp_nan.o)
 .data          0x00000000        0x0 c:/program files (x86)/atmel/studio/7.0/toolchain/avr8/avr8-gnu-toolchain/bin/../lib/gcc/avr/5.4.0/../../../../avr/lib/avr5\libm.a(fp_nan.o)
 .bss           0x00000000        0x0 c:/program files (x86)/atmel/studio/7.0/toolchain/avr8/avr8-gnu-toolchain/bin/../lib/gcc/avr/5.4.0/../../../../avr/lib/avr5\libm.a(fp_nan.o)
 .text          0x00000000        0x0 c:/program files (x86)/atmel/studio/7.0/toolchain/avr8/avr8-gnu-toolchain/bin/../lib/gcc/avr/5.4.0/../../../../avr/lib/avr5\libm.a(fp_pscA.o)
 .data          0x00000000        0x0 c:/program files (x86)/atmel/studio/7.0/toolchain/avr8/avr8-gnu-toolchain/bin/../lib/gcc/avr/5.4.0/../../../../avr/lib/avr5\libm.a(fp_pscA.o)
 .bss           0x00000000        0x0 c:/program files (x86)/atmel/studio/7.0/toolchain/avr8/avr8-gnu-toolchain/bin/../lib/gcc/avr/5.4.0/../../../../avr/lib/avr5\libm.a(fp_pscA.o)
 .text          0x00000000        0x0 c:/program files (x86)/atmel/studio/7.0/toolchain/avr8/avr8-gnu-toolchain/bin/../lib/gcc/avr/5.4.0/../../../../avr/lib/avr5\libm.a(fp_pscB.o)
 .data          0x00000000        0x0 c:/program files (x86)/atmel/studio/7.0/toolchain/avr8/avr8-gnu-toolchain/bin/../lib/gcc/avr/5.4.0/../../../../avr/lib/avr5\libm.a(fp_pscB.o)
 .bss           0x00000000        0x0 c:/program files (x86)/atmel/studio/7.0/toolchain/avr8/avr8-gnu-toolchain/bin/../lib/gcc/avr/5.4.0/../../../../avr/lib/avr5\libm.a(fp_pscB.o)
 .text          0x00000000        0x0 c:/program files (x86)/atmel/studio/7.0/toolchain/avr8/avr8-gnu-toolchain/bin/../lib/gcc/avr/5.4.0/../../../../avr/lib/avr5\libm.a(fp_round.o)
 .data          0x00000000        0x0 c:/program files (x86)/atmel/studio/7.0/toolchain/avr8/avr8-gnu-toolchain/bin/../lib/gcc/avr/5.4.0/../../../../avr/lib/avr5\libm.a(fp_round.o)
 .bss           0x00000000        0x0 c:/program files (x86)/atmel/studio/7.0/toolchain/avr8/avr8-gnu-toolchain/bin/../lib/gcc/avr/5.4.0/../../../../avr/lib/avr5\libm.a(fp_round.o)
 .text          0x00000000        0x0 c:/program files (x86)/atmel/studio/7.0/toolchain/avr8/avr8-gnu-toolchain/bin/../lib/gcc/avr/5.4.0/../../../../avr/lib/avr5\libm.a(fp_split3.o)
 .data          0x00000000        0x0 c:/program files (x86)/atmel/studio/7.0/toolchain/avr8/avr8-gnu-toolchain/bin/../lib/gcc/avr/5.4.0/../../../../avr/lib/avr5\libm.a(fp_split3.o)
 .bss           0x00000000        0x0 c:/program files (x86)/atmel/studio/7.0/toolchain/avr8/avr8-gnu-toolchain/bin/../lib/gcc/avr/5.4.0/../../../../avr/lib/avr5\libm.a(fp_split3.o)
 .text          0x00000000        0x0 c:/program files (x86)/atmel/studio/7.0/toolchain/avr8/avr8-gnu-toolchain/bin/../lib/gcc/avr/5.4.0/../../../../avr/lib/avr5\libm.a(fp_zero.o)
 .data          0x00000000        0x0 c:/program files (x86)/atmel/studio/7.0/toolchain/avr8/avr8-gnu-toolchain/bin/../lib/gcc/avr/5.4.0/../../../../avr/lib/avr5\libm.a(fp_zero.o)
 .bss           0x00000000        0x0 c:/program files (x86)/atmel/studio/7.0/toolchain/avr8/avr8-gnu-toolchain/bin/../lib/gcc/avr/5.4.0/../../../../avr/lib/avr5\libm.a(fp_zero.o)
 .text          0x00000000        0x0 c:/program files (x86)/atmel/studio/7.0/toolchain/avr8/avr8-gnu-toolchain/bin/../lib/gcc/avr/5.4.0/../../../../avr/lib/avr5\libm.a(mulsf3.o)
 .data          0x00000000        0x0 c:/program files (x86)/atmel/studio/7.0/toolchain/avr8/avr8-gnu-toolchain/bin/../lib/gcc/avr/5.4.0/../../../../avr/lib/avr5\libm.a(mulsf3.o)
 .bss           0x00000000        0x0 c:/program files (x86)/atmel/studio/7.0/toolchain/avr8/avr8-gnu-toolchain/bin/../lib/gcc/avr/5.4.0/../../../../avr/lib/avr5\libm.a(mulsf3.o)
 .text          0x00000000        0x0 c:/program files (x86)/atmel/studio/7.0/toolchain/avr8/avr8-gnu-toolchain/bin/../lib/gcc/avr/5.4.0/../../../../avr/lib/avr5\libm.a(mulsf3x.o)
 .data          0x00000000        0x0 c:/program files (x86)/atmel/studio/7.0/toolchain/avr8/avr8-gnu-toolchain/bin/../lib/gcc/avr/5.4.0/../../../../avr/lib/avr5\libm.a(mulsf3x.o)
 .bss           0x00000000        0x0 c:/program files (x86)/atmel/studio/7.0/toolchain/avr8/avr8-gnu-toolchain/bin/../lib/gcc/avr/5.4.0/../../../../avr/lib/avr5\libm.a(mulsf3x.o)
 .text          0x00000000        0x0 c:/program files (x86)/atmel/studio/7.0/toolchain/avr8/avr8-gnu-toolchain/bin/../lib/gcc/avr/5.4.0/avr5\libgcc.a(_exit.o)
 .data          0x00000000        0x0 c:/program files (x86)/atmel/studio/7.0/toolchain/avr8/avr8-gnu-toolchain/bin/../lib/gcc/avr/5.4.0/avr5\libgcc.a(_exit.o)
 .bss           0x00000000        0x0 c:/program files (x86)/atmel/studio/7.0/toolchain/avr8/avr8-gnu-toolchain/bin/../lib/gcc/avr/5.4.0/avr5\libgcc.a(_exit.o)
 .text.libgcc.mul
                0x00000000        0x0 c:/program files (x86)/atmel/studio/7.0/toolchain/avr8/avr8-gnu-toolchain/bin/../lib/gcc/avr/5.4.0/avr5\libgcc.a(_exit.o)
 .text.libgcc.div
                0x00000000        0x0 c:/program files (x86)/atmel/studio/7.0/toolchain/avr8/avr8-gnu-toolchain/bin/../lib/gcc/avr/5.4.0/avr5\libgcc.a(_exit.o)
 .text.libgcc   0x00000000        0x0 c:/program files (x86)/atmel/studio/7.0/toolchain/avr8/avr8-gnu-toolchain/bin/../lib/gcc/avr/5.4.0/avr5\libgcc.a(_exit.o)
 .text.libgcc.prologue
                0x00000000        0x0 c:/program files (x86)/atmel/studio/7.0/toolchain/avr8/avr8-gnu-toolchain/bin/../lib/gcc/avr/5.4.0/avr5\libgcc.a(_exit.o)
 .text.libgcc.builtins
                0x00000000        0x0 c:/program files (x86)/atmel/studio/7.0/toolchain/avr8/avr8-gnu-toolchain/bin/../lib/gcc/avr/5.4.0/avr5\libgcc.a(_exit.o)
 .text.libgcc.fmul
                0x00000000        0x0 c:/program files (x86)/atmel/studio/7.0/toolchain/avr8/avr8-gnu-toolchain/bin/../lib/gcc/avr/5.4.0/avr5\libgcc.a(_exit.o)
 .text.libgcc.fixed
                0x00000000        0x0 c:/program files (x86)/atmel/studio/7.0/toolchain/avr8/avr8-gnu-toolchain/bin/../lib/gcc/avr/5.4.0/avr5\libgcc.a(_exit.o)
 .text          0x00000000        0x0 c:/program files (x86)/atmel/studio/7.0/toolchain/avr8/avr8-gnu-toolchain/bin/../lib/gcc/avr/5.4.0/avr5\libgcc.a(_copy_data.o)
 .data          0x00000000        0x0 c:/program files (x86)/atmel/studio/7.0/toolchain/avr8/avr8-gnu-toolchain/bin/../lib/gcc/avr/5.4.0/avr5\libgcc.a(_copy_data.o)
 .bss           0x00000000        0x0 c:/program files (x86)/atmel/studio/7.0/toolchain/avr8/avr8-gnu-toolchain/bin/../lib/gcc/avr/5.4.0/avr5\libgcc.a(_copy_data.o)
 .text.libgcc.mul
                0x00000000        0x0 c:/program files (x86)/atmel/studio/7.0/toolchain/avr8/avr8-gnu-toolchain/bin/../lib/gcc/avr/5.4.0/avr5\libgcc.a(_copy_data.o)
 .text.libgcc.div
                0x00000000        0x0 c:/program files (x86)/atmel/studio/7.0/toolchain/avr8/avr8-gnu-toolchain/bin/../lib/gcc/avr/5.4.0/avr5\libgcc.a(_copy_data.o)
 .text.libgcc   0x00000000        0x0 c:/program files (x86)/atmel/studio/7.0/toolchain/avr8/avr8-gnu-toolchain/bin/../lib/gcc/avr/5.4.0/avr5\libgcc.a(_copy_data.o)
 .text.libgcc.prologue
                0x00000000        0x0 c:/program files (x86)/atmel/studio/7.0/toolchain/avr8/avr8-gnu-toolchain/bin/../lib/gcc/avr/5.4.0/avr5\libgcc.a(_copy_data.o)
 .text.libgcc.builtins
                0x00000000        0x0 c:/program files (x86)/atmel/studio/7.0/toolchain/avr8/avr8-gnu-toolchain/bin/../lib/gcc/avr/5.4.0/avr5\libgcc.a(_copy_data.o)
 .text.libgcc.fmul
                0x00000000        0x0 c:/program files (x86)/atmel/studio/7.0/toolchain/avr8/avr8-gnu-toolchain/bin/../lib/gcc/avr/5.4.0/avr5\libgcc.a(_copy_data.o)
 .text.libgcc.fixed
                0x00000000        0x0 c:/program files (x86)/atmel/studio/7.0/toolchain/avr8/avr8-gnu-toolchain/bin/../lib/gcc/avr/5.4.0/avr5\libgcc.a(_copy_data.o)
 .text          0x00000000        0x0 c:/program files (x86)/atmel/studio/7.0/toolchain/avr8/avr8-gnu-toolchain/bin/../lib/gcc/avr/5.4.0/avr5\libgcc.a(_umulhisi3.o)
 .data          0x00000000        0x0 c:/program files (x86)/atmel/studio/7.0/toolchain/avr8/avr8-gnu-toolchain/bin/../lib/gcc/avr/5.4.0/avr5\libgcc.a(_umulhisi3.o)
 .bss           0x00000000        0x0 c:/program files (x86)/atmel/studio/7.0/toolchain/avr8/avr8-gnu-toolchain/bin/../lib/gcc/avr/5.4.0/avr5\libgcc.a(_umulhisi3.o)
 .text.libgcc.div
                0x00000000        0x0 c:/program files (x86)/atmel/studio/7.0/toolchain/avr8/avr8-gnu-toolchain/bin/../lib/gcc/avr/5.4.0/avr5\libgcc.a(_umulhisi3.o)
 .text.libgcc   0x00000000        0x0 c:/program files (x86)/atmel/studio/7.0/toolchain/avr8/avr8-gnu-toolchain/bin/../lib/gcc/avr/5.4.0/avr5\libgcc.a(_umulhisi3.o)
 .text.libgcc.prologue
                0x00000000        0x0 c:/program files (x86)/atmel/studio/7.0/toolchain/avr8/avr8-gnu-toolchain/bin/../lib/gcc/avr/5.4.0/avr5\libgcc.a(_umulhisi3.o)
 .text.libgcc.builtins
                0x00000000        0x0 c:/program files (x86)/atmel/studio/7.0/toolchain/avr8/avr8-gnu-toolchain/bin/../lib/gcc/avr/5.4.0/avr5\libgcc.a(_umulhisi3.o)
 .text.libgcc.fmul
                0x00000000        0x0 c:/program files (x86)/atmel/studio/7.0/toolchain/avr8/avr8-gnu-toolchain/bin/../lib/gcc/avr/5.4.0/avr5\libgcc.a(_umulhisi3.o)
 .text.libgcc.fixed
                0x00000000        0x0 c:/program files (x86)/atmel/studio/7.0/toolchain/avr8/avr8-gnu-toolchain/bin/../lib/gcc/avr/5.4.0/avr5\libgcc.a(_umulhisi3.o)
 .text          0x00000000        0x0 c:/program files (x86)/atmel/studio/7.0/toolchain/avr8/avr8-gnu-toolchain/bin/../lib/gcc/avr/5.4.0/avr5\libgcc.a(_mulshisi3.o)
 .data          0x00000000        0x0 c:/program files (x86)/atmel/studio/7.0/toolchain/avr8/avr8-gnu-toolchain/bin/../lib/gcc/avr/5.4.0/avr5\libgcc.a(_mulshisi3.o)
 .bss           0x00000000        0x0 c:/program files (x86)/atmel/studio/7.0/toolchain/avr8/avr8-gnu-toolchain/bin/../lib/gcc/avr/5.4.0/avr5\libgcc.a(_mulshisi3.o)
 .text.libgcc.div
                0x00000000        0x0 c:/program files (x86)/atmel/studio/7.0/toolchain/avr8/avr8-gnu-toolchain/bin/../lib/gcc/avr/5.4.0/avr5\libgcc.a(_mulshisi3.o)
 .text.libgcc   0x00000000        0x0 c:/program files (x86)/atmel/studio/7.0/toolchain/avr8/avr8-gnu-toolchain/bin/../lib/gcc/avr/5.4.0/avr5\libgcc.a(_mulshisi3.o)
 .text.libgcc.prologue
                0x00000000        0x0 c:/program files (x86)/atmel/studio/7.0/toolchain/avr8/avr8-gnu-toolchain/bin/../lib/gcc/avr/5.4.0/avr5\libgcc.a(_mulshisi3.o)
 .text.libgcc.builtins
                0x00000000        0x0 c:/program files (x86)/atmel/studio/7.0/toolchain/avr8/avr8-gnu-toolchain/bin/../lib/gcc/avr/5.4.0/avr5\libgcc.a(_mulshisi3.o)
 .text.libgcc.fmul
                0x00000000        0x0 c:/program files (x86)/atmel/studio/7.0/toolchain/avr8/avr8-gnu-toolchain/bin/../lib/gcc/avr/5.4.0/avr5\libgcc.a(_mulshisi3.o)
 .text.libgcc.fixed
                0x00000000        0x0 c:/program files (x86)/atmel/studio/7.0/toolchain/avr8/avr8-gnu-toolchain/bin/../lib/gcc/avr/5.4.0/avr5\libgcc.a(_mulshisi3.o)
 .text          0x00000000        0x0 c:/program files (x86)/atmel/studio/7.0/toolchain/avr8/avr8-gnu-toolchain/bin/../lib/gcc/avr/5.4.0/avr5\libgcc.a(_muluhisi3.o)
 .data          0x00000000        0x0 c:/program files (x86)/atmel/studio/7.0/toolchain/avr8/avr8-gnu-toolchain/bin/../lib/gcc/avr/5.4.0/avr5\libgcc.a(_muluhisi3.o)
 .bss           0x00000000        0x0 c:/program files (x86)/atmel/studio/7.0/toolchain/avr8/avr8-gnu-toolchain/bin/../lib/gcc/avr/5.4.0/avr5\libgcc.a(_muluhisi3.o)
 .text.libgcc.div
                0x00000000        0x0 c:/program files (x86)/atmel/studio/7.0/toolchain/avr8/avr8-gnu-toolchain/bin/../lib/gcc/avr/5.4.0/avr5\libgcc.a(_muluhisi3.o)
 .text.libgcc   0x00000000        0x0 c:/program files (x86)/atmel/studio/7.0/toolchain/avr8/avr8-gnu-toolchain/bin/../lib/gcc/avr/5.4.0/avr5\libgcc.a(_muluhisi3.o)
 .text.libgcc.prologue
                0x00000000        0x0 c:/program files (x86)/atmel/studio/7.0/toolchain/avr8/avr8-gnu-toolchain/bin/../lib/gcc/avr/5.4.0/avr5\libgcc.a(_muluhisi3.o)
 .text.libgcc.builtins
                0x00000000        0x0 c:/program files (x86)/atmel/studio/7.0/toolchain/avr8/avr8-gnu-toolchain/bin/../lib/gcc/avr/5.4.0/avr5\libgcc.a(_muluhisi3.o)
 .text.libgcc.fmul
                0x00000000        0x0 c:/program files (x86)/atmel/studio/7.0/toolchain/avr8/avr8-gnu-toolchain/bin/../lib/gcc/avr/5.4.0/avr5\libgcc.a(_muluhisi3.o)
 .text.libgcc.fixed
                0x00000000        0x0 c:/program files (x86)/atmel/studio/7.0/toolchain/avr8/avr8-gnu-toolchain/bin/../lib/gcc/avr/5.4.0/avr5\libgcc.a(_muluhisi3.o)
 .text          0x00000000        0x0 c:/program files (x86)/atmel/studio/7.0/toolchain/avr8/avr8-gnu-toolchain/bin/../lib/gcc/avr/5.4.0/../../../../avr/lib/avr5\libc.a(memcpy_P.o)
 .data          0x00000000        0x0 c:/program files (x86)/atmel/studio/7.0/toolchain/avr8/avr8-gnu-toolchain/bin/../lib/gcc/avr/5.4.0/../../../../avr/lib/avr5\libc.a(memcpy_P.o)
 .bss           0x00000000        0x0 c:/program files (x86)/atmel/studio/7.0/toolchain/avr8/avr8-gnu-toolchain/bin/../lib/gcc/avr/5.4.0/../../../../avr/lib/avr5\libc.a(memcpy_P.o)
 .text          0x00000000        0x0 c:/program files (x86)/atmel/studio/7.0/toolchain/avr8/avr8-gnu-toolchain/bin/../lib/gcc/avr/5.4.0/../../../../avr/lib/avr5\libc.a(sprintf.o)
 .data          0x00000000        0x0 c:/program files (x86)/atmel/studio/7.0/toolchain/avr8/avr8-gnu-toolchain/bin/../lib/gcc/avr/5.4.0/../../../../avr/lib/avr5\libc.a(sprintf.o)
 .bss           0x00000000        0x0 c:/program files (x86)/atmel/studio/7.0/toolchain/avr8/avr8-gnu-toolchain/bin/../lib/gcc/avr/5.4.0/../../../../avr/lib/avr5\libc.a(sprintf.o)
 .text          0x00000000        0x0 c:/program files (x86)/atmel/studio/7.0/toolchain/avr8/avr8-gnu-toolchain/bin/../lib/gcc/avr/5.4.0/../../../../avr/lib/avr5\libc.a(vfprintf_std.o)
 .data          0x00000000        0x0 c:/program files (x86)/atmel/studio/7.0/toolchain/avr8/avr8-gnu-toolchain/bin/../lib/gcc/avr/5.4.0/../../../../avr/lib/avr5\libc.a(vfprintf_std.o)
 .bss           0x00000000        0x0 c:/program files (x86)/atmel/studio/7.0/toolchain/avr8/avr8-gnu-toolchain/bin/../lib/gcc/avr/5.4.0/../../../../avr/lib/avr5\libc.a(vfprintf_std.o)
 .text          0x00000000        0x0 c:/program files (x86)/atmel/studio/7.0/toolchain/avr8/avr8-gnu-toolchain/bin/../lib/gcc/avr/5.4.0/../../../../avr/lib/avr5\libc.a(strnlen_P.o)
 .data          0x00000000        0x0 c:/program files (x86)/atmel/studio/7.0/toolchain/avr8/avr8-gnu-toolchain/bin/../lib/gcc/avr/5.4.0/../../../../avr/lib/avr5\libc.a(strnlen_P.o)
 .bss           0x00000000        0x0 c:/program files (x86)/atmel/studio/7.0/toolchain/avr8/avr8-gnu-toolchain/bin/../lib/gcc/avr/5.4.0/../../../../avr/lib/avr5\libc.a(strnlen_P.o)
 .text          0x00000000        0x0 c:/program files (x86)/atmel/studio/7.0/toolchain/avr8/avr8-gnu-toolchain/bin/../lib/gcc/avr/5.4.0/../../../../avr/lib/avr5\libc.a(strnlen.o)
 .data          0x00000000        0x0 c:/program files (x86)/atmel/studio/7.0/toolchain/avr8/avr8-gnu-toolchain/bin/../lib/gcc/avr/5.4.0/../../../../avr/lib/avr5\libc.a(strnlen.o)
 .bss           0x00000000        0x0 c:/program files (x86)/atmel/studio/7.0/toolchain/avr8/avr8-gnu-toolchain/bin/../lib/gcc/avr/5.4.0/../../../../avr/lib/avr5\libc.a(strnlen.o)
 .text          0x00000000        0x0 c:/program files (x86)/atmel/studio/7.0/toolchain/avr8/avr8-gnu-toolchain/bin/../lib/gcc/avr/5.4.0/../../../../avr/lib/avr5\libc.a(fputc.o)
 .data          0x00000000        0x0 c:/program files (x86)/atmel/studio/7.0/toolchain/avr8/avr8-gnu-toolchain/bin/../lib/gcc/avr/5.4.0/../../../../avr/lib/avr5\libc.a(fputc.o)
 .bss           0x00000000        0x0 c:/program files (x86)/atmel/studio/7.0/toolchain/avr8/avr8-gnu-toolchain/bin/../lib/gcc/avr/5.4.0/../../../../avr/lib/avr5\libc.a(fputc.o)
 .text          0x00000000        0x0 c:/program files (x86)/atmel/studio/7.0/toolchain/avr8/avr8-gnu-toolchain/bin/../lib/gcc/avr/5.4.0/../../../../avr/lib/avr5\libc.a(ultoa_invert.o)
 .data          0x00000000        0x0 c:/program files (x86)/atmel/studio/7.0/toolchain/avr8/avr8-gnu-toolchain/bin/../lib/gcc/avr/5.4.0/../../../../avr/lib/avr5\libc.a(ultoa_invert.o)
 .bss           0x00000000        0x0 c:/program files (x86)/atmel/studio/7.0/toolchain/avr8/avr8-gnu-toolchain/bin/../lib/gcc/avr/5.4.0/../../../../avr/lib/avr5\libc.a(ultoa_invert.o)
 .text          0x00000000        0x0 c:/program files (x86)/atmel/studio/7.0/toolchain/avr8/avr8-gnu-toolchain/bin/../lib/gcc/avr/5.4.0/avr5\libgcc.a(_prologue.o)
 .data          0x00000000        0x0 c:/program files (x86)/atmel/studio/7.0/toolchain/avr8/avr8-gnu-toolchain/bin/../lib/gcc/avr/5.4.0/avr5\libgcc.a(_prologue.o)
 .bss           0x00000000        0x0 c:/program files (x86)/atmel/studio/7.0/toolchain/avr8/avr8-gnu-toolchain/bin/../lib/gcc/avr/5.4.0/avr5\libgcc.a(_prologue.o)
 .text.libgcc.mul
                0x00000000        0x0 c:/program files (x86)/atmel/studio/7.0/toolchain/avr8/avr8-gnu-toolchain/bin/../lib/gcc/avr/5.4.0/avr5\libgcc.a(_prologue.o)
 .text.libgcc.div
                0x00000000        0x0 c:/program files (x86)/atmel/studio/7.0/toolchain/avr8/avr8-gnu-toolchain/bin/../lib/gcc/avr/5.4.0/avr5\libgcc.a(_prologue.o)
 .text.libgcc   0x00000000        0x0 c:/program files (x86)/atmel/studio/7.0/toolchain/avr8/avr8-gnu-toolchain/bin/../lib/gcc/avr/5.4.0/avr5\libgcc.a(_prologue.o)
 .text.libgcc.builtins
                0x00000000        0x0 c:/program files (x86)/atmel/studio/7.0/toolchain/avr8/avr8-gnu-toolchain/bin/../lib/gcc/avr/5.4.0/avr5\libgcc.a(_prologue.o)
 .text.libgcc.fmul
                0x00000000        0x0 c:/program files (x86)/atmel/studio/7.0/toolchain/avr8/avr8-gnu-toolchain/bin/../lib/gcc/avr/5.4.0/avr5\libgcc.a(_prologue.o)
 .text.libgcc.fixed
                0x00000000        0x0 c:/program files (x86)/atmel/studio/7.0/toolchain/avr8/avr8-gnu-toolchain/bin/../lib/gcc/avr/5.4.0/avr5\libgcc.a(_prologue.o)
 .text          0x00000000        0x0 c:/program files (x86)/atmel/studio/7.0/toolchain/avr8/avr8-gnu-toolchain/bin/../lib/gcc/avr/5.4.0/avr5\libgcc.a(_epilogue.o)
 .data          0x00000000        0x0 c:/program files (x86)/atmel/studio/7.0/toolchain/avr8/avr8-gnu-toolchain/bin/../lib/gcc/avr/5.4.0/avr5\libgcc.a(_epilogue.o)
 .bss           0x00000000        0x0 c:/program files (x86)/atmel/studio/7.0/toolchain/avr8/avr8-gnu-toolchain/bin/../lib/gcc/avr/5.4.0/avr5\libgcc.a(_epilogue.o)
 .text.libgcc.mul
                0x00000000        0x0 c:/program files (x86)/atmel/studio/7.0/toolchain/avr8/avr8-gnu-toolchain/bin/../lib/gcc/avr/5.4.0/avr5\libgcc.a(_epilogue.o)
 .text.libgcc.div
                0x00000000        0x0 c:/program files (x86)/atmel/studio/7.0/toolchain/avr8/avr8-gnu-toolchain/bin/../lib/gcc/avr/5.4.0/avr5\libgcc.a(_epilogue.o)
 .text.libgcc   0x00000000        0x0 c:/program files (x86)/atmel/studio/7.0/toolchain/avr8/avr8-gnu-toolchain/bin/../lib/gcc/avr/5.4.0/avr5\libgcc.a(_epilogue.o)
 .text.libgcc.builtins
                0x00000000        0x0 c:/program files (x86)/atmel/studio/7.0/toolchain/avr8/avr8-gnu-toolchain/bin/../lib/gcc/avr/5.4.0/avr5\libgcc.a(_epilogue.o)
 .text.libgcc.fmul
                0x00000000        0x0 c:/program files (x86)/atmel/studio/7.0/toolchain/avr8/avr8-gnu-toolchain/bin/../lib/gcc/avr/5.4.0/avr5\libgcc.a(_epilogue.o)
 .text.libgcc.fixed
                0x00000000        0x0 c:/program files (x86)/atmel/studio/7.0/toolchain/avr8/avr8-gnu-toolchain/bin/../lib/gcc/avr/5.4.0/avr5\libgcc.a(_epilogue.o)

Memory Configuration

Name             Origin             Length             Attributes
text             0x00000000         0x00020000         xr
data             0x00800060         0x0000ffa0         rw !x
eeprom           0x00810000         0x00010000         rw !x
fuse             0x00820000         0x00000002         rw !x
lock             0x00830000         0x00000400         rw !x
signature        0x00840000         0x00000400         rw !x
user_signatures  0x00850000         0x00000400         rw !x
*default*        0x00000000         0xffffffff

Linker script and memory map

LOAD C:/Program Files (x86)/Atmel/Studio/7.0/Packs/Atmel/ATmega_DFP/1.2.209/gcc/dev/atmega32a/avr5/crtatmega32a.o
LOAD main.o
LOAD ssd1963.o
LOAD xpt2046.o
START GROUP
LOAD c:/program files (x86)/atmel/studio/7.0/toolchain/avr8/avr8-gnu-toolchain/bin/../lib/gcc/avr/5.4.0/../../../../avr/lib/avr5\libm.a
END GROUP
START GROUP
LOAD c:/program files (x86)/atmel/studio/7.0/toolchain/avr8/avr8-gnu-toolchain/bin/../lib/gcc/avr/5.4.0/avr5\libgcc.a
LOAD c:/program files (x86)/atmel/studio/7.0/toolchain/avr8/avr8-gnu-toolchain/bin/../lib/gcc/avr/5.4.0/../../../../avr/lib/avr5\libm.a
LOAD c:/program files (x86)/atmel/studio/7.0/toolchain/avr8/avr8-gnu-toolchain/bin/../lib/gcc/avr/5.4.0/../../../../avr/lib/avr5\libc.a
LOAD C:/Program Files (x86)/Atmel/Studio/7.0/Packs/Atmel/ATmega_DFP/1.2.209/gcc/dev/atmega32a/avr5\libatmega32a.a
END GROUP
                0x00020000                __TEXT_REGION_LENGTH__ = DEFINED (__TEXT_REGION_LENGTH__)?__TEXT_REGION_LENGTH__:0x20000
                0x0000ffa0                __DATA_REGION_LENGTH__ = DEFINED (__DATA_REGION_LENGTH__)?__DATA_REGION_LENGTH__:0xffa0
                0x00010000                __EEPROM_REGION_LENGTH__ = DEFINED (__EEPROM_REGION_LENGTH__)?__EEPROM_REGION_LENGTH__:0x10000
                [0x00000002]                __FUSE_REGION_LENGTH__ = DEFINED (__FUSE_REGION_LENGTH__)?__FUSE_REGION_LENGTH__:0x400
                0x00000400                __LOCK_REGION_LENGTH__ = DEFINED (__LOCK_REGION_LENGTH__)?__LOCK_REGION_LENGTH__:0x400
                0x00000400                __SIGNATURE_REGION_LENGTH__ = DEFINED (__SIGNATURE_REGION_LENGTH__)?__SIGNATURE_REGION_LENGTH__:0x400
                0x00000400                __USER_SIGNATURE_REGION_LENGTH__ = DEFINED (__USER_SIGNATURE_REGION_LENGTH__)?__USER_SIGNATURE_REGION_LENGTH__:0x400

.hash
 *(.hash)

.dynsym
 *(.dynsym)

.dynstr
 *(.dynstr)

.gnu.version
 *(.gnu.version)

.gnu.version_d
 *(.gnu.version_d)

.gnu.version_r
 *(.gnu.version_r)

.rel.init
 *(.rel.init)

.rela.init
 *(.rela.init)

.rel.text
 *(.rel.text)
 *(.rel.text.*)
 *(.rel.gnu.linkonce.t*)

.rela.text
 *(.rela.text)
 *(.rela.text.*)
 *(.rela.gnu.linkonce.t*)

.rel.fini
 *(.rel.fini)

.rela.fini
 *(.rela.fini)

.rel.rodata
 *(.rel.rodata)
 *(.rel.rodata.*)
 *(.rel.gnu.linkonce.r*)

.rela.rodata
 *(.rela.rodata)
 *(.rela.rodata.*)
 *(.rela.gnu.linkonce.r*)

.rel.data
 *(.rel.data)
 *(.rel.data.*)
 *(.rel.gnu.linkonce.d*)

.rela.data
 *(.rela.data)
 *(.rela.data.*)
 *(.rela.gnu.linkonce.d*)

.rel.ctors
 *(.rel.ctors)

.rela.ctors
 *(.rela.ctors)

.rel.dtors
 *(.rel.dtors)

.rela.dtors
 *(.rela.dtors)

.rel.got
 *(.rel.got)

.rela.got
 *(.rela.got)

.rel.bss
 *(.rel.bss)

.rela.bss
 *(.rela.bss)

.rel.plt
 *(.rel.plt)

.rela.plt
 *(.rela.plt)

.text           0x00000000     0x56ba
 *(.vectors)
 .vectors       0x00000000       0x54 C:/Program Files (x86)/Atmel/Studio/7.0/Packs/Atmel/ATmega_DFP/1.2.209/gcc/dev/atmega32a/avr5/crtatmega32a.o
                0x00000000                __vector_default
                0x00000000                __vectors
 *(.vectors)
 *(.progmem.gcc*)
                0x00000054                . = ALIGN (0x2)
                0x00000054                __trampolines_start = .
 *(.trampolines)
 .trampolines   0x00000054        0x0 linker stubs
 *(.trampolines*)
                0x00000054                __trampolines_end = .
 *libprintf_flt.a:*(.progmem.data)
 *libc.a:*(.progmem.data)
 *(.progmem*)
 .progmem.data.Font_32_Segment_7_Num_Plus
                0x00000054        0x7 main.o
                0x00000054                Font_32_Segment_7_Num_Plus
 .progmem.data.Font_32_Segment_7_Num_PlusGlyphs
                0x0000005b       0x5b main.o
                0x0000005b                Font_32_Segment_7_Num_PlusGlyphs
 .progmem.data.Font_32_Segment_7_Num_PlusBitmaps
                0x000000b6      0x573 main.o
                0x000000b6                Font_32_Segment_7_Num_PlusBitmaps
 .progmem.data.Font_18_Serif
                0x00000629        0x7 main.o
                0x00000629                Font_18_Serif
 .progmem.data.Font_18_SerifGlyphs
                0x00000630      0x299 main.o
                0x00000630                Font_18_SerifGlyphs
 .progmem.data.Font_18_SerifBitmaps
                0x000008c9      0xf2e main.o
                0x000008c9                Font_18_SerifBitmaps
 .progmem.data.Font_9_Serif_Bold
                0x000017f7        0x7 main.o
                0x000017f7                Font_9_Serif_Bold
 .progmem.data.Font_9_Serif_BoldGlyphs
                0x000017fe      0x299 main.o
                0x000017fe                Font_9_Serif_BoldGlyphs
 .progmem.data.Font_9_Serif_BoldBitmaps
                0x00001a97      0x48a main.o
                0x00001a97                Font_9_Serif_BoldBitmaps
 .progmem.data.Font_8_Default
                0x00001f21        0x7 main.o
                0x00001f21                Font_8_Default
 .progmem.data.Font_8_DefaultGlyphs
                0x00001f28      0x299 main.o
                0x00001f28                Font_8_DefaultGlyphs
 .progmem.data.Font_8_DefaultBitmaps
                0x000021c1      0x19e main.o
                0x000021c1                Font_8_DefaultBitmaps
 .progmem.data.Font_5_Org
                0x0000235f        0x7 main.o
                0x0000235f                Font_5_Org
 .progmem.data.Font_5_OrgGlyphs
                0x00002366      0x299 main.o
                0x00002366                Font_5_OrgGlyphs
 .progmem.data.Font_5_OrgBitmaps
                0x000025ff      0x10f main.o
                0x000025ff                Font_5_OrgBitmaps
 .progmem.data.Font_3_TomThumb_Extended
                0x0000270e        0x7 main.o
                0x0000270e                Font_3_TomThumb_Extended
 .progmem.data.Font_3_TomThumb_ExtendedGlyphs
                0x00002715      0x299 main.o
                0x00002715                Font_3_TomThumb_ExtendedGlyphs
 .progmem.data.Font_3_TomThumb_ExtendedBitmaps
                0x000029ae      0x1a2 main.o
                0x000029ae                Font_3_TomThumb_ExtendedBitmaps
                0x00002b50                . = ALIGN (0x2)
 *(.jumptables)
 *(.jumptables*)
 *(.lowtext)
 *(.lowtext*)
                0x00002b50                __ctors_start = .
 *(.ctors)
                0x00002b50                __ctors_end = .
                0x00002b50                __dtors_start = .
 *(.dtors)
                0x00002b50                __dtors_end = .
 SORT(*)(.ctors)
 SORT(*)(.dtors)
 *(.init0)
 .init0         0x00002b50        0x0 C:/Program Files (x86)/Atmel/Studio/7.0/Packs/Atmel/ATmega_DFP/1.2.209/gcc/dev/atmega32a/avr5/crtatmega32a.o
                0x00002b50                __init
 *(.init0)
 *(.init1)
 *(.init1)
 *(.init2)
 .init2         0x00002b50        0xc C:/Program Files (x86)/Atmel/Studio/7.0/Packs/Atmel/ATmega_DFP/1.2.209/gcc/dev/atmega32a/avr5/crtatmega32a.o
 *(.init2)
 *(.init3)
 *(.init3)
 *(.init4)
 .init4         0x00002b5c       0x16 c:/program files (x86)/atmel/studio/7.0/toolchain/avr8/avr8-gnu-toolchain/bin/../lib/gcc/avr/5.4.0/avr5\libgcc.a(_copy_data.o)
                0x00002b5c                __do_copy_data
 *(.init4)
 *(.init5)
 *(.init5)
 *(.init6)
 *(.init6)
 *(.init7)
 *(.init7)
 *(.init8)
 *(.init8)
 *(.init9)
 .init9         0x00002b72        0x6 C:/Program Files (x86)/Atmel/Studio/7.0/Packs/Atmel/ATmega_DFP/1.2.209/gcc/dev/atmega32a/avr5/crtatmega32a.o
 *(.init9)
 *(.text)
 .text          0x00002b78        0x4 C:/Program Files (x86)/Atmel/Studio/7.0/Packs/Atmel/ATmega_DFP/1.2.209/gcc/dev/atmega32a/avr5/crtatmega32a.o
                0x00002b78                __vector_1
                0x00002b78                __vector_12
                0x00002b78                __bad_interrupt
                0x00002b78                __vector_6
                0x00002b78                __vector_3
                0x00002b78                __vector_11
                0x00002b78                __vector_13
                0x00002b78                __vector_17
                0x00002b78                __vector_19
                0x00002b78                __vector_7
                0x00002b78                __vector_5
                0x00002b78                __vector_4
                0x00002b78                __vector_9
                0x00002b78                __vector_2
                0x00002b78                __vector_15
                0x00002b78                __vector_8
                0x00002b78                __vector_14
                0x00002b78                __vector_10
                0x00002b78                __vector_16
                0x00002b78                __vector_18
                0x00002b78                __vector_20
                0x00002b7c                . = ALIGN (0x2)
 *(.text.*)
 .text.main     0x00002b7c      0x400 main.o
                0x00002b7c                main
 .text.LCD_Rect_Fill
                0x00002f7c      0x1ca ssd1963.o
                0x00002f7c                LCD_Rect_Fill
 .text.LCD_Line
                0x00003146      0x156 ssd1963.o
                0x00003146                LCD_Line
 .text.LCD_Triangle
                0x0000329c       0x9a ssd1963.o
                0x0000329c                LCD_Triangle
 .text.LCD_Rect
                0x00003336       0x7e ssd1963.o
                0x00003336                LCD_Rect
 .text.LCD_Ellipse
                0x000033b4      0x6a8 ssd1963.o
                0x000033b4                LCD_Ellipse
 .text.LCD_Circle
                0x00003a5c      0x23a ssd1963.o
                0x00003a5c                LCD_Circle
 .text.LCD_Circle_Helper
                0x00003c96      0x20c ssd1963.o
                0x00003c96                LCD_Circle_Helper
 .text.LCD_Rect_Round
                0x00003ea2      0x178 ssd1963.o
                0x00003ea2                LCD_Rect_Round
 .text.LCD_Circle_Fill_Helper
                0x0000401a      0x1a4 ssd1963.o
                0x0000401a                LCD_Circle_Fill_Helper
 .text.LCD_Rect_Round_Fill
                0x000041be       0xd6 ssd1963.o
                0x000041be                LCD_Rect_Round_Fill
 .text.LCD_Font
                0x00004294      0x2a2 ssd1963.o
                0x00004294                LCD_Font
 .text.LCD_Init
                0x00004536      0x526 ssd1963.o
                0x00004536                LCD_Init
 .text.Spi_Master_Transmit
                0x00004a5c        0xa xpt2046.o
                0x00004a5c                Spi_Master_Transmit
 .text.XPT2046_Init
                0x00004a66       0x36 xpt2046.o
                0x00004a66                XPT2046_Init
 .text.getRaw   0x00004a9c       0x3c xpt2046.o
                0x00004a9c                getRaw
 .text.getX     0x00004ad8       0xf0 xpt2046.o
                0x00004ad8                getX
 .text.getY     0x00004bc8      0x11a xpt2046.o
                0x00004bc8                getY
 .text.avr-libc.fplib
                0x00004ce2        0xa c:/program files (x86)/atmel/studio/7.0/toolchain/avr8/avr8-gnu-toolchain/bin/../lib/gcc/avr/5.4.0/../../../../avr/lib/avr5\libm.a(addsf3.o)
                0x00004ce2                __subsf3
                0x00004ce4                __addsf3
 .text.avr-libc.fplib
                0x00004cec       0xc0 c:/program files (x86)/atmel/studio/7.0/toolchain/avr8/avr8-gnu-toolchain/bin/../lib/gcc/avr/5.4.0/../../../../avr/lib/avr5\libm.a(addsf3x.o)
                0x00004d06                __addsf3x
 .text.avr-libc.fplib
                0x00004dac        0x4 c:/program files (x86)/atmel/studio/7.0/toolchain/avr8/avr8-gnu-toolchain/bin/../lib/gcc/avr/5.4.0/../../../../avr/lib/avr5\libm.a(divsf3.o)
                0x00004dac                __divsf3
 .text.avr-libc.fplib
                0x00004db0       0xcc c:/program files (x86)/atmel/studio/7.0/toolchain/avr8/avr8-gnu-toolchain/bin/../lib/gcc/avr/5.4.0/../../../../avr/lib/avr5\libm.a(divsf3x.o)
                0x00004dc6                __divsf3x
                0x00004dca                __divsf3_pse
 .text.avr-libc.fplib
                0x00004e7c       0x58 c:/program files (x86)/atmel/studio/7.0/toolchain/avr8/avr8-gnu-toolchain/bin/../lib/gcc/avr/5.4.0/../../../../avr/lib/avr5\libm.a(fixunssfsi.o)
                0x00004e7c                __fixunssfsi
 .text.avr-libc.fplib
                0x00004ed4       0x7a c:/program files (x86)/atmel/studio/7.0/toolchain/avr8/avr8-gnu-toolchain/bin/../lib/gcc/avr/5.4.0/../../../../avr/lib/avr5\libm.a(floatsisf.o)
                0x00004ed4                __floatunsisf
                0x00004ed8                __floatsisf
 .text.avr-libc.fplib
                0x00004f4e        0xc c:/program files (x86)/atmel/studio/7.0/toolchain/avr8/avr8-gnu-toolchain/bin/../lib/gcc/avr/5.4.0/../../../../avr/lib/avr5\libm.a(fp_inf.o)
                0x00004f4e                __fp_inf
 .text.avr-libc.fplib
                0x00004f5a        0x6 c:/program files (x86)/atmel/studio/7.0/toolchain/avr8/avr8-gnu-toolchain/bin/../lib/gcc/avr/5.4.0/../../../../avr/lib/avr5\libm.a(fp_nan.o)
                0x00004f5a                __fp_nan
 .text.avr-libc.fplib
                0x00004f60        0xe c:/program files (x86)/atmel/studio/7.0/toolchain/avr8/avr8-gnu-toolchain/bin/../lib/gcc/avr/5.4.0/../../../../avr/lib/avr5\libm.a(fp_pscA.o)
                0x00004f60                __fp_pscA
 .text.avr-libc.fplib
                0x00004f6e        0xe c:/program files (x86)/atmel/studio/7.0/toolchain/avr8/avr8-gnu-toolchain/bin/../lib/gcc/avr/5.4.0/../../../../avr/lib/avr5\libm.a(fp_pscB.o)
                0x00004f6e                __fp_pscB
 .text.avr-libc.fplib
                0x00004f7c       0x22 c:/program files (x86)/atmel/studio/7.0/toolchain/avr8/avr8-gnu-toolchain/bin/../lib/gcc/avr/5.4.0/../../../../avr/lib/avr5\libm.a(fp_round.o)
                0x00004f7c                __fp_round
 .text.avr-libc.fplib
                0x00004f9e       0x44 c:/program files (x86)/atmel/studio/7.0/toolchain/avr8/avr8-gnu-toolchain/bin/../lib/gcc/avr/5.4.0/../../../../avr/lib/avr5\libm.a(fp_split3.o)
                0x00004f9e                __fp_split3
                0x00004fae                __fp_splitA
 .text.avr-libc.fplib
                0x00004fe2        0xe c:/program files (x86)/atmel/studio/7.0/toolchain/avr8/avr8-gnu-toolchain/bin/../lib/gcc/avr/5.4.0/../../../../avr/lib/avr5\libm.a(fp_zero.o)
                0x00004fe2                __fp_zero
                0x00004fe4                __fp_szero
 .text.avr-libc.fplib
                0x00004ff0        0x4 c:/program files (x86)/atmel/studio/7.0/toolchain/avr8/avr8-gnu-toolchain/bin/../lib/gcc/avr/5.4.0/../../../../avr/lib/avr5\libm.a(mulsf3.o)
                0x00004ff0                __mulsf3
 .text.avr-libc.fplib
                0x00004ff4       0xc2 c:/program files (x86)/atmel/studio/7.0/toolchain/avr8/avr8-gnu-toolchain/bin/../lib/gcc/avr/5.4.0/../../../../avr/lib/avr5\libm.a(mulsf3x.o)
                0x00005008                __mulsf3x
                0x0000500c                __mulsf3_pse
 .text.libgcc.mul
                0x000050b6       0x1e c:/program files (x86)/atmel/studio/7.0/toolchain/avr8/avr8-gnu-toolchain/bin/../lib/gcc/avr/5.4.0/avr5\libgcc.a(_umulhisi3.o)
                0x000050b6                __umulhisi3
 .text.libgcc.mul
                0x000050d4        0xc c:/program files (x86)/atmel/studio/7.0/toolchain/avr8/avr8-gnu-toolchain/bin/../lib/gcc/avr/5.4.0/avr5\libgcc.a(_mulshisi3.o)
                0x000050d4                __mulshisi3
                0x000050d8                __mulohisi3
 .text.libgcc.mul
                0x000050e0       0x14 c:/program files (x86)/atmel/studio/7.0/toolchain/avr8/avr8-gnu-toolchain/bin/../lib/gcc/avr/5.4.0/avr5\libgcc.a(_muluhisi3.o)
                0x000050e0                __muluhisi3
 .text.avr-libc
                0x000050f4       0x12 c:/program files (x86)/atmel/studio/7.0/toolchain/avr8/avr8-gnu-toolchain/bin/../lib/gcc/avr/5.4.0/../../../../avr/lib/avr5\libc.a(memcpy_P.o)
                0x000050f4                memcpy_P
 .text.avr-libc
                0x00005106       0x3e c:/program files (x86)/atmel/studio/7.0/toolchain/avr8/avr8-gnu-toolchain/bin/../lib/gcc/avr/5.4.0/../../../../avr/lib/avr5\libc.a(sprintf.o)
                0x00005106                sprintf
 .text.avr-libc
                0x00005144      0x3a4 c:/program files (x86)/atmel/studio/7.0/toolchain/avr8/avr8-gnu-toolchain/bin/../lib/gcc/avr/5.4.0/../../../../avr/lib/avr5\libc.a(vfprintf_std.o)
                0x00005144                vfprintf
 .text.avr-libc
                0x000054e8       0x16 c:/program files (x86)/atmel/studio/7.0/toolchain/avr8/avr8-gnu-toolchain/bin/../lib/gcc/avr/5.4.0/../../../../avr/lib/avr5\libc.a(strnlen_P.o)
                0x000054e8                strnlen_P
 .text.avr-libc
                0x000054fe       0x16 c:/program files (x86)/atmel/studio/7.0/toolchain/avr8/avr8-gnu-toolchain/bin/../lib/gcc/avr/5.4.0/../../../../avr/lib/avr5\libc.a(strnlen.o)
                0x000054fe                strnlen
 .text.avr-libc
                0x00005514       0x78 c:/program files (x86)/atmel/studio/7.0/toolchain/avr8/avr8-gnu-toolchain/bin/../lib/gcc/avr/5.4.0/../../../../avr/lib/avr5\libc.a(fputc.o)
                0x00005514                fputc
 .text.avr-libc
                0x0000558c       0xbc c:/program files (x86)/atmel/studio/7.0/toolchain/avr8/avr8-gnu-toolchain/bin/../lib/gcc/avr/5.4.0/../../../../avr/lib/avr5\libc.a(ultoa_invert.o)
                0x0000558c                __ultoa_invert
 .text.libgcc.prologue
                0x00005648       0x38 c:/program files (x86)/atmel/studio/7.0/toolchain/avr8/avr8-gnu-toolchain/bin/../lib/gcc/avr/5.4.0/avr5\libgcc.a(_prologue.o)
                0x00005648                __prologue_saves__
 .text.libgcc.prologue
                0x00005680       0x36 c:/program files (x86)/atmel/studio/7.0/toolchain/avr8/avr8-gnu-toolchain/bin/../lib/gcc/avr/5.4.0/avr5\libgcc.a(_epilogue.o)
                0x00005680                __epilogue_restores__
                0x000056b6                . = ALIGN (0x2)
 *(.fini9)
 .fini9         0x000056b6        0x0 c:/program files (x86)/atmel/studio/7.0/toolchain/avr8/avr8-gnu-toolchain/bin/../lib/gcc/avr/5.4.0/avr5\libgcc.a(_exit.o)
                0x000056b6                _exit
                0x000056b6                exit
 *(.fini9)
 *(.fini8)
 *(.fini8)
 *(.fini7)
 *(.fini7)
 *(.fini6)
 *(.fini6)
 *(.fini5)
 *(.fini5)
 *(.fini4)
 *(.fini4)
 *(.fini3)
 *(.fini3)
 *(.fini2)
 *(.fini2)
 *(.fini1)
 *(.fini1)
 *(.fini0)
 .fini0         0x000056b6        0x4 c:/program files (x86)/atmel/studio/7.0/toolchain/avr8/avr8-gnu-toolchain/bin/../lib/gcc/avr/5.4.0/avr5\libgcc.a(_exit.o)
 *(.fini0)
                0x000056ba                _etext = .

.data           0x00800060       0x66 load address 0x000056ba
                0x00800060                PROVIDE (__data_start, .)
 *(.data)
 *(.data*)
 *(.gnu.linkonce.d*)
 *(.rodata)
 *(.rodata*)
 .rodata.str1.1
                0x00800060       0x66 main.o
 *(.gnu.linkonce.r*)
                0x008000c6                . = ALIGN (0x2)
                0x008000c6                _edata = .
                0x008000c6                PROVIDE (__data_end, .)

.bss            0x008000c6        0x0
                [!provide]                PROVIDE (__bss_start, .)
 *(.bss)
 *(.bss*)
 *(COMMON)
                [!provide]                PROVIDE (__bss_end, .)
                0x000056ba                __data_load_start = LOADADDR (.data)
                0x00005720                __data_load_end = (__data_load_start + SIZEOF (.data))

.noinit         0x008000c6        0x0
                [!provide]                PROVIDE (__noinit_start, .)
 *(.noinit*)
                [!provide]                PROVIDE (__noinit_end, .)
                0x008000c6                _end = .
                [!provide]                PROVIDE (__heap_start, .)

.eeprom         0x00810000        0x0
 *(.eeprom*)
                0x00810000                __eeprom_end = .

.fuse
 *(.fuse)
 *(.lfuse)
 *(.hfuse)
 *(.efuse)

.lock
 *(.lock*)

.signature
 *(.signature*)

.user_signatures
 *(.user_signatures*)

.stab
 *(.stab)

.stabstr
 *(.stabstr)

.stab.excl
 *(.stab.excl)

.stab.exclstr
 *(.stab.exclstr)

.stab.index
 *(.stab.index)

.stab.indexstr
 *(.stab.indexstr)

.comment        0x00000000       0x5c
 *(.comment)
 .comment       0x00000000       0x30 main.o
                                 0x31 (size before relaxing)
 .comment       0x00000030       0x31 ssd1963.o
 .comment       0x00000030       0x31 xpt2046.o
 .comment       0x00000030       0x31 c:/program files (x86)/atmel/studio/7.0/toolchain/avr8/avr8-gnu-toolchain/bin/../lib/gcc/avr/5.4.0/../../../../avr/lib/avr5\libc.a(sprintf.o)
 .comment       0x00000030       0x2c c:/program files (x86)/atmel/studio/7.0/toolchain/avr8/avr8-gnu-toolchain/bin/../lib/gcc/avr/5.4.0/../../../../avr/lib/avr5\libc.a(vfprintf_std.o)
                                 0x2d (size before relaxing)
 .comment       0x0000005c       0x31 c:/program files (x86)/atmel/studio/7.0/toolchain/avr8/avr8-gnu-toolchain/bin/../lib/gcc/avr/5.4.0/../../../../avr/lib/avr5\libc.a(fputc.o)

.note.gnu.avr.deviceinfo
                0x00000000       0x3c
 .note.gnu.avr.deviceinfo
                0x00000000       0x3c C:/Program Files (x86)/Atmel/Studio/7.0/Packs/Atmel/ATmega_DFP/1.2.209/gcc/dev/atmega32a/avr5/crtatmega32a.o

.note.gnu.build-id
 *(.note.gnu.build-id)

.debug
 *(.debug)

.line
 *(.line)

.debug_srcinfo
 *(.debug_srcinfo)

.debug_sfnames
 *(.debug_sfnames)

.debug_aranges  0x00000000      0x100
 *(.debug_aranges)
 .debug_aranges
                0x00000000       0x20 main.o
 .debug_aranges
                0x00000020       0xa0 ssd1963.o
 .debug_aranges
                0x000000c0       0x40 xpt2046.o

.debug_pubnames
 *(.debug_pubnames)

.debug_info     0x00000000     0x7987
 *(.debug_info .gnu.linkonce.wi.*)
 .debug_info    0x00000000      0x4e6 C:/Program Files (x86)/Atmel/Studio/7.0/Packs/Atmel/ATmega_DFP/1.2.209/gcc/dev/atmega32a/avr5/crtatmega32a.o
 .debug_info    0x000004e6     0x2d26 main.o
 .debug_info    0x0000320c     0x438b ssd1963.o
 .debug_info    0x00007597      0x3f0 xpt2046.o

.debug_abbrev   0x00000000      0xb5b
 *(.debug_abbrev)
 .debug_abbrev  0x00000000      0x4a3 C:/Program Files (x86)/Atmel/Studio/7.0/Packs/Atmel/ATmega_DFP/1.2.209/gcc/dev/atmega32a/avr5/crtatmega32a.o
 .debug_abbrev  0x000004a3      0x1ae main.o
 .debug_abbrev  0x00000651      0x326 ssd1963.o
 .debug_abbrev  0x00000977      0x1e4 xpt2046.o

.debug_line     0x00000000     0x3050
 *(.debug_line .debug_line.* .debug_line_end)
 .debug_line    0x00000000      0x115 C:/Program Files (x86)/Atmel/Studio/7.0/Packs/Atmel/ATmega_DFP/1.2.209/gcc/dev/atmega32a/avr5/crtatmega32a.o
 .debug_line    0x00000115      0xbf0 main.o
 .debug_line    0x00000d05     0x20c6 ssd1963.o
 .debug_line    0x00002dcb      0x285 xpt2046.o

.debug_frame    0x00000000      0x65c
 *(.debug_frame)
 .debug_frame   0x00000000       0x34 main.o
 .debug_frame   0x00000034      0x580 ssd1963.o
 .debug_frame   0x000005b4       0xa8 xpt2046.o

.debug_str      0x00000000     0x21ee
 *(.debug_str)
 .debug_str     0x00000000      0x196 C:/Program Files (x86)/Atmel/Studio/7.0/Packs/Atmel/ATmega_DFP/1.2.209/gcc/dev/atmega32a/avr5/crtatmega32a.o
 .debug_str     0x00000196     0x1e45 main.o
                               0x1e8b (size before relaxing)
 .debug_str     0x00001fdb      0x1ae ssd1963.o
                                0x448 (size before relaxing)
 .debug_str     0x00002189       0x65 xpt2046.o
                                0x225 (size before relaxing)

.debug_loc      0x00000000     0x53ce
 *(.debug_loc)
 .debug_loc     0x00000000      0x21c main.o
 .debug_loc     0x0000021c     0x4e86 ssd1963.o
 .debug_loc     0x000050a2      0x32c xpt2046.o

.debug_macinfo
 *(.debug_macinfo)

.debug_weaknames
 *(.debug_weaknames)

.debug_funcnames
 *(.debug_funcnames)

.debug_typenames
 *(.debug_typenames)

.debug_varnames
 *(.debug_varnames)

.debug_pubtypes
 *(.debug_pubtypes)

.debug_ranges   0x00000000      0x248
 *(.debug_ranges)
 .debug_ranges  0x00000000       0x40 main.o
 .debug_ranges  0x00000040      0x150 ssd1963.o
 .debug_ranges  0x00000190       0xb8 xpt2046.o

.debug_macro
 *(.debug_macro)
OUTPUT(SSD1963_AVR.elf elf32-avr)
LOAD linker stubs
