Archive member included to satisfy reference by file (symbol)

c:/program files (x86)/atmel/studio/7.0/toolchain/avr8/avr8-gnu-toolchain/bin/../lib/gcc/avr/5.4.0/avr5\libgcc.a(_exit.o)
                              C:/Program Files (x86)/Atmel/Studio/7.0/Packs/Atmel/ATmega_DFP/1.2.209/gcc/dev/atmega328p/avr5/crtatmega328p.o (exit)
c:/program files (x86)/atmel/studio/7.0/toolchain/avr8/avr8-gnu-toolchain/bin/../lib/gcc/avr/5.4.0/avr5\libgcc.a(_copy_data.o)
                              main.o (__do_copy_data)
c:/program files (x86)/atmel/studio/7.0/toolchain/avr8/avr8-gnu-toolchain/bin/../lib/gcc/avr/5.4.0/avr5\libgcc.a(_umulhisi3.o)
                              st7735.o (__umulhisi3)
c:/program files (x86)/atmel/studio/7.0/toolchain/avr8/avr8-gnu-toolchain/bin/../lib/gcc/avr/5.4.0/avr5\libgcc.a(_mulshisi3.o)
                              st7735.o (__mulshisi3)
c:/program files (x86)/atmel/studio/7.0/toolchain/avr8/avr8-gnu-toolchain/bin/../lib/gcc/avr/5.4.0/avr5\libgcc.a(_muluhisi3.o)
                              c:/program files (x86)/atmel/studio/7.0/toolchain/avr8/avr8-gnu-toolchain/bin/../lib/gcc/avr/5.4.0/avr5\libgcc.a(_mulshisi3.o) (__muluhisi3)
c:/program files (x86)/atmel/studio/7.0/toolchain/avr8/avr8-gnu-toolchain/bin/../lib/gcc/avr/5.4.0/../../../../avr/lib/avr5\libc.a(memcpy_P.o)
                              st7735.o (memcpy_P)

Discarded input sections

 .data          0x00000000        0x0 C:/Program Files (x86)/Atmel/Studio/7.0/Packs/Atmel/ATmega_DFP/1.2.209/gcc/dev/atmega328p/avr5/crtatmega328p.o
 .bss           0x00000000        0x0 C:/Program Files (x86)/Atmel/Studio/7.0/Packs/Atmel/ATmega_DFP/1.2.209/gcc/dev/atmega328p/avr5/crtatmega328p.o
 .text          0x00000000        0x0 main.o
 .data          0x00000000        0x0 main.o
 .bss           0x00000000        0x0 main.o
 .progmem.data.Font_64x100_Segment_7_Num
                0x00000000        0x7 main.o
 .progmem.data.Font_64x100_Segment_7_NumGlyphs
                0x00000000       0x46 main.o
 .progmem.data.Font_64x100_Segment_7_NumBitmaps
                0x00000000     0x1514 main.o
 .progmem.data.Font_64x96_Segment_16_Num
                0x00000000        0x7 main.o
 .progmem.data.Font_64x96_Segment_16_NumGlyphs
                0x00000000       0x46 main.o
 .progmem.data.Font_64x96_Segment_16_NumBitmaps
                0x00000000     0x1817 main.o
 .progmem.data.Font_48x72_Segment_16_Num
                0x00000000        0x7 main.o
 .progmem.data.Font_48x72_Segment_16_NumGlyphs
                0x00000000       0x46 main.o
 .progmem.data.Font_48x72_Segment_16_NumBitmaps
                0x00000000      0xdcf main.o
 .progmem.data.Font_48x24_Battery
                0x00000000        0x7 main.o
 .progmem.data.Font_48x24_BatteryGlyphs
                0x00000000       0x46 main.o
 .progmem.data.Font_48x24_BatteryBitmaps
                0x00000000      0x564 main.o
 .progmem.data.Font_40x60_Segment_16_Full
                0x00000000        0x7 main.o
 .progmem.data.Font_40x60_Segment_16_FullGlyphs
                0x00000000      0x299 main.o
 .progmem.data.Font_40x60_Segment_16_FullBitmaps
                0x00000000     0x40ae main.o
 .progmem.data.Font_32x64_Grotesk_Bold
                0x00000000        0x7 main.o
 .progmem.data.Font_32x64_Grotesk_BoldGlyphs
                0x00000000      0x299 main.o
 .progmem.data.Font_32x64_Grotesk_BoldBitmaps
                0x00000000     0x345f main.o
 .progmem.data.Font_32x64_Grotesk
                0x00000000        0x7 main.o
 .progmem.data.Font_32x64_GroteskGlyphs
                0x00000000      0x299 main.o
 .progmem.data.Font_32x64_GroteskBitmaps
                0x00000000     0x3203 main.o
 .progmem.data.Font_32x52_Segment_18_Full
                0x00000000        0x7 main.o
 .progmem.data.Font_32x52_Segment_18_FullGlyphs
                0x00000000      0x299 main.o
 .progmem.data.Font_32x52_Segment_18_FullBitmaps
                0x00000000     0x30ee main.o
 .progmem.data.Font_32x50_Segment_16_Full
                0x00000000        0x7 main.o
 .progmem.data.Font_32x50_Segment_16_FullGlyphs
                0x00000000      0x299 main.o
 .progmem.data.Font_32x50_Segment_16_FullBitmaps
                0x00000000     0x2451 main.o
 .progmem.data.Font_32x50_Segment_7_Num_Plus
                0x00000000        0x7 main.o
 .progmem.data.Font_32x50_Segment_7_Num_PlusGlyphs
                0x00000000       0x5b main.o
 .progmem.data.Font_32x50_Segment_7_Num_PlusBitmaps
                0x00000000      0x573 main.o
 .progmem.data.Font_32x50_Segment_7_Full
                0x00000000        0x7 main.o
 .progmem.data.Font_32x50_Segment_7_FullGlyphs
                0x00000000      0x299 main.o
 .progmem.data.Font_32x50_Segment_7_FullBitmaps
                0x00000000     0x2994 main.o
 .progmem.data.Font_32x50_Matrix_Num
                0x00000000        0x7 main.o
 .progmem.data.Font_32x50_Matrix_NumGlyphs
                0x00000000       0x46 main.o
 .progmem.data.Font_32x50_Matrix_NumBitmaps
                0x00000000      0x667 main.o
 .progmem.data.Font_32x50_Arial_Num_Plus
                0x00000000        0x7 main.o
 .progmem.data.Font_32x50_Arial_Num_PlusGlyphs
                0x00000000       0x4d main.o
 .progmem.data.Font_32x50_Arial_Num_PlusBitmaps
                0x00000000      0x61d main.o
 .progmem.data.Font_32x48_Segment_16_Full
                0x00000000        0x7 main.o
 .progmem.data.Font_32x48_Segment_16_FullGlyphs
                0x00000000      0x299 main.o
 .progmem.data.Font_32x48_Segment_16_FullBitmaps
                0x00000000     0x2816 main.o
 .progmem.data.Font_32x48_Calibri_Bold
                0x00000000        0x7 main.o
 .progmem.data.Font_32x48_Calibri_BoldGlyphs
                0x00000000       0x46 main.o
 .progmem.data.Font_32x48_Calibri_BoldBitmaps
                0x00000000      0x5c5 main.o
 .progmem.data.Font_32x32_Special
                0x00000000        0x7 main.o
 .progmem.data.Font_32x32_SpecialGlyphs
                0x00000000      0x299 main.o
 .progmem.data.Font_32x32_SpecialBitmaps
                0x00000000     0x2ae9 main.o
 .progmem.data.Font_32x24_Dingbats
                0x00000000        0x7 main.o
 .progmem.data.Font_32x24_DingbatsGlyphs
                0x00000000      0x299 main.o
 .progmem.data.Font_32x24_DingbatsBitmaps
                0x00000000      0xed2 main.o
 .progmem.data.Font_24x56_SerifItalic
                0x00000000        0x7 main.o
 .progmem.data.Font_24x56_SerifItalicGlyphs
                0x00000000      0x299 main.o
 .progmem.data.Font_24x56_SerifItalicBitmaps
                0x00000000     0x1d9b main.o
 .progmem.data.Font_24x56_Serif_Bold_Italic
                0x00000000        0x7 main.o
 .progmem.data.Font_24x56_Serif_Bold_ItalicGlyphs
                0x00000000      0x299 main.o
 .progmem.data.Font_24x56_Serif_Bold_ItalicBitmaps
                0x00000000     0x2035 main.o
 .progmem.data.Font_24x56_Serif_Bold
                0x00000000        0x7 main.o
 .progmem.data.Font_24x56_Serif_BoldGlyphs
                0x00000000      0x299 main.o
 .progmem.data.Font_24x56_Serif_BoldBitmaps
                0x00000000     0x1ea7 main.o
 .progmem.data.Font_24x56_Serif
                0x00000000        0x7 main.o
 .progmem.data.Font_24x56_SerifGlyphs
                0x00000000      0x299 main.o
 .progmem.data.Font_24x56_SerifBitmaps
                0x00000000     0x1b62 main.o
 .progmem.data.Font_24x56_Sans_Oblique
                0x00000000        0x7 main.o
 .progmem.data.Font_24x56_Sans_ObliqueGlyphs
                0x00000000      0x299 main.o
 .progmem.data.Font_24x56_Sans_ObliqueBitmaps
                0x00000000     0x226b main.o
 .progmem.data.Font_24x56_Sans_Bold_Oblique
                0x00000000        0x7 main.o
 .progmem.data.Font_24x56_Sans_Bold_ObliqueGlyphs
                0x00000000      0x299 main.o
 .progmem.data.Font_24x56_Sans_Bold_ObliqueBitmaps
                0x00000000     0x24e7 main.o
 .progmem.data.Font_24x56_Sans_Bold
                0x00000000        0x7 main.o
 .progmem.data.Font_24x56_Sans_BoldGlyphs
                0x00000000      0x299 main.o
 .progmem.data.Font_24x56_Sans_BoldBitmaps
                0x00000000     0x1fcf main.o
 .progmem.data.Font_24x56_Sans
                0x00000000        0x7 main.o
 .progmem.data.Font_24x56_SansGlyphs
                0x00000000      0x299 main.o
 .progmem.data.Font_24x56_SansBitmaps
                0x00000000     0x1d28 main.o
 .progmem.data.Font_24x48_Grotesk_Bold
                0x00000000        0x7 main.o
 .progmem.data.Font_24x48_Grotesk_BoldGlyphs
                0x00000000      0x299 main.o
 .progmem.data.Font_24x48_Grotesk_BoldBitmaps
                0x00000000     0x1d97 main.o
 .progmem.data.Font_24x48_Grotesk
                0x00000000        0x7 main.o
 .progmem.data.Font_24x48_GroteskGlyphs
                0x00000000      0x299 main.o
 .progmem.data.Font_24x48_GroteskBitmaps
                0x00000000     0x1c7a main.o
 .progmem.data.Font_24x47_Mono_Oblique
                0x00000000        0x7 main.o
 .progmem.data.Font_24x47_Mono_ObliqueGlyphs
                0x00000000      0x299 main.o
 .progmem.data.Font_24x47_Mono_ObliqueBitmaps
                0x00000000     0x1934 main.o
 .progmem.data.Font_24x47_Mono_Bold_Oblique
                0x00000000        0x7 main.o
 .progmem.data.Font_24x47_Mono_Bold_ObliqueGlyphs
                0x00000000      0x299 main.o
 .progmem.data.Font_24x47_Mono_Bold_ObliqueBitmaps
                0x00000000     0x1dd3 main.o
 .progmem.data.Font_24x47_Mono_Bold
                0x00000000        0x7 main.o
 .progmem.data.Font_24x47_Mono_BoldGlyphs
                0x00000000      0x299 main.o
 .progmem.data.Font_24x47_Mono_BoldBitmaps
                0x00000000     0x1a8d main.o
 .progmem.data.Font_24x47_Mono
                0x00000000        0x7 main.o
 .progmem.data.Font_24x47_MonoGlyphs
                0x00000000      0x299 main.o
 .progmem.data.Font_24x47_MonoBitmaps
                0x00000000     0x161a main.o
 .progmem.data.Font_24x36_Segment_16_Full
                0x00000000        0x7 main.o
 .progmem.data.Font_24x36_Segment_16_FullGlyphs
                0x00000000      0x299 main.o
 .progmem.data.Font_24x36_Segment_16_FullBitmaps
                0x00000000     0x183a main.o
 .progmem.data.Font_24x32_Ubuntu_Bold
                0x00000000        0x7 main.o
 .progmem.data.Font_24x32_Ubuntu_BoldGlyphs
                0x00000000      0x299 main.o
 .progmem.data.Font_24x32_Ubuntu_BoldBitmaps
                0x00000000      0xfc4 main.o
 .progmem.data.Font_24x32_Ubuntu
                0x00000000        0x7 main.o
 .progmem.data.Font_24x32_UbuntuGlyphs
                0x00000000      0x299 main.o
 .progmem.data.Font_24x32_UbuntuBitmaps
                0x00000000      0xe3d main.o
 .progmem.data.Font_24x32_Inconsola
                0x00000000        0x7 main.o
 .progmem.data.Font_24x32_InconsolaGlyphs
                0x00000000      0x299 main.o
 .progmem.data.Font_24x32_InconsolaBitmaps
                0x00000000      0xdcb main.o
 .progmem.data.Font_24x29_Matrix_Num
                0x00000000        0x7 main.o
 .progmem.data.Font_24x29_Matrix_NumGlyphs
                0x00000000       0x46 main.o
 .progmem.data.Font_24x29_Matrix_NumBitmaps
                0x00000000      0x26f main.o
 .progmem.data.Font_18x42_Serif_Italic
                0x00000000        0x7 main.o
 .progmem.data.Font_18x42_Serif_ItalicGlyphs
                0x00000000      0x299 main.o
 .progmem.data.Font_18x42_Serif_ItalicBitmaps
                0x00000000     0x1025 main.o
 .progmem.data.Font_18x42_Serif_Bold_Italic
                0x00000000        0x7 main.o
 .progmem.data.Font_18x42_Serif_Bold_ItalicGlyphs
                0x00000000      0x299 main.o
 .progmem.data.Font_18x42_Serif_Bold_ItalicBitmaps
                0x00000000     0x1282 main.o
 .progmem.data.Font_18x42_Serif_Bold
                0x00000000        0x7 main.o
 .progmem.data.Font_18x42_Serif_BoldGlyphs
                0x00000000      0x299 main.o
 .progmem.data.Font_18x42_Serif_BoldBitmaps
                0x00000000     0x10b1 main.o
 .progmem.data.Font_18x42_Serif
                0x00000000        0x7 main.o
 .progmem.data.Font_18x42_SerifGlyphs
                0x00000000      0x299 main.o
 .progmem.data.Font_18x42_SerifBitmaps
                0x00000000      0xf2e main.o
 .progmem.data.Font_18x42_Sans_Oblique
                0x00000000        0x7 main.o
 .progmem.data.Font_18x42_Sans_ObliqueGlyphs
                0x00000000      0x299 main.o
 .progmem.data.Font_18x42_Sans_ObliqueBitmaps
                0x00000000     0x1357 main.o
 .progmem.data.Font_18x42_Sans_Bold_Oblique
                0x00000000        0x7 main.o
 .progmem.data.Font_18x42_Sans_Bold_ObliqueGlyphs
                0x00000000      0x299 main.o
 .progmem.data.Font_18x42_Sans_Bold_ObliqueBitmaps
                0x00000000     0x1497 main.o
 .progmem.data.Font_18x42_Sans_Bold
                0x00000000        0x7 main.o
 .progmem.data.Font_18x42_Sans_BoldGlyphs
                0x00000000      0x299 main.o
 .progmem.data.Font_18x42_Sans_BoldBitmaps
                0x00000000     0x1197 main.o
 .progmem.data.Font_18x42_Sans
                0x00000000        0x7 main.o
 .progmem.data.Font_18x42_SansGlyphs
                0x00000000      0x299 main.o
 .progmem.data.Font_18x42_SansBitmaps
                0x00000000     0x103f main.o
 .progmem.data.Font_18x35_Mono_Oblique
                0x00000000        0x7 main.o
 .progmem.data.Font_18x35_Mono_ObliqueGlyphs
                0x00000000      0x299 main.o
 .progmem.data.Font_18x35_Mono_ObliqueBitmaps
                0x00000000      0xdba main.o
 .progmem.data.Font_18x35_Mono_Bold_Oblique
                0x00000000        0x7 main.o
 .progmem.data.Font_18x35_Mono_Bold_ObliqueGlyphs
                0x00000000      0x299 main.o
 .progmem.data.Font_18x35_Mono_Bold_ObliqueBitmaps
                0x00000000     0x10a0 main.o
 .progmem.data.Font_18x35_Mono_Bold
                0x00000000        0x7 main.o
 .progmem.data.Font_18x35_Mono_BoldGlyphs
                0x00000000      0x299 main.o
 .progmem.data.Font_18x35_Mono_BoldBitmaps
                0x00000000      0xee5 main.o
 .progmem.data.Font_18x35_Mono
                0x00000000        0x7 main.o
 .progmem.data.Font_18x35_MonoGlyphs
                0x00000000      0x299 main.o
 .progmem.data.Font_18x35_MonoBitmaps
                0x00000000      0xc11 main.o
 .progmem.data.Font_16x32_Retro
                0x00000000        0x7 main.o
 .progmem.data.Font_16x32_RetroGlyphs
                0x00000000      0x299 main.o
 .progmem.data.Font_16x32_RetroBitmaps
                0x00000000      0xbe0 main.o
 .progmem.data.Font_16x32_Grotesk_Bold16x32
                0x00000000        0x7 main.o
 .progmem.data.Font_16x32_Grotesk_Bold16x32Glyphs
                0x00000000      0x299 main.o
 .progmem.data.Font_16x32_Grotesk_Bold16x32Bitmaps
                0x00000000      0xd17 main.o
 .progmem.data.Font_16x32_Grotesk
                0x00000000        0x7 main.o
 .progmem.data.Font_16x32_GroteskGlyphs
                0x00000000      0x299 main.o
 .progmem.data.Font_16x32_GroteskBitmaps
                0x00000000      0xce8 main.o
 .progmem.data.Font_16x24_Segment_16_Full
                0x00000000        0x7 main.o
 .progmem.data.Font_16x24_Segment_16_FullGlyphs
                0x00000000      0x299 main.o
 .progmem.data.Font_16x24_Segment_16_FullBitmaps
                0x00000000      0xa2b main.o
 .progmem.data.Font_16x24_OCR
                0x00000000        0x7 main.o
 .progmem.data.Font_16x24_OCRGlyphs
                0x00000000      0x299 main.o
 .progmem.data.Font_16x24_OCRBitmaps
                0x00000000      0x71c main.o
 .progmem.data.Font_16x24_Arial_Round
                0x00000000        0x7 main.o
 .progmem.data.Font_16x24_Arial_RoundGlyphs
                0x00000000      0x299 main.o
 .progmem.data.Font_16x24_Arial_RoundBitmaps
                0x00000000      0x753 main.o
 .progmem.data.Font_16x22_Matrix_Num
                0x00000000        0x7 main.o
 .progmem.data.Font_16x22_Matrix_NumGlyphs
                0x00000000       0x46 main.o
 .progmem.data.Font_16x22_Matrix_NumBitmaps
                0x00000000      0x14f main.o
 .progmem.data.Font_16x22_Matrix_Full_Slash
                0x00000000        0x7 main.o
 .progmem.data.Font_16x22_Matrix_Full_SlashGlyphs
                0x00000000      0x299 main.o
 .progmem.data.Font_16x22_Matrix_Full_SlashBitmaps
                0x00000000      0x95b main.o
 .progmem.data.Font_16x22_Matrix_Full
                0x00000000        0x7 main.o
 .progmem.data.Font_16x22_Matrix_FullGlyphs
                0x00000000      0x299 main.o
 .progmem.data.Font_16x22_Matrix_FullBitmaps
                0x00000000      0x95b main.o
 .progmem.data.Font_16x16_Swiss_Outline
                0x00000000        0x7 main.o
 .progmem.data.Font_16x16_Swiss_OutlineGlyphs
                0x00000000      0x299 main.o
 .progmem.data.Font_16x16_Swiss_OutlineBitmaps
                0x00000000      0x443 main.o
 .progmem.data.Font_16x16_Sinclair_Inverted
                0x00000000        0x7 main.o
 .progmem.data.Font_16x16_Sinclair_InvertedGlyphs
                0x00000000      0x299 main.o
 .progmem.data.Font_16x16_Sinclair_InvertedBitmaps
                0x00000000      0x70f main.o
 .progmem.data.Font_16x16_Sinclair
                0x00000000        0x7 main.o
 .progmem.data.Font_16x16_SinclairGlyphs
                0x00000000      0x299 main.o
 .progmem.data.Font_16x16_SinclairBitmaps
                0x00000000      0x522 main.o
 .progmem.data.Font_16x16_Nadianne
                0x00000000        0x7 main.o
 .progmem.data.Font_16x16_NadianneGlyphs
                0x00000000      0x299 main.o
 .progmem.data.Font_16x16_NadianneBitmaps
                0x00000000      0x4fe main.o
 .progmem.data.Font_16x16_Hallfetica
                0x00000000        0x7 main.o
 .progmem.data.Font_16x16_HallfeticaGlyphs
                0x00000000      0x299 main.o
 .progmem.data.Font_16x16_HallfeticaBitmaps
                0x00000000      0x3a9 main.o
 .progmem.data.Font_16x16_FranklinGothic
                0x00000000        0x7 main.o
 .progmem.data.Font_16x16_FranklinGothicGlyphs
                0x00000000      0x299 main.o
 .progmem.data.Font_16x16_FranklinGothicBitmaps
                0x00000000      0x3a2 main.o
 .progmem.data.Font_16x16_Default
                0x00000000        0x7 main.o
 .progmem.data.Font_16x16_DefaultGlyphs
                0x00000000      0x299 main.o
 .progmem.data.Font_16x16_DefaultBitmaps
                0x00000000      0x4ae main.o
 .progmem.data.Font_16x16_Arial_Italic
                0x00000000        0x7 main.o
 .progmem.data.Font_16x16_Arial_ItalicGlyphs
                0x00000000      0x299 main.o
 .progmem.data.Font_16x16_Arial_ItalicBitmaps
                0x00000000      0x3fd main.o
 .progmem.data.Font_16x16_Arial_Bold
                0x00000000        0x7 main.o
 .progmem.data.Font_16x16_Arial_BoldGlyphs
                0x00000000      0x299 main.o
 .progmem.data.Font_16x16_Arial_BoldBitmaps
                0x00000000      0x3e4 main.o
 .progmem.data.Font_16x16_Arial
                0x00000000        0x7 main.o
 .progmem.data.Font_16x16_ArialGlyphs
                0x00000000      0x299 main.o
 .progmem.data.Font_16x16_ArialBitmaps
                0x00000000      0x389 main.o
 .progmem.data.Font_12x29_Serif_Italic
                0x00000000        0x7 main.o
 .progmem.data.Font_12x29_Serif_ItalicGlyphs
                0x00000000      0x299 main.o
 .progmem.data.Font_12x29_Serif_ItalicBitmaps
                0x00000000      0x7c0 main.o
 .progmem.data.FreeSerFont_12x29_Serif_Bold_Italic
                0x00000000        0x7 main.o
 .progmem.data.FreeSerFont_12x29_Serif_Bold_ItalicGlyphs
                0x00000000      0x299 main.o
 .progmem.data.FreeSerFont_12x29_Serif_Bold_ItalicBitmaps
                0x00000000      0x8be main.o
 .progmem.data.Font_12x29_Serif_Bold
                0x00000000        0x7 main.o
 .progmem.data.Font_12x29_Serif_BoldGlyphs
                0x00000000      0x299 main.o
 .progmem.data.Font_12x29_Serif_BoldBitmaps
                0x00000000      0x7c7 main.o
 .progmem.data.Font_12x29_Serif
                0x00000000        0x7 main.o
 .progmem.data.Font_12x29_SerifGlyphs
                0x00000000      0x299 main.o
 .progmem.data.Font_12x29_SerifBitmaps
                0x00000000      0x72f main.o
 .progmem.data.Font_12x29_Sans_Oblique
                0x00000000        0x7 main.o
 .progmem.data.Font_12x29_Sans_ObliqueGlyphs
                0x00000000      0x299 main.o
 .progmem.data.Font_12x29_Sans_ObliqueBitmaps
                0x00000000      0x93a main.o
 .progmem.data.Font_12x29_Sans_Bold_Oblique
                0x00000000        0x7 main.o
 .progmem.data.Font_12x29_Sans_Bold_ObliqueGlyphs
                0x00000000      0x299 main.o
 .progmem.data.Font_12x29_Sans_Bold_ObliqueBitmaps
                0x00000000      0x9e7 main.o
 .progmem.data.Font_12x29_Sans_Bold
                0x00000000        0x7 main.o
 .progmem.data.Font_12x29_Sans_BoldGlyphs
                0x00000000      0x299 main.o
 .progmem.data.Font_12x29_Sans_BoldBitmaps
                0x00000000      0x88a main.o
 .progmem.data.Font_12x29_Sans
                0x00000000        0x7 main.o
 .progmem.data.Font_12x29_SansGlyphs
                0x00000000      0x299 main.o
 .progmem.data.Font_12x29_SansBitmaps
                0x00000000      0x7b1 main.o
 .progmem.data.Font_12x24_Mono_Oblique
                0x00000000        0x7 main.o
 .progmem.data.Font_12x24_Mono_ObliqueGlyphs
                0x00000000      0x299 main.o
 .progmem.data.Font_12x24_Mono_ObliqueBitmaps
                0x00000000      0x6ab main.o
 .progmem.data.Font_12x24_Mono_Bold_Oblique
                0x00000000        0x7 main.o
 .progmem.data.Font_12x24_Mono_Bold_ObliqueGlyphs
                0x00000000      0x299 main.o
 .progmem.data.Font_12x24_Mono_Bold_ObliqueBitmaps
                0x00000000      0x7ae main.o
 .progmem.data.Font_12x24_Mono_Bold
                0x00000000        0x7 main.o
 .progmem.data.Font_12x24_Mono_BoldGlyphs
                0x00000000      0x299 main.o
 .progmem.data.Font_12x24_Mono_BoldBitmaps
                0x00000000      0x6c2 main.o
 .progmem.data.Font_12x24_Mono
                0x00000000        0x7 main.o
 .progmem.data.Font_12x24_MonoGlyphs
                0x00000000      0x299 main.o
 .progmem.data.Font_12x24_MonoBitmaps
                0x00000000      0x5b4 main.o
 .progmem.data.Font_9x22_Serif_Italic
                0x00000000        0x7 main.o
 .progmem.data.Font_9x22_Serif_ItalicGlyphs
                0x00000000      0x299 main.o
 .progmem.data.Font_9x22_Serif_ItalicBitmaps
                0x00000000      0x48b main.o
 .progmem.data.Font_9x22_Serif_Bold_Italic
                0x00000000        0x7 main.o
 .progmem.data.Font_9x22_Serif_Bold_ItalicGlyphs
                0x00000000      0x299 main.o
 .progmem.data.Font_9x22_Serif_Bold_ItalicBitmaps
                0x00000000      0x51e main.o
 .progmem.data.Font_9x22_Serif
                0x00000000        0x7 main.o
 .progmem.data.Font_9x22_SerifGlyphs
                0x00000000      0x299 main.o
 .progmem.data.Font_9x22_SerifBitmaps
                0x00000000      0x438 main.o
 .progmem.data.Font_9x22_Sans_Oblique
                0x00000000        0x7 main.o
 .progmem.data.Font_9x22_Sans_ObliqueGlyphs
                0x00000000      0x299 main.o
 .progmem.data.Font_9x22_Sans_ObliqueBitmaps
                0x00000000      0x559 main.o
 .progmem.data.Font_9x22_Sans_Bold_Oblique
                0x00000000        0x7 main.o
 .progmem.data.Font_9x22_Sans_Bold_ObliqueGlyphs
                0x00000000      0x299 main.o
 .progmem.data.Font_9x22_Sans_Bold_ObliqueBitmaps
                0x00000000      0x5b8 main.o
 .progmem.data.Font_9x22_Sans_Bold
                0x00000000        0x7 main.o
 .progmem.data.Font_9x22_Sans_BoldGlyphs
                0x00000000      0x299 main.o
 .progmem.data.Font_9x22_Sans_BoldBitmaps
                0x00000000      0x4ce main.o
 .progmem.data.Font_9x22_Sans
                0x00000000        0x7 main.o
 .progmem.data.Font_9x22_SansGlyphs
                0x00000000      0x299 main.o
 .progmem.data.Font_9x22_SansBitmaps
                0x00000000      0x47e main.o
 .progmem.data.Font_9x18_Mono_Oblique
                0x00000000        0x7 main.o
 .progmem.data.Font_9x18_Mono_ObliqueGlyphs
                0x00000000      0x299 main.o
 .progmem.data.Font_9x18_Mono_ObliqueBitmaps
                0x00000000      0x3d6 main.o
 .progmem.data.Font_9x18_Mono_Bold_Oblique
                0x00000000        0x7 main.o
 .progmem.data.Font_9x18_Mono_Bold_ObliqueGlyphs
                0x00000000      0x299 main.o
 .progmem.data.Font_9x18_Mono_Bold_ObliqueBitmaps
                0x00000000      0x48f main.o
 .progmem.data.Font_9x18_Mono_Bold
                0x00000000        0x7 main.o
 .progmem.data.Font_9x18_Mono_BoldGlyphs
                0x00000000      0x299 main.o
 .progmem.data.Font_9x18_Mono_BoldBitmaps
                0x00000000      0x3e8 main.o
 .progmem.data.Font_9x18_Mono
                0x00000000        0x7 main.o
 .progmem.data.Font_9x18_MonoGlyphs
                0x00000000      0x299 main.o
 .progmem.data.Font_9x18_MonoBitmaps
                0x00000000      0x34c main.o
 .progmem.data.Font_8x16_Retro
                0x00000000        0x7 main.o
 .progmem.data.Font_8x16_RetroGlyphs
                0x00000000      0x299 main.o
 .progmem.data.Font_8x16_RetroBitmaps
                0x00000000      0x321 main.o
 .progmem.data.Font_8x12_Default
                0x00000000        0x7 main.o
 .progmem.data.Font_8x12_DefaultGlyphs
                0x00000000      0x299 main.o
 .progmem.data.Font_8x12_DefaultBitmaps
                0x00000000      0x19e main.o
 .progmem.data.Font_8x9_Myke
                0x00000000        0x7 main.o
 .progmem.data.Font_8x9_MykeGlyphs
                0x00000000      0x299 main.o
 .progmem.data.Font_8x9_MykeBitmaps
                0x00000000      0x15d main.o
 .progmem.data.Font_8x8_Tiny
                0x00000000        0x7 main.o
 .progmem.data.Font_8x8_TinyGlyphs
                0x00000000      0x299 main.o
 .progmem.data.Font_8x8_TinyBitmaps
                0x00000000      0x20b main.o
 .progmem.data.Font_8x8_Sinclair_Inverted
                0x00000000        0x7 main.o
 .progmem.data.Font_8x8_Sinclair_InvertedGlyphs
                0x00000000      0x299 main.o
 .progmem.data.Font_8x8_Sinclair_InvertedBitmaps
                0x00000000      0x1e2 main.o
 .progmem.data.Font_8x8_Sinclair
                0x00000000        0x7 main.o
 .progmem.data.Font_8x8_SinclairGlyphs
                0x00000000      0x299 main.o
 .progmem.data.Font_8x8_SinclairBitmaps
                0x00000000      0x175 main.o
 .progmem.data.Font_3x5_PicoPixel
                0x00000000        0x7 main.o
 .progmem.data.Font_3x5_PicoPixelGlyphs
                0x00000000      0x299 main.o
 .progmem.data.Font_3x5_PicoPixelBitmaps
                0x00000000       0xb4 main.o
 .progmem.data.Font_3x3_Tiny
                0x00000000        0x7 main.o
 .progmem.data.Font_3x3_TinyGlyphs
                0x00000000      0x299 main.o
 .progmem.data.Font_3x3_TinyBitmaps
                0x00000000       0x8e main.o
 .text          0x00000000        0x0 st7735.o
 .data          0x00000000        0x0 st7735.o
 .bss           0x00000000        0x0 st7735.o
 .text.RGB      0x00000000       0x22 st7735.o
 .text.LCD_Pixel
                0x00000000       0xcc st7735.o
 .text.LCD_Bitmap
                0x00000000      0x122 st7735.o
 .text.LCD_Bitmap_Mono
                0x00000000      0x1e4 st7735.o
 .text          0x00000000        0x0 c:/program files (x86)/atmel/studio/7.0/toolchain/avr8/avr8-gnu-toolchain/bin/../lib/gcc/avr/5.4.0/avr5\libgcc.a(_exit.o)
 .data          0x00000000        0x0 c:/program files (x86)/atmel/studio/7.0/toolchain/avr8/avr8-gnu-toolchain/bin/../lib/gcc/avr/5.4.0/avr5\libgcc.a(_exit.o)
 .bss           0x00000000        0x0 c:/program files (x86)/atmel/studio/7.0/toolchain/avr8/avr8-gnu-toolchain/bin/../lib/gcc/avr/5.4.0/avr5\libgcc.a(_exit.o)
 .text.libgcc.mul
                0x00000000        0x0 c:/program files (x86)/atmel/studio/7.0/toolchain/avr8/avr8-gnu-toolchain/bin/../lib/gcc/avr/5.4.0/avr5\libgcc.a(_exit.o)
 .text.libgcc.div
                0x00000000        0x0 c:/program files (x86)/atmel/studio/7.0/toolchain/avr8/avr8-gnu-toolchain/bin/../lib/gcc/avr/5.4.0/avr5\libgcc.a(_exit.o)
 .text.libgcc   0x00000000        0x0 c:/program files (x86)/atmel/studio/7.0/toolchain/avr8/avr8-gnu-toolchain/bin/../lib/gcc/avr/5.4.0/avr5\libgcc.a(_exit.o)
 .text.libgcc.prologue
                0x00000000        0x0 c:/program files (x86)/atmel/studio/7.0/toolchain/avr8/avr8-gnu-toolchain/bin/../lib/gcc/avr/5.4.0/avr5\libgcc.a(_exit.o)
 .text.libgcc.builtins
                0x00000000        0x0 c:/program files (x86)/atmel/studio/7.0/toolchain/avr8/avr8-gnu-toolchain/bin/../lib/gcc/avr/5.4.0/avr5\libgcc.a(_exit.o)
 .text.libgcc.fmul
                0x00000000        0x0 c:/program files (x86)/atmel/studio/7.0/toolchain/avr8/avr8-gnu-toolchain/bin/../lib/gcc/avr/5.4.0/avr5\libgcc.a(_exit.o)
 .text.libgcc.fixed
                0x00000000        0x0 c:/program files (x86)/atmel/studio/7.0/toolchain/avr8/avr8-gnu-toolchain/bin/../lib/gcc/avr/5.4.0/avr5\libgcc.a(_exit.o)
 .text          0x00000000        0x0 c:/program files (x86)/atmel/studio/7.0/toolchain/avr8/avr8-gnu-toolchain/bin/../lib/gcc/avr/5.4.0/avr5\libgcc.a(_copy_data.o)
 .data          0x00000000        0x0 c:/program files (x86)/atmel/studio/7.0/toolchain/avr8/avr8-gnu-toolchain/bin/../lib/gcc/avr/5.4.0/avr5\libgcc.a(_copy_data.o)
 .bss           0x00000000        0x0 c:/program files (x86)/atmel/studio/7.0/toolchain/avr8/avr8-gnu-toolchain/bin/../lib/gcc/avr/5.4.0/avr5\libgcc.a(_copy_data.o)
 .text.libgcc.mul
                0x00000000        0x0 c:/program files (x86)/atmel/studio/7.0/toolchain/avr8/avr8-gnu-toolchain/bin/../lib/gcc/avr/5.4.0/avr5\libgcc.a(_copy_data.o)
 .text.libgcc.div
                0x00000000        0x0 c:/program files (x86)/atmel/studio/7.0/toolchain/avr8/avr8-gnu-toolchain/bin/../lib/gcc/avr/5.4.0/avr5\libgcc.a(_copy_data.o)
 .text.libgcc   0x00000000        0x0 c:/program files (x86)/atmel/studio/7.0/toolchain/avr8/avr8-gnu-toolchain/bin/../lib/gcc/avr/5.4.0/avr5\libgcc.a(_copy_data.o)
 .text.libgcc.prologue
                0x00000000        0x0 c:/program files (x86)/atmel/studio/7.0/toolchain/avr8/avr8-gnu-toolchain/bin/../lib/gcc/avr/5.4.0/avr5\libgcc.a(_copy_data.o)
 .text.libgcc.builtins
                0x00000000        0x0 c:/program files (x86)/atmel/studio/7.0/toolchain/avr8/avr8-gnu-toolchain/bin/../lib/gcc/avr/5.4.0/avr5\libgcc.a(_copy_data.o)
 .text.libgcc.fmul
                0x00000000        0x0 c:/program files (x86)/atmel/studio/7.0/toolchain/avr8/avr8-gnu-toolchain/bin/../lib/gcc/avr/5.4.0/avr5\libgcc.a(_copy_data.o)
 .text.libgcc.fixed
                0x00000000        0x0 c:/program files (x86)/atmel/studio/7.0/toolchain/avr8/avr8-gnu-toolchain/bin/../lib/gcc/avr/5.4.0/avr5\libgcc.a(_copy_data.o)
 .text          0x00000000        0x0 c:/program files (x86)/atmel/studio/7.0/toolchain/avr8/avr8-gnu-toolchain/bin/../lib/gcc/avr/5.4.0/avr5\libgcc.a(_umulhisi3.o)
 .data          0x00000000        0x0 c:/program files (x86)/atmel/studio/7.0/toolchain/avr8/avr8-gnu-toolchain/bin/../lib/gcc/avr/5.4.0/avr5\libgcc.a(_umulhisi3.o)
 .bss           0x00000000        0x0 c:/program files (x86)/atmel/studio/7.0/toolchain/avr8/avr8-gnu-toolchain/bin/../lib/gcc/avr/5.4.0/avr5\libgcc.a(_umulhisi3.o)
 .text.libgcc.div
                0x00000000        0x0 c:/program files (x86)/atmel/studio/7.0/toolchain/avr8/avr8-gnu-toolchain/bin/../lib/gcc/avr/5.4.0/avr5\libgcc.a(_umulhisi3.o)
 .text.libgcc   0x00000000        0x0 c:/program files (x86)/atmel/studio/7.0/toolchain/avr8/avr8-gnu-toolchain/bin/../lib/gcc/avr/5.4.0/avr5\libgcc.a(_umulhisi3.o)
 .text.libgcc.prologue
                0x00000000        0x0 c:/program files (x86)/atmel/studio/7.0/toolchain/avr8/avr8-gnu-toolchain/bin/../lib/gcc/avr/5.4.0/avr5\libgcc.a(_umulhisi3.o)
 .text.libgcc.builtins
                0x00000000        0x0 c:/program files (x86)/atmel/studio/7.0/toolchain/avr8/avr8-gnu-toolchain/bin/../lib/gcc/avr/5.4.0/avr5\libgcc.a(_umulhisi3.o)
 .text.libgcc.fmul
                0x00000000        0x0 c:/program files (x86)/atmel/studio/7.0/toolchain/avr8/avr8-gnu-toolchain/bin/../lib/gcc/avr/5.4.0/avr5\libgcc.a(_umulhisi3.o)
 .text.libgcc.fixed
                0x00000000        0x0 c:/program files (x86)/atmel/studio/7.0/toolchain/avr8/avr8-gnu-toolchain/bin/../lib/gcc/avr/5.4.0/avr5\libgcc.a(_umulhisi3.o)
 .text          0x00000000        0x0 c:/program files (x86)/atmel/studio/7.0/toolchain/avr8/avr8-gnu-toolchain/bin/../lib/gcc/avr/5.4.0/avr5\libgcc.a(_mulshisi3.o)
 .data          0x00000000        0x0 c:/program files (x86)/atmel/studio/7.0/toolchain/avr8/avr8-gnu-toolchain/bin/../lib/gcc/avr/5.4.0/avr5\libgcc.a(_mulshisi3.o)
 .bss           0x00000000        0x0 c:/program files (x86)/atmel/studio/7.0/toolchain/avr8/avr8-gnu-toolchain/bin/../lib/gcc/avr/5.4.0/avr5\libgcc.a(_mulshisi3.o)
 .text.libgcc.div
                0x00000000        0x0 c:/program files (x86)/atmel/studio/7.0/toolchain/avr8/avr8-gnu-toolchain/bin/../lib/gcc/avr/5.4.0/avr5\libgcc.a(_mulshisi3.o)
 .text.libgcc   0x00000000        0x0 c:/program files (x86)/atmel/studio/7.0/toolchain/avr8/avr8-gnu-toolchain/bin/../lib/gcc/avr/5.4.0/avr5\libgcc.a(_mulshisi3.o)
 .text.libgcc.prologue
                0x00000000        0x0 c:/program files (x86)/atmel/studio/7.0/toolchain/avr8/avr8-gnu-toolchain/bin/../lib/gcc/avr/5.4.0/avr5\libgcc.a(_mulshisi3.o)
 .text.libgcc.builtins
                0x00000000        0x0 c:/program files (x86)/atmel/studio/7.0/toolchain/avr8/avr8-gnu-toolchain/bin/../lib/gcc/avr/5.4.0/avr5\libgcc.a(_mulshisi3.o)
 .text.libgcc.fmul
                0x00000000        0x0 c:/program files (x86)/atmel/studio/7.0/toolchain/avr8/avr8-gnu-toolchain/bin/../lib/gcc/avr/5.4.0/avr5\libgcc.a(_mulshisi3.o)
 .text.libgcc.fixed
                0x00000000        0x0 c:/program files (x86)/atmel/studio/7.0/toolchain/avr8/avr8-gnu-toolchain/bin/../lib/gcc/avr/5.4.0/avr5\libgcc.a(_mulshisi3.o)
 .text          0x00000000        0x0 c:/program files (x86)/atmel/studio/7.0/toolchain/avr8/avr8-gnu-toolchain/bin/../lib/gcc/avr/5.4.0/avr5\libgcc.a(_muluhisi3.o)
 .data          0x00000000        0x0 c:/program files (x86)/atmel/studio/7.0/toolchain/avr8/avr8-gnu-toolchain/bin/../lib/gcc/avr/5.4.0/avr5\libgcc.a(_muluhisi3.o)
 .bss           0x00000000        0x0 c:/program files (x86)/atmel/studio/7.0/toolchain/avr8/avr8-gnu-toolchain/bin/../lib/gcc/avr/5.4.0/avr5\libgcc.a(_muluhisi3.o)
 .text.libgcc.div
                0x00000000        0x0 c:/program files (x86)/atmel/studio/7.0/toolchain/avr8/avr8-gnu-toolchain/bin/../lib/gcc/avr/5.4.0/avr5\libgcc.a(_muluhisi3.o)
 .text.libgcc   0x00000000        0x0 c:/program files (x86)/atmel/studio/7.0/toolchain/avr8/avr8-gnu-toolchain/bin/../lib/gcc/avr/5.4.0/avr5\libgcc.a(_muluhisi3.o)
 .text.libgcc.prologue
                0x00000000        0x0 c:/program files (x86)/atmel/studio/7.0/toolchain/avr8/avr8-gnu-toolchain/bin/../lib/gcc/avr/5.4.0/avr5\libgcc.a(_muluhisi3.o)
 .text.libgcc.builtins
                0x00000000        0x0 c:/program files (x86)/atmel/studio/7.0/toolchain/avr8/avr8-gnu-toolchain/bin/../lib/gcc/avr/5.4.0/avr5\libgcc.a(_muluhisi3.o)
 .text.libgcc.fmul
                0x00000000        0x0 c:/program files (x86)/atmel/studio/7.0/toolchain/avr8/avr8-gnu-toolchain/bin/../lib/gcc/avr/5.4.0/avr5\libgcc.a(_muluhisi3.o)
 .text.libgcc.fixed
                0x00000000        0x0 c:/program files (x86)/atmel/studio/7.0/toolchain/avr8/avr8-gnu-toolchain/bin/../lib/gcc/avr/5.4.0/avr5\libgcc.a(_muluhisi3.o)
 .text          0x00000000        0x0 c:/program files (x86)/atmel/studio/7.0/toolchain/avr8/avr8-gnu-toolchain/bin/../lib/gcc/avr/5.4.0/../../../../avr/lib/avr5\libc.a(memcpy_P.o)
 .data          0x00000000        0x0 c:/program files (x86)/atmel/studio/7.0/toolchain/avr8/avr8-gnu-toolchain/bin/../lib/gcc/avr/5.4.0/../../../../avr/lib/avr5\libc.a(memcpy_P.o)
 .bss           0x00000000        0x0 c:/program files (x86)/atmel/studio/7.0/toolchain/avr8/avr8-gnu-toolchain/bin/../lib/gcc/avr/5.4.0/../../../../avr/lib/avr5\libc.a(memcpy_P.o)

Memory Configuration

Name             Origin             Length             Attributes
text             0x00000000         0x00020000         xr
data             0x00800060         0x0000ffa0         rw !x
eeprom           0x00810000         0x00010000         rw !x
fuse             0x00820000         0x00000003         rw !x
lock             0x00830000         0x00000400         rw !x
signature        0x00840000         0x00000400         rw !x
user_signatures  0x00850000         0x00000400         rw !x
*default*        0x00000000         0xffffffff

Linker script and memory map

Address of section .data set to 0x800100
LOAD C:/Program Files (x86)/Atmel/Studio/7.0/Packs/Atmel/ATmega_DFP/1.2.209/gcc/dev/atmega328p/avr5/crtatmega328p.o
LOAD main.o
LOAD st7735.o
START GROUP
LOAD c:/program files (x86)/atmel/studio/7.0/toolchain/avr8/avr8-gnu-toolchain/bin/../lib/gcc/avr/5.4.0/../../../../avr/lib/avr5\libm.a
END GROUP
START GROUP
LOAD c:/program files (x86)/atmel/studio/7.0/toolchain/avr8/avr8-gnu-toolchain/bin/../lib/gcc/avr/5.4.0/avr5\libgcc.a
LOAD c:/program files (x86)/atmel/studio/7.0/toolchain/avr8/avr8-gnu-toolchain/bin/../lib/gcc/avr/5.4.0/../../../../avr/lib/avr5\libm.a
LOAD c:/program files (x86)/atmel/studio/7.0/toolchain/avr8/avr8-gnu-toolchain/bin/../lib/gcc/avr/5.4.0/../../../../avr/lib/avr5\libc.a
LOAD C:/Program Files (x86)/Atmel/Studio/7.0/Packs/Atmel/ATmega_DFP/1.2.209/gcc/dev/atmega328p/avr5\libatmega328p.a
END GROUP
                0x00020000                __TEXT_REGION_LENGTH__ = DEFINED (__TEXT_REGION_LENGTH__)?__TEXT_REGION_LENGTH__:0x20000
                0x0000ffa0                __DATA_REGION_LENGTH__ = DEFINED (__DATA_REGION_LENGTH__)?__DATA_REGION_LENGTH__:0xffa0
                0x00010000                __EEPROM_REGION_LENGTH__ = DEFINED (__EEPROM_REGION_LENGTH__)?__EEPROM_REGION_LENGTH__:0x10000
                [0x00000003]                __FUSE_REGION_LENGTH__ = DEFINED (__FUSE_REGION_LENGTH__)?__FUSE_REGION_LENGTH__:0x400
                0x00000400                __LOCK_REGION_LENGTH__ = DEFINED (__LOCK_REGION_LENGTH__)?__LOCK_REGION_LENGTH__:0x400
                0x00000400                __SIGNATURE_REGION_LENGTH__ = DEFINED (__SIGNATURE_REGION_LENGTH__)?__SIGNATURE_REGION_LENGTH__:0x400
                0x00000400                __USER_SIGNATURE_REGION_LENGTH__ = DEFINED (__USER_SIGNATURE_REGION_LENGTH__)?__USER_SIGNATURE_REGION_LENGTH__:0x400

.hash
 *(.hash)

.dynsym
 *(.dynsym)

.dynstr
 *(.dynstr)

.gnu.version
 *(.gnu.version)

.gnu.version_d
 *(.gnu.version_d)

.gnu.version_r
 *(.gnu.version_r)

.rel.init
 *(.rel.init)

.rela.init
 *(.rela.init)

.rel.text
 *(.rel.text)
 *(.rel.text.*)
 *(.rel.gnu.linkonce.t*)

.rela.text
 *(.rela.text)
 *(.rela.text.*)
 *(.rela.gnu.linkonce.t*)

.rel.fini
 *(.rel.fini)

.rela.fini
 *(.rela.fini)

.rel.rodata
 *(.rel.rodata)
 *(.rel.rodata.*)
 *(.rel.gnu.linkonce.r*)

.rela.rodata
 *(.rela.rodata)
 *(.rela.rodata.*)
 *(.rela.gnu.linkonce.r*)

.rel.data
 *(.rel.data)
 *(.rel.data.*)
 *(.rel.gnu.linkonce.d*)

.rela.data
 *(.rela.data)
 *(.rela.data.*)
 *(.rela.gnu.linkonce.d*)

.rel.ctors
 *(.rel.ctors)

.rela.ctors
 *(.rela.ctors)

.rel.dtors
 *(.rel.dtors)

.rela.dtors
 *(.rela.dtors)

.rel.got
 *(.rel.got)

.rela.got
 *(.rela.got)

.rel.bss
 *(.rel.bss)

.rela.bss
 *(.rela.bss)

.rel.plt
 *(.rel.plt)

.rela.plt
 *(.rela.plt)

.text           0x00000000     0x3074
 *(.vectors)
 .vectors       0x00000000       0x68 C:/Program Files (x86)/Atmel/Studio/7.0/Packs/Atmel/ATmega_DFP/1.2.209/gcc/dev/atmega328p/avr5/crtatmega328p.o
                0x00000000                __vector_default
                0x00000000                __vectors
 *(.vectors)
 *(.progmem.gcc*)
                0x00000068                . = ALIGN (0x2)
                0x00000068                __trampolines_start = .
 *(.trampolines)
 .trampolines   0x00000068        0x0 linker stubs
 *(.trampolines*)
                0x00000068                __trampolines_end = .
 *libprintf_flt.a:*(.progmem.data)
 *libc.a:*(.progmem.data)
 *(.progmem*)
 .progmem.data.Font_9x22_Serif_Bold
                0x00000068        0x7 main.o
                0x00000068                Font_9x22_Serif_Bold
 .progmem.data.Font_9x22_Serif_BoldGlyphs
                0x0000006f      0x299 main.o
                0x0000006f                Font_9x22_Serif_BoldGlyphs
 .progmem.data.Font_9x22_Serif_BoldBitmaps
                0x00000308      0x48a main.o
                0x00000308                Font_9x22_Serif_BoldBitmaps
 .progmem.data.Font_5x5_Org
                0x00000792        0x7 main.o
                0x00000792                Font_5x5_Org
 .progmem.data.Font_5x5_OrgGlyphs
                0x00000799      0x299 main.o
                0x00000799                Font_5x5_OrgGlyphs
 .progmem.data.Font_5x5_OrgBitmaps
                0x00000a32      0x10f main.o
                0x00000a32                Font_5x5_OrgBitmaps
 .progmem.data.Font_3x5_TomThumb_Extended
                0x00000b41        0x7 main.o
                0x00000b41                Font_3x5_TomThumb_Extended
 .progmem.data.Font_3x5_TomThumb_ExtendedGlyphs
                0x00000b48      0x594 main.o
                0x00000b48                Font_3x5_TomThumb_ExtendedGlyphs
 .progmem.data.Font_3x5_TomThumb_ExtendedBitmaps
                0x000010dc      0x388 main.o
                0x000010dc                Font_3x5_TomThumb_ExtendedBitmaps
 .progmem.data.LCD_Red_Init_3
                0x00001464       0x2b st7735.o
                0x00001464                LCD_Red_Init_3
 .progmem.data.LCD_Red_Init_Green_144_2
                0x0000148f        0xd st7735.o
                0x0000148f                LCD_Red_Init_Green_144_2
 .progmem.data.LCD_Red_Init_Red_2
                0x0000149c        0xd st7735.o
                0x0000149c                LCD_Red_Init_Red_2
 .progmem.data.LCD_Red_Init_Green_2
                0x000014a9        0xd st7735.o
                0x000014a9                LCD_Red_Init_Green_2
 .progmem.data.LCD_Red_Init_1
                0x000014b6       0x3b st7735.o
                0x000014b6                LCD_Red_Init_1
 .progmem.data.LCD_Blue_Init
                0x000014f1       0x67 st7735.o
                0x000014f1                LCD_Blue_Init
                0x00001558                . = ALIGN (0x2)
 *(.jumptables)
 *(.jumptables*)
 *(.lowtext)
 *(.lowtext*)
                0x00001558                __ctors_start = .
 *(.ctors)
                0x00001558                __ctors_end = .
                0x00001558                __dtors_start = .
 *(.dtors)
                0x00001558                __dtors_end = .
 SORT(*)(.ctors)
 SORT(*)(.dtors)
 *(.init0)
 .init0         0x00001558        0x0 C:/Program Files (x86)/Atmel/Studio/7.0/Packs/Atmel/ATmega_DFP/1.2.209/gcc/dev/atmega328p/avr5/crtatmega328p.o
                0x00001558                __init
 *(.init0)
 *(.init1)
 *(.init1)
 *(.init2)
 .init2         0x00001558        0xc C:/Program Files (x86)/Atmel/Studio/7.0/Packs/Atmel/ATmega_DFP/1.2.209/gcc/dev/atmega328p/avr5/crtatmega328p.o
 *(.init2)
 *(.init3)
 *(.init3)
 *(.init4)
 .init4         0x00001564       0x16 c:/program files (x86)/atmel/studio/7.0/toolchain/avr8/avr8-gnu-toolchain/bin/../lib/gcc/avr/5.4.0/avr5\libgcc.a(_copy_data.o)
                0x00001564                __do_copy_data
 *(.init4)
 *(.init5)
 *(.init5)
 *(.init6)
 *(.init6)
 *(.init7)
 *(.init7)
 *(.init8)
 *(.init8)
 *(.init9)
 .init9         0x0000157a        0x6 C:/Program Files (x86)/Atmel/Studio/7.0/Packs/Atmel/ATmega_DFP/1.2.209/gcc/dev/atmega328p/avr5/crtatmega328p.o
 *(.init9)
 *(.text)
 .text          0x00001580        0x4 C:/Program Files (x86)/Atmel/Studio/7.0/Packs/Atmel/ATmega_DFP/1.2.209/gcc/dev/atmega328p/avr5/crtatmega328p.o
                0x00001580                __vector_22
                0x00001580                __vector_1
                0x00001580                __vector_24
                0x00001580                __vector_12
                0x00001580                __bad_interrupt
                0x00001580                __vector_6
                0x00001580                __vector_3
                0x00001580                __vector_23
                0x00001580                __vector_25
                0x00001580                __vector_11
                0x00001580                __vector_13
                0x00001580                __vector_17
                0x00001580                __vector_19
                0x00001580                __vector_7
                0x00001580                __vector_5
                0x00001580                __vector_4
                0x00001580                __vector_9
                0x00001580                __vector_2
                0x00001580                __vector_21
                0x00001580                __vector_15
                0x00001580                __vector_8
                0x00001580                __vector_14
                0x00001580                __vector_10
                0x00001580                __vector_16
                0x00001580                __vector_18
                0x00001580                __vector_20
                0x00001584                . = ALIGN (0x2)
 *(.text.*)
 .text.main     0x00001584      0x2d4 main.o
                0x00001584                main
 .text.LCD_Rect_Fill
                0x00001858      0x144 st7735.o
                0x00001858                LCD_Rect_Fill
 .text.LCD_Line
                0x0000199c      0x156 st7735.o
                0x0000199c                LCD_Line
 .text.LCD_Rect
                0x00001af2       0x7e st7735.o
                0x00001af2                LCD_Rect
 .text.LCD_Triangle
                0x00001b70       0x9a st7735.o
                0x00001b70                LCD_Triangle
 .text.LCD_Ellipse
                0x00001c0a      0x694 st7735.o
                0x00001c0a                LCD_Ellipse
 .text.LCD_Circle
                0x0000229e      0x23a st7735.o
                0x0000229e                LCD_Circle
 .text.LCD_Circle_Helper
                0x000024d8      0x20c st7735.o
                0x000024d8                LCD_Circle_Helper
 .text.LCD_Rect_Round
                0x000026e4      0x178 st7735.o
                0x000026e4                LCD_Rect_Round
 .text.LCD_Circle_Fill_Helper
                0x0000285c      0x1a2 st7735.o
                0x0000285c                LCD_Circle_Fill_Helper
 .text.LCD_Rect_Round_Fill
                0x000029fe       0xd6 st7735.o
                0x000029fe                LCD_Rect_Round_Fill
 .text.LCD_Font
                0x00002ad4      0x2a2 st7735.o
                0x00002ad4                LCD_Font
 .text.LCD_SPI  0x00002d76       0x1a st7735.o
                0x00002d76                LCD_SPI
 .text.LCD_Reset
                0x00002d90       0x32 st7735.o
                0x00002d90                LCD_Reset
 .text.LCD_Command_List
                0x00002dc2       0xbe st7735.o
                0x00002dc2                LCD_Command_List
 .text.LCD_Orientation
                0x00002e80       0xbe st7735.o
                0x00002e80                LCD_Orientation
 .text.LCD_Init
                0x00002f3e       0xe2 st7735.o
                0x00002f3e                LCD_Init
 .text.libgcc.mul
                0x00003020       0x1e c:/program files (x86)/atmel/studio/7.0/toolchain/avr8/avr8-gnu-toolchain/bin/../lib/gcc/avr/5.4.0/avr5\libgcc.a(_umulhisi3.o)
                0x00003020                __umulhisi3
 .text.libgcc.mul
                0x0000303e        0xc c:/program files (x86)/atmel/studio/7.0/toolchain/avr8/avr8-gnu-toolchain/bin/../lib/gcc/avr/5.4.0/avr5\libgcc.a(_mulshisi3.o)
                0x0000303e                __mulshisi3
                0x00003042                __mulohisi3
 .text.libgcc.mul
                0x0000304a       0x14 c:/program files (x86)/atmel/studio/7.0/toolchain/avr8/avr8-gnu-toolchain/bin/../lib/gcc/avr/5.4.0/avr5\libgcc.a(_muluhisi3.o)
                0x0000304a                __muluhisi3
 .text.avr-libc
                0x0000305e       0x12 c:/program files (x86)/atmel/studio/7.0/toolchain/avr8/avr8-gnu-toolchain/bin/../lib/gcc/avr/5.4.0/../../../../avr/lib/avr5\libc.a(memcpy_P.o)
                0x0000305e                memcpy_P
                0x00003070                . = ALIGN (0x2)
 *(.fini9)
 .fini9         0x00003070        0x0 c:/program files (x86)/atmel/studio/7.0/toolchain/avr8/avr8-gnu-toolchain/bin/../lib/gcc/avr/5.4.0/avr5\libgcc.a(_exit.o)
                0x00003070                _exit
                0x00003070                exit
 *(.fini9)
 *(.fini8)
 *(.fini8)
 *(.fini7)
 *(.fini7)
 *(.fini6)
 *(.fini6)
 *(.fini5)
 *(.fini5)
 *(.fini4)
 *(.fini4)
 *(.fini3)
 *(.fini3)
 *(.fini2)
 *(.fini2)
 *(.fini1)
 *(.fini1)
 *(.fini0)
 .fini0         0x00003070        0x4 c:/program files (x86)/atmel/studio/7.0/toolchain/avr8/avr8-gnu-toolchain/bin/../lib/gcc/avr/5.4.0/avr5\libgcc.a(_exit.o)
 *(.fini0)
                0x00003074                _etext = .

.data           0x00800100       0x38 load address 0x00003074
                0x00800100                PROVIDE (__data_start, .)
 *(.data)
 *(.data*)
 *(.gnu.linkonce.d*)
 *(.rodata)
 *(.rodata*)
 .rodata.str1.1
                0x00800100       0x37 main.o
 *(.gnu.linkonce.r*)
                0x00800138                . = ALIGN (0x2)
 *fill*         0x00800137        0x1 
                0x00800138                _edata = .
                0x00800138                PROVIDE (__data_end, .)

.bss            0x00800138        0x0
                [!provide]                PROVIDE (__bss_start, .)
 *(.bss)
 *(.bss*)
 *(COMMON)
                [!provide]                PROVIDE (__bss_end, .)
                0x00003074                __data_load_start = LOADADDR (.data)
                0x000030ac                __data_load_end = (__data_load_start + SIZEOF (.data))

.noinit         0x00800138        0x0
                [!provide]                PROVIDE (__noinit_start, .)
 *(.noinit*)
                [!provide]                PROVIDE (__noinit_end, .)
                0x00800138                _end = .
                [!provide]                PROVIDE (__heap_start, .)

.eeprom         0x00810000        0x0
 *(.eeprom*)
                0x00810000                __eeprom_end = .

.fuse
 *(.fuse)
 *(.lfuse)
 *(.hfuse)
 *(.efuse)

.lock
 *(.lock*)

.signature
 *(.signature*)

.user_signatures
 *(.user_signatures*)

.stab
 *(.stab)

.stabstr
 *(.stabstr)

.stab.excl
 *(.stab.excl)

.stab.exclstr
 *(.stab.exclstr)

.stab.index
 *(.stab.index)

.stab.indexstr
 *(.stab.indexstr)

.comment        0x00000000       0x30
 *(.comment)
 .comment       0x00000000       0x30 main.o
                                 0x31 (size before relaxing)
 .comment       0x00000030       0x31 st7735.o

.note.gnu.avr.deviceinfo
                0x00000000       0x40
 .note.gnu.avr.deviceinfo
                0x00000000       0x40 C:/Program Files (x86)/Atmel/Studio/7.0/Packs/Atmel/ATmega_DFP/1.2.209/gcc/dev/atmega328p/avr5/crtatmega328p.o

.note.gnu.build-id
 *(.note.gnu.build-id)

.debug
 *(.debug)

.line
 *(.line)

.debug_srcinfo
 *(.debug_srcinfo)

.debug_sfnames
 *(.debug_sfnames)

.debug_aranges  0x00000000       0xd8
 *(.debug_aranges)
 .debug_aranges
                0x00000000       0x20 main.o
 .debug_aranges
                0x00000020       0xb8 st7735.o

.debug_pubnames
 *(.debug_pubnames)

.debug_info     0x00000000     0x5ecb
 *(.debug_info .gnu.linkonce.wi.*)
 .debug_info    0x00000000      0x5f4 C:/Program Files (x86)/Atmel/Studio/7.0/Packs/Atmel/ATmega_DFP/1.2.209/gcc/dev/atmega328p/avr5/crtatmega328p.o
 .debug_info    0x000005f4     0x2ab7 main.o
 .debug_info    0x000030ab     0x2e20 st7735.o

.debug_abbrev   0x00000000      0xab1
 *(.debug_abbrev)
 .debug_abbrev  0x00000000      0x5a2 C:/Program Files (x86)/Atmel/Studio/7.0/Packs/Atmel/ATmega_DFP/1.2.209/gcc/dev/atmega328p/avr5/crtatmega328p.o
 .debug_abbrev  0x000005a2      0x179 main.o
 .debug_abbrev  0x0000071b      0x396 st7735.o

.debug_line     0x00000000     0x1eda
 *(.debug_line .debug_line.* .debug_line_end)
 .debug_line    0x00000000      0x133 C:/Program Files (x86)/Atmel/Studio/7.0/Packs/Atmel/ATmega_DFP/1.2.209/gcc/dev/atmega328p/avr5/crtatmega328p.o
 .debug_line    0x00000133      0xc9a main.o
 .debug_line    0x00000dcd     0x110d st7735.o

.debug_frame    0x00000000      0x600
 *(.debug_frame)
 .debug_frame   0x00000000       0x24 main.o
 .debug_frame   0x00000024      0x5dc st7735.o

.debug_str      0x00000000     0x27d2
 *(.debug_str)
 .debug_str     0x00000000      0x208 C:/Program Files (x86)/Atmel/Studio/7.0/Packs/Atmel/ATmega_DFP/1.2.209/gcc/dev/atmega328p/avr5/crtatmega328p.o
 .debug_str     0x00000208     0x21f2 main.o
                               0x2238 (size before relaxing)
 .debug_str     0x000023fa      0x3d8 st7735.o
                                0x67f (size before relaxing)

.debug_loc      0x00000000     0x363c
 *(.debug_loc)
 .debug_loc     0x00000000      0x1bc main.o
 .debug_loc     0x000001bc     0x3480 st7735.o

.debug_macinfo
 *(.debug_macinfo)

.debug_weaknames
 *(.debug_weaknames)

.debug_funcnames
 *(.debug_funcnames)

.debug_typenames
 *(.debug_typenames)

.debug_varnames
 *(.debug_varnames)

.debug_pubtypes
 *(.debug_pubtypes)

.debug_ranges   0x00000000      0x1b8
 *(.debug_ranges)
 .debug_ranges  0x00000000       0x10 main.o
 .debug_ranges  0x00000010      0x1a8 st7735.o

.debug_macro
 *(.debug_macro)
OUTPUT(ST7735_AVR.elf elf32-avr)
LOAD linker stubs
