Component: ARM Compiler 5.06 update 6 (build 750) Tool: armlink [4d35ed]

==============================================================================

Section Cross References

    startup_stm32f103xb.o(RESET) refers to startup_stm32f103xb.o(STACK) for __initial_sp
    startup_stm32f103xb.o(RESET) refers to startup_stm32f103xb.o(.text) for Reset_Handler
    startup_stm32f103xb.o(RESET) refers to stm32f1xx_it.o(i.NMI_Handler) for NMI_Handler
    startup_stm32f103xb.o(RESET) refers to stm32f1xx_it.o(i.HardFault_Handler) for HardFault_Handler
    startup_stm32f103xb.o(RESET) refers to stm32f1xx_it.o(i.MemManage_Handler) for MemManage_Handler
    startup_stm32f103xb.o(RESET) refers to stm32f1xx_it.o(i.BusFault_Handler) for BusFault_Handler
    startup_stm32f103xb.o(RESET) refers to stm32f1xx_it.o(i.UsageFault_Handler) for UsageFault_Handler
    startup_stm32f103xb.o(RESET) refers to stm32f1xx_it.o(i.SVC_Handler) for SVC_Handler
    startup_stm32f103xb.o(RESET) refers to stm32f1xx_it.o(i.DebugMon_Handler) for DebugMon_Handler
    startup_stm32f103xb.o(RESET) refers to stm32f1xx_it.o(i.PendSV_Handler) for PendSV_Handler
    startup_stm32f103xb.o(RESET) refers to stm32f1xx_it.o(i.SysTick_Handler) for SysTick_Handler
    startup_stm32f103xb.o(RESET) refers to stm32f1xx_it.o(i.TIM1_BRK_IRQHandler) for TIM1_BRK_IRQHandler
    startup_stm32f103xb.o(RESET) refers to stm32f1xx_it.o(i.TIM1_UP_IRQHandler) for TIM1_UP_IRQHandler
    startup_stm32f103xb.o(RESET) refers to stm32f1xx_it.o(i.TIM1_TRG_COM_IRQHandler) for TIM1_TRG_COM_IRQHandler
    startup_stm32f103xb.o(RESET) refers to stm32f1xx_it.o(i.TIM1_CC_IRQHandler) for TIM1_CC_IRQHandler
    startup_stm32f103xb.o(.text) refers to system_stm32f1xx.o(i.SystemInit) for SystemInit
    startup_stm32f103xb.o(.text) refers to entry.o(.ARM.Collect$$$$00000000) for __main
    system_stm32f1xx.o(i.SystemCoreClockUpdate) refers to system_stm32f1xx.o(.data) for .data
    system_stm32f1xx.o(i.SystemCoreClockUpdate) refers to system_stm32f1xx.o(.constdata) for .constdata
    stm32f1xx_hal_msp.o(i.HAL_MspInit) refers to stm32f1xx_hal_cortex.o(i.HAL_NVIC_SetPriorityGrouping) for HAL_NVIC_SetPriorityGrouping
    stm32f1xx_hal_msp.o(i.HAL_MspInit) refers to stm32f1xx_hal_cortex.o(i.HAL_NVIC_SetPriority) for HAL_NVIC_SetPriority
    stm32f1xx_hal_msp.o(i.HAL_SPI_MspDeInit) refers to stm32f1xx_hal_gpio.o(i.HAL_GPIO_DeInit) for HAL_GPIO_DeInit
    stm32f1xx_hal_msp.o(i.HAL_SPI_MspInit) refers to stm32f1xx_hal_gpio.o(i.HAL_GPIO_Init) for HAL_GPIO_Init
    stm32f1xx_hal_msp.o(i.HAL_TIM_Base_MspDeInit) refers to stm32f1xx_hal_cortex.o(i.HAL_NVIC_DisableIRQ) for HAL_NVIC_DisableIRQ
    stm32f1xx_hal_msp.o(i.HAL_TIM_Base_MspInit) refers to stm32f1xx_hal_cortex.o(i.HAL_NVIC_SetPriority) for HAL_NVIC_SetPriority
    stm32f1xx_hal_msp.o(i.HAL_TIM_Base_MspInit) refers to stm32f1xx_hal_cortex.o(i.HAL_NVIC_EnableIRQ) for HAL_NVIC_EnableIRQ
    main.o(i.MX_GPIO_Init) refers to stm32f1xx_hal_gpio.o(i.HAL_GPIO_WritePin) for HAL_GPIO_WritePin
    main.o(i.MX_GPIO_Init) refers to stm32f1xx_hal_gpio.o(i.HAL_GPIO_Init) for HAL_GPIO_Init
    main.o(i.MX_SPI1_Init) refers to stm32f1xx_hal_spi_ex.o(i.HAL_SPI_Init) for HAL_SPI_Init
    main.o(i.MX_SPI1_Init) refers to main.o(.bss) for .bss
    main.o(i.MX_SPI2_Init) refers to stm32f1xx_hal_spi_ex.o(i.HAL_SPI_Init) for HAL_SPI_Init
    main.o(i.MX_SPI2_Init) refers to main.o(.bss) for .bss
    main.o(i.MX_TIM1_Init) refers to stm32f1xx_hal_tim.o(i.HAL_TIM_Base_Init) for HAL_TIM_Base_Init
    main.o(i.MX_TIM1_Init) refers to stm32f1xx_hal_tim.o(i.HAL_TIM_ConfigClockSource) for HAL_TIM_ConfigClockSource
    main.o(i.MX_TIM1_Init) refers to stm32f1xx_hal_tim_ex.o(i.HAL_TIMEx_MasterConfigSynchronization) for HAL_TIMEx_MasterConfigSynchronization
    main.o(i.MX_TIM1_Init) refers to main.o(.bss) for .bss
    main.o(i.SystemClock_Config) refers to stm32f1xx_hal_rcc.o(i.HAL_RCC_OscConfig) for HAL_RCC_OscConfig
    main.o(i.SystemClock_Config) refers to stm32f1xx_hal_rcc.o(i.HAL_RCC_ClockConfig) for HAL_RCC_ClockConfig
    main.o(i.SystemClock_Config) refers to stm32f1xx_hal_rcc.o(i.HAL_RCC_GetHCLKFreq) for HAL_RCC_GetHCLKFreq
    main.o(i.SystemClock_Config) refers to stm32f1xx_hal_cortex.o(i.HAL_SYSTICK_Config) for HAL_SYSTICK_Config
    main.o(i.SystemClock_Config) refers to stm32f1xx_hal_cortex.o(i.HAL_SYSTICK_CLKSourceConfig) for HAL_SYSTICK_CLKSourceConfig
    main.o(i.SystemClock_Config) refers to stm32f1xx_hal_cortex.o(i.HAL_NVIC_SetPriority) for HAL_NVIC_SetPriority
    main.o(i.main) refers to stm32f1xx_hal.o(i.HAL_Init) for HAL_Init
    main.o(i.main) refers to main.o(i.SystemClock_Config) for SystemClock_Config
    main.o(i.main) refers to main.o(i.MX_GPIO_Init) for MX_GPIO_Init
    main.o(i.main) refers to main.o(i.MX_SPI2_Init) for MX_SPI2_Init
    main.o(i.main) refers to main.o(i.MX_SPI1_Init) for MX_SPI1_Init
    main.o(i.main) refers to main.o(i.MX_TIM1_Init) for MX_TIM1_Init
[...]
    Removing main.o(.constdata), (3813 bytes).
    Removing main.o(.constdata), (760 bytes).
    Removing main.o(.constdata), (12 bytes).
    Removing main.o(.constdata), (4256 bytes).
    Removing main.o(.constdata), (760 bytes).
    Removing main.o(.constdata), (12 bytes).
    Removing main.o(.constdata), (3514 bytes).
    Removing main.o(.constdata), (760 bytes).
    Removing main.o(.constdata), (12 bytes).
    Removing main.o(.constdata), (4159 bytes).
    Removing main.o(.constdata), (760 bytes).
    Removing main.o(.constdata), (12 bytes).
    Removing main.o(.constdata), (4503 bytes).
    Removing main.o(.constdata), (760 bytes).
    Removing main.o(.constdata), (12 bytes).
    Removing main.o(.constdata), (5271 bytes).
    Removing main.o(.constdata), (760 bytes).
    Removing main.o(.constdata), (12 bytes).
    Removing main.o(.constdata), (4951 bytes).
    Removing main.o(.constdata), (760 bytes).
    Removing main.o(.constdata), (12 bytes).
    Removing main.o(.constdata), (3886 bytes).
    Removing main.o(.constdata), (760 bytes).
    Removing main.o(.constdata), (12 bytes).
    Removing main.o(.constdata), (4273 bytes).
    Removing main.o(.constdata), (760 bytes).
    Removing main.o(.constdata), (12 bytes).
    Removing main.o(.constdata), (4738 bytes).
    Removing main.o(.constdata), (760 bytes).
    Removing main.o(.constdata), (12 bytes).
    Removing main.o(.constdata), (4133 bytes).
    Removing main.o(.constdata), (760 bytes).
    Removing main.o(.constdata), (12 bytes).
    Removing main.o(.constdata), (623 bytes).
    Removing main.o(.constdata), (80 bytes).
    Removing main.o(.constdata), (12 bytes).
    Removing main.o(.constdata), (3531 bytes).
    Removing main.o(.constdata), (760 bytes).
    Removing main.o(.constdata), (12 bytes).
    Removing main.o(.constdata), (3645 bytes).
    Removing main.o(.constdata), (760 bytes).
    Removing main.o(.constdata), (12 bytes).
    Removing main.o(.constdata), (4036 bytes).
    Removing main.o(.constdata), (760 bytes).
    Removing main.o(.constdata), (12 bytes).
    Removing main.o(.constdata), (6202 bytes).
    Removing main.o(.constdata), (760 bytes).
    Removing main.o(.constdata), (12 bytes).
    Removing main.o(.constdata), (5658 bytes).
    Removing main.o(.constdata), (760 bytes).
    Removing main.o(.constdata), (12 bytes).
    Removing main.o(.constdata), (6797 bytes).
    Removing main.o(.constdata), (760 bytes).
    Removing main.o(.constdata), (12 bytes).
    Removing main.o(.constdata), (7635 bytes).
    Removing main.o(.constdata), (760 bytes).
    Removing main.o(.constdata), (12 bytes).
    Removing main.o(.constdata), (6452 bytes).
    Removing main.o(.constdata), (760 bytes).
    Removing main.o(.constdata), (12 bytes).
    Removing main.o(.constdata), (7290 bytes).
    Removing main.o(.constdata), (760 bytes).
    Removing main.o(.constdata), (12 bytes).
    Removing main.o(.constdata), (7575 bytes).
    Removing main.o(.constdata), (760 bytes).
    Removing main.o(.constdata), (12 bytes).
    Removing main.o(.constdata), (7464 bytes).
    Removing main.o(.constdata), (760 bytes).
    Removing main.o(.constdata), (12 bytes).
    Removing main.o(.constdata), (8143 bytes).
    Removing main.o(.constdata), (760 bytes).
    Removing main.o(.constdata), (12 bytes).
    Removing main.o(.constdata), (9447 bytes).
    Removing main.o(.constdata), (760 bytes).
    Removing main.o(.constdata), (12 bytes).
    Removing main.o(.constdata), (8811 bytes).
    Removing main.o(.constdata), (760 bytes).
    Removing main.o(.constdata), (12 bytes).
    Removing main.o(.constdata), (7010 bytes).
    Removing main.o(.constdata), (760 bytes).
    Removing main.o(.constdata), (12 bytes).
    Removing main.o(.constdata), (7847 bytes).
    Removing main.o(.constdata), (760 bytes).
    Removing main.o(.constdata), (12 bytes).
    Removing main.o(.constdata), (8245 bytes).
    Removing main.o(.constdata), (760 bytes).
    Removing main.o(.constdata), (12 bytes).
    Removing main.o(.constdata), (7579 bytes).
    Removing main.o(.constdata), (760 bytes).
    Removing main.o(.constdata), (12 bytes).
    Removing main.o(.constdata), (3794 bytes).
    Removing main.o(.constdata), (760 bytes).
    Removing main.o(.constdata), (12 bytes).
    Removing main.o(.constdata), (10985 bytes).
    Removing main.o(.constdata), (760 bytes).
    Removing main.o(.constdata), (12 bytes).
    Removing main.o(.constdata), (1477 bytes).
    Removing main.o(.constdata), (80 bytes).
    Removing main.o(.constdata), (12 bytes).
    Removing main.o(.constdata), (10262 bytes).
    Removing main.o(.constdata), (760 bytes).
    Removing main.o(.constdata), (12 bytes).
    Removing main.o(.constdata), (1565 bytes).
    Removing main.o(.constdata), (88 bytes).
    Removing main.o(.constdata), (12 bytes).
    Removing main.o(.constdata), (1639 bytes).
    Removing main.o(.constdata), (80 bytes).
    Removing main.o(.constdata), (12 bytes).
    Removing main.o(.constdata), (10644 bytes).
    Removing main.o(.constdata), (760 bytes).
    Removing main.o(.constdata), (12 bytes).
    Removing main.o(.constdata), (9297 bytes).
    Removing main.o(.constdata), (760 bytes).
    Removing main.o(.constdata), (12 bytes).
    Removing main.o(.constdata), (12526 bytes).
    Removing main.o(.constdata), (760 bytes).
    Removing main.o(.constdata), (12 bytes).
    Removing main.o(.constdata), (12803 bytes).
    Removing main.o(.constdata), (760 bytes).
    Removing main.o(.constdata), (12 bytes).
    Removing main.o(.constdata), (13407 bytes).
    Removing main.o(.constdata), (760 bytes).
    Removing main.o(.constdata), (12 bytes).
    Removing main.o(.constdata), (16558 bytes).
    Removing main.o(.constdata), (760 bytes).
    Removing main.o(.constdata), (12 bytes).
    Removing main.o(.constdata), (1380 bytes).
    Removing main.o(.constdata), (80 bytes).
    Removing main.o(.constdata), (12 bytes).
    Removing main.o(.constdata), (3535 bytes).
    Removing main.o(.constdata), (80 bytes).
    Removing main.o(.constdata), (12 bytes).
    Removing main.o(.constdata), (6167 bytes).
    Removing main.o(.constdata), (80 bytes).
    Removing main.o(.constdata), (12 bytes).
    Removing main.o(.constdata), (5396 bytes).
    Removing main.o(.constdata), (80 bytes).
    Removing main.o(.constdata), (12 bytes).
    Removing stm32f1xx_it.o(.rev16_text), (4 bytes).
    Removing stm32f1xx_it.o(.revsh_text), (4 bytes).
    Removing stm32f1xx_it.o(.rrx_text), (6 bytes).
    Removing ili9341.o(.rev16_text), (4 bytes).
    Removing ili9341.o(.revsh_text), (4 bytes).
    Removing ili9341.o(.rrx_text), (6 bytes).
    Removing ili9341.o(i.LCD_Bitmap), (68 bytes).
    Removing ili9341.o(i.LCD_Bitmap_Mono), (110 bytes).
    Removing ili9341.o(i.LCD_Pixel), (28 bytes).
    Removing ili9341.o(i.LCD_scrollAddress), (20 bytes).
    Removing ili9341.o(i.LCD_scrollLine), (56 bytes).
    Removing ili9341.o(i.LCD_setupScrollArea), (40 bytes).
    Removing ili9341.o(i.RGB), (20 bytes).
    Removing ili9341.o(.data), (2 bytes).
    Removing ili9341.o(.data), (2 bytes).
    Removing ili9341.o(.data), (2 bytes).
    Removing xpt2046.o(.rev16_text), (4 bytes).
    Removing xpt2046.o(.revsh_text), (4 bytes).
    Removing xpt2046.o(.rrx_text), (6 bytes).
    Removing stm32f1xx_hal_pwr.o(.rev16_text), (4 bytes).
    Removing stm32f1xx_hal_pwr.o(.revsh_text), (4 bytes).
    Removing stm32f1xx_hal_pwr.o(.rrx_text), (6 bytes).
    Removing stm32f1xx_hal_pwr.o(i.HAL_PWR_ConfigPVD), (124 bytes).
    Removing stm32f1xx_hal_pwr.o(i.HAL_PWR_DeInit), (24 bytes).
    Removing stm32f1xx_hal_pwr.o(i.HAL_PWR_DisableBkUpAccess), (12 bytes).
    Removing stm32f1xx_hal_pwr.o(i.HAL_PWR_DisablePVD), (12 bytes).
    Removing stm32f1xx_hal_pwr.o(i.HAL_PWR_DisableSEVOnPend), (16 bytes).
    Removing stm32f1xx_hal_pwr.o(i.HAL_PWR_DisableSleepOnExit), (16 bytes).
    Removing stm32f1xx_hal_pwr.o(i.HAL_PWR_DisableWakeUpPin), (28 bytes).
    Removing stm32f1xx_hal_pwr.o(i.HAL_PWR_EnableBkUpAccess), (12 bytes).
    Removing stm32f1xx_hal_pwr.o(i.HAL_PWR_EnablePVD), (12 bytes).
    Removing stm32f1xx_hal_pwr.o(i.HAL_PWR_EnableSEVOnPend), (16 bytes).
    Removing stm32f1xx_hal_pwr.o(i.HAL_PWR_EnableSleepOnExit), (16 bytes).
    Removing stm32f1xx_hal_pwr.o(i.HAL_PWR_EnableWakeUpPin), (28 bytes).
    Removing stm32f1xx_hal_pwr.o(i.HAL_PWR_EnterSLEEPMode), (32 bytes).
    Removing stm32f1xx_hal_pwr.o(i.HAL_PWR_EnterSTANDBYMode), (32 bytes).
    Removing stm32f1xx_hal_pwr.o(i.HAL_PWR_EnterSTOPMode), (68 bytes).
    Removing stm32f1xx_hal_pwr.o(i.HAL_PWR_PVDCallback), (2 bytes).
    Removing stm32f1xx_hal_pwr.o(i.HAL_PWR_PVD_IRQHandler), (28 bytes).
    Removing stm32f1xx_hal_pwr.o(i.PWR_OverloadWfe), (6 bytes).
    Removing stm32f1xx_hal_gpio_ex.o(.rev16_text), (4 bytes).
    Removing stm32f1xx_hal_gpio_ex.o(.revsh_text), (4 bytes).
    Removing stm32f1xx_hal_gpio_ex.o(.rrx_text), (6 bytes).
    Removing stm32f1xx_hal_gpio_ex.o(i.HAL_GPIOEx_ConfigEventout), (20 bytes).
    Removing stm32f1xx_hal_gpio_ex.o(i.HAL_GPIOEx_DisableEventout), (16 bytes).
    Removing stm32f1xx_hal_gpio_ex.o(i.HAL_GPIOEx_EnableEventout), (16 bytes).
    Removing stm32f1xx_hal_spi.o(.rev16_text), (4 bytes).
    Removing stm32f1xx_hal_spi.o(.revsh_text), (4 bytes).
    Removing stm32f1xx_hal_spi.o(.rrx_text), (6 bytes).
    Removing stm32f1xx_hal_spi.o(i.HAL_SPI_Abort), (188 bytes).
    Removing stm32f1xx_hal_spi.o(i.HAL_SPI_AbortCpltCallback), (2 bytes).
    Removing stm32f1xx_hal_spi.o(i.HAL_SPI_Abort_IT), (228 bytes).
    Removing stm32f1xx_hal_spi.o(i.HAL_SPI_DMAPause), (38 bytes).
    Removing stm32f1xx_hal_spi.o(i.HAL_SPI_DMAResume), (38 bytes).
    Removing stm32f1xx_hal_spi.o(i.HAL_SPI_DMAStop), (40 bytes).
    Removing stm32f1xx_hal_spi.o(i.HAL_SPI_DeInit), (46 bytes).
    Removing stm32f1xx_hal_spi.o(i.HAL_SPI_ErrorCallback), (2 bytes).
    Removing stm32f1xx_hal_spi.o(i.HAL_SPI_GetError), (4 bytes).
    Removing stm32f1xx_hal_spi.o(i.HAL_SPI_GetState), (6 bytes).
    Removing stm32f1xx_hal_spi.o(i.HAL_SPI_IRQHandler), (196 bytes).
    Removing stm32f1xx_hal_spi.o(i.HAL_SPI_Init), (128 bytes).
    Removing stm32f1xx_hal_spi.o(i.HAL_SPI_MspDeInit), (2 bytes).
    Removing stm32f1xx_hal_spi.o(i.HAL_SPI_MspInit), (2 bytes).
    Removing stm32f1xx_hal_spi.o(i.HAL_SPI_Receive), (336 bytes).
    Removing stm32f1xx_hal_spi.o(i.HAL_SPI_Receive_DMA), (212 bytes).
    Removing stm32f1xx_hal_spi.o(i.HAL_SPI_Receive_IT), (164 bytes).
    Removing stm32f1xx_hal_spi.o(i.HAL_SPI_RxCpltCallback), (2 bytes).
    Removing stm32f1xx_hal_spi.o(i.HAL_SPI_RxHalfCpltCallback), (2 bytes).
    Removing stm32f1xx_hal_spi.o(i.HAL_SPI_TransmitReceive_DMA), (264 bytes).
    Removing stm32f1xx_hal_spi.o(i.HAL_SPI_TransmitReceive_IT), (164 bytes).
    Removing stm32f1xx_hal_spi.o(i.HAL_SPI_Transmit_DMA), (184 bytes).
    Removing stm32f1xx_hal_spi.o(i.HAL_SPI_Transmit_IT), (152 bytes).
    Removing stm32f1xx_hal_spi.o(i.HAL_SPI_TxCpltCallback), (2 bytes).
    Removing stm32f1xx_hal_spi.o(i.HAL_SPI_TxHalfCpltCallback), (2 bytes).
    Removing stm32f1xx_hal_spi.o(i.HAL_SPI_TxRxCpltCallback), (2 bytes).
    Removing stm32f1xx_hal_spi.o(i.HAL_SPI_TxRxHalfCpltCallback), (2 bytes).
    Removing stm32f1xx_hal_spi.o(i.SPI_2linesRxISR_16BIT), (48 bytes).
    Removing stm32f1xx_hal_spi.o(i.SPI_2linesRxISR_8BIT), (46 bytes).
    Removing stm32f1xx_hal_spi.o(i.SPI_2linesTxISR_16BIT), (48 bytes).
    Removing stm32f1xx_hal_spi.o(i.SPI_2linesTxISR_8BIT), (46 bytes).
    Removing stm32f1xx_hal_spi.o(i.SPI_AbortRx_ISR), (80 bytes).
    Removing stm32f1xx_hal_spi.o(i.SPI_AbortTx_ISR), (22 bytes).
    Removing stm32f1xx_hal_spi.o(i.SPI_CloseRxTx_ISR), (144 bytes).
    Removing stm32f1xx_hal_spi.o(i.SPI_CloseRx_ISR), (78 bytes).
    Removing stm32f1xx_hal_spi.o(i.SPI_CloseTx_ISR), (124 bytes).
    Removing stm32f1xx_hal_spi.o(i.SPI_DMAAbortOnError), (16 bytes).
    Removing stm32f1xx_hal_spi.o(i.SPI_DMAError), (34 bytes).
    Removing stm32f1xx_hal_spi.o(i.SPI_DMAHalfReceiveCplt), (10 bytes).
    Removing stm32f1xx_hal_spi.o(i.SPI_DMAHalfTransmitCplt), (10 bytes).
    Removing stm32f1xx_hal_spi.o(i.SPI_DMAHalfTransmitReceiveCplt), (10 bytes).
    Removing stm32f1xx_hal_spi.o(i.SPI_DMAReceiveCplt), (82 bytes).
    Removing stm32f1xx_hal_spi.o(i.SPI_DMARxAbortCallback), (66 bytes).
    Removing stm32f1xx_hal_spi.o(i.SPI_DMATransmitCplt), (90 bytes).
    Removing stm32f1xx_hal_spi.o(i.SPI_DMATransmitReceiveCplt), (80 bytes).
    Removing stm32f1xx_hal_spi.o(i.SPI_DMATxAbortCallback), (96 bytes).
    Removing stm32f1xx_hal_spi.o(i.SPI_ISCRCErrorValid), (4 bytes).
    Removing stm32f1xx_hal_spi.o(i.SPI_RxISR_16BIT), (32 bytes).
    Removing stm32f1xx_hal_spi.o(i.SPI_RxISR_8BIT), (30 bytes).
    Removing stm32f1xx_hal_spi.o(i.SPI_TxISR_16BIT), (32 bytes).
    Removing stm32f1xx_hal_spi.o(i.SPI_TxISR_8BIT), (30 bytes).
    Removing stm32f1xx_hal_spi_ex.o(.rev16_text), (4 bytes).
    Removing stm32f1xx_hal_spi_ex.o(.revsh_text), (4 bytes).
    Removing stm32f1xx_hal_spi_ex.o(.rrx_text), (6 bytes).
    Removing stm32f1xx_hal_cortex.o(.rev16_text), (4 bytes).
    Removing stm32f1xx_hal_cortex.o(.revsh_text), (4 bytes).
    Removing stm32f1xx_hal_cortex.o(.rrx_text), (6 bytes).
    Removing stm32f1xx_hal_cortex.o(i.HAL_NVIC_ClearPendingIRQ), (22 bytes).
    Removing stm32f1xx_hal_cortex.o(i.HAL_NVIC_DisableIRQ), (22 bytes).
    Removing stm32f1xx_hal_cortex.o(i.HAL_NVIC_GetActive), (32 bytes).
    Removing stm32f1xx_hal_cortex.o(i.HAL_NVIC_GetPendingIRQ), (32 bytes).
    Removing stm32f1xx_hal_cortex.o(i.HAL_NVIC_GetPriority), (82 bytes).
    Removing stm32f1xx_hal_cortex.o(i.HAL_NVIC_GetPriorityGrouping), (16 bytes).
    Removing stm32f1xx_hal_cortex.o(i.HAL_NVIC_SetPendingIRQ), (22 bytes).
    Removing stm32f1xx_hal_cortex.o(i.HAL_NVIC_SystemReset), (36 bytes).
    Removing stm32f1xx_hal_rcc_ex.o(.rev16_text), (4 bytes).
    Removing stm32f1xx_hal_rcc_ex.o(.revsh_text), (4 bytes).
    Removing stm32f1xx_hal_rcc_ex.o(.rrx_text), (6 bytes).
    Removing stm32f1xx_hal_rcc_ex.o(i.HAL_RCCEx_GetPeriphCLKConfig), (44 bytes).
    Removing stm32f1xx_hal_rcc_ex.o(i.HAL_RCCEx_GetPeriphCLKFreq), (200 bytes).
    Removing stm32f1xx_hal_rcc_ex.o(i.HAL_RCCEx_PeriphCLKConfig), (236 bytes).
    Removing stm32f1xx_hal_gpio.o(.rev16_text), (4 bytes).
    Removing stm32f1xx_hal_gpio.o(.revsh_text), (4 bytes).
    Removing stm32f1xx_hal_gpio.o(.rrx_text), (6 bytes).
    Removing stm32f1xx_hal_gpio.o(i.HAL_GPIO_DeInit), (228 bytes).
    Removing stm32f1xx_hal_gpio.o(i.HAL_GPIO_EXTI_Callback), (2 bytes).
    Removing stm32f1xx_hal_gpio.o(i.HAL_GPIO_EXTI_IRQHandler), (24 bytes).
    Removing stm32f1xx_hal_gpio.o(i.HAL_GPIO_LockPin), (34 bytes).
    Removing stm32f1xx_hal_gpio.o(i.HAL_GPIO_TogglePin), (8 bytes).
    Removing stm32f1xx_hal_flash.o(.rev16_text), (4 bytes).
    Removing stm32f1xx_hal_flash.o(.revsh_text), (4 bytes).
    Removing stm32f1xx_hal_flash.o(.rrx_text), (6 bytes).
    Removing stm32f1xx_hal_flash.o(i.FLASH_Program_HalfWord), (28 bytes).
    Removing stm32f1xx_hal_flash.o(i.FLASH_SetErrorCode), (92 bytes).
    Removing stm32f1xx_hal_flash.o(i.FLASH_WaitForLastOperation), (84 bytes).
    Removing stm32f1xx_hal_flash.o(i.HAL_FLASH_EndOfOperationCallback), (2 bytes).
    Removing stm32f1xx_hal_flash.o(i.HAL_FLASH_GetError), (12 bytes).
    Removing stm32f1xx_hal_flash.o(i.HAL_FLASH_IRQHandler), (264 bytes).
    Removing stm32f1xx_hal_flash.o(i.HAL_FLASH_Lock), (20 bytes).
    Removing stm32f1xx_hal_flash.o(i.HAL_FLASH_OB_Launch), (4 bytes).
    Removing stm32f1xx_hal_flash.o(i.HAL_FLASH_OB_Lock), (20 bytes).
    Removing stm32f1xx_hal_flash.o(i.HAL_FLASH_OB_Unlock), (36 bytes).
    Removing stm32f1xx_hal_flash.o(i.HAL_FLASH_OperationErrorCallback), (2 bytes).
    Removing stm32f1xx_hal_flash.o(i.HAL_FLASH_Program), (128 bytes).
    Removing stm32f1xx_hal_flash.o(i.HAL_FLASH_Program_IT), (100 bytes).
    Removing stm32f1xx_hal_flash.o(i.HAL_FLASH_Unlock), (40 bytes).
    Removing stm32f1xx_hal_flash.o(.bss), (32 bytes).
    Removing stm32f1xx_hal_flash_ex.o(.rev16_text), (4 bytes).
    Removing stm32f1xx_hal_flash_ex.o(.revsh_text), (4 bytes).
    Removing stm32f1xx_hal_flash_ex.o(.rrx_text), (6 bytes).
    Removing stm32f1xx_hal_flash_ex.o(i.FLASH_MassErase), (36 bytes).
    Removing stm32f1xx_hal_flash_ex.o(i.FLASH_OB_DisableWRP), (176 bytes).
    Removing stm32f1xx_hal_flash_ex.o(i.FLASH_OB_EnableWRP), (176 bytes).
    Removing stm32f1xx_hal_flash_ex.o(i.FLASH_OB_GetRDP), (24 bytes).
    Removing stm32f1xx_hal_flash_ex.o(i.FLASH_OB_RDP_LevelConfig), (100 bytes).
    Removing stm32f1xx_hal_flash_ex.o(i.FLASH_PageErase), (36 bytes).
    Removing stm32f1xx_hal_flash_ex.o(i.HAL_FLASHEx_Erase), (168 bytes).
    Removing stm32f1xx_hal_flash_ex.o(i.HAL_FLASHEx_Erase_IT), (84 bytes).
    Removing stm32f1xx_hal_flash_ex.o(i.HAL_FLASHEx_OBErase), (84 bytes).
    Removing stm32f1xx_hal_flash_ex.o(i.HAL_FLASHEx_OBGetConfig), (36 bytes).
    Removing stm32f1xx_hal_flash_ex.o(i.HAL_FLASHEx_OBGetUserData), (32 bytes).
    Removing stm32f1xx_hal_flash_ex.o(i.HAL_FLASHEx_OBProgram), (200 bytes).
    Removing stm32f1xx_hal_rcc.o(.rev16_text), (4 bytes).
    Removing stm32f1xx_hal_rcc.o(.revsh_text), (4 bytes).
    Removing stm32f1xx_hal_rcc.o(.rrx_text), (6 bytes).
    Removing stm32f1xx_hal_rcc.o(i.HAL_RCC_CSSCallback), (2 bytes).
    Removing stm32f1xx_hal_rcc.o(i.HAL_RCC_DeInit), (216 bytes).
    Removing stm32f1xx_hal_rcc.o(i.HAL_RCC_DisableCSS), (12 bytes).
    Removing stm32f1xx_hal_rcc.o(i.HAL_RCC_EnableCSS), (12 bytes).
    Removing stm32f1xx_hal_rcc.o(i.HAL_RCC_GetClockConfig), (64 bytes).
    Removing stm32f1xx_hal_rcc.o(i.HAL_RCC_GetOscConfig), (144 bytes).
    Removing stm32f1xx_hal_rcc.o(i.HAL_RCC_GetPCLK1Freq), (32 bytes).
    Removing stm32f1xx_hal_rcc.o(i.HAL_RCC_GetPCLK2Freq), (32 bytes).
    Removing stm32f1xx_hal_rcc.o(i.HAL_RCC_MCOConfig), (72 bytes).
    Removing stm32f1xx_hal_rcc.o(i.HAL_RCC_NMI_IRQHandler), (24 bytes).
    Removing stm32f1xx_hal_tim.o(.rev16_text), (4 bytes).
    Removing stm32f1xx_hal_tim.o(.revsh_text), (4 bytes).
    Removing stm32f1xx_hal_tim.o(.rrx_text), (6 bytes).
    Removing stm32f1xx_hal_tim.o(i.HAL_TIM_Base_DeInit), (56 bytes).
    Removing stm32f1xx_hal_tim.o(i.HAL_TIM_Base_GetState), (6 bytes).
    Removing stm32f1xx_hal_tim.o(i.HAL_TIM_Base_MspDeInit), (2 bytes).
    Removing stm32f1xx_hal_tim.o(i.HAL_TIM_Base_MspInit), (2 bytes).
    Removing stm32f1xx_hal_tim.o(i.HAL_TIM_Base_Start_DMA), (92 bytes).
    Removing stm32f1xx_hal_tim.o(i.HAL_TIM_Base_Stop), (44 bytes).
    Removing stm32f1xx_hal_tim.o(i.HAL_TIM_Base_Stop_DMA), (48 bytes).
    Removing stm32f1xx_hal_tim.o(i.HAL_TIM_Base_Stop_IT), (42 bytes).
    Removing stm32f1xx_hal_tim.o(i.HAL_TIM_ConfigOCrefClear), (184 bytes).
    Removing stm32f1xx_hal_tim.o(i.HAL_TIM_ConfigTI1Input), (16 bytes).
    Removing stm32f1xx_hal_tim.o(i.HAL_TIM_DMABurst_ReadStart), (260 bytes).
    Removing stm32f1xx_hal_tim.o(i.HAL_TIM_DMABurst_ReadStop), (96 bytes).
    Removing stm32f1xx_hal_tim.o(i.HAL_TIM_DMABurst_WriteStart), (260 bytes).
    Removing stm32f1xx_hal_tim.o(i.HAL_TIM_DMABurst_WriteStop), (96 bytes).
    Removing stm32f1xx_hal_tim.o(i.HAL_TIM_Encoder_DeInit), (56 bytes).
    Removing stm32f1xx_hal_tim.o(i.HAL_TIM_Encoder_GetState), (6 bytes).
    Removing stm32f1xx_hal_tim.o(i.HAL_TIM_Encoder_Init), (150 bytes).
    Removing stm32f1xx_hal_tim.o(i.HAL_TIM_Encoder_MspDeInit), (2 bytes).
    Removing stm32f1xx_hal_tim.o(i.HAL_TIM_Encoder_MspInit), (2 bytes).
    Removing stm32f1xx_hal_tim.o(i.HAL_TIM_Encoder_Start), (52 bytes).
    Removing stm32f1xx_hal_tim.o(i.HAL_TIM_Encoder_Start_DMA), (272 bytes).
    Removing stm32f1xx_hal_tim.o(i.HAL_TIM_Encoder_Start_IT), (92 bytes).
    Removing stm32f1xx_hal_tim.o(i.HAL_TIM_Encoder_Stop), (70 bytes).
    Removing stm32f1xx_hal_tim.o(i.HAL_TIM_Encoder_Stop_DMA), (116 bytes).
    Removing stm32f1xx_hal_tim.o(i.HAL_TIM_Encoder_Stop_IT), (116 bytes).
    Removing stm32f1xx_hal_tim.o(i.HAL_TIM_ErrorCallback), (2 bytes).
    Removing stm32f1xx_hal_tim.o(i.HAL_TIM_GenerateEvent), (38 bytes).
    Removing stm32f1xx_hal_tim.o(i.HAL_TIM_IC_ConfigChannel), (282 bytes).
    Removing stm32f1xx_hal_tim.o(i.HAL_TIM_IC_DeInit), (56 bytes).
    Removing stm32f1xx_hal_tim.o(i.HAL_TIM_IC_GetState), (6 bytes).
    Removing stm32f1xx_hal_tim.o(i.HAL_TIM_IC_Init), (54 bytes).
    Removing stm32f1xx_hal_tim.o(i.HAL_TIM_IC_MspDeInit), (2 bytes).
    Removing stm32f1xx_hal_tim.o(i.HAL_TIM_IC_MspInit), (2 bytes).
    Removing stm32f1xx_hal_tim.o(i.HAL_TIM_IC_Start), (26 bytes).
    Removing stm32f1xx_hal_tim.o(i.HAL_TIM_IC_Start_DMA), (200 bytes).
    Removing stm32f1xx_hal_tim.o(i.HAL_TIM_IC_Start_IT), (76 bytes).
    Removing stm32f1xx_hal_tim.o(i.HAL_TIM_IC_Stop), (44 bytes).
    Removing stm32f1xx_hal_tim.o(i.HAL_TIM_IC_Stop_DMA), (100 bytes).
    Removing stm32f1xx_hal_tim.o(i.HAL_TIM_IC_Stop_IT), (94 bytes).
    Removing stm32f1xx_hal_tim.o(i.HAL_TIM_OC_ConfigChannel), (86 bytes).
    Removing stm32f1xx_hal_tim.o(i.HAL_TIM_OC_DeInit), (56 bytes).
    Removing stm32f1xx_hal_tim.o(i.HAL_TIM_OC_GetState), (6 bytes).
    Removing stm32f1xx_hal_tim.o(i.HAL_TIM_OC_Init), (54 bytes).
    Removing stm32f1xx_hal_tim.o(i.HAL_TIM_OC_MspDeInit), (2 bytes).
    Removing stm32f1xx_hal_tim.o(i.HAL_TIM_OC_MspInit), (2 bytes).
    Removing stm32f1xx_hal_tim.o(i.HAL_TIM_OC_Start), (48 bytes).
    Removing stm32f1xx_hal_tim.o(i.HAL_TIM_OC_Start_DMA), (228 bytes).
    Removing stm32f1xx_hal_tim.o(i.HAL_TIM_OC_Start_IT), (96 bytes).
    Removing stm32f1xx_hal_tim.o(i.HAL_TIM_OC_Stop), (76 bytes).
    Removing stm32f1xx_hal_tim.o(i.HAL_TIM_OC_Stop_DMA), (132 bytes).
    Removing stm32f1xx_hal_tim.o(i.HAL_TIM_OC_Stop_IT), (128 bytes).
    Removing stm32f1xx_hal_tim.o(i.HAL_TIM_OnePulse_ConfigChannel), (218 bytes).
    Removing stm32f1xx_hal_tim.o(i.HAL_TIM_OnePulse_DeInit), (56 bytes).
    Removing stm32f1xx_hal_tim.o(i.HAL_TIM_OnePulse_GetState), (6 bytes).
    Removing stm32f1xx_hal_tim.o(i.HAL_TIM_OnePulse_Init), (74 bytes).
    Removing stm32f1xx_hal_tim.o(i.HAL_TIM_OnePulse_MspDeInit), (2 bytes).
    Removing stm32f1xx_hal_tim.o(i.HAL_TIM_OnePulse_MspInit), (2 bytes).
    Removing stm32f1xx_hal_tim.o(i.HAL_TIM_OnePulse_Start), (48 bytes).
    Removing stm32f1xx_hal_tim.o(i.HAL_TIM_OnePulse_Start_IT), (68 bytes).
    Removing stm32f1xx_hal_tim.o(i.HAL_TIM_OnePulse_Stop), (88 bytes).
    Removing stm32f1xx_hal_tim.o(i.HAL_TIM_OnePulse_Stop_IT), (108 bytes).
    Removing stm32f1xx_hal_tim.o(i.HAL_TIM_PWM_ConfigChannel), (208 bytes).
    Removing stm32f1xx_hal_tim.o(i.HAL_TIM_PWM_DeInit), (56 bytes).
    Removing stm32f1xx_hal_tim.o(i.HAL_TIM_PWM_GetState), (6 bytes).
    Removing stm32f1xx_hal_tim.o(i.HAL_TIM_PWM_Init), (54 bytes).
    Removing stm32f1xx_hal_tim.o(i.HAL_TIM_PWM_MspDeInit), (2 bytes).
    Removing stm32f1xx_hal_tim.o(i.HAL_TIM_PWM_MspInit), (2 bytes).
    Removing stm32f1xx_hal_tim.o(i.HAL_TIM_PWM_Start), (48 bytes).
    Removing stm32f1xx_hal_tim.o(i.HAL_TIM_PWM_Start_DMA), (228 bytes).
    Removing stm32f1xx_hal_tim.o(i.HAL_TIM_PWM_Start_IT), (96 bytes).
    Removing stm32f1xx_hal_tim.o(i.HAL_TIM_PWM_Stop), (84 bytes).
    Removing stm32f1xx_hal_tim.o(i.HAL_TIM_PWM_Stop_DMA), (132 bytes).
    Removing stm32f1xx_hal_tim.o(i.HAL_TIM_PWM_Stop_IT), (128 bytes).
    Removing stm32f1xx_hal_tim.o(i.HAL_TIM_ReadCapturedValue), (68 bytes).
    Removing stm32f1xx_hal_tim.o(i.HAL_TIM_SlaveConfigSynchronization), (66 bytes).
    Removing stm32f1xx_hal_tim.o(i.HAL_TIM_SlaveConfigSynchronization_IT), (66 bytes).
    Removing stm32f1xx_hal_tim.o(i.TIM_CCxChannelCmd), (22 bytes).
    Removing stm32f1xx_hal_tim.o(i.TIM_DMACaptureCplt), (62 bytes).
    Removing stm32f1xx_hal_tim.o(i.TIM_DMADelayPulseCplt), (62 bytes).
    Removing stm32f1xx_hal_tim.o(i.TIM_DMAError), (16 bytes).
    Removing stm32f1xx_hal_tim.o(i.TIM_DMAPeriodElapsedCplt), (16 bytes).
    Removing stm32f1xx_hal_tim.o(i.TIM_DMATriggerCplt), (16 bytes).
    Removing stm32f1xx_hal_tim.o(i.TIM_OC1_SetConfig), (80 bytes).
    Removing stm32f1xx_hal_tim.o(i.TIM_OC2_SetConfig), (88 bytes).
    Removing stm32f1xx_hal_tim.o(i.TIM_OC3_SetConfig), (88 bytes).
    Removing stm32f1xx_hal_tim.o(i.TIM_OC4_SetConfig), (68 bytes).
    Removing stm32f1xx_hal_tim.o(i.TIM_SlaveTimer_SetConfig), (124 bytes).
    Removing stm32f1xx_hal_tim.o(i.TIM_TI1_SetConfig), (88 bytes).
    Removing stm32f1xx_hal_tim.o(i.TIM_TI2_SetConfig), (54 bytes).
    Removing stm32f1xx_hal_dma.o(.rev16_text), (4 bytes).
    Removing stm32f1xx_hal_dma.o(.revsh_text), (4 bytes).
    Removing stm32f1xx_hal_dma.o(.rrx_text), (6 bytes).
    Removing stm32f1xx_hal_dma.o(i.DMA_SetConfig), (42 bytes).
    Removing stm32f1xx_hal_dma.o(i.HAL_DMA_Abort), (48 bytes).
    Removing stm32f1xx_hal_dma.o(i.HAL_DMA_Abort_IT), (152 bytes).
    Removing stm32f1xx_hal_dma.o(i.HAL_DMA_DeInit), (84 bytes).
    Removing stm32f1xx_hal_dma.o(i.HAL_DMA_GetError), (4 bytes).
    Removing stm32f1xx_hal_dma.o(i.HAL_DMA_GetState), (6 bytes).
    Removing stm32f1xx_hal_dma.o(i.HAL_DMA_IRQHandler), (340 bytes).
    Removing stm32f1xx_hal_dma.o(i.HAL_DMA_Init), (100 bytes).
    Removing stm32f1xx_hal_dma.o(i.HAL_DMA_PollForTransfer), (532 bytes).
    Removing stm32f1xx_hal_dma.o(i.HAL_DMA_RegisterCallback), (74 bytes).
    Removing stm32f1xx_hal_dma.o(i.HAL_DMA_Start), (80 bytes).
    Removing stm32f1xx_hal_dma.o(i.HAL_DMA_Start_IT), (112 bytes).
    Removing stm32f1xx_hal_dma.o(i.HAL_DMA_UnRegisterCallback), (82 bytes).
    Removing stm32f1xx_hal_tim_ex.o(.rev16_text), (4 bytes).
    Removing stm32f1xx_hal_tim_ex.o(.revsh_text), (4 bytes).
    Removing stm32f1xx_hal_tim_ex.o(.rrx_text), (6 bytes).
    Removing stm32f1xx_hal_tim_ex.o(i.HAL_TIMEx_ConfigBreakDeadTime), (90 bytes).
    Removing stm32f1xx_hal_tim_ex.o(i.HAL_TIMEx_ConfigCommutationEvent), (92 bytes).
    Removing stm32f1xx_hal_tim_ex.o(i.HAL_TIMEx_ConfigCommutationEvent_DMA), (124 bytes).
    Removing stm32f1xx_hal_tim_ex.o(i.HAL_TIMEx_ConfigCommutationEvent_IT), (102 bytes).
    Removing stm32f1xx_hal_tim_ex.o(i.HAL_TIMEx_HallSensor_DeInit), (56 bytes).
    Removing stm32f1xx_hal_tim_ex.o(i.HAL_TIMEx_HallSensor_GetState), (6 bytes).
    Removing stm32f1xx_hal_tim_ex.o(i.HAL_TIMEx_HallSensor_Init), (188 bytes).
    Removing stm32f1xx_hal_tim_ex.o(i.HAL_TIMEx_HallSensor_MspDeInit), (2 bytes).
    Removing stm32f1xx_hal_tim_ex.o(i.HAL_TIMEx_HallSensor_MspInit), (2 bytes).
    Removing stm32f1xx_hal_tim_ex.o(i.HAL_TIMEx_HallSensor_Start), (28 bytes).
    Removing stm32f1xx_hal_tim_ex.o(i.HAL_TIMEx_HallSensor_Start_DMA), (104 bytes).
    Removing stm32f1xx_hal_tim_ex.o(i.HAL_TIMEx_HallSensor_Start_IT), (38 bytes).
    Removing stm32f1xx_hal_tim_ex.o(i.HAL_TIMEx_HallSensor_Stop), (46 bytes).
    Removing stm32f1xx_hal_tim_ex.o(i.HAL_TIMEx_HallSensor_Stop_DMA), (56 bytes).
    Removing stm32f1xx_hal_tim_ex.o(i.HAL_TIMEx_HallSensor_Stop_IT), (56 bytes).
    Removing stm32f1xx_hal_tim_ex.o(i.HAL_TIMEx_OCN_Start), (36 bytes).
    Removing stm32f1xx_hal_tim_ex.o(i.HAL_TIMEx_OCN_Start_DMA), (184 bytes).
    Removing stm32f1xx_hal_tim_ex.o(i.HAL_TIMEx_OCN_Start_IT), (84 bytes).
    Removing stm32f1xx_hal_tim_ex.o(i.HAL_TIMEx_OCN_Stop), (68 bytes).
    Removing stm32f1xx_hal_tim_ex.o(i.HAL_TIMEx_OCN_Stop_DMA), (112 bytes).
    Removing stm32f1xx_hal_tim_ex.o(i.HAL_TIMEx_OCN_Stop_IT), (122 bytes).
    Removing stm32f1xx_hal_tim_ex.o(i.HAL_TIMEx_OnePulseN_Start), (26 bytes).
    Removing stm32f1xx_hal_tim_ex.o(i.HAL_TIMEx_OnePulseN_Start_IT), (46 bytes).
    Removing stm32f1xx_hal_tim_ex.o(i.HAL_TIMEx_OnePulseN_Stop), (68 bytes).
    Removing stm32f1xx_hal_tim_ex.o(i.HAL_TIMEx_OnePulseN_Stop_IT), (88 bytes).
    Removing stm32f1xx_hal_tim_ex.o(i.HAL_TIMEx_PWMN_Start), (36 bytes).
    Removing stm32f1xx_hal_tim_ex.o(i.HAL_TIMEx_PWMN_Start_DMA), (184 bytes).
    Removing stm32f1xx_hal_tim_ex.o(i.HAL_TIMEx_PWMN_Start_IT), (84 bytes).
    Removing stm32f1xx_hal_tim_ex.o(i.HAL_TIMEx_PWMN_Stop), (68 bytes).
    Removing stm32f1xx_hal_tim_ex.o(i.HAL_TIMEx_PWMN_Stop_DMA), (112 bytes).
    Removing stm32f1xx_hal_tim_ex.o(i.HAL_TIMEx_PWMN_Stop_IT), (122 bytes).
    Removing stm32f1xx_hal_tim_ex.o(i.TIMEx_DMACommutationCplt), (16 bytes).
    Removing stm32f1xx_hal_tim_ex.o(i.TIM_CCxNChannelCmd), (22 bytes).
    Removing stm32f1xx_hal.o(.rev16_text), (4 bytes).
    Removing stm32f1xx_hal.o(.revsh_text), (4 bytes).
    Removing stm32f1xx_hal.o(.rrx_text), (6 bytes).
    Removing stm32f1xx_hal.o(i.HAL_DBGMCU_DisableDBGSleepMode), (16 bytes).
    Removing stm32f1xx_hal.o(i.HAL_DBGMCU_DisableDBGStandbyMode), (16 bytes).
    Removing stm32f1xx_hal.o(i.HAL_DBGMCU_DisableDBGStopMode), (16 bytes).
    Removing stm32f1xx_hal.o(i.HAL_DBGMCU_EnableDBGSleepMode), (16 bytes).
    Removing stm32f1xx_hal.o(i.HAL_DBGMCU_EnableDBGStandbyMode), (16 bytes).
    Removing stm32f1xx_hal.o(i.HAL_DBGMCU_EnableDBGStopMode), (16 bytes).
    Removing stm32f1xx_hal.o(i.HAL_DeInit), (32 bytes).
    Removing stm32f1xx_hal.o(i.HAL_GetDEVID), (16 bytes).
    Removing stm32f1xx_hal.o(i.HAL_GetHalVersion), (8 bytes).
    Removing stm32f1xx_hal.o(i.HAL_GetREVID), (12 bytes).
    Removing stm32f1xx_hal.o(i.HAL_GetTickFreq), (12 bytes).
    Removing stm32f1xx_hal.o(i.HAL_GetTickPrio), (12 bytes).
    Removing stm32f1xx_hal.o(i.HAL_GetUID), (28 bytes).
    Removing stm32f1xx_hal.o(i.HAL_MspDeInit), (2 bytes).
    Removing stm32f1xx_hal.o(i.HAL_MspInit), (2 bytes).
    Removing stm32f1xx_hal.o(i.HAL_ResumeTick), (14 bytes).
    Removing stm32f1xx_hal.o(i.HAL_SetTickFreq), (28 bytes).
    Removing stm32f1xx_hal.o(i.HAL_SuspendTick), (14 bytes).

642 unused section(s) (total 456568 bytes) removed from the image.

==============================================================================

Image Symbol Table

    Local Symbols

    Symbol Name                              Value     Ov Type        Size  Object(Section)

    ..//Src/system_stm32f1xx.c               0x00000000   Number         0  system_stm32f1xx.o ABSOLUTE
    ../Drivers/STM32F1xx_HAL_Driver/Src/stm32f1xx_hal.c 0x00000000   Number         0  stm32f1xx_hal.o ABSOLUTE
    ../Drivers/STM32F1xx_HAL_Driver/Src/stm32f1xx_hal_cortex.c 0x00000000   Number         0  stm32f1xx_hal_cortex.o ABSOLUTE
    ../Drivers/STM32F1xx_HAL_Driver/Src/stm32f1xx_hal_dma.c 0x00000000   Number         0  stm32f1xx_hal_dma.o ABSOLUTE
    ../Drivers/STM32F1xx_HAL_Driver/Src/stm32f1xx_hal_flash.c 0x00000000   Number         0  stm32f1xx_hal_flash.o ABSOLUTE
    ../Drivers/STM32F1xx_HAL_Driver/Src/stm32f1xx_hal_flash_ex.c 0x00000000   Number         0  stm32f1xx_hal_flash_ex.o ABSOLUTE
    ../Drivers/STM32F1xx_HAL_Driver/Src/stm32f1xx_hal_gpio.c 0x00000000   Number         0  stm32f1xx_hal_gpio.o ABSOLUTE
    ../Drivers/STM32F1xx_HAL_Driver/Src/stm32f1xx_hal_gpio_ex.c 0x00000000   Number         0  stm32f1xx_hal_gpio_ex.o ABSOLUTE
    ../Drivers/STM32F1xx_HAL_Driver/Src/stm32f1xx_hal_pwr.c 0x00000000   Number         0  stm32f1xx_hal_pwr.o ABSOLUTE
    ../Drivers/STM32F1xx_HAL_Driver/Src/stm32f1xx_hal_rcc.c 0x00000000   Number         0  stm32f1xx_hal_rcc.o ABSOLUTE
    ../Drivers/STM32F1xx_HAL_Driver/Src/stm32f1xx_hal_rcc_ex.c 0x00000000   Number         0  stm32f1xx_hal_rcc_ex.o ABSOLUTE
    ../Drivers/STM32F1xx_HAL_Driver/Src/stm32f1xx_hal_spi.c 0x00000000   Number         0  stm32f1xx_hal_spi.o ABSOLUTE
    ../Drivers/STM32F1xx_HAL_Driver/Src/stm32f1xx_hal_spi_ex.c 0x00000000   Number         0  stm32f1xx_hal_spi_ex.o ABSOLUTE
    ../Drivers/STM32F1xx_HAL_Driver/Src/stm32f1xx_hal_tim.c 0x00000000   Number         0  stm32f1xx_hal_tim.o ABSOLUTE
    ../Drivers/STM32F1xx_HAL_Driver/Src/stm32f1xx_hal_tim_ex.c 0x00000000   Number         0  stm32f1xx_hal_tim_ex.o ABSOLUTE
    ../Src/main.c                            0x00000000   Number         0  main.o ABSOLUTE
    ../Src/stm32f1xx_hal_msp.c               0x00000000   Number         0  stm32f1xx_hal_msp.o ABSOLUTE
    ../Src/stm32f1xx_it.c                    0x00000000   Number         0  stm32f1xx_it.o ABSOLUTE
    ../clib/microlib/init/entry.s            0x00000000   Number         0  entry2.o ABSOLUTE
    ../clib/microlib/init/entry.s            0x00000000   Number         0  entry5.o ABSOLUTE
    ../clib/microlib/init/entry.s            0x00000000   Number         0  entry11b.o ABSOLUTE
    ../clib/microlib/init/entry.s            0x00000000   Number         0  entry11a.o ABSOLUTE
    ../clib/microlib/init/entry.s            0x00000000   Number         0  entry8b.o ABSOLUTE
    ../clib/microlib/init/entry.s            0x00000000   Number         0  entry.o ABSOLUTE
    ../clib/microlib/init/entry.s            0x00000000   Number         0  entry10a.o ABSOLUTE
    ../clib/microlib/init/entry.s            0x00000000   Number         0  entry9b.o ABSOLUTE
    ../clib/microlib/init/entry.s            0x00000000   Number         0  entry8a.o ABSOLUTE
    ../clib/microlib/init/entry.s            0x00000000   Number         0  entry9a.o ABSOLUTE
    ../clib/microlib/init/entry.s            0x00000000   Number         0  entry7b.o ABSOLUTE
    ../clib/microlib/init/entry.s            0x00000000   Number         0  entry7a.o ABSOLUTE
    ../clib/microlib/init/entry.s            0x00000000   Number         0  entry10b.o ABSOLUTE
    ../clib/microlib/longlong.c              0x00000000   Number         0  llushr.o ABSOLUTE
    ../clib/microlib/string/strlen.c         0x00000000   Number         0  strlen.o ABSOLUTE
    ../clib/microlib/stubs.s                 0x00000000   Number         0  iusefp.o ABSOLUTE
    ../fplib/microlib/fpadd.c                0x00000000   Number         0  fadd.o ABSOLUTE
    ../fplib/microlib/fpdiv.c                0x00000000   Number         0  fdiv.o ABSOLUTE
    ../fplib/microlib/fpepilogue.c           0x00000000   Number         0  fepilogue.o ABSOLUTE
    ../fplib/microlib/fpfix.c                0x00000000   Number         0  ffixui.o ABSOLUTE
    ../fplib/microlib/fpflt.c                0x00000000   Number         0  ffltui.o ABSOLUTE
    ../fplib/microlib/fpmul.c                0x00000000   Number         0  fmul.o ABSOLUTE
    ..\Drivers\STM32F1xx_HAL_Driver\Src\stm32f1xx_hal.c 0x00000000   Number         0  stm32f1xx_hal.o ABSOLUTE
    ..\Drivers\STM32F1xx_HAL_Driver\Src\stm32f1xx_hal_cortex.c 0x00000000   Number         0  stm32f1xx_hal_cortex.o ABSOLUTE
    ..\Drivers\STM32F1xx_HAL_Driver\Src\stm32f1xx_hal_dma.c 0x00000000   Number         0  stm32f1xx_hal_dma.o ABSOLUTE
    ..\Drivers\STM32F1xx_HAL_Driver\Src\stm32f1xx_hal_flash.c 0x00000000   Number         0  stm32f1xx_hal_flash.o ABSOLUTE
    ..\Drivers\STM32F1xx_HAL_Driver\Src\stm32f1xx_hal_flash_ex.c 0x00000000   Number         0  stm32f1xx_hal_flash_ex.o ABSOLUTE
    ..\Drivers\STM32F1xx_HAL_Driver\Src\stm32f1xx_hal_gpio.c 0x00000000   Number         0  stm32f1xx_hal_gpio.o ABSOLUTE
    ..\Drivers\STM32F1xx_HAL_Driver\Src\stm32f1xx_hal_gpio_ex.c 0x00000000   Number         0  stm32f1xx_hal_gpio_ex.o ABSOLUTE
    ..\Drivers\STM32F1xx_HAL_Driver\Src\stm32f1xx_hal_pwr.c 0x00000000   Number         0  stm32f1xx_hal_pwr.o ABSOLUTE
    ..\Drivers\STM32F1xx_HAL_Driver\Src\stm32f1xx_hal_rcc.c 0x00000000   Number         0  stm32f1xx_hal_rcc.o ABSOLUTE
    ..\Drivers\STM32F1xx_HAL_Driver\Src\stm32f1xx_hal_rcc_ex.c 0x00000000   Number         0  stm32f1xx_hal_rcc_ex.o ABSOLUTE
    ..\Drivers\STM32F1xx_HAL_Driver\Src\stm32f1xx_hal_spi.c 0x00000000   Number         0  stm32f1xx_hal_spi.o ABSOLUTE
    ..\Drivers\STM32F1xx_HAL_Driver\Src\stm32f1xx_hal_spi_ex.c 0x00000000   Number         0  stm32f1xx_hal_spi_ex.o ABSOLUTE
    ..\Drivers\STM32F1xx_HAL_Driver\Src\stm32f1xx_hal_tim.c 0x00000000   Number         0  stm32f1xx_hal_tim.o ABSOLUTE
    ..\Drivers\STM32F1xx_HAL_Driver\Src\stm32f1xx_hal_tim_ex.c 0x00000000   Number         0  stm32f1xx_hal_tim_ex.o ABSOLUTE
    ..\Src\ili9341.c                         0x00000000   Number         0  ili9341.o ABSOLUTE
    ..\Src\main.c                            0x00000000   Number         0  main.o ABSOLUTE
    ..\Src\stm32f1xx_hal_msp.c               0x00000000   Number         0  stm32f1xx_hal_msp.o ABSOLUTE
    ..\Src\stm32f1xx_it.c                    0x00000000   Number         0  stm32f1xx_it.o ABSOLUTE
    ..\Src\xpt2046.c                         0x00000000   Number         0  xpt2046.o ABSOLUTE
    ..\\Src\\ili9341.c                       0x00000000   Number         0  ili9341.o ABSOLUTE
    ..\\Src\\xpt2046.c                       0x00000000   Number         0  xpt2046.o ABSOLUTE
    ..\\Src\system_stm32f1xx.c               0x00000000   Number         0  system_stm32f1xx.o ABSOLUTE
    dc.s                                     0x00000000   Number         0  dc.o ABSOLUTE
    handlers.s                               0x00000000   Number         0  handlers.o ABSOLUTE
    init.s                                   0x00000000   Number         0  init.o ABSOLUTE
    startup_stm32f103xb.s                    0x00000000   Number         0  startup_stm32f103xb.o ABSOLUTE
    RESET                                    0x08000000   Section      236  startup_stm32f103xb.o(RESET)
    .ARM.Collect$$$$00000000                 0x080000ec   Section        0  entry.o(.ARM.Collect$$$$00000000)
    .ARM.Collect$$$$00000001                 0x080000ec   Section        4  entry2.o(.ARM.Collect$$$$00000001)
    .ARM.Collect$$$$00000004                 0x080000f0   Section        4  entry5.o(.ARM.Collect$$$$00000004)
    .ARM.Collect$$$$00000008                 0x080000f4   Section        0  entry7b.o(.ARM.Collect$$$$00000008)
    .ARM.Collect$$$$0000000A                 0x080000f4   Section        0  entry8b.o(.ARM.Collect$$$$0000000A)
    .ARM.Collect$$$$0000000B                 0x080000f4   Section        8  entry9a.o(.ARM.Collect$$$$0000000B)
    .ARM.Collect$$$$0000000D                 0x080000fc   Section        0  entry10a.o(.ARM.Collect$$$$0000000D)
    .ARM.Collect$$$$0000000F                 0x080000fc   Section        0  entry11a.o(.ARM.Collect$$$$0000000F)
    .ARM.Collect$$$$00002712                 0x080000fc   Section        4  entry2.o(.ARM.Collect$$$$00002712)
    __lit__00000000                          0x080000fc   Data           4  entry2.o(.ARM.Collect$$$$00002712)
    .text                                    0x08000100   Section       36  startup_stm32f103xb.o(.text)
    .text                                    0x08000124   Section        0  strlen.o(.text)
    .text                                    0x08000132   Section        0  fadd.o(.text)
    .text                                    0x080001e2   Section        0  fmul.o(.text)
    .text                                    0x08000246   Section        0  fdiv.o(.text)
    .text                                    0x080002c2   Section        0  ffltui.o(.text)
    .text                                    0x080002cc   Section        0  ffixui.o(.text)
    .text                                    0x080002f4   Section        0  iusefp.o(.text)
    .text                                    0x080002f4   Section        0  fepilogue.o(.text)
    .text                                    0x08000364   Section       36  init.o(.text)
    i.BusFault_Handler                       0x08000388   Section        0  stm32f1xx_it.o(i.BusFault_Handler)
    i.DebugMon_Handler                       0x0800038a   Section        0  stm32f1xx_it.o(i.DebugMon_Handler)
    i.H24_RGB565                             0x0800038c   Section        0  ili9341.o(i.H24_RGB565)
    H24_RGB565                               0x0800038d   Thumb Code    42  ili9341.o(i.H24_RGB565)
    i.HAL_Delay                              0x080003b8   Section        0  stm32f1xx_hal.o(i.HAL_Delay)
    i.HAL_GPIO_Init                          0x080003dc   Section        0  stm32f1xx_hal_gpio.o(i.HAL_GPIO_Init)
    i.HAL_GPIO_ReadPin                       0x08000598   Section        0  stm32f1xx_hal_gpio.o(i.HAL_GPIO_ReadPin)
    i.HAL_GPIO_WritePin                      0x080005a2   Section        0  stm32f1xx_hal_gpio.o(i.HAL_GPIO_WritePin)
    i.HAL_GetTick                            0x080005ac   Section        0  stm32f1xx_hal.o(i.HAL_GetTick)
    i.HAL_IncTick                            0x080005b8   Section        0  stm32f1xx_hal.o(i.HAL_IncTick)
    i.HAL_Init                               0x080005c8   Section        0  stm32f1xx_hal.o(i.HAL_Init)
    i.HAL_InitTick                           0x080005ec   Section        0  stm32f1xx_hal.o(i.HAL_InitTick)
    i.HAL_MspInit                            0x0800062c   Section        0  stm32f1xx_hal_msp.o(i.HAL_MspInit)
    i.HAL_NVIC_EnableIRQ                     0x080006ac   Section        0  stm32f1xx_hal_cortex.o(i.HAL_NVIC_EnableIRQ)
    i.HAL_NVIC_SetPriority                   0x080006c4   Section        0  stm32f1xx_hal_cortex.o(i.HAL_NVIC_SetPriority)
    i.HAL_NVIC_SetPriorityGrouping           0x08000704   Section        0  stm32f1xx_hal_cortex.o(i.HAL_NVIC_SetPriorityGrouping)
    i.HAL_RCC_ClockConfig                    0x08000728   Section        0  stm32f1xx_hal_rcc.o(i.HAL_RCC_ClockConfig)
    i.HAL_RCC_GetHCLKFreq                    0x0800087c   Section        0  stm32f1xx_hal_rcc.o(i.HAL_RCC_GetHCLKFreq)
    i.HAL_RCC_GetSysClockFreq                0x08000888   Section        0  stm32f1xx_hal_rcc.o(i.HAL_RCC_GetSysClockFreq)
    i.HAL_RCC_OscConfig                      0x080008f4   Section        0  stm32f1xx_hal_rcc.o(i.HAL_RCC_OscConfig)
    i.HAL_SPI_Init                           0x08000bf8   Section        0  stm32f1xx_hal_spi_ex.o(i.HAL_SPI_Init)
    i.HAL_SPI_MspInit                        0x08000c7c   Section        0  stm32f1xx_hal_msp.o(i.HAL_SPI_MspInit)
    i.HAL_SPI_Transmit                       0x08000d0c   Section        0  stm32f1xx_hal_spi.o(i.HAL_SPI_Transmit)
    i.HAL_SPI_TransmitReceive                0x08000e74   Section        0  stm32f1xx_hal_spi.o(i.HAL_SPI_TransmitReceive)
    i.HAL_SYSTICK_CLKSourceConfig            0x0800104c   Section        0  stm32f1xx_hal_cortex.o(i.HAL_SYSTICK_CLKSourceConfig)
    i.HAL_SYSTICK_Callback                   0x08001064   Section        0  stm32f1xx_hal_cortex.o(i.HAL_SYSTICK_Callback)
    i.HAL_SYSTICK_Config                     0x08001066   Section        0  stm32f1xx_hal_cortex.o(i.HAL_SYSTICK_Config)
    i.HAL_SYSTICK_IRQHandler                 0x0800108e   Section        0  stm32f1xx_hal_cortex.o(i.HAL_SYSTICK_IRQHandler)
    i.HAL_TIMEx_BreakCallback                0x08001096   Section        0  stm32f1xx_hal_tim_ex.o(i.HAL_TIMEx_BreakCallback)
    i.HAL_TIMEx_CommutationCallback          0x08001098   Section        0  stm32f1xx_hal_tim_ex.o(i.HAL_TIMEx_CommutationCallback)
    i.HAL_TIMEx_MasterConfigSynchronization  0x0800109a   Section        0  stm32f1xx_hal_tim_ex.o(i.HAL_TIMEx_MasterConfigSynchronization)
    i.HAL_TIM_Base_Init                      0x080010ea   Section        0  stm32f1xx_hal_tim.o(i.HAL_TIM_Base_Init)
    i.HAL_TIM_Base_MspInit                   0x08001120   Section        0  stm32f1xx_hal_msp.o(i.HAL_TIM_Base_MspInit)
    i.HAL_TIM_Base_Start                     0x0800118c   Section        0  stm32f1xx_hal_tim.o(i.HAL_TIM_Base_Start)
    i.HAL_TIM_Base_Start_IT                  0x080011a6   Section        0  stm32f1xx_hal_tim.o(i.HAL_TIM_Base_Start_IT)
    i.HAL_TIM_ConfigClockSource              0x080011be   Section        0  stm32f1xx_hal_tim.o(i.HAL_TIM_ConfigClockSource)
    i.HAL_TIM_IC_CaptureCallback             0x080012b0   Section        0  stm32f1xx_hal_tim.o(i.HAL_TIM_IC_CaptureCallback)
    i.HAL_TIM_IRQHandler                     0x080012b2   Section        0  stm32f1xx_hal_tim.o(i.HAL_TIM_IRQHandler)
    i.HAL_TIM_OC_DelayElapsedCallback        0x08001418   Section        0  stm32f1xx_hal_tim.o(i.HAL_TIM_OC_DelayElapsedCallback)
    i.HAL_TIM_PWM_PulseFinishedCallback      0x0800141a   Section        0  stm32f1xx_hal_tim.o(i.HAL_TIM_PWM_PulseFinishedCallback)
    i.HAL_TIM_PeriodElapsedCallback          0x0800141c   Section        0  stm32f1xx_hal_tim.o(i.HAL_TIM_PeriodElapsedCallback)
    i.HAL_TIM_TriggerCallback                0x0800141e   Section        0  stm32f1xx_hal_tim.o(i.HAL_TIM_TriggerCallback)
    i.HardFault_Handler                      0x08001420   Section        0  stm32f1xx_it.o(i.HardFault_Handler)
    i.LCD_Char                               0x08001422   Section        0  ili9341.o(i.LCD_Char)
    LCD_Char                                 0x08001423   Thumb Code   198  ili9341.o(i.LCD_Char)
    i.LCD_Circle                             0x080014e8   Section        0  ili9341.o(i.LCD_Circle)
    i.LCD_Circle_Fill_Helper                 0x08001616   Section        0  ili9341.o(i.LCD_Circle_Fill_Helper)
    i.LCD_Circle_Helper                      0x080016fc   Section        0  ili9341.o(i.LCD_Circle_Helper)
    i.LCD_Command                            0x08001814   Section        0  ili9341.o(i.LCD_Command)
    LCD_Command                              0x08001815   Thumb Code    26  ili9341.o(i.LCD_Command)
    i.LCD_Data_16                            0x08001838   Section        0  ili9341.o(i.LCD_Data_16)
    LCD_Data_16                              0x08001839   Thumb Code    30  ili9341.o(i.LCD_Data_16)
    i.LCD_Data_8                             0x0800185c   Section        0  ili9341.o(i.LCD_Data_8)
    LCD_Data_8                               0x0800185d   Thumb Code    26  ili9341.o(i.LCD_Data_8)
    i.LCD_Ellipse                            0x08001880   Section        0  ili9341.o(i.LCD_Ellipse)
    i.LCD_Font                               0x08001b18   Section        0  ili9341.o(i.LCD_Font)
    i.LCD_Init                               0x08001ba8   Section        0  ili9341.o(i.LCD_Init)
    i.LCD_Line                               0x08001c52   Section        0  ili9341.o(i.LCD_Line)
    i.LCD_Orientation                        0x08001ccc   Section        0  ili9341.o(i.LCD_Orientation)
    i.LCD_Rect                               0x08001d14   Section        0  ili9341.o(i.LCD_Rect)
    i.LCD_Rect_Fill                          0x08001d66   Section        0  ili9341.o(i.LCD_Rect_Fill)
    i.LCD_Rect_Round                         0x08001da2   Section        0  ili9341.o(i.LCD_Rect_Round)
    i.LCD_Rect_Round_Fill                    0x08001e80   Section        0  ili9341.o(i.LCD_Rect_Round_Fill)
    i.LCD_Reset                              0x08001ee4   Section        0  ili9341.o(i.LCD_Reset)
    i.LCD_Triangle                           0x08001f28   Section        0  ili9341.o(i.LCD_Triangle)
    i.LCD_Window                             0x08001f68   Section        0  ili9341.o(i.LCD_Window)
    LCD_Window                               0x08001f69   Thumb Code    58  ili9341.o(i.LCD_Window)
    i.MX_GPIO_Init                           0x08001fa4   Section        0  main.o(i.MX_GPIO_Init)
    MX_GPIO_Init                             0x08001fa5   Thumb Code   106  main.o(i.MX_GPIO_Init)
    i.MX_SPI1_Init                           0x0800201c   Section        0  main.o(i.MX_SPI1_Init)
    MX_SPI1_Init                             0x0800201d   Thumb Code    56  main.o(i.MX_SPI1_Init)
    i.MX_SPI2_Init                           0x0800205c   Section        0  main.o(i.MX_SPI2_Init)
    MX_SPI2_Init                             0x0800205d   Thumb Code    54  main.o(i.MX_SPI2_Init)
    i.MX_TIM1_Init                           0x0800209c   Section        0  main.o(i.MX_TIM1_Init)
    MX_TIM1_Init                             0x0800209d   Thumb Code    80  main.o(i.MX_TIM1_Init)
    i.MemManage_Handler                      0x080020f4   Section        0  stm32f1xx_it.o(i.MemManage_Handler)
    i.NMI_Handler                            0x080020f6   Section        0  stm32f1xx_it.o(i.NMI_Handler)
    i.NVIC_SetPriority                       0x080020f8   Section        0  stm32f1xx_hal_cortex.o(i.NVIC_SetPriority)
    NVIC_SetPriority                         0x080020f9   Thumb Code    32  stm32f1xx_hal_cortex.o(i.NVIC_SetPriority)
    i.PendSV_Handler                         0x08002118   Section        0  stm32f1xx_it.o(i.PendSV_Handler)
    i.SPI_CheckFlag_BSY                      0x0800211a   Section        0  stm32f1xx_hal_spi.o(i.SPI_CheckFlag_BSY)
    SPI_CheckFlag_BSY                        0x0800211b   Thumb Code    32  stm32f1xx_hal_spi.o(i.SPI_CheckFlag_BSY)
    i.SPI_WaitFlagStateUntilTimeout          0x0800213a   Section        0  stm32f1xx_hal_spi.o(i.SPI_WaitFlagStateUntilTimeout)
    SPI_WaitFlagStateUntilTimeout            0x0800213b   Thumb Code   150  stm32f1xx_hal_spi.o(i.SPI_WaitFlagStateUntilTimeout)
    i.SVC_Handler                            0x080021d0   Section        0  stm32f1xx_it.o(i.SVC_Handler)
    i.SysTick_Handler                        0x080021d2   Section        0  stm32f1xx_it.o(i.SysTick_Handler)
    i.SystemClock_Config                     0x080021e0   Section        0  main.o(i.SystemClock_Config)
    i.SystemInit                             0x08002248   Section        0  system_stm32f1xx.o(i.SystemInit)
    i.TIM1_BRK_IRQHandler                    0x08002290   Section        0  stm32f1xx_it.o(i.TIM1_BRK_IRQHandler)
    i.TIM1_CC_IRQHandler                     0x0800229c   Section        0  stm32f1xx_it.o(i.TIM1_CC_IRQHandler)
    i.TIM1_TRG_COM_IRQHandler                0x080022a8   Section        0  stm32f1xx_it.o(i.TIM1_TRG_COM_IRQHandler)
    i.TIM1_UP_IRQHandler                     0x080022b4   Section        0  stm32f1xx_it.o(i.TIM1_UP_IRQHandler)
    i.TIM_Base_SetConfig                     0x080022d4   Section        0  stm32f1xx_hal_tim.o(i.TIM_Base_SetConfig)
    i.TIM_ETR_SetConfig                      0x08002340   Section        0  stm32f1xx_hal_tim.o(i.TIM_ETR_SetConfig)
    TIM_ETR_SetConfig                        0x08002341   Thumb Code    20  stm32f1xx_hal_tim.o(i.TIM_ETR_SetConfig)
    i.TIM_ITRx_SetConfig                     0x08002354   Section        0  stm32f1xx_hal_tim.o(i.TIM_ITRx_SetConfig)
    TIM_ITRx_SetConfig                       0x08002355   Thumb Code    16  stm32f1xx_hal_tim.o(i.TIM_ITRx_SetConfig)
    i.TIM_TI1_ConfigInputStage               0x08002364   Section        0  stm32f1xx_hal_tim.o(i.TIM_TI1_ConfigInputStage)
    TIM_TI1_ConfigInputStage                 0x08002365   Thumb Code    34  stm32f1xx_hal_tim.o(i.TIM_TI1_ConfigInputStage)
    i.TIM_TI2_ConfigInputStage               0x08002386   Section        0  stm32f1xx_hal_tim.o(i.TIM_TI2_ConfigInputStage)
    TIM_TI2_ConfigInputStage                 0x08002387   Thumb Code    36  stm32f1xx_hal_tim.o(i.TIM_TI2_ConfigInputStage)
    i.UsageFault_Handler                     0x080023aa   Section        0  stm32f1xx_it.o(i.UsageFault_Handler)
    i.X                                      0x080023ac   Section        0  xpt2046.o(i.X)
    X                                        0x080023ad   Thumb Code    48  xpt2046.o(i.X)
    i.XPT2046_Init                           0x080023e8   Section        0  xpt2046.o(i.XPT2046_Init)
    i.Y                                      0x0800241c   Section        0  xpt2046.o(i.Y)
    Y                                        0x0800241d   Thumb Code    50  xpt2046.o(i.Y)
    i.__scatterload_copy                     0x0800245c   Section       14  handlers.o(i.__scatterload_copy)
    i.__scatterload_null                     0x0800246a   Section        2  handlers.o(i.__scatterload_null)
    i.__scatterload_zeroinit                 0x0800246c   Section       14  handlers.o(i.__scatterload_zeroinit)
    i.getRaw                                 0x0800247c   Section        0  xpt2046.o(i.getRaw)
    i.getX                                   0x080024d4   Section        0  xpt2046.o(i.getX)
    i.getY                                   0x080024fc   Section        0  xpt2046.o(i.getY)
    i.main                                   0x08002524   Section        0  main.o(i.main)
    i.remap                                  0x08002820   Section        0  xpt2046.o(i.remap)
    remap                                    0x08002821   Thumb Code    60  xpt2046.o(i.remap)
    .constdata                               0x0800285c   Section       16  system_stm32f1xx.o(.constdata)
    .constdata                               0x0800286c   Section      904  main.o(.constdata)
    .constdata                               0x08002bf4   Section     1632  main.o(.constdata)
    .constdata                               0x08003254   Section       60  main.o(.constdata)
    .constdata                               0x08003290   Section      271  main.o(.constdata)
    .constdata                               0x080033a0   Section      760  main.o(.constdata)
    .constdata                               0x08003698   Section      414  main.o(.constdata)
    .constdata                               0x08003836   Section      760  main.o(.constdata)
    .constdata                               0x08003b2e   Section     1162  main.o(.constdata)
    .constdata                               0x08003fb8   Section      760  main.o(.constdata)
    .constdata                               0x080042b0   Section     1395  main.o(.constdata)
    .constdata                               0x08004824   Section      104  main.o(.constdata)
    .constdata                               0x0800488c   Section        8  xpt2046.o(.constdata)
    .data                                    0x20000000   Section        4  system_stm32f1xx.o(.data)
    .data                                    0x20000004   Section        6  main.o(.data)
    .data                                    0x20000010   Section        8  main.o(.data)
    .data                                    0x20000018   Section        6  ili9341.o(.data)
    .data                                    0x20000020   Section       12  stm32f1xx_hal.o(.data)
    .bss                                     0x2000002c   Section      240  main.o(.bss)
    STACK                                    0x20000120   Section     1024  startup_stm32f103xb.o(STACK)

    Global Symbols

    Symbol Name                              Value     Ov Type        Size  Object(Section)

    BuildAttributes$$THM_ISAv4$P$D$K$B$S$PE$A:L22UL41UL21$X:L11$S22US41US21$IEEE1$IW$USESV6$~STKCKD$USESV7$~SHL$OTIME$ROPI$EBA8$MICROLIB$REQ8$PRES8$EABIv2 0x00000000   Number         0  anon$$obj.o ABSOLUTE
    __ARM_use_no_argv                        0x00000000   Number         0  main.o ABSOLUTE
    __cpp_initialize__aeabi_                  - Undefined Weak Reference
    __cxa_finalize                            - Undefined Weak Reference
    __decompress                              - Undefined Weak Reference
    _clock_init                               - Undefined Weak Reference
    _microlib_exit                            - Undefined Weak Reference
    __Vectors_Size                           0x000000ec   Number         0  startup_stm32f103xb.o ABSOLUTE
    __Vectors                                0x08000000   Data           4  startup_stm32f103xb.o(RESET)
    __Vectors_End                            0x080000ec   Data           0  startup_stm32f103xb.o(RESET)
    __main                                   0x080000ed   Thumb Code     0  entry.o(.ARM.Collect$$$$00000000)
    _main_stk                                0x080000ed   Thumb Code     0  entry2.o(.ARM.Collect$$$$00000001)
    _main_scatterload                        0x080000f1   Thumb Code     0  entry5.o(.ARM.Collect$$$$00000004)
    __main_after_scatterload                 0x080000f5   Thumb Code     0  entry5.o(.ARM.Collect$$$$00000004)
    _main_clock                              0x080000f5   Thumb Code     0  entry7b.o(.ARM.Collect$$$$00000008)
    _main_cpp_init                           0x080000f5   Thumb Code     0  entry8b.o(.ARM.Collect$$$$0000000A)
    _main_init                               0x080000f5   Thumb Code     0  entry9a.o(.ARM.Collect$$$$0000000B)
    __rt_final_cpp                           0x080000fd   Thumb Code     0  entry10a.o(.ARM.Collect$$$$0000000D)
    __rt_final_exit                          0x080000fd   Thumb Code     0  entry11a.o(.ARM.Collect$$$$0000000F)
    Reset_Handler                            0x08000101   Thumb Code     8  startup_stm32f103xb.o(.text)
    ADC1_2_IRQHandler                        0x0800011b   Thumb Code     0  startup_stm32f103xb.o(.text)
    CAN1_RX1_IRQHandler                      0x0800011b   Thumb Code     0  startup_stm32f103xb.o(.text)
    CAN1_SCE_IRQHandler                      0x0800011b   Thumb Code     0  startup_stm32f103xb.o(.text)
    DMA1_Channel1_IRQHandler                 0x0800011b   Thumb Code     0  startup_stm32f103xb.o(.text)
    DMA1_Channel2_IRQHandler                 0x0800011b   Thumb Code     0  startup_stm32f103xb.o(.text)
    DMA1_Channel3_IRQHandler                 0x0800011b   Thumb Code     0  startup_stm32f103xb.o(.text)
    DMA1_Channel4_IRQHandler                 0x0800011b   Thumb Code     0  startup_stm32f103xb.o(.text)
    DMA1_Channel5_IRQHandler                 0x0800011b   Thumb Code     0  startup_stm32f103xb.o(.text)
    DMA1_Channel6_IRQHandler                 0x0800011b   Thumb Code     0  startup_stm32f103xb.o(.text)
    DMA1_Channel7_IRQHandler                 0x0800011b   Thumb Code     0  startup_stm32f103xb.o(.text)
    EXTI0_IRQHandler                         0x0800011b   Thumb Code     0  startup_stm32f103xb.o(.text)
    EXTI15_10_IRQHandler                     0x0800011b   Thumb Code     0  startup_stm32f103xb.o(.text)
    EXTI1_IRQHandler                         0x0800011b   Thumb Code     0  startup_stm32f103xb.o(.text)
    EXTI2_IRQHandler                         0x0800011b   Thumb Code     0  startup_stm32f103xb.o(.text)
    EXTI3_IRQHandler                         0x0800011b   Thumb Code     0  startup_stm32f103xb.o(.text)
    EXTI4_IRQHandler                         0x0800011b   Thumb Code     0  startup_stm32f103xb.o(.text)
    EXTI9_5_IRQHandler                       0x0800011b   Thumb Code     0  startup_stm32f103xb.o(.text)
    FLASH_IRQHandler                         0x0800011b   Thumb Code     0  startup_stm32f103xb.o(.text)
    I2C1_ER_IRQHandler                       0x0800011b   Thumb Code     0  startup_stm32f103xb.o(.text)
    I2C1_EV_IRQHandler                       0x0800011b   Thumb Code     0  startup_stm32f103xb.o(.text)
    I2C2_ER_IRQHandler                       0x0800011b   Thumb Code     0  startup_stm32f103xb.o(.text)
    I2C2_EV_IRQHandler                       0x0800011b   Thumb Code     0  startup_stm32f103xb.o(.text)
    PVD_IRQHandler                           0x0800011b   Thumb Code     0  startup_stm32f103xb.o(.text)
    RCC_IRQHandler                           0x0800011b   Thumb Code     0  startup_stm32f103xb.o(.text)
    RTC_Alarm_IRQHandler                     0x0800011b   Thumb Code     0  startup_stm32f103xb.o(.text)
    RTC_IRQHandler                           0x0800011b   Thumb Code     0  startup_stm32f103xb.o(.text)
    SPI1_IRQHandler                          0x0800011b   Thumb Code     0  startup_stm32f103xb.o(.text)
    SPI2_IRQHandler                          0x0800011b   Thumb Code     0  startup_stm32f103xb.o(.text)
    TAMPER_IRQHandler                        0x0800011b   Thumb Code     0  startup_stm32f103xb.o(.text)
    TIM2_IRQHandler                          0x0800011b   Thumb Code     0  startup_stm32f103xb.o(.text)
    TIM3_IRQHandler                          0x0800011b   Thumb Code     0  startup_stm32f103xb.o(.text)
    TIM4_IRQHandler                          0x0800011b   Thumb Code     0  startup_stm32f103xb.o(.text)
    USART1_IRQHandler                        0x0800011b   Thumb Code     0  startup_stm32f103xb.o(.text)
    USART2_IRQHandler                        0x0800011b   Thumb Code     0  startup_stm32f103xb.o(.text)
    USART3_IRQHandler                        0x0800011b   Thumb Code     0  startup_stm32f103xb.o(.text)
    USBWakeUp_IRQHandler                     0x0800011b   Thumb Code     0  startup_stm32f103xb.o(.text)
    USB_HP_CAN1_TX_IRQHandler                0x0800011b   Thumb Code     0  startup_stm32f103xb.o(.text)
    USB_LP_CAN1_RX0_IRQHandler               0x0800011b   Thumb Code     0  startup_stm32f103xb.o(.text)
    WWDG_IRQHandler                          0x0800011b   Thumb Code     0  startup_stm32f103xb.o(.text)
    strlen                                   0x08000125   Thumb Code    14  strlen.o(.text)
    __aeabi_fadd                             0x08000133   Thumb Code   164  fadd.o(.text)
    __aeabi_fsub                             0x080001d7   Thumb Code     6  fadd.o(.text)
    __aeabi_frsub                            0x080001dd   Thumb Code     6  fadd.o(.text)
    __aeabi_fmul                             0x080001e3   Thumb Code   100  fmul.o(.text)
    __aeabi_fdiv                             0x08000247   Thumb Code   124  fdiv.o(.text)
    __aeabi_ui2f                             0x080002c3   Thumb Code    10  ffltui.o(.text)
    __aeabi_f2uiz                            0x080002cd   Thumb Code    40  ffixui.o(.text)
    __I$use$fp                               0x080002f5   Thumb Code     0  iusefp.o(.text)
    _float_round                             0x080002f5   Thumb Code    18  fepilogue.o(.text)
    _float_epilogue                          0x08000307   Thumb Code    92  fepilogue.o(.text)
    __scatterload                            0x08000365   Thumb Code    28  init.o(.text)
    __scatterload_rt2                        0x08000365   Thumb Code     0  init.o(.text)
    BusFault_Handler                         0x08000389   Thumb Code     2  stm32f1xx_it.o(i.BusFault_Handler)
    DebugMon_Handler                         0x0800038b   Thumb Code     2  stm32f1xx_it.o(i.DebugMon_Handler)
    HAL_Delay                                0x080003b9   Thumb Code    32  stm32f1xx_hal.o(i.HAL_Delay)
    HAL_GPIO_Init                            0x080003dd   Thumb Code   408  stm32f1xx_hal_gpio.o(i.HAL_GPIO_Init)
    HAL_GPIO_ReadPin                         0x08000599   Thumb Code    10  stm32f1xx_hal_gpio.o(i.HAL_GPIO_ReadPin)
    HAL_GPIO_WritePin                        0x080005a3   Thumb Code    10  stm32f1xx_hal_gpio.o(i.HAL_GPIO_WritePin)
    HAL_GetTick                              0x080005ad   Thumb Code     6  stm32f1xx_hal.o(i.HAL_GetTick)
    HAL_IncTick                              0x080005b9   Thumb Code    12  stm32f1xx_hal.o(i.HAL_IncTick)
    HAL_Init                                 0x080005c9   Thumb Code    32  stm32f1xx_hal.o(i.HAL_Init)
    HAL_InitTick                             0x080005ed   Thumb Code    54  stm32f1xx_hal.o(i.HAL_InitTick)
    HAL_MspInit                              0x0800062d   Thumb Code   118  stm32f1xx_hal_msp.o(i.HAL_MspInit)
    HAL_NVIC_EnableIRQ                       0x080006ad   Thumb Code    22  stm32f1xx_hal_cortex.o(i.HAL_NVIC_EnableIRQ)
    HAL_NVIC_SetPriority                     0x080006c5   Thumb Code    60  stm32f1xx_hal_cortex.o(i.HAL_NVIC_SetPriority)
    HAL_NVIC_SetPriorityGrouping             0x08000705   Thumb Code    26  stm32f1xx_hal_cortex.o(i.HAL_NVIC_SetPriorityGrouping)
    HAL_RCC_ClockConfig                      0x08000729   Thumb Code   322  stm32f1xx_hal_rcc.o(i.HAL_RCC_ClockConfig)
    HAL_RCC_GetHCLKFreq                      0x0800087d   Thumb Code     6  stm32f1xx_hal_rcc.o(i.HAL_RCC_GetHCLKFreq)
    HAL_RCC_GetSysClockFreq                  0x08000889   Thumb Code    74  stm32f1xx_hal_rcc.o(i.HAL_RCC_GetSysClockFreq)
    HAL_RCC_OscConfig                        0x080008f5   Thumb Code   750  stm32f1xx_hal_rcc.o(i.HAL_RCC_OscConfig)
    HAL_SPI_Init                             0x08000bf9   Thumb Code   130  stm32f1xx_hal_spi_ex.o(i.HAL_SPI_Init)
    HAL_SPI_MspInit                          0x08000c7d   Thumb Code   122  stm32f1xx_hal_msp.o(i.HAL_SPI_MspInit)
    HAL_SPI_Transmit                         0x08000d0d   Thumb Code   360  stm32f1xx_hal_spi.o(i.HAL_SPI_Transmit)
    HAL_SPI_TransmitReceive                  0x08000e75   Thumb Code   472  stm32f1xx_hal_spi.o(i.HAL_SPI_TransmitReceive)
    HAL_SYSTICK_CLKSourceConfig              0x0800104d   Thumb Code    24  stm32f1xx_hal_cortex.o(i.HAL_SYSTICK_CLKSourceConfig)
    HAL_SYSTICK_Callback                     0x08001065   Thumb Code     2  stm32f1xx_hal_cortex.o(i.HAL_SYSTICK_Callback)
    HAL_SYSTICK_Config                       0x08001067   Thumb Code    40  stm32f1xx_hal_cortex.o(i.HAL_SYSTICK_Config)
    HAL_SYSTICK_IRQHandler                   0x0800108f   Thumb Code     8  stm32f1xx_hal_cortex.o(i.HAL_SYSTICK_IRQHandler)
    HAL_TIMEx_BreakCallback                  0x08001097   Thumb Code     2  stm32f1xx_hal_tim_ex.o(i.HAL_TIMEx_BreakCallback)
    HAL_TIMEx_CommutationCallback            0x08001099   Thumb Code     2  stm32f1xx_hal_tim_ex.o(i.HAL_TIMEx_CommutationCallback)
    HAL_TIMEx_MasterConfigSynchronization    0x0800109b   Thumb Code    80  stm32f1xx_hal_tim_ex.o(i.HAL_TIMEx_MasterConfigSynchronization)
    HAL_TIM_Base_Init                        0x080010eb   Thumb Code    54  stm32f1xx_hal_tim.o(i.HAL_TIM_Base_Init)
    HAL_TIM_Base_MspInit                     0x08001121   Thumb Code    98  stm32f1xx_hal_msp.o(i.HAL_TIM_Base_MspInit)
    HAL_TIM_Base_Start                       0x0800118d   Thumb Code    26  stm32f1xx_hal_tim.o(i.HAL_TIM_Base_Start)
    HAL_TIM_Base_Start_IT                    0x080011a7   Thumb Code    24  stm32f1xx_hal_tim.o(i.HAL_TIM_Base_Start_IT)
    HAL_TIM_ConfigClockSource                0x080011bf   Thumb Code   242  stm32f1xx_hal_tim.o(i.HAL_TIM_ConfigClockSource)
    HAL_TIM_IC_CaptureCallback               0x080012b1   Thumb Code     2  stm32f1xx_hal_tim.o(i.HAL_TIM_IC_CaptureCallback)
    HAL_TIM_IRQHandler                       0x080012b3   Thumb Code   358  stm32f1xx_hal_tim.o(i.HAL_TIM_IRQHandler)
    HAL_TIM_OC_DelayElapsedCallback          0x08001419   Thumb Code     2  stm32f1xx_hal_tim.o(i.HAL_TIM_OC_DelayElapsedCallback)
    HAL_TIM_PWM_PulseFinishedCallback        0x0800141b   Thumb Code     2  stm32f1xx_hal_tim.o(i.HAL_TIM_PWM_PulseFinishedCallback)
    HAL_TIM_PeriodElapsedCallback            0x0800141d   Thumb Code     2  stm32f1xx_hal_tim.o(i.HAL_TIM_PeriodElapsedCallback)
    HAL_TIM_TriggerCallback                  0x0800141f   Thumb Code     2  stm32f1xx_hal_tim.o(i.HAL_TIM_TriggerCallback)
    HardFault_Handler                        0x08001421   Thumb Code     2  stm32f1xx_it.o(i.HardFault_Handler)
    LCD_Circle                               0x080014e9   Thumb Code   302  ili9341.o(i.LCD_Circle)
    LCD_Circle_Fill_Helper                   0x08001617   Thumb Code   228  ili9341.o(i.LCD_Circle_Fill_Helper)
    LCD_Circle_Helper                        0x080016fd   Thumb Code   280  ili9341.o(i.LCD_Circle_Helper)
    LCD_Ellipse                              0x08001881   Thumb Code   664  ili9341.o(i.LCD_Ellipse)
    LCD_Font                                 0x08001b19   Thumb Code   144  ili9341.o(i.LCD_Font)
    LCD_Init                                 0x08001ba9   Thumb Code   170  ili9341.o(i.LCD_Init)
    LCD_Line                                 0x08001c53   Thumb Code   122  ili9341.o(i.LCD_Line)
    LCD_Orientation                          0x08001ccd   Thumb Code    68  ili9341.o(i.LCD_Orientation)
    LCD_Rect                                 0x08001d15   Thumb Code    82  ili9341.o(i.LCD_Rect)
    LCD_Rect_Fill                            0x08001d67   Thumb Code    60  ili9341.o(i.LCD_Rect_Fill)
    LCD_Rect_Round                           0x08001da3   Thumb Code   222  ili9341.o(i.LCD_Rect_Round)
    LCD_Rect_Round_Fill                      0x08001e81   Thumb Code   100  ili9341.o(i.LCD_Rect_Round_Fill)
    LCD_Reset                                0x08001ee5   Thumb Code    62  ili9341.o(i.LCD_Reset)
    LCD_Triangle                             0x08001f29   Thumb Code    64  ili9341.o(i.LCD_Triangle)
    MemManage_Handler                        0x080020f5   Thumb Code     2  stm32f1xx_it.o(i.MemManage_Handler)
    NMI_Handler                              0x080020f7   Thumb Code     2  stm32f1xx_it.o(i.NMI_Handler)
    PendSV_Handler                           0x08002119   Thumb Code     2  stm32f1xx_it.o(i.PendSV_Handler)
    SVC_Handler                              0x080021d1   Thumb Code     2  stm32f1xx_it.o(i.SVC_Handler)
    SysTick_Handler                          0x080021d3   Thumb Code    14  stm32f1xx_it.o(i.SysTick_Handler)
    SystemClock_Config                       0x080021e1   Thumb Code   104  main.o(i.SystemClock_Config)
    SystemInit                               0x08002249   Thumb Code    56  system_stm32f1xx.o(i.SystemInit)
    TIM1_BRK_IRQHandler                      0x08002291   Thumb Code     6  stm32f1xx_it.o(i.TIM1_BRK_IRQHandler)
    TIM1_CC_IRQHandler                       0x0800229d   Thumb Code     6  stm32f1xx_it.o(i.TIM1_CC_IRQHandler)
    TIM1_TRG_COM_IRQHandler                  0x080022a9   Thumb Code     6  stm32f1xx_it.o(i.TIM1_TRG_COM_IRQHandler)
    TIM1_UP_IRQHandler                       0x080022b5   Thumb Code    22  stm32f1xx_it.o(i.TIM1_UP_IRQHandler)
    TIM_Base_SetConfig                       0x080022d5   Thumb Code    94  stm32f1xx_hal_tim.o(i.TIM_Base_SetConfig)
    UsageFault_Handler                       0x080023ab   Thumb Code     2  stm32f1xx_it.o(i.UsageFault_Handler)
    XPT2046_Init                             0x080023e9   Thumb Code    46  xpt2046.o(i.XPT2046_Init)
    __scatterload_copy                       0x0800245d   Thumb Code    14  handlers.o(i.__scatterload_copy)
    __scatterload_null                       0x0800246b   Thumb Code     2  handlers.o(i.__scatterload_null)
    __scatterload_zeroinit                   0x0800246d   Thumb Code    14  handlers.o(i.__scatterload_zeroinit)
    getRaw                                   0x0800247d   Thumb Code    82  xpt2046.o(i.getRaw)
    getX                                     0x080024d5   Thumb Code    36  xpt2046.o(i.getX)
    getY                                     0x080024fd   Thumb Code    36  xpt2046.o(i.getY)
    main                                     0x08002525   Thumb Code   648  main.o(i.main)
    AHBPrescTable                            0x0800285c   Data          16  system_stm32f1xx.o(.constdata)
    Font_3x5_TomThumb_ExtendedBitmaps        0x0800286c   Data         904  main.o(.constdata)
    Font_3x5_TomThumb_ExtendedGlyphs         0x08002bf4   Data        1632  main.o(.constdata)
    Font_3x5_TomThumb_Extended               0x08003254   Data          12  main.o(.constdata)
    Font_5x5_Org                             0x08003260   Data          12  main.o(.constdata)
    Font_8x12_Default                        0x0800326c   Data          12  main.o(.constdata)
    Font_9x22_Serif_Bold                     0x08003278   Data          12  main.o(.constdata)
    Font_32x50_Segment_7_Num_Plus            0x08003284   Data          12  main.o(.constdata)
    Font_5x5_OrgBitmaps                      0x08003290   Data         271  main.o(.constdata)
    Font_5x5_OrgGlyphs                       0x080033a0   Data         760  main.o(.constdata)
    Font_8x12_DefaultBitmaps                 0x08003698   Data         414  main.o(.constdata)
    Font_8x12_DefaultGlyphs                  0x08003836   Data         760  main.o(.constdata)
    Font_9x22_Serif_BoldBitmaps              0x08003b2e   Data        1162  main.o(.constdata)
    Font_9x22_Serif_BoldGlyphs               0x08003fb8   Data         760  main.o(.constdata)
    Font_32x50_Segment_7_Num_PlusBitmaps     0x080042b0   Data        1395  main.o(.constdata)
    Font_32x50_Segment_7_Num_PlusGlyphs      0x08004824   Data         104  main.o(.constdata)
    Region$$Table$$Base                      0x08004894   Number         0  anon$$obj.o(Region$$Table)
    Region$$Table$$Limit                     0x080048b4   Number         0  anon$$obj.o(Region$$Table)
    SystemCoreClock                          0x20000000   Data           4  system_stm32f1xx.o(.data)
    touchIRQ                                 0x20000004   Data           1  main.o(.data)
    touchX                                   0x20000006   Data           2  main.o(.data)
    touchY                                   0x20000008   Data           2  main.o(.data)
    millis                                   0x20000010   Data           8  main.o(.data)
    LCD_Width                                0x20000018   Data           2  ili9341.o(.data)
    LCD_Height                               0x2000001a   Data           2  ili9341.o(.data)
    yStart                                   0x2000001c   Data           2  ili9341.o(.data)
    uwTickFreq                               0x20000020   Data           1  stm32f1xx_hal.o(.data)
    uwTickPrio                               0x20000024   Data           4  stm32f1xx_hal.o(.data)
    uwTick                                   0x20000028   Data           4  stm32f1xx_hal.o(.data)
    hspi1                                    0x2000002c   Data          88  main.o(.bss)
    hspi2                                    0x20000084   Data          88  main.o(.bss)
    htim1                                    0x200000dc   Data          64  main.o(.bss)
    __initial_sp                             0x20000520   Data           0  startup_stm32f103xb.o(STACK)



==============================================================================

Memory Map of the image

  Image Entry point : 0x080000ed

  Load Region LR_IROM1 (Base: 0x08000000, Size: 0x000048e0, Max: 0x00010000, ABSOLUTE)

    Execution Region ER_IROM1 (Exec base: 0x08000000, Load base: 0x08000000, Size: 0x000048b4, Max: 0x00010000, ABSOLUTE)

    Exec Addr    Load Addr    Size         Type   Attr      Idx    E Section Name        Object

    0x08000000   0x08000000   0x000000ec   Data   RO            3    RESET               startup_stm32f103xb.o
    0x080000ec   0x080000ec   0x00000000   Code   RO         3130  * .ARM.Collect$$$$00000000  mc_w.l(entry.o)
    0x080000ec   0x080000ec   0x00000004   Code   RO         3147    .ARM.Collect$$$$00000001  mc_w.l(entry2.o)
    0x080000f0   0x080000f0   0x00000004   Code   RO         3150    .ARM.Collect$$$$00000004  mc_w.l(entry5.o)
    0x080000f4   0x080000f4   0x00000000   Code   RO         3152    .ARM.Collect$$$$00000008  mc_w.l(entry7b.o)
    0x080000f4   0x080000f4   0x00000000   Code   RO         3154    .ARM.Collect$$$$0000000A  mc_w.l(entry8b.o)
    0x080000f4   0x080000f4   0x00000008   Code   RO         3155    .ARM.Collect$$$$0000000B  mc_w.l(entry9a.o)
    0x080000fc   0x080000fc   0x00000000   Code   RO         3157    .ARM.Collect$$$$0000000D  mc_w.l(entry10a.o)
    0x080000fc   0x080000fc   0x00000000   Code   RO         3159    .ARM.Collect$$$$0000000F  mc_w.l(entry11a.o)
    0x080000fc   0x080000fc   0x00000004   Code   RO         3148    .ARM.Collect$$$$00002712  mc_w.l(entry2.o)
    0x08000100   0x08000100   0x00000024   Code   RO            4    .text               startup_stm32f103xb.o
    0x08000124   0x08000124   0x0000000e   Code   RO         3135    .text               mc_w.l(strlen.o)
    0x08000132   0x08000132   0x000000b0   Code   RO         3137    .text               mf_w.l(fadd.o)
    0x080001e2   0x080001e2   0x00000064   Code   RO         3139    .text               mf_w.l(fmul.o)
    0x08000246   0x08000246   0x0000007c   Code   RO         3141    .text               mf_w.l(fdiv.o)
    0x080002c2   0x080002c2   0x0000000a   Code   RO         3143    .text               mf_w.l(ffltui.o)
    0x080002cc   0x080002cc   0x00000028   Code   RO         3145    .text               mf_w.l(ffixui.o)
    0x080002f4   0x080002f4   0x00000000   Code   RO         3161    .text               mc_w.l(iusefp.o)
    0x080002f4   0x080002f4   0x0000006e   Code   RO         3162    .text               mf_w.l(fepilogue.o)
    0x08000362   0x08000362   0x00000002   PAD
    0x08000364   0x08000364   0x00000024   Code   RO         3164    .text               mc_w.l(init.o)
    0x08000388   0x08000388   0x00000002   Code   RO          659    i.BusFault_Handler  stm32f1xx_it.o
    0x0800038a   0x0800038a   0x00000002   Code   RO          660    i.DebugMon_Handler  stm32f1xx_it.o
    0x0800038c   0x0800038c   0x0000002a   Code   RO          759    i.H24_RGB565        ili9341.o
    0x080003b6   0x080003b6   0x00000002   PAD
    0x080003b8   0x080003b8   0x00000024   Code   RO         2981    i.HAL_Delay         stm32f1xx_hal.o
    0x080003dc   0x080003dc   0x000001bc   Code   RO         1662    i.HAL_GPIO_Init     stm32f1xx_hal_gpio.o
    0x08000598   0x08000598   0x0000000a   Code   RO         1664    i.HAL_GPIO_ReadPin  stm32f1xx_hal_gpio.o
    0x080005a2   0x080005a2   0x0000000a   Code   RO         1666    i.HAL_GPIO_WritePin  stm32f1xx_hal_gpio.o
    0x080005ac   0x080005ac   0x0000000c   Code   RO         2985    i.HAL_GetTick       stm32f1xx_hal.o
    0x080005b8   0x080005b8   0x00000010   Code   RO         2989    i.HAL_IncTick       stm32f1xx_hal.o
    0x080005c8   0x080005c8   0x00000024   Code   RO         2990    i.HAL_Init          stm32f1xx_hal.o
    0x080005ec   0x080005ec   0x00000040   Code   RO         2991    i.HAL_InitTick      stm32f1xx_hal.o
    0x0800062c   0x0800062c   0x00000080   Code   RO          129    i.HAL_MspInit       stm32f1xx_hal_msp.o
    0x080006ac   0x080006ac   0x00000016   Code   RO         1508    i.HAL_NVIC_EnableIRQ  stm32f1xx_hal_cortex.o
    0x080006c2   0x080006c2   0x00000002   PAD
    0x080006c4   0x080006c4   0x00000040   Code   RO         1514    i.HAL_NVIC_SetPriority  stm32f1xx_hal_cortex.o
    0x08000704   0x08000704   0x00000024   Code   RO         1515    i.HAL_NVIC_SetPriorityGrouping  stm32f1xx_hal_cortex.o
    0x08000728   0x08000728   0x00000154   Code   RO         1914    i.HAL_RCC_ClockConfig  stm32f1xx_hal_rcc.o
    0x0800087c   0x0800087c   0x0000000c   Code   RO         1919    i.HAL_RCC_GetHCLKFreq  stm32f1xx_hal_rcc.o
    0x08000888   0x08000888   0x0000006c   Code   RO         1923    i.HAL_RCC_GetSysClockFreq  stm32f1xx_hal_rcc.o
    0x080008f4   0x080008f4   0x00000304   Code   RO         1926    i.HAL_RCC_OscConfig  stm32f1xx_hal_rcc.o
    0x08000bf8   0x08000bf8   0x00000082   Code   RO         1482    i.HAL_SPI_Init      stm32f1xx_hal_spi_ex.o
    0x08000c7a   0x08000c7a   0x00000002   PAD
    0x08000c7c   0x08000c7c   0x00000090   Code   RO          131    i.HAL_SPI_MspInit   stm32f1xx_hal_msp.o
    0x08000d0c   0x08000d0c   0x00000168   Code   RO         1178    i.HAL_SPI_Transmit  stm32f1xx_hal_spi.o
    0x08000e74   0x08000e74   0x000001d8   Code   RO         1179    i.HAL_SPI_TransmitReceive  stm32f1xx_hal_spi.o
    0x0800104c   0x0800104c   0x00000018   Code   RO         1517    i.HAL_SYSTICK_CLKSourceConfig  stm32f1xx_hal_cortex.o
    0x08001064   0x08001064   0x00000002   Code   RO         1518    i.HAL_SYSTICK_Callback  stm32f1xx_hal_cortex.o
    0x08001066   0x08001066   0x00000028   Code   RO         1519    i.HAL_SYSTICK_Config  stm32f1xx_hal_cortex.o
    0x0800108e   0x0800108e   0x00000008   Code   RO         1520    i.HAL_SYSTICK_IRQHandler  stm32f1xx_hal_cortex.o
    0x08001096   0x08001096   0x00000002   Code   RO         2741    i.HAL_TIMEx_BreakCallback  stm32f1xx_hal_tim_ex.o
    0x08001098   0x08001098   0x00000002   Code   RO         2742    i.HAL_TIMEx_CommutationCallback  stm32f1xx_hal_tim_ex.o
    0x0800109a   0x0800109a   0x00000050   Code   RO         2758    i.HAL_TIMEx_MasterConfigSynchronization  stm32f1xx_hal_tim_ex.o
    0x080010ea   0x080010ea   0x00000036   Code   RO         2017    i.HAL_TIM_Base_Init  stm32f1xx_hal_tim.o
    0x08001120   0x08001120   0x0000006c   Code   RO          133    i.HAL_TIM_Base_MspInit  stm32f1xx_hal_msp.o
    0x0800118c   0x0800118c   0x0000001a   Code   RO         2020    i.HAL_TIM_Base_Start  stm32f1xx_hal_tim.o
    0x080011a6   0x080011a6   0x00000018   Code   RO         2022    i.HAL_TIM_Base_Start_IT  stm32f1xx_hal_tim.o
    0x080011be   0x080011be   0x000000f2   Code   RO         2026    i.HAL_TIM_ConfigClockSource  stm32f1xx_hal_tim.o
    0x080012b0   0x080012b0   0x00000002   Code   RO         2046    i.HAL_TIM_IC_CaptureCallback  stm32f1xx_hal_tim.o
    0x080012b2   0x080012b2   0x00000166   Code   RO         2059    i.HAL_TIM_IRQHandler  stm32f1xx_hal_tim.o
    0x08001418   0x08001418   0x00000002   Code   RO         2062    i.HAL_TIM_OC_DelayElapsedCallback  stm32f1xx_hal_tim.o
    0x0800141a   0x0800141a   0x00000002   Code   RO         2089    i.HAL_TIM_PWM_PulseFinishedCallback  stm32f1xx_hal_tim.o
    0x0800141c   0x0800141c   0x00000002   Code   RO         2096    i.HAL_TIM_PeriodElapsedCallback  stm32f1xx_hal_tim.o
    0x0800141e   0x0800141e   0x00000002   Code   RO         2100    i.HAL_TIM_TriggerCallback  stm32f1xx_hal_tim.o
    0x08001420   0x08001420   0x00000002   Code   RO          661    i.HardFault_Handler  stm32f1xx_it.o
    0x08001422   0x08001422   0x000000c6   Code   RO          762    i.LCD_Char          ili9341.o
    0x080014e8   0x080014e8   0x0000012e   Code   RO          763    i.LCD_Circle        ili9341.o
    0x08001616   0x08001616   0x000000e4   Code   RO          764    i.LCD_Circle_Fill_Helper  ili9341.o
    0x080016fa   0x080016fa   0x00000002   PAD
    0x080016fc   0x080016fc   0x00000118   Code   RO          765    i.LCD_Circle_Helper  ili9341.o
    0x08001814   0x08001814   0x00000024   Code   RO          766    i.LCD_Command       ili9341.o
    0x08001838   0x08001838   0x00000024   Code   RO          767    i.LCD_Data_16       ili9341.o
    0x0800185c   0x0800185c   0x00000024   Code   RO          768    i.LCD_Data_8        ili9341.o
    0x08001880   0x08001880   0x00000298   Code   RO          769    i.LCD_Ellipse       ili9341.o
    0x08001b18   0x08001b18   0x00000090   Code   RO          770    i.LCD_Font          ili9341.o
    0x08001ba8   0x08001ba8   0x000000aa   Code   RO          771    i.LCD_Init          ili9341.o
    0x08001c52   0x08001c52   0x0000007a   Code   RO          772    i.LCD_Line          ili9341.o
    0x08001ccc   0x08001ccc   0x00000048   Code   RO          773    i.LCD_Orientation   ili9341.o
    0x08001d14   0x08001d14   0x00000052   Code   RO          775    i.LCD_Rect          ili9341.o
    0x08001d66   0x08001d66   0x0000003c   Code   RO          776    i.LCD_Rect_Fill     ili9341.o
    0x08001da2   0x08001da2   0x000000de   Code   RO          777    i.LCD_Rect_Round    ili9341.o
    0x08001e80   0x08001e80   0x00000064   Code   RO          778    i.LCD_Rect_Round_Fill  ili9341.o
    0x08001ee4   0x08001ee4   0x00000044   Code   RO          779    i.LCD_Reset         ili9341.o
    0x08001f28   0x08001f28   0x00000040   Code   RO          780    i.LCD_Triangle      ili9341.o
    0x08001f68   0x08001f68   0x0000003a   Code   RO          781    i.LCD_Window        ili9341.o
    0x08001fa2   0x08001fa2   0x00000002   PAD
    0x08001fa4   0x08001fa4   0x00000078   Code   RO          181    i.MX_GPIO_Init      main.o
    0x0800201c   0x0800201c   0x00000040   Code   RO          182    i.MX_SPI1_Init      main.o
    0x0800205c   0x0800205c   0x00000040   Code   RO          183    i.MX_SPI2_Init      main.o
    0x0800209c   0x0800209c   0x00000058   Code   RO          184    i.MX_TIM1_Init      main.o
    0x080020f4   0x080020f4   0x00000002   Code   RO          662    i.MemManage_Handler  stm32f1xx_it.o
    0x080020f6   0x080020f6   0x00000002   Code   RO          663    i.NMI_Handler       stm32f1xx_it.o
    0x080020f8   0x080020f8   0x00000020   Code   RO         1521    i.NVIC_SetPriority  stm32f1xx_hal_cortex.o
    0x08002118   0x08002118   0x00000002   Code   RO          664    i.PendSV_Handler    stm32f1xx_it.o
    0x0800211a   0x0800211a   0x00000020   Code   RO         1194    i.SPI_CheckFlag_BSY  stm32f1xx_hal_spi.o
    0x0800213a   0x0800213a   0x00000096   Code   RO         1213    i.SPI_WaitFlagStateUntilTimeout  stm32f1xx_hal_spi.o
    0x080021d0   0x080021d0   0x00000002   Code   RO          665    i.SVC_Handler       stm32f1xx_it.o
    0x080021d2   0x080021d2   0x0000000e   Code   RO          666    i.SysTick_Handler   stm32f1xx_it.o
    0x080021e0   0x080021e0   0x00000068   Code   RO          185    i.SystemClock_Config  main.o
    0x08002248   0x08002248   0x00000048   Code   RO           14    i.SystemInit        system_stm32f1xx.o
    0x08002290   0x08002290   0x0000000c   Code   RO          667    i.TIM1_BRK_IRQHandler  stm32f1xx_it.o
    0x0800229c   0x0800229c   0x0000000c   Code   RO          668    i.TIM1_CC_IRQHandler  stm32f1xx_it.o
    0x080022a8   0x080022a8   0x0000000c   Code   RO          669    i.TIM1_TRG_COM_IRQHandler  stm32f1xx_it.o
    0x080022b4   0x080022b4   0x00000020   Code   RO          670    i.TIM1_UP_IRQHandler  stm32f1xx_it.o
    0x080022d4   0x080022d4   0x0000006c   Code   RO         2101    i.TIM_Base_SetConfig  stm32f1xx_hal_tim.o
    0x08002340   0x08002340   0x00000014   Code   RO         2108    i.TIM_ETR_SetConfig  stm32f1xx_hal_tim.o
    0x08002354   0x08002354   0x00000010   Code   RO         2109    i.TIM_ITRx_SetConfig  stm32f1xx_hal_tim.o
    0x08002364   0x08002364   0x00000022   Code   RO         2115    i.TIM_TI1_ConfigInputStage  stm32f1xx_hal_tim.o
    0x08002386   0x08002386   0x00000024   Code   RO         2117    i.TIM_TI2_ConfigInputStage  stm32f1xx_hal_tim.o
    0x080023aa   0x080023aa   0x00000002   Code   RO          671    i.UsageFault_Handler  stm32f1xx_it.o
    0x080023ac   0x080023ac   0x0000003c   Code   RO          939    i.X                 xpt2046.o
    0x080023e8   0x080023e8   0x00000034   Code   RO          940    i.XPT2046_Init      xpt2046.o
    0x0800241c   0x0800241c   0x00000040   Code   RO          941    i.Y                 xpt2046.o
    0x0800245c   0x0800245c   0x0000000e   Code   RO         3168    i.__scatterload_copy  mc_w.l(handlers.o)
    0x0800246a   0x0800246a   0x00000002   Code   RO         3169    i.__scatterload_null  mc_w.l(handlers.o)
    0x0800246c   0x0800246c   0x0000000e   Code   RO         3170    i.__scatterload_zeroinit  mc_w.l(handlers.o)
    0x0800247a   0x0800247a   0x00000002   PAD
    0x0800247c   0x0800247c   0x00000058   Code   RO          942    i.getRaw            xpt2046.o
    0x080024d4   0x080024d4   0x00000028   Code   RO          943    i.getX              xpt2046.o
    0x080024fc   0x080024fc   0x00000028   Code   RO          944    i.getY              xpt2046.o
    0x08002524   0x08002524   0x000002fc   Code   RO          187    i.main              main.o
    0x08002820   0x08002820   0x0000003c   Code   RO          945    i.remap             xpt2046.o
    0x0800285c   0x0800285c   0x00000010   Data   RO           15    .constdata          system_stm32f1xx.o
    0x0800286c   0x0800286c   0x00000388   Data   RO          195    .constdata          main.o
    0x08002bf4   0x08002bf4   0x00000660   Data   RO          196    .constdata          main.o
    0x08003254   0x08003254   0x0000003c   Data   RO          197    .constdata          main.o
    0x08003290   0x08003290   0x0000010f   Data   RO          198    .constdata          main.o
    0x0800339f   0x0800339f   0x00000001   PAD
    0x080033a0   0x080033a0   0x000002f8   Data   RO          199    .constdata          main.o
    0x08003698   0x08003698   0x0000019e   Data   RO          212    .constdata          main.o
    0x08003836   0x08003836   0x000002f8   Data   RO          213    .constdata          main.o
    0x08003b2e   0x08003b2e   0x0000048a   Data   RO          244    .constdata          main.o
    0x08003fb8   0x08003fb8   0x000002f8   Data   RO          245    .constdata          main.o
    0x080042b0   0x080042b0   0x00000573   Data   RO          459    .constdata          main.o
    0x08004823   0x08004823   0x00000001   PAD
    0x08004824   0x08004824   0x00000068   Data   RO          460    .constdata          main.o
    0x0800488c   0x0800488c   0x00000008   Data   RO          946    .constdata          xpt2046.o
    0x08004894   0x08004894   0x00000020   Data   RO         3166    Region$$Table       anon$$obj.o


    Execution Region RW_IRAM1 (Exec base: 0x20000000, Load base: 0x080048b4, Size: 0x00000520, Max: 0x00005000, ABSOLUTE)

    Exec Addr    Load Addr    Size         Type   Attr      Idx    E Section Name        Object

    0x20000000   0x080048b4   0x00000004   Data   RW           17    .data               system_stm32f1xx.o
    0x20000004   0x080048b8   0x00000006   Data   RW          488    .data               main.o
    0x2000000a   0x080048be   0x00000006   PAD
    0x20000010   0x080048c4   0x00000008   Data   RW          489    .data               main.o
    0x20000018   0x080048cc   0x00000006   Data   RW          786    .data               ili9341.o
    0x2000001e   0x080048d2   0x00000002   PAD
    0x20000020   0x080048d4   0x0000000c   Data   RW         2997    .data               stm32f1xx_hal.o
    0x2000002c        -       0x000000f0   Zero   RW          188    .bss                main.o
    0x2000011c   0x080048e0   0x00000004   PAD
    0x20000120        -       0x00000400   Zero   RW            1    STACK               startup_stm32f103xb.o


==============================================================================

Image component sizes


      Code (inc. data)   RO Data    RW Data    ZI Data      Debug   Object Name

      2984         36          0          6          0      15153   ili9341.o
      1204        156       8222         14        240      54153   main.o
        36          8        236          0       1024        780   startup_stm32f103xb.o
       164         28          0         12          0       3693   stm32f1xx_hal.o
       228         14          0          0          0      27205   stm32f1xx_hal_cortex.o
       464         36          0          0          0       3423   stm32f1xx_hal_gpio.o
       380         42          0          0          0       2139   stm32f1xx_hal_msp.o
      1232         80          0          0          0       4414   stm32f1xx_hal_rcc.o
      1014          0          0          0          0       4769   stm32f1xx_hal_spi.o
       130          0          0          0          0       1023   stm32f1xx_hal_spi_ex.o
       928         14          0          0          0      10196   stm32f1xx_hal_tim.o
        84          0          0          0          0       2246   stm32f1xx_hal_tim_ex.o
        98         28          0          0          0       5288   stm32f1xx_it.o
        72         16         16          4          0     430251   system_stm32f1xx.o
       404         46          8          0          0       3386   xpt2046.o

    ----------------------------------------------------------------------
      9432        504       8516         44       1268     568119   Object Totals
         0          0         32          0          0          0   (incl. Generated)
        10          0          2          8          4          0   (incl. Padding)

    ----------------------------------------------------------------------

      Code (inc. data)   RO Data    RW Data    ZI Data      Debug   Library Member Name

         0          0          0          0          0          0   entry.o
         0          0          0          0          0          0   entry10a.o
         0          0          0          0          0          0   entry11a.o
         8          4          0          0          0          0   entry2.o
         4          0          0          0          0          0   entry5.o
         0          0          0          0          0          0   entry7b.o
         0          0          0          0          0          0   entry8b.o
         8          4          0          0          0          0   entry9a.o
        30          0          0          0          0          0   handlers.o
        36          8          0          0          0         68   init.o
         0          0          0          0          0          0   iusefp.o
        14          0          0          0          0         68   strlen.o
       176          0          0          0          0        140   fadd.o
       124          0          0          0          0         88   fdiv.o
       110          0          0          0          0        168   fepilogue.o
        40          0          0          0          0         68   ffixui.o
        10          0          0          0          0         68   ffltui.o
       100          0          0          0          0         76   fmul.o

    ----------------------------------------------------------------------
       664         16          0          0          0        744   Library Totals
         4          0          0          0          0          0   (incl. Padding)

    ----------------------------------------------------------------------

      Code (inc. data)   RO Data    RW Data    ZI Data      Debug   Library Name

       100         16          0          0          0        136   mc_w.l
       560          0          0          0          0        608   mf_w.l

    ----------------------------------------------------------------------
       664         16          0          0          0        744   Library Totals

    ----------------------------------------------------------------------

==============================================================================


      Code (inc. data)   RO Data    RW Data    ZI Data      Debug   

     10096        520       8516         44       1268     564075   Grand Totals
     10096        520       8516         44       1268     564075   ELF Image Totals
     10096        520       8516         44          0          0   ROM Totals

==============================================================================

    Total RO  Size (Code + RO Data)                18612 (  18.18kB)
    Total RW  Size (RW Data + ZI Data)              1312 (   1.28kB)
    Total ROM Size (Code + RO Data + RW Data)      18656 (  18.22kB)

==============================================================================

