Component: ARM Compiler 6.16 Tool: armlink [5dfeaa00]

==============================================================================

Section Cross References

    startup_stm32f103xe.o(STACK) refers (Special) to heapauxi.o(.text) for __use_two_region_memory
    startup_stm32f103xe.o(HEAP) refers (Special) to heapauxi.o(.text) for __use_two_region_memory
    startup_stm32f103xe.o(RESET) refers (Special) to heapauxi.o(.text) for __use_two_region_memory
    startup_stm32f103xe.o(RESET) refers to startup_stm32f103xe.o(STACK) for __initial_sp
    startup_stm32f103xe.o(RESET) refers to startup_stm32f103xe.o(.text) for Reset_Handler
    startup_stm32f103xe.o(RESET) refers to lto-llvm-bab065.o(.text.NMI_Handler) for NMI_Handler
    startup_stm32f103xe.o(RESET) refers to lto-llvm-bab065.o(.text.HardFault_Handler) for HardFault_Handler
    startup_stm32f103xe.o(RESET) refers to lto-llvm-bab065.o(.text.MemManage_Handler) for MemManage_Handler
    startup_stm32f103xe.o(RESET) refers to lto-llvm-bab065.o(.text.BusFault_Handler) for BusFault_Handler
    startup_stm32f103xe.o(RESET) refers to lto-llvm-bab065.o(.text.UsageFault_Handler) for UsageFault_Handler
    startup_stm32f103xe.o(RESET) refers to lto-llvm-bab065.o(.text.SVC_Handler) for SVC_Handler
    startup_stm32f103xe.o(RESET) refers to lto-llvm-bab065.o(.text.DebugMon_Handler) for DebugMon_Handler
    startup_stm32f103xe.o(RESET) refers to lto-llvm-bab065.o(.text.PendSV_Handler) for PendSV_Handler
    startup_stm32f103xe.o(RESET) refers to lto-llvm-bab065.o(.text.SysTick_Handler) for SysTick_Handler
    startup_stm32f103xe.o(.text) refers (Special) to heapauxi.o(.text) for __use_two_region_memory
    startup_stm32f103xe.o(.text) refers to lto-llvm-bab065.o(.text.SystemInit) for SystemInit
    startup_stm32f103xe.o(.text) refers to __main.o(!!!main) for __main
    startup_stm32f103xe.o(.text) refers to startup_stm32f103xe.o(HEAP) for Heap_Mem
    startup_stm32f103xe.o(.text) refers to startup_stm32f103xe.o(STACK) for Stack_Mem
    __main.o(!!!main) refers to __rtentry.o(.ARM.Collect$$rtentry$$00000000) for __rt_entry
    __rtentry.o(.ARM.Collect$$rtentry$$00000000) refers (Special) to __rtentry2.o(.ARM.Collect$$rtentry$$0000000A) for __rt_entry_li
    __rtentry.o(.ARM.Collect$$rtentry$$00000000) refers (Special) to __rtentry2.o(.ARM.Collect$$rtentry$$0000000D) for __rt_entry_main
    __rtentry.o(.ARM.Collect$$rtentry$$00000000) refers (Special) to __rtentry2.o(.ARM.Collect$$rtentry$$0000000C) for __rt_entry_postli_1
    __rtentry.o(.ARM.Collect$$rtentry$$00000000) refers (Special) to __rtentry2.o(.ARM.Collect$$rtentry$$00000009) for __rt_entry_postsh_1
    __rtentry.o(.ARM.Collect$$rtentry$$00000000) refers (Special) to __rtentry2.o(.ARM.Collect$$rtentry$$00000002) for __rt_entry_presh_1
    __rtentry.o(.ARM.Collect$$rtentry$$00000000) refers (Special) to __rtentry4.o(.ARM.Collect$$rtentry$$00000004) for __rt_entry_sh
    __rtentry2.o(.ARM.Collect$$rtentry$$00000008) refers to boardinit2.o(.text) for _platform_post_stackheap_init
    __rtentry2.o(.ARM.Collect$$rtentry$$0000000A) refers to libinit.o(.ARM.Collect$$libinit$$00000000) for __rt_lib_init
    __rtentry2.o(.ARM.Collect$$rtentry$$0000000B) refers to boardinit3.o(.text) for _platform_post_lib_init
    __rtentry2.o(.ARM.Collect$$rtentry$$0000000D) refers to lto-llvm-bab065.o(.text.main) for main
    __rtentry2.o(.ARM.Collect$$rtentry$$0000000D) refers to exit.o(.text) for exit
    __rtentry2.o(.ARM.exidx) refers to __rtentry2.o(.ARM.Collect$$rtentry$$00000001) for .ARM.Collect$$rtentry$$00000001
    __rtentry2.o(.ARM.exidx) refers to __rtentry2.o(.ARM.Collect$$rtentry$$00000008) for .ARM.Collect$$rtentry$$00000008
    __rtentry2.o(.ARM.exidx) refers to __rtentry2.o(.ARM.Collect$$rtentry$$0000000A) for .ARM.Collect$$rtentry$$0000000A
    __rtentry2.o(.ARM.exidx) refers to __rtentry2.o(.ARM.Collect$$rtentry$$0000000B) for .ARM.Collect$$rtentry$$0000000B
    __rtentry2.o(.ARM.exidx) refers to __rtentry2.o(.ARM.Collect$$rtentry$$0000000D) for .ARM.Collect$$rtentry$$0000000D
    __rtentry4.o(.ARM.Collect$$rtentry$$00000004) refers to sys_stackheap_outer.o(.text) for __user_setup_stackheap
    __rtentry4.o(.ARM.exidx) refers to __rtentry4.o(.ARM.Collect$$rtentry$$00000004) for .ARM.Collect$$rtentry$$00000004
    sys_stackheap_outer.o(.text) refers to libspace.o(.text) for __user_perproc_libspace
    sys_stackheap_outer.o(.text) refers to startup_stm32f103xe.o(.text) for __user_initial_stackheap
    exit.o(.text) refers to rtexit.o(.ARM.Collect$$rtexit$$00000000) for __rt_exit
    libinit.o(.ARM.Collect$$libinit$$00000000) refers (Special) to libinit2.o(.ARM.Collect$$libinit$$0000002E) for __rt_lib_init_alloca_1
    libinit.o(.ARM.Collect$$libinit$$00000000) refers (Special) to libinit2.o(.ARM.Collect$$libinit$$0000002C) for __rt_lib_init_argv_1
    libinit.o(.ARM.Collect$$libinit$$00000000) refers (Special) to libinit2.o(.ARM.Collect$$libinit$$0000001B) for __rt_lib_init_atexit_1
[...]
    lto-llvm-bab065.o(.text.HAL_SRAM_Init) refers to lto-llvm-bab065.o(.text.FSMC_NORSRAM_Timing_Init) for FSMC_NORSRAM_Timing_Init
    lto-llvm-bab065.o(.text.HAL_SRAM_Init) refers to lto-llvm-bab065.o(.text.FSMC_NORSRAM_Extended_Timing_Init) for FSMC_NORSRAM_Extended_Timing_Init
    lto-llvm-bab065.o(.ARM.exidx.text.HAL_SRAM_Init) refers to lto-llvm-bab065.o(.text.HAL_SRAM_Init) for [Anonymous Symbol]
    lto-llvm-bab065.o(.text.HAL_SPI_Init) refers to lto-llvm-bab065.o(.bss) for hspi1
    lto-llvm-bab065.o(.text.HAL_SPI_Init) refers to lto-llvm-bab065.o(.text.HAL_SPI_MspInit) for HAL_SPI_MspInit
    lto-llvm-bab065.o(.ARM.exidx.text.HAL_SPI_Init) refers to lto-llvm-bab065.o(.text.HAL_SPI_Init) for [Anonymous Symbol]
    lto-llvm-bab065.o(.text.HAL_SPI_Transmit) refers to lto-llvm-bab065.o(.bss) for hspi1
    lto-llvm-bab065.o(.text.HAL_SPI_Transmit) refers to lto-llvm-bab065.o(.text.HAL_GetTick) for HAL_GetTick
    lto-llvm-bab065.o(.text.HAL_SPI_Transmit) refers to lto-llvm-bab065.o(.text.SPI_EndRxTxTransaction) for SPI_EndRxTxTransaction
    lto-llvm-bab065.o(.ARM.exidx.text.HAL_SPI_Transmit) refers to lto-llvm-bab065.o(.text.HAL_SPI_Transmit) for [Anonymous Symbol]
    lto-llvm-bab065.o(.text.SPI_EndRxTxTransaction) refers to lto-llvm-bab065.o(.text.SPI_WaitFlagStateUntilTimeout) for SPI_WaitFlagStateUntilTimeout
    lto-llvm-bab065.o(.ARM.exidx.text.SPI_EndRxTxTransaction) refers to lto-llvm-bab065.o(.text.SPI_EndRxTxTransaction) for [Anonymous Symbol]
    lto-llvm-bab065.o(.text.SPI_WaitFlagStateUntilTimeout) refers to lto-llvm-bab065.o(.text.HAL_GetTick) for HAL_GetTick
    lto-llvm-bab065.o(.text.SPI_WaitFlagStateUntilTimeout) refers to lto-llvm-bab065.o(.data) for SystemCoreClock
    lto-llvm-bab065.o(.ARM.exidx.text.SPI_WaitFlagStateUntilTimeout) refers to lto-llvm-bab065.o(.text.SPI_WaitFlagStateUntilTimeout) for [Anonymous Symbol]
    lto-llvm-bab065.o(.text.HAL_SPI_TransmitReceive) refers to lto-llvm-bab065.o(.bss) for hspi1
    lto-llvm-bab065.o(.text.HAL_SPI_TransmitReceive) refers to lto-llvm-bab065.o(.text.HAL_GetTick) for HAL_GetTick
    lto-llvm-bab065.o(.text.HAL_SPI_TransmitReceive) refers to lto-llvm-bab065.o(.text.SPI_EndRxTxTransaction) for SPI_EndRxTxTransaction
    lto-llvm-bab065.o(.ARM.exidx.text.HAL_SPI_TransmitReceive) refers to lto-llvm-bab065.o(.text.HAL_SPI_TransmitReceive) for [Anonymous Symbol]
    lto-llvm-bab065.o(.text.HAL_UART_Init) refers to lto-llvm-bab065.o(.bss) for huart1
    lto-llvm-bab065.o(.text.HAL_UART_Init) refers to lto-llvm-bab065.o(.text.HAL_UART_MspInit) for HAL_UART_MspInit
    lto-llvm-bab065.o(.text.HAL_UART_Init) refers to lto-llvm-bab065.o(.text.UART_SetConfig) for UART_SetConfig
    lto-llvm-bab065.o(.ARM.exidx.text.HAL_UART_Init) refers to lto-llvm-bab065.o(.text.HAL_UART_Init) for [Anonymous Symbol]
    lto-llvm-bab065.o(.text.UART_SetConfig) refers to lto-llvm-bab065.o(.text.HAL_RCC_GetPCLK2Freq) for HAL_RCC_GetPCLK2Freq
    lto-llvm-bab065.o(.text.UART_SetConfig) refers to lto-llvm-bab065.o(.text.HAL_RCC_GetPCLK1Freq) for HAL_RCC_GetPCLK1Freq
    lto-llvm-bab065.o(.ARM.exidx.text.UART_SetConfig) refers to lto-llvm-bab065.o(.text.UART_SetConfig) for [Anonymous Symbol]
    lto-llvm-bab065.o(.ARM.exidx.text.SystemInit) refers to lto-llvm-bab065.o(.text.SystemInit) for [Anonymous Symbol]
    faddsub_clz.o(x$fpl$fadd) refers (Special) to usenofp.o(x$fpl$usenofp) for __I$use$fp
    faddsub_clz.o(x$fpl$fadd) refers to faddsub_clz.o(x$fpl$fsub) for _fsub1
    faddsub_clz.o(x$fpl$fadd) refers to fretinf.o(x$fpl$fretinf) for __fpl_fretinf
    faddsub_clz.o(x$fpl$fadd) refers to fnaninf.o(x$fpl$fnaninf) for __fpl_fnaninf
    faddsub_clz.o(x$fpl$frsb) refers (Special) to usenofp.o(x$fpl$usenofp) for __I$use$fp
    faddsub_clz.o(x$fpl$frsb) refers to faddsub_clz.o(x$fpl$fadd) for _fadd1
    faddsub_clz.o(x$fpl$frsb) refers to faddsub_clz.o(x$fpl$fsub) for _fsub1
    faddsub_clz.o(x$fpl$fsub) refers (Special) to usenofp.o(x$fpl$usenofp) for __I$use$fp
    faddsub_clz.o(x$fpl$fsub) refers to faddsub_clz.o(x$fpl$fadd) for _fadd1
    faddsub_clz.o(x$fpl$fsub) refers to fnaninf.o(x$fpl$fnaninf) for __fpl_fnaninf
    fdiv.o(x$fpl$frdiv) refers (Special) to usenofp.o(x$fpl$usenofp) for __I$use$fp
    fdiv.o(x$fpl$frdiv) refers to fdiv.o(x$fpl$fdiv) for _fdiv1
    fdiv.o(x$fpl$fdiv) refers (Special) to usenofp.o(x$fpl$usenofp) for __I$use$fp
    fdiv.o(x$fpl$fdiv) refers to fretinf.o(x$fpl$fretinf) for __fpl_fretinf
    fdiv.o(x$fpl$fdiv) refers to fnaninf.o(x$fpl$fnaninf) for __fpl_fnaninf
    ffix.o(x$fpl$ffix) refers (Special) to usenofp.o(x$fpl$usenofp) for __I$use$fp
    ffix.o(x$fpl$ffix) refers to fnaninf.o(x$fpl$fnaninf) for __fpl_fnaninf
    ffix.o(x$fpl$ffixr) refers (Special) to usenofp.o(x$fpl$usenofp) for __I$use$fp
    ffix.o(x$fpl$ffixr) refers to fnaninf.o(x$fpl$fnaninf) for __fpl_fnaninf
    fflt_clz.o(x$fpl$ffltu) refers (Special) to usenofp.o(x$fpl$usenofp) for __I$use$fp
    fflt_clz.o(x$fpl$fflt) refers (Special) to usenofp.o(x$fpl$usenofp) for __I$use$fp
    fflt_clz.o(x$fpl$ffltn) refers (Special) to usenofp.o(x$fpl$usenofp) for __I$use$fp
    fmul.o(x$fpl$fmul) refers (Special) to usenofp.o(x$fpl$usenofp) for __I$use$fp
    fmul.o(x$fpl$fmul) refers to fretinf.o(x$fpl$fretinf) for __fpl_fretinf
    fmul.o(x$fpl$fmul) refers to fnaninf.o(x$fpl$fnaninf) for __fpl_fnaninf
    fnaninf.o(x$fpl$fnaninf) refers (Special) to usenofp.o(x$fpl$usenofp) for __I$use$fp
    fretinf.o(x$fpl$fretinf) refers (Special) to usenofp.o(x$fpl$usenofp) for __I$use$fp


==============================================================================

Removing Unused input sections from the image.

    Removing lto-llvm-bab065.o(.text), (0 bytes).
    Removing lto-llvm-bab065.o(.ARM.exidx.text.LCD_Rect_Fill), (8 bytes).
    Removing lto-llvm-bab065.o(.ARM.exidx.text.LCD_Pixel), (8 bytes).
    Removing lto-llvm-bab065.o(.ARM.exidx.text.LCD_SetCursor), (8 bytes).
    Removing lto-llvm-bab065.o(.ARM.exidx.text.LCD_Send_Cmd), (8 bytes).
    Removing lto-llvm-bab065.o(.ARM.exidx.text.H24_RGB565), (8 bytes).
    Removing lto-llvm-bab065.o(.ARM.exidx.text.LCD_Send_Dat), (8 bytes).
    Removing lto-llvm-bab065.o(.ARM.exidx.text.LCD_Send_Reg), (8 bytes).
    Removing lto-llvm-bab065.o(.ARM.exidx.text.LCD_Line), (8 bytes).
    Removing lto-llvm-bab065.o(.ARM.exidx.text.LCD_Triangle), (8 bytes).
    Removing lto-llvm-bab065.o(.ARM.exidx.text.LCD_Triangle_Fill), (8 bytes).
    Removing lto-llvm-bab065.o(.ARM.exidx.text.LCD_Rect), (8 bytes).
    Removing lto-llvm-bab065.o(.ARM.exidx.text.LCD_Ellipse), (8 bytes).
    Removing lto-llvm-bab065.o(.ARM.exidx.text.LCD_Circle), (8 bytes).
    Removing lto-llvm-bab065.o(.ARM.exidx.text.LCD_Circle_Helper), (8 bytes).
    Removing lto-llvm-bab065.o(.ARM.exidx.text.LCD_Rect_Round), (8 bytes).
    Removing lto-llvm-bab065.o(.ARM.exidx.text.LCD_Circle_Fill_Helper), (8 bytes).
    Removing lto-llvm-bab065.o(.ARM.exidx.text.LCD_Rect_Round_Fill), (8 bytes).
    Removing lto-llvm-bab065.o(.ARM.exidx.text.LCD_Font), (8 bytes).
    Removing lto-llvm-bab065.o(.ARM.exidx.text.LCD_Char), (8 bytes).
    Removing lto-llvm-bab065.o(.ARM.exidx.text.LCD_Init), (8 bytes).
    Removing lto-llvm-bab065.o(.ARM.exidx.text.XPT2046_Init), (8 bytes).
    Removing lto-llvm-bab065.o(.ARM.exidx.text.getRaw), (8 bytes).
    Removing lto-llvm-bab065.o(.ARM.exidx.text.getX), (8 bytes).
    Removing lto-llvm-bab065.o(.ARM.exidx.text.Y), (8 bytes).
    Removing lto-llvm-bab065.o(.ARM.exidx.text.remap), (8 bytes).
    Removing lto-llvm-bab065.o(.ARM.exidx.text.getY), (8 bytes).
    Removing lto-llvm-bab065.o(.ARM.exidx.text.X), (8 bytes).
    Removing lto-llvm-bab065.o(.ARM.exidx.text.main), (8 bytes).
    Removing lto-llvm-bab065.o(.ARM.exidx.text.SystemClock_Config), (8 bytes).
    Removing lto-llvm-bab065.o(.ARM.exidx.text.MX_GPIO_Init), (8 bytes).
    Removing lto-llvm-bab065.o(.ARM.exidx.text.MX_FSMC_Init), (8 bytes).
    Removing lto-llvm-bab065.o(.ARM.exidx.text.MX_SPI1_Init), (8 bytes).
    Removing lto-llvm-bab065.o(.ARM.exidx.text.MX_USART1_UART_Init), (8 bytes).
    Removing lto-llvm-bab065.o(.ARM.exidx.text.Error_Handler), (8 bytes).
    Removing lto-llvm-bab065.o(.ARM.exidx.text.NMI_Handler), (8 bytes).
    Removing lto-llvm-bab065.o(.ARM.exidx.text.HardFault_Handler), (8 bytes).
    Removing lto-llvm-bab065.o(.ARM.exidx.text.MemManage_Handler), (8 bytes).
    Removing lto-llvm-bab065.o(.ARM.exidx.text.BusFault_Handler), (8 bytes).
    Removing lto-llvm-bab065.o(.ARM.exidx.text.UsageFault_Handler), (8 bytes).
    Removing lto-llvm-bab065.o(.ARM.exidx.text.SVC_Handler), (8 bytes).
    Removing lto-llvm-bab065.o(.ARM.exidx.text.DebugMon_Handler), (8 bytes).
    Removing lto-llvm-bab065.o(.ARM.exidx.text.PendSV_Handler), (8 bytes).
    Removing lto-llvm-bab065.o(.ARM.exidx.text.SysTick_Handler), (8 bytes).
    Removing lto-llvm-bab065.o(.ARM.exidx.text.HAL_MspInit), (8 bytes).
    Removing lto-llvm-bab065.o(.ARM.exidx.text.HAL_SPI_MspInit), (8 bytes).
    Removing lto-llvm-bab065.o(.ARM.exidx.text.HAL_UART_MspInit), (8 bytes).
    Removing lto-llvm-bab065.o(.ARM.exidx.text.HAL_SRAM_MspInit), (8 bytes).
    Removing lto-llvm-bab065.o(.ARM.exidx.text.HAL_FSMC_MspInit), (8 bytes).
    Removing lto-llvm-bab065.o(.ARM.exidx.text.FSMC_NORSRAM_Init), (8 bytes).
    Removing lto-llvm-bab065.o(.ARM.exidx.text.FSMC_NORSRAM_Timing_Init), (8 bytes).
    Removing lto-llvm-bab065.o(.ARM.exidx.text.FSMC_NORSRAM_Extended_Timing_Init), (8 bytes).
    Removing lto-llvm-bab065.o(.ARM.exidx.text.HAL_Init), (8 bytes).
    Removing lto-llvm-bab065.o(.ARM.exidx.text.HAL_InitTick), (8 bytes).
    Removing lto-llvm-bab065.o(.ARM.exidx.text.HAL_IncTick), (8 bytes).
    Removing lto-llvm-bab065.o(.ARM.exidx.text.HAL_GetTick), (8 bytes).
    Removing lto-llvm-bab065.o(.ARM.exidx.text.HAL_Delay), (8 bytes).
    Removing lto-llvm-bab065.o(.ARM.exidx.text.HAL_RCC_OscConfig), (8 bytes).
    Removing lto-llvm-bab065.o(.ARM.exidx.text.RCC_Delay), (8 bytes).
    Removing lto-llvm-bab065.o(.ARM.exidx.text.HAL_RCC_ClockConfig), (8 bytes).
    Removing lto-llvm-bab065.o(.ARM.exidx.text.HAL_RCC_GetSysClockFreq), (8 bytes).
    Removing lto-llvm-bab065.o(.ARM.exidx.text.HAL_RCC_GetHCLKFreq), (8 bytes).
    Removing lto-llvm-bab065.o(.ARM.exidx.text.HAL_RCC_GetPCLK1Freq), (8 bytes).
    Removing lto-llvm-bab065.o(.ARM.exidx.text.HAL_RCC_GetPCLK2Freq), (8 bytes).
    Removing lto-llvm-bab065.o(.ARM.exidx.text.HAL_GPIO_Init), (8 bytes).
    Removing lto-llvm-bab065.o(.ARM.exidx.text.HAL_GPIO_ReadPin), (8 bytes).
    Removing lto-llvm-bab065.o(.ARM.exidx.text.HAL_GPIO_WritePin), (8 bytes).
    Removing lto-llvm-bab065.o(.ARM.exidx.text.HAL_NVIC_SetPriorityGrouping), (8 bytes).
    Removing lto-llvm-bab065.o(.ARM.exidx.text.__NVIC_SetPriorityGrouping), (8 bytes).
    Removing lto-llvm-bab065.o(.ARM.exidx.text.HAL_NVIC_SetPriority), (8 bytes).
    Removing lto-llvm-bab065.o(.ARM.exidx.text.__NVIC_GetPriorityGrouping), (8 bytes).
    Removing lto-llvm-bab065.o(.ARM.exidx.text.NVIC_EncodePriority), (8 bytes).
    Removing lto-llvm-bab065.o(.ARM.exidx.text.__NVIC_SetPriority), (8 bytes).
    Removing lto-llvm-bab065.o(.ARM.exidx.text.HAL_SYSTICK_Config), (8 bytes).
    Removing lto-llvm-bab065.o(.ARM.exidx.text.SysTick_Config), (8 bytes).
    Removing lto-llvm-bab065.o(.ARM.exidx.text.HAL_SRAM_Init), (8 bytes).
    Removing lto-llvm-bab065.o(.ARM.exidx.text.HAL_SPI_Init), (8 bytes).
    Removing lto-llvm-bab065.o(.ARM.exidx.text.HAL_SPI_Transmit), (8 bytes).
    Removing lto-llvm-bab065.o(.ARM.exidx.text.SPI_EndRxTxTransaction), (8 bytes).
    Removing lto-llvm-bab065.o(.ARM.exidx.text.SPI_WaitFlagStateUntilTimeout), (8 bytes).
    Removing lto-llvm-bab065.o(.ARM.exidx.text.HAL_SPI_TransmitReceive), (8 bytes).
    Removing lto-llvm-bab065.o(.ARM.exidx.text.HAL_UART_Init), (8 bytes).
    Removing lto-llvm-bab065.o(.ARM.exidx.text.UART_SetConfig), (8 bytes).
    Removing lto-llvm-bab065.o(.ARM.exidx.text.SystemInit), (8 bytes).
    Removing lto-llvm-bab065.o(.ARM.use_no_argv), (4 bytes).

85 unused section(s) (total 668 bytes) removed from the image.

==============================================================================

Image Symbol Table

    Local Symbols

    Symbol Name                              Value     Ov Type        Size  Object(Section)

    ../clib/angel/boardlib.s                 0x00000000   Number         0  boardinit1.o ABSOLUTE
    ../clib/angel/boardlib.s                 0x00000000   Number         0  boardinit2.o ABSOLUTE
    ../clib/angel/boardlib.s                 0x00000000   Number         0  boardinit3.o ABSOLUTE
    ../clib/angel/boardlib.s                 0x00000000   Number         0  boardshut.o ABSOLUTE
    ../clib/angel/handlers.s                 0x00000000   Number         0  __scatter_copy.o ABSOLUTE
    ../clib/angel/handlers.s                 0x00000000   Number         0  __scatter_zi.o ABSOLUTE
    ../clib/angel/kernel.s                   0x00000000   Number         0  __rtentry.o ABSOLUTE
    ../clib/angel/kernel.s                   0x00000000   Number         0  __rtentry2.o ABSOLUTE
    ../clib/angel/kernel.s                   0x00000000   Number         0  __rtentry4.o ABSOLUTE
    ../clib/angel/kernel.s                   0x00000000   Number         0  rtexit.o ABSOLUTE
    ../clib/angel/kernel.s                   0x00000000   Number         0  rtexit2.o ABSOLUTE
    ../clib/angel/rt.s                       0x00000000   Number         0  rt_raise.o ABSOLUTE
    ../clib/angel/scatter.s                  0x00000000   Number         0  __scatter.o ABSOLUTE
    ../clib/angel/startup.s                  0x00000000   Number         0  __main.o ABSOLUTE
    ../clib/angel/sys.s                      0x00000000   Number         0  sys_stackheap_outer.o ABSOLUTE
    ../clib/angel/sys.s                      0x00000000   Number         0  libspace.o ABSOLUTE
    ../clib/angel/sys.s                      0x00000000   Number         0  use_no_semi.o ABSOLUTE
    ../clib/angel/sys.s                      0x00000000   Number         0  indicate_semi.o ABSOLUTE
    ../clib/angel/sysapp.c                   0x00000000   Number         0  sys_exit.o ABSOLUTE
    ../clib/angel/sysapp.c                   0x00000000   Number         0  sys_exit_hlt.o ABSOLUTE
    ../clib/angel/sysapp.c                   0x00000000   Number         0  sys_command.o ABSOLUTE
    ../clib/angel/sysapp.c                   0x00000000   Number         0  sys_command_hlt.o ABSOLUTE
    ../clib/angel/sysapp.c                   0x00000000   Number         0  sys_wrch.o ABSOLUTE
    ../clib/angel/sysapp.c                   0x00000000   Number         0  sys_wrch_hlt.o ABSOLUTE
    ../clib/armsys.c                         0x00000000   Number         0  argv_veneer.o ABSOLUTE
    ../clib/armsys.c                         0x00000000   Number         0  argv_veneer.o ABSOLUTE
    ../clib/armsys.c                         0x00000000   Number         0  _get_argv_nomalloc.o ABSOLUTE
    ../clib/armsys.c                         0x00000000   Number         0  no_argv.o ABSOLUTE
    ../clib/heapalloc.c                      0x00000000   Number         0  hrguard.o ABSOLUTE
    ../clib/heapaux.c                        0x00000000   Number         0  heapauxi.o ABSOLUTE
    ../clib/libinit.s                        0x00000000   Number         0  libinit.o ABSOLUTE
    ../clib/libinit.s                        0x00000000   Number         0  libinit2.o ABSOLUTE
    ../clib/libinit.s                        0x00000000   Number         0  libshutdown.o ABSOLUTE
    ../clib/libinit.s                        0x00000000   Number         0  libshutdown2.o ABSOLUTE
    ../clib/memcpset.s                       0x00000000   Number         0  rt_memclr_w.o ABSOLUTE
    ../clib/signal.c                         0x00000000   Number         0  defsig_rtmem_outer.o ABSOLUTE
    ../clib/signal.c                         0x00000000   Number         0  defsig_rtmem_formal.o ABSOLUTE
    ../clib/signal.c                         0x00000000   Number         0  defsig_exit.o ABSOLUTE
    ../clib/signal.c                         0x00000000   Number         0  defsig_rtmem_inner.o ABSOLUTE
    ../clib/signal.c                         0x00000000   Number         0  __raise.o ABSOLUTE
    ../clib/signal.c                         0x00000000   Number         0  defsig_general.o ABSOLUTE
    ../clib/signal.c                         0x00000000   Number         0  defsig_abrt_inner.o ABSOLUTE
    ../clib/signal.c                         0x00000000   Number         0  defsig_fpe_inner.o ABSOLUTE
    ../clib/signal.c                         0x00000000   Number         0  defsig_rtred_inner.o ABSOLUTE
    ../clib/signal.c                         0x00000000   Number         0  defsig_stak_inner.o ABSOLUTE
    ../clib/signal.c                         0x00000000   Number         0  defsig_pvfn_inner.o ABSOLUTE
    ../clib/signal.c                         0x00000000   Number         0  defsig_cppl_inner.o ABSOLUTE
    ../clib/signal.c                         0x00000000   Number         0  defsig_segv_inner.o ABSOLUTE
    ../clib/signal.c                         0x00000000   Number         0  defsig_other.o ABSOLUTE
    ../clib/signal.s                         0x00000000   Number         0  defsig.o ABSOLUTE
    ../clib/stdlib.c                         0x00000000   Number         0  abs.o ABSOLUTE
    ../clib/stdlib.c                         0x00000000   Number         0  exit.o ABSOLUTE
    ../clib/string.c                         0x00000000   Number         0  strlen.o ABSOLUTE
    ../fplib/faddsub.s                       0x00000000   Number         0  faddsub_clz.o ABSOLUTE
    ../fplib/fdiv.s                          0x00000000   Number         0  fdiv.o ABSOLUTE
    ../fplib/ffix.s                          0x00000000   Number         0  ffix.o ABSOLUTE
    ../fplib/fflt.s                          0x00000000   Number         0  fflt_clz.o ABSOLUTE
    ../fplib/fmul.s                          0x00000000   Number         0  fmul.o ABSOLUTE
    ../fplib/fnaninf.s                       0x00000000   Number         0  fnaninf.o ABSOLUTE
    ../fplib/fpinit.s                        0x00000000   Number         0  fpinit.o ABSOLUTE
    ../fplib/fpinit_empty.s                  0x00000000   Number         0  fpinit_empty.o ABSOLUTE
    ../fplib/fretinf.s                       0x00000000   Number         0  fretinf.o ABSOLUTE
    ../fplib/usenofp.s                       0x00000000   Number         0  usenofp.o ABSOLUTE
    dc.s                                     0x00000000   Number         0  dc.o ABSOLUTE
    ld-temp.o                                0x00000000   Number         0  lto-llvm-bab065.o ABSOLUTE
    startup_stm32f103xe.s                    0x00000000   Number         0  startup_stm32f103xe.o ABSOLUTE
    RESET                                    0x08000000   Section      304  startup_stm32f103xe.o(RESET)
    !!!main                                  0x08000130   Section        8  __main.o(!!!main)
    !!!scatter                               0x08000138   Section       52  __scatter.o(!!!scatter)
    !!handler_copy                           0x0800016c   Section       26  __scatter_copy.o(!!handler_copy)
    !!handler_zi                             0x08000188   Section       28  __scatter_zi.o(!!handler_zi)
    .ARM.Collect$$libinit$$00000000          0x080001a4   Section        2  libinit.o(.ARM.Collect$$libinit$$00000000)
    .ARM.Collect$$libinit$$00000002          0x080001a6   Section        0  libinit2.o(.ARM.Collect$$libinit$$00000002)
    .ARM.Collect$$libinit$$00000004          0x080001a6   Section        0  libinit2.o(.ARM.Collect$$libinit$$00000004)
    .ARM.Collect$$libinit$$0000000A          0x080001a6   Section        0  libinit2.o(.ARM.Collect$$libinit$$0000000A)
    .ARM.Collect$$libinit$$0000000C          0x080001a6   Section        0  libinit2.o(.ARM.Collect$$libinit$$0000000C)
    .ARM.Collect$$libinit$$0000000E          0x080001a6   Section        0  libinit2.o(.ARM.Collect$$libinit$$0000000E)
    .ARM.Collect$$libinit$$00000011          0x080001a6   Section        0  libinit2.o(.ARM.Collect$$libinit$$00000011)
    .ARM.Collect$$libinit$$00000013          0x080001a6   Section        0  libinit2.o(.ARM.Collect$$libinit$$00000013)
    .ARM.Collect$$libinit$$00000015          0x080001a6   Section        0  libinit2.o(.ARM.Collect$$libinit$$00000015)
    .ARM.Collect$$libinit$$00000017          0x080001a6   Section        0  libinit2.o(.ARM.Collect$$libinit$$00000017)
    .ARM.Collect$$libinit$$00000019          0x080001a6   Section        0  libinit2.o(.ARM.Collect$$libinit$$00000019)
    .ARM.Collect$$libinit$$0000001B          0x080001a6   Section        0  libinit2.o(.ARM.Collect$$libinit$$0000001B)
    .ARM.Collect$$libinit$$0000001D          0x080001a6   Section        0  libinit2.o(.ARM.Collect$$libinit$$0000001D)
    .ARM.Collect$$libinit$$0000001F          0x080001a6   Section        0  libinit2.o(.ARM.Collect$$libinit$$0000001F)
    .ARM.Collect$$libinit$$00000021          0x080001a6   Section        0  libinit2.o(.ARM.Collect$$libinit$$00000021)
    .ARM.Collect$$libinit$$00000023          0x080001a6   Section        0  libinit2.o(.ARM.Collect$$libinit$$00000023)
    .ARM.Collect$$libinit$$00000025          0x080001a6   Section        0  libinit2.o(.ARM.Collect$$libinit$$00000025)
    .ARM.Collect$$libinit$$0000002C          0x080001a6   Section        0  libinit2.o(.ARM.Collect$$libinit$$0000002C)
    .ARM.Collect$$libinit$$0000002E          0x080001a6   Section        0  libinit2.o(.ARM.Collect$$libinit$$0000002E)
    .ARM.Collect$$libinit$$00000030          0x080001a6   Section        0  libinit2.o(.ARM.Collect$$libinit$$00000030)
    .ARM.Collect$$libinit$$00000032          0x080001a6   Section        0  libinit2.o(.ARM.Collect$$libinit$$00000032)
    .ARM.Collect$$libinit$$00000033          0x080001a6   Section        2  libinit2.o(.ARM.Collect$$libinit$$00000033)
    .ARM.Collect$$libshutdown$$00000000      0x080001a8   Section        2  libshutdown.o(.ARM.Collect$$libshutdown$$00000000)
    .ARM.Collect$$libshutdown$$00000002      0x080001aa   Section        0  libshutdown2.o(.ARM.Collect$$libshutdown$$00000002)
    .ARM.Collect$$libshutdown$$00000004      0x080001aa   Section        0  libshutdown2.o(.ARM.Collect$$libshutdown$$00000004)
    .ARM.Collect$$libshutdown$$00000007      0x080001aa   Section        0  libshutdown2.o(.ARM.Collect$$libshutdown$$00000007)
    .ARM.Collect$$libshutdown$$0000000A      0x080001aa   Section        0  libshutdown2.o(.ARM.Collect$$libshutdown$$0000000A)
    .ARM.Collect$$libshutdown$$0000000C      0x080001aa   Section        0  libshutdown2.o(.ARM.Collect$$libshutdown$$0000000C)
    .ARM.Collect$$libshutdown$$0000000F      0x080001aa   Section        0  libshutdown2.o(.ARM.Collect$$libshutdown$$0000000F)
    .ARM.Collect$$libshutdown$$00000010      0x080001aa   Section        2  libshutdown2.o(.ARM.Collect$$libshutdown$$00000010)
    .ARM.Collect$$rtentry$$00000000          0x080001ac   Section        0  __rtentry.o(.ARM.Collect$$rtentry$$00000000)
    .ARM.Collect$$rtentry$$00000002          0x080001ac   Section        0  __rtentry2.o(.ARM.Collect$$rtentry$$00000002)
    .ARM.Collect$$rtentry$$00000004          0x080001ac   Section        6  __rtentry4.o(.ARM.Collect$$rtentry$$00000004)
    .ARM.Collect$$rtentry$$00000009          0x080001b2   Section        0  __rtentry2.o(.ARM.Collect$$rtentry$$00000009)
    .ARM.Collect$$rtentry$$0000000A          0x080001b2   Section        4  __rtentry2.o(.ARM.Collect$$rtentry$$0000000A)
    .ARM.Collect$$rtentry$$0000000C          0x080001b6   Section        0  __rtentry2.o(.ARM.Collect$$rtentry$$0000000C)
    .ARM.Collect$$rtentry$$0000000D          0x080001b6   Section        8  __rtentry2.o(.ARM.Collect$$rtentry$$0000000D)
    .ARM.Collect$$rtexit$$00000000           0x080001be   Section        2  rtexit.o(.ARM.Collect$$rtexit$$00000000)
    .ARM.Collect$$rtexit$$00000002           0x080001c0   Section        0  rtexit2.o(.ARM.Collect$$rtexit$$00000002)
    .ARM.Collect$$rtexit$$00000003           0x080001c0   Section        4  rtexit2.o(.ARM.Collect$$rtexit$$00000003)
    .ARM.Collect$$rtexit$$00000004           0x080001c4   Section        6  rtexit2.o(.ARM.Collect$$rtexit$$00000004)
    .text                                    0x080001cc   Section       64  startup_stm32f103xe.o(.text)
    .text                                    0x0800020c   Section        0  abs.o(.text)
    .text                                    0x08000214   Section        0  strlen.o(.text)
    .text                                    0x08000252   Section        0  heapauxi.o(.text)
    .text                                    0x08000258   Section       74  sys_stackheap_outer.o(.text)
    .text                                    0x080002a2   Section        0  exit.o(.text)
    .text                                    0x080002b4   Section        8  libspace.o(.text)
    .text                                    0x080002bc   Section        0  sys_exit.o(.text)
    .text                                    0x080002c8   Section        2  use_no_semi.o(.text)
    .text                                    0x080002ca   Section        0  indicate_semi.o(.text)
    .text                                    0x080002ca   Section       78  rt_memclr_w.o(.text)
    [Anonymous Symbol]                       0x08000318   Section        0  lto-llvm-bab065.o(.text.BusFault_Handler)
    [Anonymous Symbol]                       0x0800031c   Section        0  lto-llvm-bab065.o(.text.DebugMon_Handler)
    Error_Handler                            0x08000321   Thumb Code    14  lto-llvm-bab065.o(.text.Error_Handler)
    [Anonymous Symbol]                       0x08000320   Section        0  lto-llvm-bab065.o(.text.Error_Handler)
    FSMC_NORSRAM_Extended_Timing_Init        0x08000331   Thumb Code   100  lto-llvm-bab065.o(.text.FSMC_NORSRAM_Extended_Timing_Init)
    [Anonymous Symbol]                       0x08000330   Section        0  lto-llvm-bab065.o(.text.FSMC_NORSRAM_Extended_Timing_Init)
    FSMC_NORSRAM_Init                        0x08000395   Thumb Code   184  lto-llvm-bab065.o(.text.FSMC_NORSRAM_Init)
    [Anonymous Symbol]                       0x08000394   Section        0  lto-llvm-bab065.o(.text.FSMC_NORSRAM_Init)
    FSMC_NORSRAM_Timing_Init                 0x0800044d   Thumb Code    92  lto-llvm-bab065.o(.text.FSMC_NORSRAM_Timing_Init)
    [Anonymous Symbol]                       0x0800044c   Section        0  lto-llvm-bab065.o(.text.FSMC_NORSRAM_Timing_Init)
    H24_RGB565                               0x080004a9   Thumb Code   124  lto-llvm-bab065.o(.text.H24_RGB565)
    [Anonymous Symbol]                       0x080004a8   Section        0  lto-llvm-bab065.o(.text.H24_RGB565)
    HAL_Delay                                0x08000525   Thumb Code    56  lto-llvm-bab065.o(.text.HAL_Delay)
    [Anonymous Symbol]                       0x08000524   Section        0  lto-llvm-bab065.o(.text.HAL_Delay)
    HAL_FSMC_MspInit                         0x0800055d   Thumb Code   132  lto-llvm-bab065.o(.text.HAL_FSMC_MspInit)
    [Anonymous Symbol]                       0x0800055c   Section        0  lto-llvm-bab065.o(.text.HAL_FSMC_MspInit)
    HAL_GPIO_Init                            0x080005e1   Thumb Code   800  lto-llvm-bab065.o(.text.HAL_GPIO_Init)
    [Anonymous Symbol]                       0x080005e0   Section        0  lto-llvm-bab065.o(.text.HAL_GPIO_Init)
    HAL_GPIO_ReadPin                         0x08000901   Thumb Code    56  lto-llvm-bab065.o(.text.HAL_GPIO_ReadPin)
    [Anonymous Symbol]                       0x08000900   Section        0  lto-llvm-bab065.o(.text.HAL_GPIO_ReadPin)
    HAL_GPIO_WritePin                        0x08000939   Thumb Code    54  lto-llvm-bab065.o(.text.HAL_GPIO_WritePin)
    [Anonymous Symbol]                       0x08000938   Section        0  lto-llvm-bab065.o(.text.HAL_GPIO_WritePin)
    HAL_GetTick                              0x08000971   Thumb Code    12  lto-llvm-bab065.o(.text.HAL_GetTick)
    [Anonymous Symbol]                       0x08000970   Section        0  lto-llvm-bab065.o(.text.HAL_GetTick)
    HAL_IncTick                              0x0800097d   Thumb Code    16  lto-llvm-bab065.o(.text.HAL_IncTick)
    [Anonymous Symbol]                       0x0800097c   Section        0  lto-llvm-bab065.o(.text.HAL_IncTick)
    HAL_Init                                 0x0800098d   Thumb Code    34  lto-llvm-bab065.o(.text.HAL_Init)
    [Anonymous Symbol]                       0x0800098c   Section        0  lto-llvm-bab065.o(.text.HAL_Init)
    HAL_InitTick                             0x080009b1   Thumb Code    94  lto-llvm-bab065.o(.text.HAL_InitTick)
    [Anonymous Symbol]                       0x080009b0   Section        0  lto-llvm-bab065.o(.text.HAL_InitTick)
    HAL_MspInit                              0x08000a11   Thumb Code   100  lto-llvm-bab065.o(.text.HAL_MspInit)
    [Anonymous Symbol]                       0x08000a10   Section        0  lto-llvm-bab065.o(.text.HAL_MspInit)
    HAL_NVIC_SetPriority                     0x08000a75   Thumb Code    50  lto-llvm-bab065.o(.text.HAL_NVIC_SetPriority)
    [Anonymous Symbol]                       0x08000a74   Section        0  lto-llvm-bab065.o(.text.HAL_NVIC_SetPriority)
    HAL_NVIC_SetPriorityGrouping             0x08000aa9   Thumb Code    18  lto-llvm-bab065.o(.text.HAL_NVIC_SetPriorityGrouping)
    [Anonymous Symbol]                       0x08000aa8   Section        0  lto-llvm-bab065.o(.text.HAL_NVIC_SetPriorityGrouping)
    HAL_RCC_ClockConfig                      0x08000abd   Thumb Code   600  lto-llvm-bab065.o(.text.HAL_RCC_ClockConfig)
    [Anonymous Symbol]                       0x08000abc   Section        0  lto-llvm-bab065.o(.text.HAL_RCC_ClockConfig)
    HAL_RCC_GetHCLKFreq                      0x08000d15   Thumb Code    12  lto-llvm-bab065.o(.text.HAL_RCC_GetHCLKFreq)
    [Anonymous Symbol]                       0x08000d14   Section        0  lto-llvm-bab065.o(.text.HAL_RCC_GetHCLKFreq)
    HAL_RCC_GetPCLK1Freq                     0x08000d21   Thumb Code    34  lto-llvm-bab065.o(.text.HAL_RCC_GetPCLK1Freq)
    [Anonymous Symbol]                       0x08000d20   Section        0  lto-llvm-bab065.o(.text.HAL_RCC_GetPCLK1Freq)
    HAL_RCC_GetPCLK2Freq                     0x08000d45   Thumb Code    34  lto-llvm-bab065.o(.text.HAL_RCC_GetPCLK2Freq)
    [Anonymous Symbol]                       0x08000d44   Section        0  lto-llvm-bab065.o(.text.HAL_RCC_GetPCLK2Freq)
    HAL_RCC_GetSysClockFreq                  0x08000d69   Thumb Code   220  lto-llvm-bab065.o(.text.HAL_RCC_GetSysClockFreq)
    [Anonymous Symbol]                       0x08000d68   Section        0  lto-llvm-bab065.o(.text.HAL_RCC_GetSysClockFreq)
    HAL_RCC_OscConfig                        0x08000e45   Thumb Code  1656  lto-llvm-bab065.o(.text.HAL_RCC_OscConfig)
    [Anonymous Symbol]                       0x08000e44   Section        0  lto-llvm-bab065.o(.text.HAL_RCC_OscConfig)
    HAL_SPI_Init                             0x080014bd   Thumb Code   256  lto-llvm-bab065.o(.text.HAL_SPI_Init)
    [Anonymous Symbol]                       0x080014bc   Section        0  lto-llvm-bab065.o(.text.HAL_SPI_Init)
    HAL_SPI_MspInit                          0x080015bd   Thumb Code   148  lto-llvm-bab065.o(.text.HAL_SPI_MspInit)
    [Anonymous Symbol]                       0x080015bc   Section        0  lto-llvm-bab065.o(.text.HAL_SPI_MspInit)
    HAL_SPI_Transmit                         0x08001651   Thumb Code   654  lto-llvm-bab065.o(.text.HAL_SPI_Transmit)
    [Anonymous Symbol]                       0x08001650   Section        0  lto-llvm-bab065.o(.text.HAL_SPI_Transmit)
    HAL_SPI_TransmitReceive                  0x080018e1   Thumb Code   864  lto-llvm-bab065.o(.text.HAL_SPI_TransmitReceive)
    [Anonymous Symbol]                       0x080018e0   Section        0  lto-llvm-bab065.o(.text.HAL_SPI_TransmitReceive)
    HAL_SRAM_Init                            0x08001c41   Thumb Code   148  lto-llvm-bab065.o(.text.HAL_SRAM_Init)
    [Anonymous Symbol]                       0x08001c40   Section        0  lto-llvm-bab065.o(.text.HAL_SRAM_Init)
    HAL_SRAM_MspInit                         0x08001cd5   Thumb Code    14  lto-llvm-bab065.o(.text.HAL_SRAM_MspInit)
    [Anonymous Symbol]                       0x08001cd4   Section        0  lto-llvm-bab065.o(.text.HAL_SRAM_MspInit)
    HAL_SYSTICK_Config                       0x08001ce5   Thumb Code    16  lto-llvm-bab065.o(.text.HAL_SYSTICK_Config)
    [Anonymous Symbol]                       0x08001ce4   Section        0  lto-llvm-bab065.o(.text.HAL_SYSTICK_Config)
    HAL_UART_Init                            0x08001cf5   Thumb Code   162  lto-llvm-bab065.o(.text.HAL_UART_Init)
    [Anonymous Symbol]                       0x08001cf4   Section        0  lto-llvm-bab065.o(.text.HAL_UART_Init)
    HAL_UART_MspInit                         0x08001d99   Thumb Code   152  lto-llvm-bab065.o(.text.HAL_UART_MspInit)
    [Anonymous Symbol]                       0x08001d98   Section        0  lto-llvm-bab065.o(.text.HAL_UART_MspInit)
    [Anonymous Symbol]                       0x08001e30   Section        0  lto-llvm-bab065.o(.text.HardFault_Handler)
    LCD_Char                                 0x08001e35   Thumb Code   372  lto-llvm-bab065.o(.text.LCD_Char)
    [Anonymous Symbol]                       0x08001e34   Section        0  lto-llvm-bab065.o(.text.LCD_Char)
    LCD_Circle                               0x08001fa9   Thumb Code   504  lto-llvm-bab065.o(.text.LCD_Circle)
    [Anonymous Symbol]                       0x08001fa8   Section        0  lto-llvm-bab065.o(.text.LCD_Circle)
    LCD_Circle_Fill_Helper                   0x080021a1   Thumb Code   402  lto-llvm-bab065.o(.text.LCD_Circle_Fill_Helper)
    [Anonymous Symbol]                       0x080021a0   Section        0  lto-llvm-bab065.o(.text.LCD_Circle_Fill_Helper)
    LCD_Circle_Helper                        0x08002335   Thumb Code   538  lto-llvm-bab065.o(.text.LCD_Circle_Helper)
    [Anonymous Symbol]                       0x08002334   Section        0  lto-llvm-bab065.o(.text.LCD_Circle_Helper)
    LCD_Ellipse                              0x08002551   Thumb Code  1134  lto-llvm-bab065.o(.text.LCD_Ellipse)
    [Anonymous Symbol]                       0x08002550   Section        0  lto-llvm-bab065.o(.text.LCD_Ellipse)
    LCD_Font                                 0x080029c1   Thumb Code   264  lto-llvm-bab065.o(.text.LCD_Font)
    [Anonymous Symbol]                       0x080029c0   Section        0  lto-llvm-bab065.o(.text.LCD_Font)
    LCD_Init                                 0x08002ac9   Thumb Code   162  lto-llvm-bab065.o(.text.LCD_Init)
    [Anonymous Symbol]                       0x08002ac8   Section        0  lto-llvm-bab065.o(.text.LCD_Init)
    LCD_Line                                 0x08002b6d   Thumb Code   248  lto-llvm-bab065.o(.text.LCD_Line)
    [Anonymous Symbol]                       0x08002b6c   Section        0  lto-llvm-bab065.o(.text.LCD_Line)
    LCD_Pixel                                0x08002c65   Thumb Code    44  lto-llvm-bab065.o(.text.LCD_Pixel)
    [Anonymous Symbol]                       0x08002c64   Section        0  lto-llvm-bab065.o(.text.LCD_Pixel)
    LCD_Rect                                 0x08002c91   Thumb Code   194  lto-llvm-bab065.o(.text.LCD_Rect)
    [Anonymous Symbol]                       0x08002c90   Section        0  lto-llvm-bab065.o(.text.LCD_Rect)
    LCD_Rect_Fill                            0x08002d55   Thumb Code   130  lto-llvm-bab065.o(.text.LCD_Rect_Fill)
    [Anonymous Symbol]                       0x08002d54   Section        0  lto-llvm-bab065.o(.text.LCD_Rect_Fill)
    LCD_Rect_Round                           0x08002dd9   Thumb Code   480  lto-llvm-bab065.o(.text.LCD_Rect_Round)
    [Anonymous Symbol]                       0x08002dd8   Section        0  lto-llvm-bab065.o(.text.LCD_Rect_Round)
    LCD_Rect_Round_Fill                      0x08002fb9   Thumb Code   190  lto-llvm-bab065.o(.text.LCD_Rect_Round_Fill)
    [Anonymous Symbol]                       0x08002fb8   Section        0  lto-llvm-bab065.o(.text.LCD_Rect_Round_Fill)
    LCD_Send_Cmd                             0x08003079   Thumb Code    22  lto-llvm-bab065.o(.text.LCD_Send_Cmd)
    [Anonymous Symbol]                       0x08003078   Section        0  lto-llvm-bab065.o(.text.LCD_Send_Cmd)
    LCD_Send_Dat                             0x08003091   Thumb Code    22  lto-llvm-bab065.o(.text.LCD_Send_Dat)
    [Anonymous Symbol]                       0x08003090   Section        0  lto-llvm-bab065.o(.text.LCD_Send_Dat)
    LCD_Send_Reg                             0x080030a9   Thumb Code    36  lto-llvm-bab065.o(.text.LCD_Send_Reg)
    [Anonymous Symbol]                       0x080030a8   Section        0  lto-llvm-bab065.o(.text.LCD_Send_Reg)
    LCD_SetCursor                            0x080030cd   Thumb Code    36  lto-llvm-bab065.o(.text.LCD_SetCursor)
    [Anonymous Symbol]                       0x080030cc   Section        0  lto-llvm-bab065.o(.text.LCD_SetCursor)
    LCD_Triangle                             0x080030f1   Thumb Code   158  lto-llvm-bab065.o(.text.LCD_Triangle)
    [Anonymous Symbol]                       0x080030f0   Section        0  lto-llvm-bab065.o(.text.LCD_Triangle)
    LCD_Triangle_Fill                        0x08003191   Thumb Code   566  lto-llvm-bab065.o(.text.LCD_Triangle_Fill)
    [Anonymous Symbol]                       0x08003190   Section        0  lto-llvm-bab065.o(.text.LCD_Triangle_Fill)
    MX_FSMC_Init                             0x080033c9   Thumb Code   164  lto-llvm-bab065.o(.text.MX_FSMC_Init)
    [Anonymous Symbol]                       0x080033c8   Section        0  lto-llvm-bab065.o(.text.MX_FSMC_Init)
    MX_GPIO_Init                             0x0800346d   Thumb Code   196  lto-llvm-bab065.o(.text.MX_GPIO_Init)
    [Anonymous Symbol]                       0x0800346c   Section        0  lto-llvm-bab065.o(.text.MX_GPIO_Init)
    MX_SPI1_Init                             0x08003531   Thumb Code    70  lto-llvm-bab065.o(.text.MX_SPI1_Init)
    [Anonymous Symbol]                       0x08003530   Section        0  lto-llvm-bab065.o(.text.MX_SPI1_Init)
    MX_USART1_UART_Init                      0x08003579   Thumb Code    56  lto-llvm-bab065.o(.text.MX_USART1_UART_Init)
    [Anonymous Symbol]                       0x08003578   Section        0  lto-llvm-bab065.o(.text.MX_USART1_UART_Init)
    [Anonymous Symbol]                       0x080035b0   Section        0  lto-llvm-bab065.o(.text.MemManage_Handler)
    [Anonymous Symbol]                       0x080035b4   Section        0  lto-llvm-bab065.o(.text.NMI_Handler)
    NVIC_EncodePriority                      0x080035b9   Thumb Code    98  lto-llvm-bab065.o(.text.NVIC_EncodePriority)
    [Anonymous Symbol]                       0x080035b8   Section        0  lto-llvm-bab065.o(.text.NVIC_EncodePriority)
    [Anonymous Symbol]                       0x0800361c   Section        0  lto-llvm-bab065.o(.text.PendSV_Handler)
    RCC_Delay                                0x08003621   Thumb Code    60  lto-llvm-bab065.o(.text.RCC_Delay)
    [Anonymous Symbol]                       0x08003620   Section        0  lto-llvm-bab065.o(.text.RCC_Delay)
    SPI_EndRxTxTransaction                   0x0800365d   Thumb Code    58  lto-llvm-bab065.o(.text.SPI_EndRxTxTransaction)
    [Anonymous Symbol]                       0x0800365c   Section        0  lto-llvm-bab065.o(.text.SPI_EndRxTxTransaction)
    SPI_WaitFlagStateUntilTimeout            0x08003699   Thumb Code   294  lto-llvm-bab065.o(.text.SPI_WaitFlagStateUntilTimeout)
    [Anonymous Symbol]                       0x08003698   Section        0  lto-llvm-bab065.o(.text.SPI_WaitFlagStateUntilTimeout)
    [Anonymous Symbol]                       0x080037c0   Section        0  lto-llvm-bab065.o(.text.SVC_Handler)
    SysTick_Config                           0x080037c5   Thumb Code    82  lto-llvm-bab065.o(.text.SysTick_Config)
    [Anonymous Symbol]                       0x080037c4   Section        0  lto-llvm-bab065.o(.text.SysTick_Config)
    [Anonymous Symbol]                       0x08003818   Section        0  lto-llvm-bab065.o(.text.SysTick_Handler)
    SystemClock_Config                       0x08003821   Thumb Code   104  lto-llvm-bab065.o(.text.SystemClock_Config)
    [Anonymous Symbol]                       0x08003820   Section        0  lto-llvm-bab065.o(.text.SystemClock_Config)
    [Anonymous Symbol]                       0x08003888   Section        0  lto-llvm-bab065.o(.text.SystemInit)
    UART_SetConfig                           0x0800388d   Thumb Code   186  lto-llvm-bab065.o(.text.UART_SetConfig)
    [Anonymous Symbol]                       0x0800388c   Section        0  lto-llvm-bab065.o(.text.UART_SetConfig)
    [Anonymous Symbol]                       0x08003948   Section        0  lto-llvm-bab065.o(.text.UsageFault_Handler)
    X                                        0x0800394d   Thumb Code   104  lto-llvm-bab065.o(.text.X)
    [Anonymous Symbol]                       0x0800394c   Section        0  lto-llvm-bab065.o(.text.X)
    XPT2046_Init                             0x080039b5   Thumb Code    22  lto-llvm-bab065.o(.text.XPT2046_Init)
    [Anonymous Symbol]                       0x080039b4   Section        0  lto-llvm-bab065.o(.text.XPT2046_Init)
    Y                                        0x080039cd   Thumb Code    96  lto-llvm-bab065.o(.text.Y)
    [Anonymous Symbol]                       0x080039cc   Section        0  lto-llvm-bab065.o(.text.Y)
    __NVIC_GetPriorityGrouping               0x08003a2d   Thumb Code    16  lto-llvm-bab065.o(.text.__NVIC_GetPriorityGrouping)
    [Anonymous Symbol]                       0x08003a2c   Section        0  lto-llvm-bab065.o(.text.__NVIC_GetPriorityGrouping)
    __NVIC_SetPriority                       0x08003a3d   Thumb Code    66  lto-llvm-bab065.o(.text.__NVIC_SetPriority)
    [Anonymous Symbol]                       0x08003a3c   Section        0  lto-llvm-bab065.o(.text.__NVIC_SetPriority)
    __NVIC_SetPriorityGrouping               0x08003a81   Thumb Code    60  lto-llvm-bab065.o(.text.__NVIC_SetPriorityGrouping)
    [Anonymous Symbol]                       0x08003a80   Section        0  lto-llvm-bab065.o(.text.__NVIC_SetPriorityGrouping)
    getRaw                                   0x08003abd   Thumb Code    90  lto-llvm-bab065.o(.text.getRaw)
    [Anonymous Symbol]                       0x08003abc   Section        0  lto-llvm-bab065.o(.text.getRaw)
    getX                                     0x08003b19   Thumb Code    58  lto-llvm-bab065.o(.text.getX)
    [Anonymous Symbol]                       0x08003b18   Section        0  lto-llvm-bab065.o(.text.getX)
    getY                                     0x08003b55   Thumb Code    58  lto-llvm-bab065.o(.text.getY)
    [Anonymous Symbol]                       0x08003b54   Section        0  lto-llvm-bab065.o(.text.getY)
    [Anonymous Symbol]                       0x08003b90   Section        0  lto-llvm-bab065.o(.text.main)
    remap                                    0x08003ed1   Thumb Code    74  lto-llvm-bab065.o(.text.remap)
    [Anonymous Symbol]                       0x08003ed0   Section        0  lto-llvm-bab065.o(.text.remap)
    x$fpl$fadd                               0x08003f1c   Section      196  faddsub_clz.o(x$fpl$fadd)
    _fadd1                                   0x08003f2b   Thumb Code     0  faddsub_clz.o(x$fpl$fadd)
    _fdiv1                                   0x08003fe1   Thumb Code     0  fdiv.o(x$fpl$fdiv)
    x$fpl$fdiv                               0x08003fe0   Section      388  fdiv.o(x$fpl$fdiv)
    x$fpl$ffix                               0x08004164   Section       54  ffix.o(x$fpl$ffix)
    x$fpl$ffltu                              0x0800419c   Section       38  fflt_clz.o(x$fpl$ffltu)
    x$fpl$fmul                               0x080041c4   Section      258  fmul.o(x$fpl$fmul)
    x$fpl$fnaninf                            0x080042c6   Section      140  fnaninf.o(x$fpl$fnaninf)
    x$fpl$fretinf                            0x08004352   Section       10  fretinf.o(x$fpl$fretinf)
    x$fpl$fsub                               0x0800435c   Section      234  faddsub_clz.o(x$fpl$fsub)
    _fsub1                                   0x0800436b   Thumb Code     0  faddsub_clz.o(x$fpl$fsub)
    x$fpl$usenofp                            0x08004446   Section        0  usenofp.o(x$fpl$usenofp)
    Font_3_TomThumb_ExtendedBitmaps          0x08004448   Data         418  lto-llvm-bab065.o(.rodata)
    [Anonymous Symbol]                       0x08004448   Section        0  lto-llvm-bab065.o(.rodata)
    Font_3_TomThumb_ExtendedGlyphs           0x080045ea   Data         760  lto-llvm-bab065.o(.rodata)
    Font_3_TomThumb_Extended                 0x080048e4   Data          12  lto-llvm-bab065.o(.rodata)
    Font_5_OrgBitmaps                        0x080048f0   Data         271  lto-llvm-bab065.o(.rodata)
    Font_5_OrgGlyphs                         0x08004a00   Data         760  lto-llvm-bab065.o(.rodata)
    Font_5_Org                               0x08004cf8   Data          12  lto-llvm-bab065.o(.rodata)
    Font_8_DefaultBitmaps                    0x08004d04   Data         414  lto-llvm-bab065.o(.rodata)
    Font_8_DefaultGlyphs                     0x08004ea2   Data         760  lto-llvm-bab065.o(.rodata)
    Font_8_Default                           0x0800519c   Data          12  lto-llvm-bab065.o(.rodata)
    Font_9_Serif_BoldBitmaps                 0x080051a8   Data        1162  lto-llvm-bab065.o(.rodata)
    Font_9_Serif_BoldGlyphs                  0x08005632   Data         760  lto-llvm-bab065.o(.rodata)
    Font_9_Serif_Bold                        0x0800592c   Data          12  lto-llvm-bab065.o(.rodata)
    Font_32_Segment_7_Num_PlusBitmaps        0x08005938   Data        1395  lto-llvm-bab065.o(.rodata)
    Font_32_Segment_7_Num_PlusGlyphs         0x08005eac   Data         104  lto-llvm-bab065.o(.rodata)
    Font_32_Segment_7_Num_Plus               0x08005f14   Data          12  lto-llvm-bab065.o(.rodata)
    [Anonymous Symbol]                       0x08005f22   Section        0  lto-llvm-bab065.o(.rodata.cst16)
    AHBPrescTable                            0x08005f32   Data          16  lto-llvm-bab065.o(.rodata.cst16)
    .L__const.getY.y                         0x08005f42   Data           4  lto-llvm-bab065.o(.rodata.cst4)
    APBPrescTable                            0x08005f46   Data           8  lto-llvm-bab065.o(.rodata.cst8)
    [Anonymous Symbol]                       0x08005f46   Section        0  lto-llvm-bab065.o(.rodata.cst8)
    .L.str                                   0x08005f4e   Data          36  lto-llvm-bab065.o(.rodata.str1.1)
    [Anonymous Symbol]                       0x08005f4e   Section        0  lto-llvm-bab065.o(.rodata.str1.1)
    .L.str.3                                 0x08005f72   Data          11  lto-llvm-bab065.o(.rodata.str1.1)
    .L.str.2                                 0x08005f7d   Data          11  lto-llvm-bab065.o(.rodata.str1.1)
    .L.str.1                                 0x08005f88   Data          15  lto-llvm-bab065.o(.rodata.str1.1)
    .L.str.4                                 0x08005f97   Data          24  lto-llvm-bab065.o(.rodata.str1.1)
    uwTickPrio                               0x20000000   Data           4  lto-llvm-bab065.o(.data)
    [Anonymous Symbol]                       0x20000000   Section        0  lto-llvm-bab065.o(.data)
    SystemCoreClock                          0x20000004   Data           4  lto-llvm-bab065.o(.data)
    .bss                                     0x20000008   Section       96  libspace.o(.bss)
    touchIRQ                                 0x20000068   Data           1  lto-llvm-bab065.o(.bss)
    [Anonymous Symbol]                       0x20000068   Section        0  lto-llvm-bab065.o(.bss)
    touchX                                   0x2000006a   Data           2  lto-llvm-bab065.o(.bss)
    touchY                                   0x2000006c   Data           2  lto-llvm-bab065.o(.bss)
    hspi1                                    0x20000070   Data          88  lto-llvm-bab065.o(.bss)
    huart1                                   0x200000c8   Data          68  lto-llvm-bab065.o(.bss)
    hsram1                                   0x2000010c   Data          72  lto-llvm-bab065.o(.bss)
    FSMC_Initialized                         0x20000154   Data           1  lto-llvm-bab065.o(.bss)
    uwTick                                   0x20000158   Data           4  lto-llvm-bab065.o(.bss)
    Heap_Mem                                 0x20000160   Data         512  startup_stm32f103xe.o(HEAP)
    HEAP                                     0x20000160   Section      512  startup_stm32f103xe.o(HEAP)
    Stack_Mem                                0x20000360   Data        1024  startup_stm32f103xe.o(STACK)
    STACK                                    0x20000360   Section     1024  startup_stm32f103xe.o(STACK)
    __initial_sp                             0x20000760   Data           0  startup_stm32f103xe.o(STACK)

    Global Symbols

    Symbol Name                              Value     Ov Type        Size  Object(Section)

    BuildAttributes$$THM_ISAv4$P$D$K$B$S$PE$A:L22UL41UL21$X:L11$S22US41US21$IEEE1$IW$~IW$USESV6$~STKCKD$USESV7$~SHL$OSPACE$ROPI$IEEEF$EBA8$UX$STANDARDLIB$REQ8$PRES8$EABIv2 0x00000000   Number         0  anon$$obj.o ABSOLUTE
    __fp_init_empty                          0x00000000   Number         0  fpinit_empty.o ABSOLUTE
    __ARM_exceptions_init                     - Undefined Weak Reference
    __alloca_initialize                       - Undefined Weak Reference
    __arm_preinit_                            - Undefined Weak Reference
    __cpp_initialize__aeabi_                  - Undefined Weak Reference
    __cxa_finalize                            - Undefined Weak Reference
    __rt_locale                               - Undefined Weak Reference
    __sigvec_lookup                           - Undefined Weak Reference
    _atexit_init                              - Undefined Weak Reference
    _call_atexit_fns                          - Undefined Weak Reference
    _clock_init                               - Undefined Weak Reference
    _fp_trap_init                             - Undefined Weak Reference
    _fp_trap_shutdown                         - Undefined Weak Reference
    _get_lc_collate                           - Undefined Weak Reference
    _get_lc_ctype                             - Undefined Weak Reference
    _get_lc_monetary                          - Undefined Weak Reference
    _get_lc_numeric                           - Undefined Weak Reference
    _get_lc_time                              - Undefined Weak Reference
    _getenv_init                              - Undefined Weak Reference
    _handle_redirection                       - Undefined Weak Reference
    _init_alloc                               - Undefined Weak Reference
    _init_user_alloc                          - Undefined Weak Reference
    _initio                                   - Undefined Weak Reference
    _rand_init                                - Undefined Weak Reference
    _signal_finish                            - Undefined Weak Reference
    _signal_init                              - Undefined Weak Reference
    _terminate_alloc                          - Undefined Weak Reference
    _terminate_user_alloc                     - Undefined Weak Reference
    _terminateio                              - Undefined Weak Reference
    __Vectors_Size                           0x00000130   Number         0  startup_stm32f103xe.o ABSOLUTE
    __Vectors                                0x08000000   Data           4  startup_stm32f103xe.o(RESET)
    __Vectors_End                            0x08000130   Data           0  startup_stm32f103xe.o(RESET)
    __main                                   0x08000131   Thumb Code     8  __main.o(!!!main)
    __scatterload                            0x08000139   Thumb Code     0  __scatter.o(!!!scatter)
    __scatterload_rt2                        0x08000139   Thumb Code    44  __scatter.o(!!!scatter)
    __scatterload_rt2_thumb_only             0x08000139   Thumb Code     0  __scatter.o(!!!scatter)
    __scatterload_null                       0x08000147   Thumb Code     0  __scatter.o(!!!scatter)
    __scatterload_copy                       0x0800016d   Thumb Code    26  __scatter_copy.o(!!handler_copy)
    __scatterload_zeroinit                   0x08000189   Thumb Code    28  __scatter_zi.o(!!handler_zi)
    __rt_lib_init                            0x080001a5   Thumb Code     0  libinit.o(.ARM.Collect$$libinit$$00000000)
    __rt_lib_init_alloca_1                   0x080001a7   Thumb Code     0  libinit2.o(.ARM.Collect$$libinit$$0000002E)
    __rt_lib_init_argv_1                     0x080001a7   Thumb Code     0  libinit2.o(.ARM.Collect$$libinit$$0000002C)
    __rt_lib_init_atexit_1                   0x080001a7   Thumb Code     0  libinit2.o(.ARM.Collect$$libinit$$0000001B)
    __rt_lib_init_clock_1                    0x080001a7   Thumb Code     0  libinit2.o(.ARM.Collect$$libinit$$00000021)
    __rt_lib_init_cpp_1                      0x080001a7   Thumb Code     0  libinit2.o(.ARM.Collect$$libinit$$00000032)
    __rt_lib_init_exceptions_1               0x080001a7   Thumb Code     0  libinit2.o(.ARM.Collect$$libinit$$00000030)
    __rt_lib_init_fp_1                       0x080001a7   Thumb Code     0  libinit2.o(.ARM.Collect$$libinit$$00000002)
    __rt_lib_init_fp_trap_1                  0x080001a7   Thumb Code     0  libinit2.o(.ARM.Collect$$libinit$$0000001F)
    __rt_lib_init_getenv_1                   0x080001a7   Thumb Code     0  libinit2.o(.ARM.Collect$$libinit$$00000023)
    __rt_lib_init_heap_1                     0x080001a7   Thumb Code     0  libinit2.o(.ARM.Collect$$libinit$$0000000A)
    __rt_lib_init_lc_collate_1               0x080001a7   Thumb Code     0  libinit2.o(.ARM.Collect$$libinit$$00000011)
    __rt_lib_init_lc_ctype_1                 0x080001a7   Thumb Code     0  libinit2.o(.ARM.Collect$$libinit$$00000013)
    __rt_lib_init_lc_monetary_1              0x080001a7   Thumb Code     0  libinit2.o(.ARM.Collect$$libinit$$00000015)
    __rt_lib_init_lc_numeric_1               0x080001a7   Thumb Code     0  libinit2.o(.ARM.Collect$$libinit$$00000017)
    __rt_lib_init_lc_time_1                  0x080001a7   Thumb Code     0  libinit2.o(.ARM.Collect$$libinit$$00000019)
    __rt_lib_init_preinit_1                  0x080001a7   Thumb Code     0  libinit2.o(.ARM.Collect$$libinit$$00000004)
    __rt_lib_init_rand_1                     0x080001a7   Thumb Code     0  libinit2.o(.ARM.Collect$$libinit$$0000000E)
    __rt_lib_init_return                     0x080001a7   Thumb Code     0  libinit2.o(.ARM.Collect$$libinit$$00000033)
    __rt_lib_init_signal_1                   0x080001a7   Thumb Code     0  libinit2.o(.ARM.Collect$$libinit$$0000001D)
    __rt_lib_init_stdio_1                    0x080001a7   Thumb Code     0  libinit2.o(.ARM.Collect$$libinit$$00000025)
    __rt_lib_init_user_alloc_1               0x080001a7   Thumb Code     0  libinit2.o(.ARM.Collect$$libinit$$0000000C)
    __rt_lib_shutdown                        0x080001a9   Thumb Code     0  libshutdown.o(.ARM.Collect$$libshutdown$$00000000)
    __rt_lib_shutdown_cpp_1                  0x080001ab   Thumb Code     0  libshutdown2.o(.ARM.Collect$$libshutdown$$00000002)
    __rt_lib_shutdown_fp_trap_1              0x080001ab   Thumb Code     0  libshutdown2.o(.ARM.Collect$$libshutdown$$00000007)
    __rt_lib_shutdown_heap_1                 0x080001ab   Thumb Code     0  libshutdown2.o(.ARM.Collect$$libshutdown$$0000000F)
    __rt_lib_shutdown_return                 0x080001ab   Thumb Code     0  libshutdown2.o(.ARM.Collect$$libshutdown$$00000010)
    __rt_lib_shutdown_signal_1               0x080001ab   Thumb Code     0  libshutdown2.o(.ARM.Collect$$libshutdown$$0000000A)
    __rt_lib_shutdown_stdio_1                0x080001ab   Thumb Code     0  libshutdown2.o(.ARM.Collect$$libshutdown$$00000004)
    __rt_lib_shutdown_user_alloc_1           0x080001ab   Thumb Code     0  libshutdown2.o(.ARM.Collect$$libshutdown$$0000000C)
    __rt_entry                               0x080001ad   Thumb Code     0  __rtentry.o(.ARM.Collect$$rtentry$$00000000)
    __rt_entry_presh_1                       0x080001ad   Thumb Code     0  __rtentry2.o(.ARM.Collect$$rtentry$$00000002)
    __rt_entry_sh                            0x080001ad   Thumb Code     0  __rtentry4.o(.ARM.Collect$$rtentry$$00000004)
    __rt_entry_li                            0x080001b3   Thumb Code     0  __rtentry2.o(.ARM.Collect$$rtentry$$0000000A)
    __rt_entry_postsh_1                      0x080001b3   Thumb Code     0  __rtentry2.o(.ARM.Collect$$rtentry$$00000009)
    __rt_entry_main                          0x080001b7   Thumb Code     0  __rtentry2.o(.ARM.Collect$$rtentry$$0000000D)
    __rt_entry_postli_1                      0x080001b7   Thumb Code     0  __rtentry2.o(.ARM.Collect$$rtentry$$0000000C)
    __rt_exit                                0x080001bf   Thumb Code     0  rtexit.o(.ARM.Collect$$rtexit$$00000000)
    __rt_exit_ls                             0x080001c1   Thumb Code     0  rtexit2.o(.ARM.Collect$$rtexit$$00000003)
    __rt_exit_prels_1                        0x080001c1   Thumb Code     0  rtexit2.o(.ARM.Collect$$rtexit$$00000002)
    __rt_exit_exit                           0x080001c5   Thumb Code     0  rtexit2.o(.ARM.Collect$$rtexit$$00000004)
    Reset_Handler                            0x080001cd   Thumb Code     8  startup_stm32f103xe.o(.text)
    ADC1_2_IRQHandler                        0x080001e7   Thumb Code     0  startup_stm32f103xe.o(.text)
    ADC3_IRQHandler                          0x080001e7   Thumb Code     0  startup_stm32f103xe.o(.text)
    CAN1_RX1_IRQHandler                      0x080001e7   Thumb Code     0  startup_stm32f103xe.o(.text)
    CAN1_SCE_IRQHandler                      0x080001e7   Thumb Code     0  startup_stm32f103xe.o(.text)
    DMA1_Channel1_IRQHandler                 0x080001e7   Thumb Code     0  startup_stm32f103xe.o(.text)
    DMA1_Channel2_IRQHandler                 0x080001e7   Thumb Code     0  startup_stm32f103xe.o(.text)
    DMA1_Channel3_IRQHandler                 0x080001e7   Thumb Code     0  startup_stm32f103xe.o(.text)
    DMA1_Channel4_IRQHandler                 0x080001e7   Thumb Code     0  startup_stm32f103xe.o(.text)
    DMA1_Channel5_IRQHandler                 0x080001e7   Thumb Code     0  startup_stm32f103xe.o(.text)
    DMA1_Channel6_IRQHandler                 0x080001e7   Thumb Code     0  startup_stm32f103xe.o(.text)
    DMA1_Channel7_IRQHandler                 0x080001e7   Thumb Code     0  startup_stm32f103xe.o(.text)
    DMA2_Channel1_IRQHandler                 0x080001e7   Thumb Code     0  startup_stm32f103xe.o(.text)
    DMA2_Channel2_IRQHandler                 0x080001e7   Thumb Code     0  startup_stm32f103xe.o(.text)
    DMA2_Channel3_IRQHandler                 0x080001e7   Thumb Code     0  startup_stm32f103xe.o(.text)
    DMA2_Channel4_5_IRQHandler               0x080001e7   Thumb Code     0  startup_stm32f103xe.o(.text)
    EXTI0_IRQHandler                         0x080001e7   Thumb Code     0  startup_stm32f103xe.o(.text)
    EXTI15_10_IRQHandler                     0x080001e7   Thumb Code     0  startup_stm32f103xe.o(.text)
    EXTI1_IRQHandler                         0x080001e7   Thumb Code     0  startup_stm32f103xe.o(.text)
    EXTI2_IRQHandler                         0x080001e7   Thumb Code     0  startup_stm32f103xe.o(.text)
    EXTI3_IRQHandler                         0x080001e7   Thumb Code     0  startup_stm32f103xe.o(.text)
    EXTI4_IRQHandler                         0x080001e7   Thumb Code     0  startup_stm32f103xe.o(.text)
    EXTI9_5_IRQHandler                       0x080001e7   Thumb Code     0  startup_stm32f103xe.o(.text)
    FLASH_IRQHandler                         0x080001e7   Thumb Code     0  startup_stm32f103xe.o(.text)
    FSMC_IRQHandler                          0x080001e7   Thumb Code     0  startup_stm32f103xe.o(.text)
    I2C1_ER_IRQHandler                       0x080001e7   Thumb Code     0  startup_stm32f103xe.o(.text)
    I2C1_EV_IRQHandler                       0x080001e7   Thumb Code     0  startup_stm32f103xe.o(.text)
    I2C2_ER_IRQHandler                       0x080001e7   Thumb Code     0  startup_stm32f103xe.o(.text)
    I2C2_EV_IRQHandler                       0x080001e7   Thumb Code     0  startup_stm32f103xe.o(.text)
    PVD_IRQHandler                           0x080001e7   Thumb Code     0  startup_stm32f103xe.o(.text)
    RCC_IRQHandler                           0x080001e7   Thumb Code     0  startup_stm32f103xe.o(.text)
    RTC_Alarm_IRQHandler                     0x080001e7   Thumb Code     0  startup_stm32f103xe.o(.text)
    RTC_IRQHandler                           0x080001e7   Thumb Code     0  startup_stm32f103xe.o(.text)
    SDIO_IRQHandler                          0x080001e7   Thumb Code     0  startup_stm32f103xe.o(.text)
    SPI1_IRQHandler                          0x080001e7   Thumb Code     0  startup_stm32f103xe.o(.text)
    SPI2_IRQHandler                          0x080001e7   Thumb Code     0  startup_stm32f103xe.o(.text)
    SPI3_IRQHandler                          0x080001e7   Thumb Code     0  startup_stm32f103xe.o(.text)
    TAMPER_IRQHandler                        0x080001e7   Thumb Code     0  startup_stm32f103xe.o(.text)
    TIM1_BRK_IRQHandler                      0x080001e7   Thumb Code     0  startup_stm32f103xe.o(.text)
    TIM1_CC_IRQHandler                       0x080001e7   Thumb Code     0  startup_stm32f103xe.o(.text)
    TIM1_TRG_COM_IRQHandler                  0x080001e7   Thumb Code     0  startup_stm32f103xe.o(.text)
    TIM1_UP_IRQHandler                       0x080001e7   Thumb Code     0  startup_stm32f103xe.o(.text)
    TIM2_IRQHandler                          0x080001e7   Thumb Code     0  startup_stm32f103xe.o(.text)
    TIM3_IRQHandler                          0x080001e7   Thumb Code     0  startup_stm32f103xe.o(.text)
    TIM4_IRQHandler                          0x080001e7   Thumb Code     0  startup_stm32f103xe.o(.text)
    TIM5_IRQHandler                          0x080001e7   Thumb Code     0  startup_stm32f103xe.o(.text)
    TIM6_IRQHandler                          0x080001e7   Thumb Code     0  startup_stm32f103xe.o(.text)
    TIM7_IRQHandler                          0x080001e7   Thumb Code     0  startup_stm32f103xe.o(.text)
    TIM8_BRK_IRQHandler                      0x080001e7   Thumb Code     0  startup_stm32f103xe.o(.text)
    TIM8_CC_IRQHandler                       0x080001e7   Thumb Code     0  startup_stm32f103xe.o(.text)
    TIM8_TRG_COM_IRQHandler                  0x080001e7   Thumb Code     0  startup_stm32f103xe.o(.text)
    TIM8_UP_IRQHandler                       0x080001e7   Thumb Code     0  startup_stm32f103xe.o(.text)
    UART4_IRQHandler                         0x080001e7   Thumb Code     0  startup_stm32f103xe.o(.text)
    UART5_IRQHandler                         0x080001e7   Thumb Code     0  startup_stm32f103xe.o(.text)
    USART1_IRQHandler                        0x080001e7   Thumb Code     0  startup_stm32f103xe.o(.text)
    USART2_IRQHandler                        0x080001e7   Thumb Code     0  startup_stm32f103xe.o(.text)
    USART3_IRQHandler                        0x080001e7   Thumb Code     0  startup_stm32f103xe.o(.text)
    USBWakeUp_IRQHandler                     0x080001e7   Thumb Code     0  startup_stm32f103xe.o(.text)
    USB_HP_CAN1_TX_IRQHandler                0x080001e7   Thumb Code     0  startup_stm32f103xe.o(.text)
    USB_LP_CAN1_RX0_IRQHandler               0x080001e7   Thumb Code     0  startup_stm32f103xe.o(.text)
    WWDG_IRQHandler                          0x080001e7   Thumb Code     0  startup_stm32f103xe.o(.text)
    __user_initial_stackheap                 0x080001e9   Thumb Code     0  startup_stm32f103xe.o(.text)
    abs                                      0x0800020d   Thumb Code     8  abs.o(.text)
    strlen                                   0x08000215   Thumb Code    62  strlen.o(.text)
    __use_two_region_memory                  0x08000253   Thumb Code     2  heapauxi.o(.text)
    __rt_heap_escrow$2region                 0x08000255   Thumb Code     2  heapauxi.o(.text)
    __rt_heap_expand$2region                 0x08000257   Thumb Code     2  heapauxi.o(.text)
    __user_setup_stackheap                   0x08000259   Thumb Code    74  sys_stackheap_outer.o(.text)
    exit                                     0x080002a3   Thumb Code    18  exit.o(.text)
    __user_libspace                          0x080002b5   Thumb Code     8  libspace.o(.text)
    __user_perproc_libspace                  0x080002b5   Thumb Code     0  libspace.o(.text)
    __user_perthread_libspace                0x080002b5   Thumb Code     0  libspace.o(.text)
    _sys_exit                                0x080002bd   Thumb Code     8  sys_exit.o(.text)
    __I$use$semihosting                      0x080002c9   Thumb Code     0  use_no_semi.o(.text)
    __use_no_semihosting_swi                 0x080002c9   Thumb Code     2  use_no_semi.o(.text)
    __aeabi_memclr4                          0x080002cb   Thumb Code     0  rt_memclr_w.o(.text)
    __aeabi_memclr8                          0x080002cb   Thumb Code     0  rt_memclr_w.o(.text)
    __rt_memclr_w                            0x080002cb   Thumb Code     0  rt_memclr_w.o(.text)
    __semihosting_library_function           0x080002cb   Thumb Code     0  indicate_semi.o(.text)
    _memset_w                                0x080002cf   Thumb Code    74  rt_memclr_w.o(.text)
    BusFault_Handler                         0x08000319   Thumb Code     4  lto-llvm-bab065.o(.text.BusFault_Handler)
    DebugMon_Handler                         0x0800031d   Thumb Code     2  lto-llvm-bab065.o(.text.DebugMon_Handler)
    HardFault_Handler                        0x08001e31   Thumb Code     4  lto-llvm-bab065.o(.text.HardFault_Handler)
    MemManage_Handler                        0x080035b1   Thumb Code     4  lto-llvm-bab065.o(.text.MemManage_Handler)
    NMI_Handler                              0x080035b5   Thumb Code     4  lto-llvm-bab065.o(.text.NMI_Handler)
    PendSV_Handler                           0x0800361d   Thumb Code     2  lto-llvm-bab065.o(.text.PendSV_Handler)
    SVC_Handler                              0x080037c1   Thumb Code     2  lto-llvm-bab065.o(.text.SVC_Handler)
    SysTick_Handler                          0x08003819   Thumb Code     8  lto-llvm-bab065.o(.text.SysTick_Handler)
    SystemInit                               0x08003889   Thumb Code     2  lto-llvm-bab065.o(.text.SystemInit)
    UsageFault_Handler                       0x08003949   Thumb Code     4  lto-llvm-bab065.o(.text.UsageFault_Handler)
    main                                     0x08003b91   Thumb Code   830  lto-llvm-bab065.o(.text.main)
    __aeabi_fadd                             0x08003f1d   Thumb Code     0  faddsub_clz.o(x$fpl$fadd)
    _fadd                                    0x08003f1d   Thumb Code   196  faddsub_clz.o(x$fpl$fadd)
    __aeabi_fdiv                             0x08003fe1   Thumb Code     0  fdiv.o(x$fpl$fdiv)
    _fdiv                                    0x08003fe1   Thumb Code   384  fdiv.o(x$fpl$fdiv)
    __aeabi_f2iz                             0x08004165   Thumb Code     0  ffix.o(x$fpl$ffix)
    _ffix                                    0x08004165   Thumb Code    54  ffix.o(x$fpl$ffix)
    __aeabi_ui2f                             0x0800419d   Thumb Code     0  fflt_clz.o(x$fpl$ffltu)
    _ffltu                                   0x0800419d   Thumb Code    38  fflt_clz.o(x$fpl$ffltu)
    __aeabi_fmul                             0x080041c5   Thumb Code     0  fmul.o(x$fpl$fmul)
    _fmul                                    0x080041c5   Thumb Code   258  fmul.o(x$fpl$fmul)
    __fpl_fnaninf                            0x080042c7   Thumb Code   140  fnaninf.o(x$fpl$fnaninf)
    __fpl_fretinf                            0x08004353   Thumb Code    10  fretinf.o(x$fpl$fretinf)
    __aeabi_fsub                             0x0800435d   Thumb Code     0  faddsub_clz.o(x$fpl$fsub)
    _fsub                                    0x0800435d   Thumb Code   234  faddsub_clz.o(x$fpl$fsub)
    __I$use$fp                               0x08004446   Number         0  usenofp.o(x$fpl$usenofp)
    Region$$Table$$Base                      0x08005fb0   Number         0  anon$$obj.o(Region$$Table)
    Region$$Table$$Limit                     0x08005fd0   Number         0  anon$$obj.o(Region$$Table)
    __libspace_start                         0x20000008   Data          96  libspace.o(.bss)
    __temporary_stack_top$libspace           0x20000068   Data           0  libspace.o(.bss)



==============================================================================

Memory Map of the image

  Image Entry point : 0x08000131

  Load Region LR_IROM1 (Base: 0x08000000, Size: 0x00005fd8, Max: 0x00040000, ABSOLUTE)

    Execution Region ER_IROM1 (Exec base: 0x08000000, Load base: 0x08000000, Size: 0x00005fd0, Max: 0x00040000, ABSOLUTE)

    Exec Addr    Load Addr    Size         Type   Attr      Idx    E Section Name        Object

    0x08000000   0x08000000   0x00000130   Data   RO            3    RESET               startup_stm32f103xe.o
    0x08000130   0x08000130   0x00000008   Code   RO           41  * !!!main             c_w.l(__main.o)
    0x08000138   0x08000138   0x00000034   Code   RO          414    !!!scatter          c_w.l(__scatter.o)
    0x0800016c   0x0800016c   0x0000001a   Code   RO          416    !!handler_copy      c_w.l(__scatter_copy.o)
    0x08000186   0x08000186   0x00000002   PAD
    0x08000188   0x08000188   0x0000001c   Code   RO          418    !!handler_zi        c_w.l(__scatter_zi.o)
    0x080001a4   0x080001a4   0x00000002   Code   RO           68    .ARM.Collect$$libinit$$00000000  c_w.l(libinit.o)
    0x080001a6   0x080001a6   0x00000000   Code   RO           75    .ARM.Collect$$libinit$$00000002  c_w.l(libinit2.o)
    0x080001a6   0x080001a6   0x00000000   Code   RO           77    .ARM.Collect$$libinit$$00000004  c_w.l(libinit2.o)
    0x080001a6   0x080001a6   0x00000000   Code   RO           80    .ARM.Collect$$libinit$$0000000A  c_w.l(libinit2.o)
    0x080001a6   0x080001a6   0x00000000   Code   RO           82    .ARM.Collect$$libinit$$0000000C  c_w.l(libinit2.o)
    0x080001a6   0x080001a6   0x00000000   Code   RO           84    .ARM.Collect$$libinit$$0000000E  c_w.l(libinit2.o)
    0x080001a6   0x080001a6   0x00000000   Code   RO           87    .ARM.Collect$$libinit$$00000011  c_w.l(libinit2.o)
    0x080001a6   0x080001a6   0x00000000   Code   RO           89    .ARM.Collect$$libinit$$00000013  c_w.l(libinit2.o)
    0x080001a6   0x080001a6   0x00000000   Code   RO           91    .ARM.Collect$$libinit$$00000015  c_w.l(libinit2.o)
    0x080001a6   0x080001a6   0x00000000   Code   RO           93    .ARM.Collect$$libinit$$00000017  c_w.l(libinit2.o)
    0x080001a6   0x080001a6   0x00000000   Code   RO           95    .ARM.Collect$$libinit$$00000019  c_w.l(libinit2.o)
    0x080001a6   0x080001a6   0x00000000   Code   RO           97    .ARM.Collect$$libinit$$0000001B  c_w.l(libinit2.o)
    0x080001a6   0x080001a6   0x00000000   Code   RO           99    .ARM.Collect$$libinit$$0000001D  c_w.l(libinit2.o)
    0x080001a6   0x080001a6   0x00000000   Code   RO          101    .ARM.Collect$$libinit$$0000001F  c_w.l(libinit2.o)
    0x080001a6   0x080001a6   0x00000000   Code   RO          103    .ARM.Collect$$libinit$$00000021  c_w.l(libinit2.o)
    0x080001a6   0x080001a6   0x00000000   Code   RO          105    .ARM.Collect$$libinit$$00000023  c_w.l(libinit2.o)
    0x080001a6   0x080001a6   0x00000000   Code   RO          107    .ARM.Collect$$libinit$$00000025  c_w.l(libinit2.o)
    0x080001a6   0x080001a6   0x00000000   Code   RO          111    .ARM.Collect$$libinit$$0000002C  c_w.l(libinit2.o)
    0x080001a6   0x080001a6   0x00000000   Code   RO          113    .ARM.Collect$$libinit$$0000002E  c_w.l(libinit2.o)
    0x080001a6   0x080001a6   0x00000000   Code   RO          115    .ARM.Collect$$libinit$$00000030  c_w.l(libinit2.o)
    0x080001a6   0x080001a6   0x00000000   Code   RO          117    .ARM.Collect$$libinit$$00000032  c_w.l(libinit2.o)
    0x080001a6   0x080001a6   0x00000002   Code   RO          118    .ARM.Collect$$libinit$$00000033  c_w.l(libinit2.o)
    0x080001a8   0x080001a8   0x00000002   Code   RO          140    .ARM.Collect$$libshutdown$$00000000  c_w.l(libshutdown.o)
    0x080001aa   0x080001aa   0x00000000   Code   RO          155    .ARM.Collect$$libshutdown$$00000002  c_w.l(libshutdown2.o)
    0x080001aa   0x080001aa   0x00000000   Code   RO          157    .ARM.Collect$$libshutdown$$00000004  c_w.l(libshutdown2.o)
    0x080001aa   0x080001aa   0x00000000   Code   RO          160    .ARM.Collect$$libshutdown$$00000007  c_w.l(libshutdown2.o)
    0x080001aa   0x080001aa   0x00000000   Code   RO          163    .ARM.Collect$$libshutdown$$0000000A  c_w.l(libshutdown2.o)
    0x080001aa   0x080001aa   0x00000000   Code   RO          165    .ARM.Collect$$libshutdown$$0000000C  c_w.l(libshutdown2.o)
    0x080001aa   0x080001aa   0x00000000   Code   RO          168    .ARM.Collect$$libshutdown$$0000000F  c_w.l(libshutdown2.o)
    0x080001aa   0x080001aa   0x00000002   Code   RO          169    .ARM.Collect$$libshutdown$$00000010  c_w.l(libshutdown2.o)
    0x080001ac   0x080001ac   0x00000000   Code   RO           43    .ARM.Collect$$rtentry$$00000000  c_w.l(__rtentry.o)
    0x080001ac   0x080001ac   0x00000000   Code   RO           45    .ARM.Collect$$rtentry$$00000002  c_w.l(__rtentry2.o)
    0x080001ac   0x080001ac   0x00000006   Code   RO           57    .ARM.Collect$$rtentry$$00000004  c_w.l(__rtentry4.o)
    0x080001b2   0x080001b2   0x00000000   Code   RO           47    .ARM.Collect$$rtentry$$00000009  c_w.l(__rtentry2.o)
    0x080001b2   0x080001b2   0x00000004   Code   RO           48    .ARM.Collect$$rtentry$$0000000A  c_w.l(__rtentry2.o)
    0x080001b6   0x080001b6   0x00000000   Code   RO           50    .ARM.Collect$$rtentry$$0000000C  c_w.l(__rtentry2.o)
    0x080001b6   0x080001b6   0x00000008   Code   RO           51    .ARM.Collect$$rtentry$$0000000D  c_w.l(__rtentry2.o)
    0x080001be   0x080001be   0x00000002   Code   RO           72    .ARM.Collect$$rtexit$$00000000  c_w.l(rtexit.o)
    0x080001c0   0x080001c0   0x00000000   Code   RO          120    .ARM.Collect$$rtexit$$00000002  c_w.l(rtexit2.o)
    0x080001c0   0x080001c0   0x00000004   Code   RO          121    .ARM.Collect$$rtexit$$00000003  c_w.l(rtexit2.o)
    0x080001c4   0x080001c4   0x00000006   Code   RO          122    .ARM.Collect$$rtexit$$00000004  c_w.l(rtexit2.o)
    0x080001ca   0x080001ca   0x00000002   PAD
    0x080001cc   0x080001cc   0x00000040   Code   RO            4    .text               startup_stm32f103xe.o
    0x0800020c   0x0800020c   0x00000008   Code   RO           35    .text               c_w.l(abs.o)
    0x08000214   0x08000214   0x0000003e   Code   RO           37    .text               c_w.l(strlen.o)
    0x08000252   0x08000252   0x00000006   Code   RO           39    .text               c_w.l(heapauxi.o)
    0x08000258   0x08000258   0x0000004a   Code   RO           59    .text               c_w.l(sys_stackheap_outer.o)
    0x080002a2   0x080002a2   0x00000012   Code   RO           61    .text               c_w.l(exit.o)
    0x080002b4   0x080002b4   0x00000008   Code   RO           69    .text               c_w.l(libspace.o)
    0x080002bc   0x080002bc   0x0000000c   Code   RO          130    .text               c_w.l(sys_exit.o)
    0x080002c8   0x080002c8   0x00000002   Code   RO          145    .text               c_w.l(use_no_semi.o)
    0x080002ca   0x080002ca   0x00000000   Code   RO          147    .text               c_w.l(indicate_semi.o)
    0x080002ca   0x080002ca   0x0000004e   Code   RO          383    .text               c_w.l(rt_memclr_w.o)
    0x08000318   0x08000318   0x00000004   Code   RO          277    .text.BusFault_Handler  lto-llvm-bab065.o
    0x0800031c   0x0800031c   0x00000002   Code   RO          283    .text.DebugMon_Handler  lto-llvm-bab065.o
    0x0800031e   0x0800031e   0x00000002   PAD
    0x08000320   0x08000320   0x0000000e   Code   RO          269    .text.Error_Handler  lto-llvm-bab065.o
    0x0800032e   0x0800032e   0x00000002   PAD
    0x08000330   0x08000330   0x00000064   Code   RO          303    .text.FSMC_NORSRAM_Extended_Timing_Init  lto-llvm-bab065.o
    0x08000394   0x08000394   0x000000b8   Code   RO          299    .text.FSMC_NORSRAM_Init  lto-llvm-bab065.o
    0x0800044c   0x0800044c   0x0000005c   Code   RO          301    .text.FSMC_NORSRAM_Timing_Init  lto-llvm-bab065.o
    0x080004a8   0x080004a8   0x0000007c   Code   RO          211    .text.H24_RGB565    lto-llvm-bab065.o
    0x08000524   0x08000524   0x00000038   Code   RO          313    .text.HAL_Delay     lto-llvm-bab065.o
    0x0800055c   0x0800055c   0x00000084   Code   RO          297    .text.HAL_FSMC_MspInit  lto-llvm-bab065.o
    0x080005e0   0x080005e0   0x00000320   Code   RO          329    .text.HAL_GPIO_Init  lto-llvm-bab065.o
    0x08000900   0x08000900   0x00000038   Code   RO          331    .text.HAL_GPIO_ReadPin  lto-llvm-bab065.o
    0x08000938   0x08000938   0x00000036   Code   RO          333    .text.HAL_GPIO_WritePin  lto-llvm-bab065.o
    0x0800096e   0x0800096e   0x00000002   PAD
    0x08000970   0x08000970   0x0000000c   Code   RO          311    .text.HAL_GetTick   lto-llvm-bab065.o
    0x0800097c   0x0800097c   0x00000010   Code   RO          309    .text.HAL_IncTick   lto-llvm-bab065.o
    0x0800098c   0x0800098c   0x00000022   Code   RO          305    .text.HAL_Init      lto-llvm-bab065.o
    0x080009ae   0x080009ae   0x00000002   PAD
    0x080009b0   0x080009b0   0x0000005e   Code   RO          307    .text.HAL_InitTick  lto-llvm-bab065.o
    0x08000a0e   0x08000a0e   0x00000002   PAD
    0x08000a10   0x08000a10   0x00000064   Code   RO          289    .text.HAL_MspInit   lto-llvm-bab065.o
    0x08000a74   0x08000a74   0x00000032   Code   RO          339    .text.HAL_NVIC_SetPriority  lto-llvm-bab065.o
    0x08000aa6   0x08000aa6   0x00000002   PAD
    0x08000aa8   0x08000aa8   0x00000012   Code   RO          335    .text.HAL_NVIC_SetPriorityGrouping  lto-llvm-bab065.o
    0x08000aba   0x08000aba   0x00000002   PAD
    0x08000abc   0x08000abc   0x00000258   Code   RO          319    .text.HAL_RCC_ClockConfig  lto-llvm-bab065.o
    0x08000d14   0x08000d14   0x0000000c   Code   RO          323    .text.HAL_RCC_GetHCLKFreq  lto-llvm-bab065.o
    0x08000d20   0x08000d20   0x00000022   Code   RO          325    .text.HAL_RCC_GetPCLK1Freq  lto-llvm-bab065.o
    0x08000d42   0x08000d42   0x00000002   PAD
    0x08000d44   0x08000d44   0x00000022   Code   RO          327    .text.HAL_RCC_GetPCLK2Freq  lto-llvm-bab065.o
    0x08000d66   0x08000d66   0x00000002   PAD
    0x08000d68   0x08000d68   0x000000dc   Code   RO          321    .text.HAL_RCC_GetSysClockFreq  lto-llvm-bab065.o
    0x08000e44   0x08000e44   0x00000678   Code   RO          315    .text.HAL_RCC_OscConfig  lto-llvm-bab065.o
    0x080014bc   0x080014bc   0x00000100   Code   RO          353    .text.HAL_SPI_Init  lto-llvm-bab065.o
    0x080015bc   0x080015bc   0x00000094   Code   RO          291    .text.HAL_SPI_MspInit  lto-llvm-bab065.o
    0x08001650   0x08001650   0x0000028e   Code   RO          355    .text.HAL_SPI_Transmit  lto-llvm-bab065.o
    0x080018de   0x080018de   0x00000002   PAD
    0x080018e0   0x080018e0   0x00000360   Code   RO          361    .text.HAL_SPI_TransmitReceive  lto-llvm-bab065.o
    0x08001c40   0x08001c40   0x00000094   Code   RO          351    .text.HAL_SRAM_Init  lto-llvm-bab065.o
    0x08001cd4   0x08001cd4   0x0000000e   Code   RO          295    .text.HAL_SRAM_MspInit  lto-llvm-bab065.o
    0x08001ce2   0x08001ce2   0x00000002   PAD
    0x08001ce4   0x08001ce4   0x00000010   Code   RO          347    .text.HAL_SYSTICK_Config  lto-llvm-bab065.o
    0x08001cf4   0x08001cf4   0x000000a2   Code   RO          363    .text.HAL_UART_Init  lto-llvm-bab065.o
    0x08001d96   0x08001d96   0x00000002   PAD
    0x08001d98   0x08001d98   0x00000098   Code   RO          293    .text.HAL_UART_MspInit  lto-llvm-bab065.o
    0x08001e30   0x08001e30   0x00000004   Code   RO          273    .text.HardFault_Handler  lto-llvm-bab065.o
    0x08001e34   0x08001e34   0x00000174   Code   RO          239    .text.LCD_Char      lto-llvm-bab065.o
    0x08001fa8   0x08001fa8   0x000001f8   Code   RO          227    .text.LCD_Circle    lto-llvm-bab065.o
    0x080021a0   0x080021a0   0x00000192   Code   RO          233    .text.LCD_Circle_Fill_Helper  lto-llvm-bab065.o
    0x08002332   0x08002332   0x00000002   PAD
    0x08002334   0x08002334   0x0000021a   Code   RO          229    .text.LCD_Circle_Helper  lto-llvm-bab065.o
    0x0800254e   0x0800254e   0x00000002   PAD
    0x08002550   0x08002550   0x0000046e   Code   RO          225    .text.LCD_Ellipse   lto-llvm-bab065.o
    0x080029be   0x080029be   0x00000002   PAD
    0x080029c0   0x080029c0   0x00000108   Code   RO          237    .text.LCD_Font      lto-llvm-bab065.o
    0x08002ac8   0x08002ac8   0x000000a2   Code   RO          241    .text.LCD_Init      lto-llvm-bab065.o
    0x08002b6a   0x08002b6a   0x00000002   PAD
    0x08002b6c   0x08002b6c   0x000000f8   Code   RO          217    .text.LCD_Line      lto-llvm-bab065.o
    0x08002c64   0x08002c64   0x0000002c   Code   RO          205    .text.LCD_Pixel     lto-llvm-bab065.o
    0x08002c90   0x08002c90   0x000000c2   Code   RO          223    .text.LCD_Rect      lto-llvm-bab065.o
    0x08002d52   0x08002d52   0x00000002   PAD
    0x08002d54   0x08002d54   0x00000082   Code   RO          203    .text.LCD_Rect_Fill  lto-llvm-bab065.o
    0x08002dd6   0x08002dd6   0x00000002   PAD
    0x08002dd8   0x08002dd8   0x000001e0   Code   RO          231    .text.LCD_Rect_Round  lto-llvm-bab065.o
    0x08002fb8   0x08002fb8   0x000000be   Code   RO          235    .text.LCD_Rect_Round_Fill  lto-llvm-bab065.o
    0x08003076   0x08003076   0x00000002   PAD
    0x08003078   0x08003078   0x00000016   Code   RO          209    .text.LCD_Send_Cmd  lto-llvm-bab065.o
    0x0800308e   0x0800308e   0x00000002   PAD
    0x08003090   0x08003090   0x00000016   Code   RO          213    .text.LCD_Send_Dat  lto-llvm-bab065.o
    0x080030a6   0x080030a6   0x00000002   PAD
    0x080030a8   0x080030a8   0x00000024   Code   RO          215    .text.LCD_Send_Reg  lto-llvm-bab065.o
    0x080030cc   0x080030cc   0x00000024   Code   RO          207    .text.LCD_SetCursor  lto-llvm-bab065.o
    0x080030f0   0x080030f0   0x0000009e   Code   RO          219    .text.LCD_Triangle  lto-llvm-bab065.o
    0x0800318e   0x0800318e   0x00000002   PAD
    0x08003190   0x08003190   0x00000236   Code   RO          221    .text.LCD_Triangle_Fill  lto-llvm-bab065.o
    0x080033c6   0x080033c6   0x00000002   PAD
    0x080033c8   0x080033c8   0x000000a4   Code   RO          263    .text.MX_FSMC_Init  lto-llvm-bab065.o
    0x0800346c   0x0800346c   0x000000c4   Code   RO          261    .text.MX_GPIO_Init  lto-llvm-bab065.o
    0x08003530   0x08003530   0x00000046   Code   RO          265    .text.MX_SPI1_Init  lto-llvm-bab065.o
    0x08003576   0x08003576   0x00000002   PAD
    0x08003578   0x08003578   0x00000038   Code   RO          267    .text.MX_USART1_UART_Init  lto-llvm-bab065.o
    0x080035b0   0x080035b0   0x00000004   Code   RO          275    .text.MemManage_Handler  lto-llvm-bab065.o
    0x080035b4   0x080035b4   0x00000004   Code   RO          271    .text.NMI_Handler   lto-llvm-bab065.o
    0x080035b8   0x080035b8   0x00000062   Code   RO          343    .text.NVIC_EncodePriority  lto-llvm-bab065.o
    0x0800361a   0x0800361a   0x00000002   PAD
    0x0800361c   0x0800361c   0x00000002   Code   RO          285    .text.PendSV_Handler  lto-llvm-bab065.o
    0x0800361e   0x0800361e   0x00000002   PAD
    0x08003620   0x08003620   0x0000003c   Code   RO          317    .text.RCC_Delay     lto-llvm-bab065.o
    0x0800365c   0x0800365c   0x0000003a   Code   RO          357    .text.SPI_EndRxTxTransaction  lto-llvm-bab065.o
    0x08003696   0x08003696   0x00000002   PAD
    0x08003698   0x08003698   0x00000126   Code   RO          359    .text.SPI_WaitFlagStateUntilTimeout  lto-llvm-bab065.o
    0x080037be   0x080037be   0x00000002   PAD
    0x080037c0   0x080037c0   0x00000002   Code   RO          281    .text.SVC_Handler   lto-llvm-bab065.o
    0x080037c2   0x080037c2   0x00000002   PAD
    0x080037c4   0x080037c4   0x00000052   Code   RO          349    .text.SysTick_Config  lto-llvm-bab065.o
    0x08003816   0x08003816   0x00000002   PAD
    0x08003818   0x08003818   0x00000008   Code   RO          287    .text.SysTick_Handler  lto-llvm-bab065.o
    0x08003820   0x08003820   0x00000068   Code   RO          259    .text.SystemClock_Config  lto-llvm-bab065.o
    0x08003888   0x08003888   0x00000002   Code   RO          367    .text.SystemInit    lto-llvm-bab065.o
    0x0800388a   0x0800388a   0x00000002   PAD
    0x0800388c   0x0800388c   0x000000ba   Code   RO          365    .text.UART_SetConfig  lto-llvm-bab065.o
    0x08003946   0x08003946   0x00000002   PAD
    0x08003948   0x08003948   0x00000004   Code   RO          279    .text.UsageFault_Handler  lto-llvm-bab065.o
    0x0800394c   0x0800394c   0x00000068   Code   RO          255    .text.X             lto-llvm-bab065.o
    0x080039b4   0x080039b4   0x00000016   Code   RO          243    .text.XPT2046_Init  lto-llvm-bab065.o
    0x080039ca   0x080039ca   0x00000002   PAD
    0x080039cc   0x080039cc   0x00000060   Code   RO          249    .text.Y             lto-llvm-bab065.o
    0x08003a2c   0x08003a2c   0x00000010   Code   RO          341    .text.__NVIC_GetPriorityGrouping  lto-llvm-bab065.o
    0x08003a3c   0x08003a3c   0x00000042   Code   RO          345    .text.__NVIC_SetPriority  lto-llvm-bab065.o
    0x08003a7e   0x08003a7e   0x00000002   PAD
    0x08003a80   0x08003a80   0x0000003c   Code   RO          337    .text.__NVIC_SetPriorityGrouping  lto-llvm-bab065.o
    0x08003abc   0x08003abc   0x0000005a   Code   RO          245    .text.getRaw        lto-llvm-bab065.o
    0x08003b16   0x08003b16   0x00000002   PAD
    0x08003b18   0x08003b18   0x0000003a   Code   RO          247    .text.getX          lto-llvm-bab065.o
    0x08003b52   0x08003b52   0x00000002   PAD
    0x08003b54   0x08003b54   0x0000003a   Code   RO          253    .text.getY          lto-llvm-bab065.o
    0x08003b8e   0x08003b8e   0x00000002   PAD
    0x08003b90   0x08003b90   0x0000033e   Code   RO          257    .text.main          lto-llvm-bab065.o
    0x08003ece   0x08003ece   0x00000002   PAD
    0x08003ed0   0x08003ed0   0x0000004a   Code   RO          251    .text.remap         lto-llvm-bab065.o
    0x08003f1a   0x08003f1a   0x00000002   PAD
    0x08003f1c   0x08003f1c   0x000000c4   Code   RO          385    x$fpl$fadd          fz_ws.l(faddsub_clz.o)
    0x08003fe0   0x08003fe0   0x00000184   Code   RO          392    x$fpl$fdiv          fz_ws.l(fdiv.o)
    0x08004164   0x08004164   0x00000036   Code   RO          395    x$fpl$ffix          fz_ws.l(ffix.o)
    0x0800419a   0x0800419a   0x00000002   PAD
    0x0800419c   0x0800419c   0x00000026   Code   RO          399    x$fpl$ffltu         fz_ws.l(fflt_clz.o)
    0x080041c2   0x080041c2   0x00000002   PAD
    0x080041c4   0x080041c4   0x00000102   Code   RO          405    x$fpl$fmul          fz_ws.l(fmul.o)
    0x080042c6   0x080042c6   0x0000008c   Code   RO          407    x$fpl$fnaninf       fz_ws.l(fnaninf.o)
    0x08004352   0x08004352   0x0000000a   Code   RO          409    x$fpl$fretinf       fz_ws.l(fretinf.o)
    0x0800435c   0x0800435c   0x000000ea   Code   RO          387    x$fpl$fsub          fz_ws.l(faddsub_clz.o)
    0x08004446   0x08004446   0x00000000   Code   RO          411    x$fpl$usenofp       fz_ws.l(usenofp.o)
    0x08004446   0x08004446   0x00000002   PAD
    0x08004448   0x08004448   0x00001ada   Data   RO          370    .rodata             lto-llvm-bab065.o
    0x08005f22   0x08005f22   0x00000020   Data   RO          375    .rodata.cst16       lto-llvm-bab065.o
    0x08005f42   0x08005f42   0x00000004   Data   RO          369    .rodata.cst4        lto-llvm-bab065.o
    0x08005f46   0x08005f46   0x00000008   Data   RO          376    .rodata.cst8        lto-llvm-bab065.o
    0x08005f4e   0x08005f4e   0x00000061   Data   RO          373    .rodata.str1.1      lto-llvm-bab065.o
    0x08005faf   0x08005faf   0x00000001   PAD
    0x08005fb0   0x08005fb0   0x00000020   Data   RO          413    Region$$Table       anon$$obj.o


    Execution Region RW_IRAM1 (Exec base: 0x20000000, Load base: 0x08005fd0, Size: 0x00000760, Max: 0x0000c000, ABSOLUTE)

    Exec Addr    Load Addr    Size         Type   Attr      Idx    E Section Name        Object

    0x20000000   0x08005fd0   0x00000008   Data   RW          374    .data               lto-llvm-bab065.o
    0x20000008        -       0x00000060   Zero   RW           70    .bss                c_w.l(libspace.o)
    0x20000068        -       0x000000f4   Zero   RW          371    .bss                lto-llvm-bab065.o
    0x2000015c   0x08005fd8   0x00000004   PAD
    0x20000160        -       0x00000200   Zero   RW            2    HEAP                startup_stm32f103xe.o
    0x20000360        -       0x00000400   Zero   RW            1    STACK               startup_stm32f103xe.o


==============================================================================

Image component sizes


      Code (inc. data)   RO Data    RW Data    ZI Data      Debug   Object Name

     15286          0       7015          8        244      63488   lto-llvm-bab065.o
        64         26        304          0       1536        772   startup_stm32f103xe.o

    ----------------------------------------------------------------------
     15428         26       7352          8       1784      64260   Object Totals
         0          0         32          0          0          0   (incl. Generated)
        78          0          1          0          4          0   (incl. Padding)

    ----------------------------------------------------------------------

      Code (inc. data)   RO Data    RW Data    ZI Data      Debug   Library Member Name

         8          0          0          0          0         68   __main.o
         0          0          0          0          0          0   __rtentry.o
        12          0          0          0          0          0   __rtentry2.o
         6          0          0          0          0          0   __rtentry4.o
        52          8          0          0          0          0   __scatter.o
        26          0          0          0          0          0   __scatter_copy.o
        28          0          0          0          0          0   __scatter_zi.o
         8          0          0          0          0         68   abs.o
        18          0          0          0          0         80   exit.o
         6          0          0          0          0        152   heapauxi.o
         0          0          0          0          0          0   indicate_semi.o
         2          0          0          0          0          0   libinit.o
         2          0          0          0          0          0   libinit2.o
         2          0          0          0          0          0   libshutdown.o
         2          0          0          0          0          0   libshutdown2.o
         8          4          0          0         96         68   libspace.o
        78          0          0          0          0         80   rt_memclr_w.o
         2          0          0          0          0          0   rtexit.o
        10          0          0          0          0          0   rtexit2.o
        62          0          0          0          0         76   strlen.o
        12          4          0          0          0         68   sys_exit.o
        74          0          0          0          0         80   sys_stackheap_outer.o
         2          0          0          0          0         68   use_no_semi.o
       430          8          0          0          0        168   faddsub_clz.o
       388         76          0          0          0         96   fdiv.o
        54          4          0          0          0         84   ffix.o
        38          0          0          0          0         68   fflt_clz.o
       258          4          0          0          0         84   fmul.o
       140          4          0          0          0         84   fnaninf.o
        10          0          0          0          0         68   fretinf.o
         0          0          0          0          0          0   usenofp.o

    ----------------------------------------------------------------------
      1748        112          0          0         96       1460   Library Totals
        10          0          0          0          0          0   (incl. Padding)

    ----------------------------------------------------------------------

      Code (inc. data)   RO Data    RW Data    ZI Data      Debug   Library Name

       420         16          0          0         96        808   c_w.l
      1318         96          0          0          0        652   fz_ws.l

    ----------------------------------------------------------------------
      1748        112          0          0         96       1460   Library Totals

    ----------------------------------------------------------------------

==============================================================================


      Code (inc. data)   RO Data    RW Data    ZI Data      Debug   

     17176        138       7352          8       1880      65040   Grand Totals
     17176        138       7352          8       1880      65040   ELF Image Totals
     17176        138       7352          8          0          0   ROM Totals

==============================================================================

    Total RO  Size (Code + RO Data)                24528 (  23.95kB)
    Total RW  Size (RW Data + ZI Data)              1888 (   1.84kB)
    Total ROM Size (Code + RO Data + RW Data)      24536 (  23.96kB)

==============================================================================

