../Drivers/STM32F1xx_HAL_Driver/Src/stm32f1xx_hal_uart.c:354:19:HAL_UART_Init	16	static
../Drivers/STM32F1xx_HAL_Driver/Src/stm32f1xx_hal_uart.c:432:19:HAL_HalfDuplex_Init	16	static
../Drivers/STM32F1xx_HAL_Driver/Src/stm32f1xx_hal_uart.c:508:19:HAL_LIN_Init	16	static
../Drivers/STM32F1xx_HAL_Driver/Src/stm32f1xx_hal_uart.c:592:19:HAL_MultiProcessor_Init	24	static
../Drivers/STM32F1xx_HAL_Driver/Src/stm32f1xx_hal_uart.c:672:19:HAL_UART_DeInit	16	static
../Drivers/STM32F1xx_HAL_Driver/Src/stm32f1xx_hal_uart.c:718:13:HAL_UART_MspInit	16	static
../Drivers/STM32F1xx_HAL_Driver/Src/stm32f1xx_hal_uart.c:733:13:HAL_UART_MspDeInit	16	static
../Drivers/STM32F1xx_HAL_Driver/Src/stm32f1xx_hal_uart.c:1138:19:HAL_UART_Transmit	48	static
../Drivers/STM32F1xx_HAL_Driver/Src/stm32f1xx_hal_uart.c:1220:19:HAL_UART_Receive	48	static
../Drivers/STM32F1xx_HAL_Driver/Src/stm32f1xx_hal_uart.c:1305:19:HAL_UART_Transmit_IT	24	static
../Drivers/STM32F1xx_HAL_Driver/Src/stm32f1xx_hal_uart.c:1344:19:HAL_UART_Receive_IT	24	static
../Drivers/STM32F1xx_HAL_Driver/Src/stm32f1xx_hal_uart.c:1376:19:HAL_UART_Transmit_DMA	56	static,ignoring_inline_asm
../Drivers/STM32F1xx_HAL_Driver/Src/stm32f1xx_hal_uart.c:1438:19:HAL_UART_Receive_DMA	24	static
../Drivers/STM32F1xx_HAL_Driver/Src/stm32f1xx_hal_uart.c:1465:19:HAL_UART_DMAPause	120	static,ignoring_inline_asm
../Drivers/STM32F1xx_HAL_Driver/Src/stm32f1xx_hal_uart.c:1496:19:HAL_UART_DMAResume	120	static,ignoring_inline_asm
../Drivers/STM32F1xx_HAL_Driver/Src/stm32f1xx_hal_uart.c:1530:19:HAL_UART_DMAStop	72	static,ignoring_inline_asm
../Drivers/STM32F1xx_HAL_Driver/Src/stm32f1xx_hal_uart.c:1585:19:HAL_UARTEx_ReceiveToIdle	40	static
../Drivers/STM32F1xx_HAL_Driver/Src/stm32f1xx_hal_uart.c:1710:19:HAL_UARTEx_ReceiveToIdle_IT	56	static,ignoring_inline_asm
../Drivers/STM32F1xx_HAL_Driver/Src/stm32f1xx_hal_uart.c:1770:19:HAL_UARTEx_ReceiveToIdle_DMA	56	static,ignoring_inline_asm
../Drivers/STM32F1xx_HAL_Driver/Src/stm32f1xx_hal_uart.c:1838:29:HAL_UARTEx_GetRxEventType	16	static
../Drivers/STM32F1xx_HAL_Driver/Src/stm32f1xx_hal_uart.c:1856:19:HAL_UART_Abort	136	static,ignoring_inline_asm
../Drivers/STM32F1xx_HAL_Driver/Src/stm32f1xx_hal_uart.c:1945:19:HAL_UART_AbortTransmit	64	static,ignoring_inline_asm
../Drivers/STM32F1xx_HAL_Driver/Src/stm32f1xx_hal_uart.c:1996:19:HAL_UART_AbortReceive	112	static,ignoring_inline_asm
../Drivers/STM32F1xx_HAL_Driver/Src/stm32f1xx_hal_uart.c:2057:19:HAL_UART_Abort_IT	144	static,ignoring_inline_asm
../Drivers/STM32F1xx_HAL_Driver/Src/stm32f1xx_hal_uart.c:2192:19:HAL_UART_AbortTransmit_IT	64	static,ignoring_inline_asm
../Drivers/STM32F1xx_HAL_Driver/Src/stm32f1xx_hal_uart.c:2269:19:HAL_UART_AbortReceive_IT	112	static,ignoring_inline_asm
../Drivers/STM32F1xx_HAL_Driver/Src/stm32f1xx_hal_uart.c:2347:6:HAL_UART_IRQHandler	240	static,ignoring_inline_asm
../Drivers/STM32F1xx_HAL_Driver/Src/stm32f1xx_hal_uart.c:2589:13:HAL_UART_TxCpltCallback	16	static
../Drivers/STM32F1xx_HAL_Driver/Src/stm32f1xx_hal_uart.c:2604:13:HAL_UART_TxHalfCpltCallback	16	static
../Drivers/STM32F1xx_HAL_Driver/Src/stm32f1xx_hal_uart.c:2619:13:HAL_UART_RxCpltCallback	16	static
../Drivers/STM32F1xx_HAL_Driver/Src/stm32f1xx_hal_uart.c:2634:13:HAL_UART_RxHalfCpltCallback	16	static
../Drivers/STM32F1xx_HAL_Driver/Src/stm32f1xx_hal_uart.c:2649:13:HAL_UART_ErrorCallback	16	static
../Drivers/STM32F1xx_HAL_Driver/Src/stm32f1xx_hal_uart.c:2663:13:HAL_UART_AbortCpltCallback	16	static
../Drivers/STM32F1xx_HAL_Driver/Src/stm32f1xx_hal_uart.c:2678:13:HAL_UART_AbortTransmitCpltCallback	16	static
../Drivers/STM32F1xx_HAL_Driver/Src/stm32f1xx_hal_uart.c:2693:13:HAL_UART_AbortReceiveCpltCallback	16	static
../Drivers/STM32F1xx_HAL_Driver/Src/stm32f1xx_hal_uart.c:2710:13:HAL_UARTEx_RxEventCallback	16	static
../Drivers/STM32F1xx_HAL_Driver/Src/stm32f1xx_hal_uart.c:2750:19:HAL_LIN_SendBreak	40	static,ignoring_inline_asm
../Drivers/STM32F1xx_HAL_Driver/Src/stm32f1xx_hal_uart.c:2777:19:HAL_MultiProcessor_EnterMuteMode	40	static,ignoring_inline_asm
../Drivers/STM32F1xx_HAL_Driver/Src/stm32f1xx_hal_uart.c:2805:19:HAL_MultiProcessor_ExitMuteMode	40	static,ignoring_inline_asm
../Drivers/STM32F1xx_HAL_Driver/Src/stm32f1xx_hal_uart.c:2833:19:HAL_HalfDuplex_EnableTransmitter	24	static
../Drivers/STM32F1xx_HAL_Driver/Src/stm32f1xx_hal_uart.c:2868:19:HAL_HalfDuplex_EnableReceiver	24	static
../Drivers/STM32F1xx_HAL_Driver/Src/stm32f1xx_hal_uart.c:2925:23:HAL_UART_GetState	24	static
../Drivers/STM32F1xx_HAL_Driver/Src/stm32f1xx_hal_uart.c:2940:10:HAL_UART_GetError	16	static
../Drivers/STM32F1xx_HAL_Driver/Src/stm32f1xx_hal_uart.c:2985:13:UART_DMATransmitCplt	72	static,ignoring_inline_asm
../Drivers/STM32F1xx_HAL_Driver/Src/stm32f1xx_hal_uart.c:3020:13:UART_DMATxHalfCplt	24	static
../Drivers/STM32F1xx_HAL_Driver/Src/stm32f1xx_hal_uart.c:3039:13:UART_DMAReceiveCplt	120	static,ignoring_inline_asm
../Drivers/STM32F1xx_HAL_Driver/Src/stm32f1xx_hal_uart.c:3101:13:UART_DMARxHalfCplt	24	static
../Drivers/STM32F1xx_HAL_Driver/Src/stm32f1xx_hal_uart.c:3140:13:UART_DMAError	24	static
../Drivers/STM32F1xx_HAL_Driver/Src/stm32f1xx_hal_uart.c:3182:26:UART_WaitOnFlagUntilTimeout	72	static,ignoring_inline_asm
../Drivers/STM32F1xx_HAL_Driver/Src/stm32f1xx_hal_uart.c:3221:19:UART_Start_Receive_IT	24	static
../Drivers/STM32F1xx_HAL_Driver/Src/stm32f1xx_hal_uart.c:3256:19:UART_Start_Receive_DMA	104	static,ignoring_inline_asm
../Drivers/STM32F1xx_HAL_Driver/Src/stm32f1xx_hal_uart.c:3306:13:UART_EndTxTransfer	40	static,ignoring_inline_asm
../Drivers/STM32F1xx_HAL_Driver/Src/stm32f1xx_hal_uart.c:3320:13:UART_EndRxTransfer	88	static,ignoring_inline_asm
../Drivers/STM32F1xx_HAL_Driver/Src/stm32f1xx_hal_uart.c:3344:13:UART_DMAAbortOnError	24	static
../Drivers/STM32F1xx_HAL_Driver/Src/stm32f1xx_hal_uart.c:3368:13:UART_DMATxAbortCallback	24	static
../Drivers/STM32F1xx_HAL_Driver/Src/stm32f1xx_hal_uart.c:3414:13:UART_DMARxAbortCallback	24	static
../Drivers/STM32F1xx_HAL_Driver/Src/stm32f1xx_hal_uart.c:3460:13:UART_DMATxOnlyAbortCallback	24	static
../Drivers/STM32F1xx_HAL_Driver/Src/stm32f1xx_hal_uart.c:3488:13:UART_DMARxOnlyAbortCallback	24	static
../Drivers/STM32F1xx_HAL_Driver/Src/stm32f1xx_hal_uart.c:3514:26:UART_Transmit_IT	24	static
../Drivers/STM32F1xx_HAL_Driver/Src/stm32f1xx_hal_uart.c:3554:26:UART_EndTransmit_IT	16	static
../Drivers/STM32F1xx_HAL_Driver/Src/stm32f1xx_hal_uart.c:3579:26:UART_Receive_IT	56	static,ignoring_inline_asm
../Drivers/STM32F1xx_HAL_Driver/Src/stm32f1xx_hal_uart.c:3680:13:UART_SetConfig	24	static
