../Drivers/STM32F1xx_HAL_Driver/Src/stm32f1xx_hal_flash.c:166:19:HAL_FLASH_Program	48	static
../Drivers/STM32F1xx_HAL_Driver/Src/stm32f1xx_hal_flash.c:265:19:HAL_FLASH_Program_IT	32	static
../Drivers/STM32F1xx_HAL_Driver/Src/stm32f1xx_hal_flash.c:330:6:HAL_FLASH_IRQHandler	16	static
../Drivers/STM32F1xx_HAL_Driver/Src/stm32f1xx_hal_flash.c:604:13:HAL_FLASH_EndOfOperationCallback	16	static
../Drivers/STM32F1xx_HAL_Driver/Src/stm32f1xx_hal_flash.c:622:13:HAL_FLASH_OperationErrorCallback	16	static
../Drivers/STM32F1xx_HAL_Driver/Src/stm32f1xx_hal_flash.c:655:19:HAL_FLASH_Unlock	16	static
../Drivers/STM32F1xx_HAL_Driver/Src/stm32f1xx_hal_flash.c:693:19:HAL_FLASH_Lock	4	static
../Drivers/STM32F1xx_HAL_Driver/Src/stm32f1xx_hal_flash.c:710:19:HAL_FLASH_OB_Unlock	4	static
../Drivers/STM32F1xx_HAL_Driver/Src/stm32f1xx_hal_flash.c:730:19:HAL_FLASH_OB_Lock	4	static
../Drivers/STM32F1xx_HAL_Driver/Src/stm32f1xx_hal_flash.c:743:6:HAL_FLASH_OB_Launch	8	static
../Drivers/STM32F1xx_HAL_Driver/Src/stm32f1xx_hal_flash.c:772:10:HAL_FLASH_GetError	4	static
../Drivers/STM32F1xx_HAL_Driver/Src/stm32f1xx_hal_flash.c:795:13:FLASH_Program_HalfWord	16	static
../Drivers/STM32F1xx_HAL_Driver/Src/stm32f1xx_hal_flash.c:824:19:FLASH_WaitForLastOperation	24	static
../Drivers/STM32F1xx_HAL_Driver/Src/stm32f1xx_hal_flash.c:912:13:FLASH_SetErrorCode	16	static
