Component: ARM Compiler 5.06 update 6 (build 750) Tool: armlink [4d35ed]

==============================================================================

Section Cross References

    startup_stm32f103xe.o(RESET) refers to startup_stm32f103xe.o(STACK) for __initial_sp
    startup_stm32f103xe.o(RESET) refers to startup_stm32f103xe.o(.text) for Reset_Handler
    startup_stm32f103xe.o(RESET) refers to stm32f1xx_it.o(i.NMI_Handler) for NMI_Handler
    startup_stm32f103xe.o(RESET) refers to stm32f1xx_it.o(i.HardFault_Handler) for HardFault_Handler
    startup_stm32f103xe.o(RESET) refers to stm32f1xx_it.o(i.MemManage_Handler) for MemManage_Handler
    startup_stm32f103xe.o(RESET) refers to stm32f1xx_it.o(i.BusFault_Handler) for BusFault_Handler
    startup_stm32f103xe.o(RESET) refers to stm32f1xx_it.o(i.UsageFault_Handler) for UsageFault_Handler
    startup_stm32f103xe.o(RESET) refers to stm32f1xx_it.o(i.SVC_Handler) for SVC_Handler
    startup_stm32f103xe.o(RESET) refers to stm32f1xx_it.o(i.DebugMon_Handler) for DebugMon_Handler
    startup_stm32f103xe.o(RESET) refers to stm32f1xx_it.o(i.PendSV_Handler) for PendSV_Handler
    startup_stm32f103xe.o(RESET) refers to stm32f1xx_it.o(i.SysTick_Handler) for SysTick_Handler
    startup_stm32f103xe.o(RESET) refers to stm32f1xx_it.o(i.TIM1_BRK_IRQHandler) for TIM1_BRK_IRQHandler
    startup_stm32f103xe.o(RESET) refers to stm32f1xx_it.o(i.TIM1_UP_IRQHandler) for TIM1_UP_IRQHandler
    startup_stm32f103xe.o(.text) refers to system_stm32f1xx.o(i.SystemInit) for SystemInit
    startup_stm32f103xe.o(.text) refers to entry.o(.ARM.Collect$$$$00000000) for __main
    system_stm32f1xx.o(i.SystemCoreClockUpdate) refers to system_stm32f1xx.o(.data) for .data
    system_stm32f1xx.o(i.SystemCoreClockUpdate) refers to system_stm32f1xx.o(.constdata) for .constdata
    stm32f1xx_hal_rcc_ex.o(i.HAL_RCCEx_GetPeriphCLKFreq) refers to stm32f1xx_hal_rcc.o(i.HAL_RCC_GetPCLK2Freq) for HAL_RCC_GetPCLK2Freq
    stm32f1xx_hal_rcc_ex.o(i.HAL_RCCEx_GetPeriphCLKFreq) refers to stm32f1xx_hal_rcc.o(i.HAL_RCC_GetSysClockFreq) for HAL_RCC_GetSysClockFreq
    stm32f1xx_hal_rcc_ex.o(i.HAL_RCCEx_PeriphCLKConfig) refers to stm32f1xx_hal.o(i.HAL_GetTick) for HAL_GetTick
    stm32f1xx_hal_sram.o(i.HAL_SRAM_DeInit) refers to stm32f1xx_hal_msp.o(i.HAL_SRAM_MspDeInit) for HAL_SRAM_MspDeInit
    stm32f1xx_hal_sram.o(i.HAL_SRAM_DeInit) refers to stm32f1xx_ll_fsmc.o(i.FSMC_NORSRAM_DeInit) for FSMC_NORSRAM_DeInit
    stm32f1xx_hal_sram.o(i.HAL_SRAM_Init) refers to stm32f1xx_hal_msp.o(i.HAL_SRAM_MspInit) for HAL_SRAM_MspInit
    stm32f1xx_hal_sram.o(i.HAL_SRAM_Init) refers to stm32f1xx_ll_fsmc.o(i.FSMC_NORSRAM_Init) for FSMC_NORSRAM_Init
    stm32f1xx_hal_sram.o(i.HAL_SRAM_Init) refers to stm32f1xx_ll_fsmc.o(i.FSMC_NORSRAM_Timing_Init) for FSMC_NORSRAM_Timing_Init
    stm32f1xx_hal_sram.o(i.HAL_SRAM_Init) refers to stm32f1xx_ll_fsmc.o(i.FSMC_NORSRAM_Extended_Timing_Init) for FSMC_NORSRAM_Extended_Timing_Init
    stm32f1xx_hal_sram.o(i.HAL_SRAM_Read_DMA) refers to stm32f1xx_hal_dma.o(i.HAL_DMA_Start_IT) for HAL_DMA_Start_IT
    stm32f1xx_hal_sram.o(i.HAL_SRAM_Read_DMA) refers to stm32f1xx_hal_sram.o(i.HAL_SRAM_DMA_XferCpltCallback) for HAL_SRAM_DMA_XferCpltCallback
    stm32f1xx_hal_sram.o(i.HAL_SRAM_Read_DMA) refers to stm32f1xx_hal_sram.o(i.HAL_SRAM_DMA_XferErrorCallback) for HAL_SRAM_DMA_XferErrorCallback
    stm32f1xx_hal_sram.o(i.HAL_SRAM_WriteOperation_Disable) refers to stm32f1xx_ll_fsmc.o(i.FSMC_NORSRAM_WriteOperation_Disable) for FSMC_NORSRAM_WriteOperation_Disable
    stm32f1xx_hal_sram.o(i.HAL_SRAM_WriteOperation_Enable) refers to stm32f1xx_ll_fsmc.o(i.FSMC_NORSRAM_WriteOperation_Enable) for FSMC_NORSRAM_WriteOperation_Enable
    stm32f1xx_hal_sram.o(i.HAL_SRAM_Write_DMA) refers to stm32f1xx_hal_dma.o(i.HAL_DMA_Start_IT) for HAL_DMA_Start_IT
    stm32f1xx_hal_sram.o(i.HAL_SRAM_Write_DMA) refers to stm32f1xx_hal_sram.o(i.HAL_SRAM_DMA_XferCpltCallback) for HAL_SRAM_DMA_XferCpltCallback
    stm32f1xx_hal_sram.o(i.HAL_SRAM_Write_DMA) refers to stm32f1xx_hal_sram.o(i.HAL_SRAM_DMA_XferErrorCallback) for HAL_SRAM_DMA_XferErrorCallback
    stm32f1xx_hal_tim_ex.o(i.HAL_TIMEx_ConfigCommutationEvent_DMA) refers to stm32f1xx_hal_tim_ex.o(i.TIMEx_DMACommutationCplt) for TIMEx_DMACommutationCplt
    stm32f1xx_hal_tim_ex.o(i.HAL_TIMEx_ConfigCommutationEvent_DMA) refers to stm32f1xx_hal_tim.o(i.TIM_DMAError) for TIM_DMAError
    stm32f1xx_hal_tim_ex.o(i.HAL_TIMEx_HallSensor_DeInit) refers to stm32f1xx_hal_tim_ex.o(i.HAL_TIMEx_HallSensor_MspDeInit) for HAL_TIMEx_HallSensor_MspDeInit
    stm32f1xx_hal_tim_ex.o(i.HAL_TIMEx_HallSensor_Init) refers to stm32f1xx_hal_tim_ex.o(i.HAL_TIMEx_HallSensor_MspInit) for HAL_TIMEx_HallSensor_MspInit
    stm32f1xx_hal_tim_ex.o(i.HAL_TIMEx_HallSensor_Init) refers to stm32f1xx_hal_tim.o(i.TIM_Base_SetConfig) for TIM_Base_SetConfig
[...]
    Removing stm32f1xx_hal.o(i.HAL_DBGMCU_EnableDBGStopMode), (16 bytes).
    Removing stm32f1xx_hal.o(i.HAL_DeInit), (32 bytes).
    Removing stm32f1xx_hal.o(i.HAL_GetDEVID), (16 bytes).
    Removing stm32f1xx_hal.o(i.HAL_GetHalVersion), (8 bytes).
    Removing stm32f1xx_hal.o(i.HAL_GetREVID), (12 bytes).
    Removing stm32f1xx_hal.o(i.HAL_GetUID), (28 bytes).
    Removing stm32f1xx_hal.o(i.HAL_MspDeInit), (2 bytes).
    Removing stm32f1xx_hal.o(i.HAL_MspInit), (2 bytes).
    Removing stm32f1xx_hal.o(i.HAL_ResumeTick), (14 bytes).
    Removing stm32f1xx_hal.o(i.HAL_SuspendTick), (14 bytes).
    Removing stm32f1xx_hal_gpio.o(.rev16_text), (4 bytes).
    Removing stm32f1xx_hal_gpio.o(.revsh_text), (4 bytes).
    Removing stm32f1xx_hal_gpio.o(.rrx_text), (6 bytes).
    Removing stm32f1xx_hal_gpio.o(i.HAL_GPIO_DeInit), (256 bytes).
    Removing stm32f1xx_hal_gpio.o(i.HAL_GPIO_EXTI_Callback), (2 bytes).
    Removing stm32f1xx_hal_gpio.o(i.HAL_GPIO_EXTI_IRQHandler), (24 bytes).
    Removing stm32f1xx_hal_gpio.o(i.HAL_GPIO_LockPin), (34 bytes).
    Removing stm32f1xx_hal_gpio.o(i.HAL_GPIO_TogglePin), (8 bytes).
    Removing stm32f1xx_ll_fsmc.o(.rev16_text), (4 bytes).
    Removing stm32f1xx_ll_fsmc.o(.revsh_text), (4 bytes).
    Removing stm32f1xx_ll_fsmc.o(.rrx_text), (6 bytes).
    Removing stm32f1xx_ll_fsmc.o(i.FSMC_NAND_AttributeSpace_Timing_Init), (40 bytes).
    Removing stm32f1xx_ll_fsmc.o(i.FSMC_NAND_CommonSpace_Timing_Init), (40 bytes).
    Removing stm32f1xx_ll_fsmc.o(i.FSMC_NAND_DeInit), (52 bytes).
    Removing stm32f1xx_ll_fsmc.o(i.FSMC_NAND_ECC_Disable), (26 bytes).
    Removing stm32f1xx_ll_fsmc.o(i.FSMC_NAND_ECC_Enable), (26 bytes).
    Removing stm32f1xx_ll_fsmc.o(i.FSMC_NAND_GetECC), (80 bytes).
    Removing stm32f1xx_ll_fsmc.o(i.FSMC_NAND_Init), (72 bytes).
    Removing stm32f1xx_ll_fsmc.o(i.FSMC_NORSRAM_DeInit), (50 bytes).
    Removing stm32f1xx_ll_fsmc.o(i.FSMC_NORSRAM_WriteOperation_Disable), (16 bytes).
    Removing stm32f1xx_ll_fsmc.o(i.FSMC_NORSRAM_WriteOperation_Enable), (16 bytes).
    Removing stm32f1xx_ll_fsmc.o(i.FSMC_PCCARD_AttributeSpace_Timing_Init), (28 bytes).
    Removing stm32f1xx_ll_fsmc.o(i.FSMC_PCCARD_CommonSpace_Timing_Init), (28 bytes).
    Removing stm32f1xx_ll_fsmc.o(i.FSMC_PCCARD_DeInit), (30 bytes).
    Removing stm32f1xx_ll_fsmc.o(i.FSMC_PCCARD_IOSpace_Timing_Init), (28 bytes).
    Removing stm32f1xx_ll_fsmc.o(i.FSMC_PCCARD_Init), (40 bytes).
    Removing stm32f1xx_hal_gpio_ex.o(.rev16_text), (4 bytes).
    Removing stm32f1xx_hal_gpio_ex.o(.revsh_text), (4 bytes).
    Removing stm32f1xx_hal_gpio_ex.o(.rrx_text), (6 bytes).
    Removing stm32f1xx_hal_gpio_ex.o(i.HAL_GPIOEx_ConfigEventout), (20 bytes).
    Removing stm32f1xx_hal_gpio_ex.o(i.HAL_GPIOEx_DisableEventout), (16 bytes).
    Removing stm32f1xx_hal_gpio_ex.o(i.HAL_GPIOEx_EnableEventout), (16 bytes).
    Removing stm32f1xx_hal_rcc.o(.rev16_text), (4 bytes).
    Removing stm32f1xx_hal_rcc.o(.revsh_text), (4 bytes).
    Removing stm32f1xx_hal_rcc.o(.rrx_text), (6 bytes).
    Removing stm32f1xx_hal_rcc.o(i.HAL_RCC_CSSCallback), (2 bytes).
    Removing stm32f1xx_hal_rcc.o(i.HAL_RCC_DeInit), (68 bytes).
    Removing stm32f1xx_hal_rcc.o(i.HAL_RCC_DisableCSS), (12 bytes).
    Removing stm32f1xx_hal_rcc.o(i.HAL_RCC_EnableCSS), (12 bytes).
    Removing stm32f1xx_hal_rcc.o(i.HAL_RCC_GetClockConfig), (64 bytes).
    Removing stm32f1xx_hal_rcc.o(i.HAL_RCC_GetOscConfig), (144 bytes).
    Removing stm32f1xx_hal_rcc.o(i.HAL_RCC_MCOConfig), (72 bytes).
    Removing stm32f1xx_hal_rcc.o(i.HAL_RCC_NMI_IRQHandler), (24 bytes).
    Removing stm32f1xx_hal_uart.o(.rev16_text), (4 bytes).
    Removing stm32f1xx_hal_uart.o(.revsh_text), (4 bytes).
    Removing stm32f1xx_hal_uart.o(.rrx_text), (6 bytes).
    Removing stm32f1xx_hal_uart.o(i.HAL_HalfDuplex_EnableReceiver), (50 bytes).
    Removing stm32f1xx_hal_uart.o(i.HAL_HalfDuplex_EnableTransmitter), (50 bytes).
    Removing stm32f1xx_hal_uart.o(i.HAL_HalfDuplex_Init), (108 bytes).
    Removing stm32f1xx_hal_uart.o(i.HAL_LIN_Init), (122 bytes).
    Removing stm32f1xx_hal_uart.o(i.HAL_LIN_SendBreak), (46 bytes).
    Removing stm32f1xx_hal_uart.o(i.HAL_MultiProcessor_EnterMuteMode), (46 bytes).
    Removing stm32f1xx_hal_uart.o(i.HAL_MultiProcessor_ExitMuteMode), (46 bytes).
    Removing stm32f1xx_hal_uart.o(i.HAL_MultiProcessor_Init), (130 bytes).
    Removing stm32f1xx_hal_uart.o(i.HAL_UART_Abort), (104 bytes).
    Removing stm32f1xx_hal_uart.o(i.HAL_UART_AbortCpltCallback), (2 bytes).
    Removing stm32f1xx_hal_uart.o(i.HAL_UART_AbortReceive), (68 bytes).
    Removing stm32f1xx_hal_uart.o(i.HAL_UART_AbortReceiveCpltCallback), (2 bytes).
    Removing stm32f1xx_hal_uart.o(i.HAL_UART_AbortReceive_IT), (92 bytes).
    Removing stm32f1xx_hal_uart.o(i.HAL_UART_AbortTransmit), (58 bytes).
    Removing stm32f1xx_hal_uart.o(i.HAL_UART_AbortTransmitCpltCallback), (2 bytes).
    Removing stm32f1xx_hal_uart.o(i.HAL_UART_AbortTransmit_IT), (84 bytes).
    Removing stm32f1xx_hal_uart.o(i.HAL_UART_Abort_IT), (172 bytes).
    Removing stm32f1xx_hal_uart.o(i.HAL_UART_DMAPause), (102 bytes).
    Removing stm32f1xx_hal_uart.o(i.HAL_UART_DMAResume), (94 bytes).
    Removing stm32f1xx_hal_uart.o(i.HAL_UART_DMAStop), (88 bytes).
    Removing stm32f1xx_hal_uart.o(i.HAL_UART_DeInit), (40 bytes).
    Removing stm32f1xx_hal_uart.o(i.HAL_UART_ErrorCallback), (2 bytes).
    Removing stm32f1xx_hal_uart.o(i.HAL_UART_GetError), (4 bytes).
    Removing stm32f1xx_hal_uart.o(i.HAL_UART_GetState), (10 bytes).
    Removing stm32f1xx_hal_uart.o(i.HAL_UART_IRQHandler), (272 bytes).
    Removing stm32f1xx_hal_uart.o(i.HAL_UART_MspDeInit), (2 bytes).
    Removing stm32f1xx_hal_uart.o(i.HAL_UART_MspInit), (2 bytes).
    Removing stm32f1xx_hal_uart.o(i.HAL_UART_Receive), (184 bytes).
    Removing stm32f1xx_hal_uart.o(i.HAL_UART_Receive_DMA), (152 bytes).
    Removing stm32f1xx_hal_uart.o(i.HAL_UART_Receive_IT), (82 bytes).
    Removing stm32f1xx_hal_uart.o(i.HAL_UART_RxCpltCallback), (2 bytes).
    Removing stm32f1xx_hal_uart.o(i.HAL_UART_RxHalfCpltCallback), (2 bytes).
    Removing stm32f1xx_hal_uart.o(i.HAL_UART_Transmit), (186 bytes).
    Removing stm32f1xx_hal_uart.o(i.HAL_UART_Transmit_DMA), (128 bytes).
    Removing stm32f1xx_hal_uart.o(i.HAL_UART_Transmit_IT), (62 bytes).
    Removing stm32f1xx_hal_uart.o(i.HAL_UART_TxCpltCallback), (2 bytes).
    Removing stm32f1xx_hal_uart.o(i.HAL_UART_TxHalfCpltCallback), (2 bytes).
    Removing stm32f1xx_hal_uart.o(i.UART_DMAAbortOnError), (16 bytes).
    Removing stm32f1xx_hal_uart.o(i.UART_DMAError), (74 bytes).
    Removing stm32f1xx_hal_uart.o(i.UART_DMAReceiveCplt), (60 bytes).
    Removing stm32f1xx_hal_uart.o(i.UART_DMARxAbortCallback), (42 bytes).
    Removing stm32f1xx_hal_uart.o(i.UART_DMARxHalfCplt), (10 bytes).
    Removing stm32f1xx_hal_uart.o(i.UART_DMARxOnlyAbortCallback), (20 bytes).
    Removing stm32f1xx_hal_uart.o(i.UART_DMATransmitCplt), (46 bytes).
    Removing stm32f1xx_hal_uart.o(i.UART_DMATxAbortCallback), (42 bytes).
    Removing stm32f1xx_hal_uart.o(i.UART_DMATxHalfCplt), (10 bytes).
    Removing stm32f1xx_hal_uart.o(i.UART_DMATxOnlyAbortCallback), (20 bytes).
    Removing stm32f1xx_hal_uart.o(i.UART_EndRxTransfer), (28 bytes).
    Removing stm32f1xx_hal_uart.o(i.UART_EndTxTransfer), (18 bytes).
    Removing stm32f1xx_hal_uart.o(i.UART_Receive_IT), (150 bytes).
    Removing stm32f1xx_hal_uart.o(i.UART_Transmit_IT), (98 bytes).
    Removing stm32f1xx_hal_uart.o(i.UART_WaitOnFlagUntilTimeout), (100 bytes).
    Removing stm32f1xx_hal_tim.o(.rev16_text), (4 bytes).
    Removing stm32f1xx_hal_tim.o(.revsh_text), (4 bytes).
    Removing stm32f1xx_hal_tim.o(.rrx_text), (6 bytes).
    Removing stm32f1xx_hal_tim.o(i.HAL_TIM_Base_DeInit), (56 bytes).
    Removing stm32f1xx_hal_tim.o(i.HAL_TIM_Base_GetState), (6 bytes).
    Removing stm32f1xx_hal_tim.o(i.HAL_TIM_Base_MspDeInit), (2 bytes).
    Removing stm32f1xx_hal_tim.o(i.HAL_TIM_Base_MspInit), (2 bytes).
    Removing stm32f1xx_hal_tim.o(i.HAL_TIM_Base_Start_DMA), (92 bytes).
    Removing stm32f1xx_hal_tim.o(i.HAL_TIM_Base_Stop), (44 bytes).
    Removing stm32f1xx_hal_tim.o(i.HAL_TIM_Base_Stop_DMA), (48 bytes).
    Removing stm32f1xx_hal_tim.o(i.HAL_TIM_Base_Stop_IT), (42 bytes).
    Removing stm32f1xx_hal_tim.o(i.HAL_TIM_ConfigOCrefClear), (184 bytes).
    Removing stm32f1xx_hal_tim.o(i.HAL_TIM_ConfigTI1Input), (16 bytes).
    Removing stm32f1xx_hal_tim.o(i.HAL_TIM_DMABurst_ReadStart), (260 bytes).
    Removing stm32f1xx_hal_tim.o(i.HAL_TIM_DMABurst_ReadStop), (96 bytes).
    Removing stm32f1xx_hal_tim.o(i.HAL_TIM_DMABurst_WriteStart), (260 bytes).
    Removing stm32f1xx_hal_tim.o(i.HAL_TIM_DMABurst_WriteStop), (96 bytes).
    Removing stm32f1xx_hal_tim.o(i.HAL_TIM_Encoder_DeInit), (56 bytes).
    Removing stm32f1xx_hal_tim.o(i.HAL_TIM_Encoder_GetState), (6 bytes).
    Removing stm32f1xx_hal_tim.o(i.HAL_TIM_Encoder_Init), (150 bytes).
    Removing stm32f1xx_hal_tim.o(i.HAL_TIM_Encoder_MspDeInit), (2 bytes).
    Removing stm32f1xx_hal_tim.o(i.HAL_TIM_Encoder_MspInit), (2 bytes).
    Removing stm32f1xx_hal_tim.o(i.HAL_TIM_Encoder_Start), (52 bytes).
    Removing stm32f1xx_hal_tim.o(i.HAL_TIM_Encoder_Start_DMA), (272 bytes).
    Removing stm32f1xx_hal_tim.o(i.HAL_TIM_Encoder_Start_IT), (92 bytes).
    Removing stm32f1xx_hal_tim.o(i.HAL_TIM_Encoder_Stop), (70 bytes).
    Removing stm32f1xx_hal_tim.o(i.HAL_TIM_Encoder_Stop_DMA), (116 bytes).
    Removing stm32f1xx_hal_tim.o(i.HAL_TIM_Encoder_Stop_IT), (116 bytes).
    Removing stm32f1xx_hal_tim.o(i.HAL_TIM_ErrorCallback), (2 bytes).
    Removing stm32f1xx_hal_tim.o(i.HAL_TIM_GenerateEvent), (38 bytes).
    Removing stm32f1xx_hal_tim.o(i.HAL_TIM_IC_ConfigChannel), (282 bytes).
    Removing stm32f1xx_hal_tim.o(i.HAL_TIM_IC_DeInit), (56 bytes).
    Removing stm32f1xx_hal_tim.o(i.HAL_TIM_IC_GetState), (6 bytes).
    Removing stm32f1xx_hal_tim.o(i.HAL_TIM_IC_Init), (54 bytes).
    Removing stm32f1xx_hal_tim.o(i.HAL_TIM_IC_MspDeInit), (2 bytes).
    Removing stm32f1xx_hal_tim.o(i.HAL_TIM_IC_MspInit), (2 bytes).
    Removing stm32f1xx_hal_tim.o(i.HAL_TIM_IC_Start), (26 bytes).
    Removing stm32f1xx_hal_tim.o(i.HAL_TIM_IC_Start_DMA), (200 bytes).
    Removing stm32f1xx_hal_tim.o(i.HAL_TIM_IC_Start_IT), (76 bytes).
    Removing stm32f1xx_hal_tim.o(i.HAL_TIM_IC_Stop), (44 bytes).
    Removing stm32f1xx_hal_tim.o(i.HAL_TIM_IC_Stop_DMA), (100 bytes).
    Removing stm32f1xx_hal_tim.o(i.HAL_TIM_IC_Stop_IT), (94 bytes).
    Removing stm32f1xx_hal_tim.o(i.HAL_TIM_OC_ConfigChannel), (86 bytes).
    Removing stm32f1xx_hal_tim.o(i.HAL_TIM_OC_DeInit), (56 bytes).
    Removing stm32f1xx_hal_tim.o(i.HAL_TIM_OC_GetState), (6 bytes).
    Removing stm32f1xx_hal_tim.o(i.HAL_TIM_OC_Init), (54 bytes).
    Removing stm32f1xx_hal_tim.o(i.HAL_TIM_OC_MspDeInit), (2 bytes).
    Removing stm32f1xx_hal_tim.o(i.HAL_TIM_OC_MspInit), (2 bytes).
    Removing stm32f1xx_hal_tim.o(i.HAL_TIM_OC_Start), (56 bytes).
    Removing stm32f1xx_hal_tim.o(i.HAL_TIM_OC_Start_DMA), (240 bytes).
    Removing stm32f1xx_hal_tim.o(i.HAL_TIM_OC_Start_IT), (108 bytes).
    Removing stm32f1xx_hal_tim.o(i.HAL_TIM_OC_Stop), (88 bytes).
    Removing stm32f1xx_hal_tim.o(i.HAL_TIM_OC_Stop_DMA), (144 bytes).
    Removing stm32f1xx_hal_tim.o(i.HAL_TIM_OC_Stop_IT), (136 bytes).
    Removing stm32f1xx_hal_tim.o(i.HAL_TIM_OnePulse_ConfigChannel), (218 bytes).
    Removing stm32f1xx_hal_tim.o(i.HAL_TIM_OnePulse_DeInit), (56 bytes).
    Removing stm32f1xx_hal_tim.o(i.HAL_TIM_OnePulse_GetState), (6 bytes).
    Removing stm32f1xx_hal_tim.o(i.HAL_TIM_OnePulse_Init), (74 bytes).
    Removing stm32f1xx_hal_tim.o(i.HAL_TIM_OnePulse_MspDeInit), (2 bytes).
    Removing stm32f1xx_hal_tim.o(i.HAL_TIM_OnePulse_MspInit), (2 bytes).
    Removing stm32f1xx_hal_tim.o(i.HAL_TIM_OnePulse_Start), (60 bytes).
    Removing stm32f1xx_hal_tim.o(i.HAL_TIM_OnePulse_Start_IT), (80 bytes).
    Removing stm32f1xx_hal_tim.o(i.HAL_TIM_OnePulse_Stop), (100 bytes).
    Removing stm32f1xx_hal_tim.o(i.HAL_TIM_OnePulse_Stop_IT), (120 bytes).
    Removing stm32f1xx_hal_tim.o(i.HAL_TIM_PWM_ConfigChannel), (208 bytes).
    Removing stm32f1xx_hal_tim.o(i.HAL_TIM_PWM_DeInit), (56 bytes).
    Removing stm32f1xx_hal_tim.o(i.HAL_TIM_PWM_GetState), (6 bytes).
    Removing stm32f1xx_hal_tim.o(i.HAL_TIM_PWM_Init), (54 bytes).
    Removing stm32f1xx_hal_tim.o(i.HAL_TIM_PWM_MspDeInit), (2 bytes).
    Removing stm32f1xx_hal_tim.o(i.HAL_TIM_PWM_MspInit), (2 bytes).
    Removing stm32f1xx_hal_tim.o(i.HAL_TIM_PWM_Start), (56 bytes).
    Removing stm32f1xx_hal_tim.o(i.HAL_TIM_PWM_Start_DMA), (240 bytes).
    Removing stm32f1xx_hal_tim.o(i.HAL_TIM_PWM_Start_IT), (108 bytes).
    Removing stm32f1xx_hal_tim.o(i.HAL_TIM_PWM_Stop), (92 bytes).
    Removing stm32f1xx_hal_tim.o(i.HAL_TIM_PWM_Stop_DMA), (144 bytes).
    Removing stm32f1xx_hal_tim.o(i.HAL_TIM_PWM_Stop_IT), (136 bytes).
    Removing stm32f1xx_hal_tim.o(i.HAL_TIM_ReadCapturedValue), (68 bytes).
    Removing stm32f1xx_hal_tim.o(i.HAL_TIM_SlaveConfigSynchronization), (66 bytes).
    Removing stm32f1xx_hal_tim.o(i.HAL_TIM_SlaveConfigSynchronization_IT), (66 bytes).
    Removing stm32f1xx_hal_tim.o(i.TIM_CCxChannelCmd), (22 bytes).
    Removing stm32f1xx_hal_tim.o(i.TIM_DMACaptureCplt), (62 bytes).
    Removing stm32f1xx_hal_tim.o(i.TIM_DMADelayPulseCplt), (62 bytes).
    Removing stm32f1xx_hal_tim.o(i.TIM_DMAError), (16 bytes).
    Removing stm32f1xx_hal_tim.o(i.TIM_DMAPeriodElapsedCplt), (16 bytes).
    Removing stm32f1xx_hal_tim.o(i.TIM_DMATriggerCplt), (16 bytes).
    Removing stm32f1xx_hal_tim.o(i.TIM_OC1_SetConfig), (96 bytes).
    Removing stm32f1xx_hal_tim.o(i.TIM_OC2_SetConfig), (108 bytes).
    Removing stm32f1xx_hal_tim.o(i.TIM_OC3_SetConfig), (104 bytes).
    Removing stm32f1xx_hal_tim.o(i.TIM_OC4_SetConfig), (80 bytes).
    Removing stm32f1xx_hal_tim.o(i.TIM_SlaveTimer_SetConfig), (124 bytes).
    Removing stm32f1xx_hal_tim.o(i.TIM_TI1_SetConfig), (108 bytes).
    Removing stm32f1xx_hal_tim.o(i.TIM_TI2_SetConfig), (54 bytes).
    Removing stm32f1xx_hal_flash_ex.o(.rev16_text), (4 bytes).
    Removing stm32f1xx_hal_flash_ex.o(.revsh_text), (4 bytes).
    Removing stm32f1xx_hal_flash_ex.o(.rrx_text), (6 bytes).
    Removing stm32f1xx_hal_flash_ex.o(i.FLASH_MassErase), (36 bytes).
    Removing stm32f1xx_hal_flash_ex.o(i.FLASH_OB_DisableWRP), (176 bytes).
    Removing stm32f1xx_hal_flash_ex.o(i.FLASH_OB_EnableWRP), (176 bytes).
    Removing stm32f1xx_hal_flash_ex.o(i.FLASH_OB_GetRDP), (24 bytes).
    Removing stm32f1xx_hal_flash_ex.o(i.FLASH_OB_RDP_LevelConfig), (100 bytes).
    Removing stm32f1xx_hal_flash_ex.o(i.FLASH_PageErase), (36 bytes).
    Removing stm32f1xx_hal_flash_ex.o(i.HAL_FLASHEx_Erase), (168 bytes).
    Removing stm32f1xx_hal_flash_ex.o(i.HAL_FLASHEx_Erase_IT), (84 bytes).
    Removing stm32f1xx_hal_flash_ex.o(i.HAL_FLASHEx_OBErase), (84 bytes).
    Removing stm32f1xx_hal_flash_ex.o(i.HAL_FLASHEx_OBGetConfig), (36 bytes).
    Removing stm32f1xx_hal_flash_ex.o(i.HAL_FLASHEx_OBGetUserData), (32 bytes).
    Removing stm32f1xx_hal_flash_ex.o(i.HAL_FLASHEx_OBProgram), (200 bytes).
    Removing stm32f1xx_hal_flash.o(.rev16_text), (4 bytes).
    Removing stm32f1xx_hal_flash.o(.revsh_text), (4 bytes).
    Removing stm32f1xx_hal_flash.o(.rrx_text), (6 bytes).
    Removing stm32f1xx_hal_flash.o(i.FLASH_Program_HalfWord), (28 bytes).
    Removing stm32f1xx_hal_flash.o(i.FLASH_SetErrorCode), (92 bytes).
    Removing stm32f1xx_hal_flash.o(i.FLASH_WaitForLastOperation), (84 bytes).
    Removing stm32f1xx_hal_flash.o(i.HAL_FLASH_EndOfOperationCallback), (2 bytes).
    Removing stm32f1xx_hal_flash.o(i.HAL_FLASH_GetError), (12 bytes).
    Removing stm32f1xx_hal_flash.o(i.HAL_FLASH_IRQHandler), (264 bytes).
    Removing stm32f1xx_hal_flash.o(i.HAL_FLASH_Lock), (20 bytes).
    Removing stm32f1xx_hal_flash.o(i.HAL_FLASH_OB_Launch), (4 bytes).
    Removing stm32f1xx_hal_flash.o(i.HAL_FLASH_OB_Lock), (20 bytes).
    Removing stm32f1xx_hal_flash.o(i.HAL_FLASH_OB_Unlock), (36 bytes).
    Removing stm32f1xx_hal_flash.o(i.HAL_FLASH_OperationErrorCallback), (2 bytes).
    Removing stm32f1xx_hal_flash.o(i.HAL_FLASH_Program), (128 bytes).
    Removing stm32f1xx_hal_flash.o(i.HAL_FLASH_Program_IT), (100 bytes).
    Removing stm32f1xx_hal_flash.o(i.HAL_FLASH_Unlock), (36 bytes).
    Removing stm32f1xx_hal_flash.o(.bss), (32 bytes).
    Removing stm32f1xx_hal_spi.o(.rev16_text), (4 bytes).
    Removing stm32f1xx_hal_spi.o(.revsh_text), (4 bytes).
    Removing stm32f1xx_hal_spi.o(.rrx_text), (6 bytes).
    Removing stm32f1xx_hal_spi.o(i.HAL_SPI_Abort), (188 bytes).
    Removing stm32f1xx_hal_spi.o(i.HAL_SPI_AbortCpltCallback), (2 bytes).
    Removing stm32f1xx_hal_spi.o(i.HAL_SPI_Abort_IT), (228 bytes).
    Removing stm32f1xx_hal_spi.o(i.HAL_SPI_DMAPause), (38 bytes).
    Removing stm32f1xx_hal_spi.o(i.HAL_SPI_DMAResume), (38 bytes).
    Removing stm32f1xx_hal_spi.o(i.HAL_SPI_DMAStop), (40 bytes).
    Removing stm32f1xx_hal_spi.o(i.HAL_SPI_DeInit), (46 bytes).
    Removing stm32f1xx_hal_spi.o(i.HAL_SPI_ErrorCallback), (2 bytes).
    Removing stm32f1xx_hal_spi.o(i.HAL_SPI_GetError), (4 bytes).
    Removing stm32f1xx_hal_spi.o(i.HAL_SPI_GetState), (6 bytes).
    Removing stm32f1xx_hal_spi.o(i.HAL_SPI_IRQHandler), (196 bytes).
    Removing stm32f1xx_hal_spi.o(i.HAL_SPI_Init), (128 bytes).
    Removing stm32f1xx_hal_spi.o(i.HAL_SPI_MspDeInit), (2 bytes).
    Removing stm32f1xx_hal_spi.o(i.HAL_SPI_MspInit), (2 bytes).
    Removing stm32f1xx_hal_spi.o(i.HAL_SPI_Receive), (336 bytes).
    Removing stm32f1xx_hal_spi.o(i.HAL_SPI_Receive_DMA), (212 bytes).
    Removing stm32f1xx_hal_spi.o(i.HAL_SPI_Receive_IT), (164 bytes).
    Removing stm32f1xx_hal_spi.o(i.HAL_SPI_RxCpltCallback), (2 bytes).
    Removing stm32f1xx_hal_spi.o(i.HAL_SPI_RxHalfCpltCallback), (2 bytes).
    Removing stm32f1xx_hal_spi.o(i.HAL_SPI_TransmitReceive_DMA), (264 bytes).
    Removing stm32f1xx_hal_spi.o(i.HAL_SPI_TransmitReceive_IT), (164 bytes).
    Removing stm32f1xx_hal_spi.o(i.HAL_SPI_Transmit_DMA), (184 bytes).
    Removing stm32f1xx_hal_spi.o(i.HAL_SPI_Transmit_IT), (152 bytes).
    Removing stm32f1xx_hal_spi.o(i.HAL_SPI_TxCpltCallback), (2 bytes).
    Removing stm32f1xx_hal_spi.o(i.HAL_SPI_TxHalfCpltCallback), (2 bytes).
    Removing stm32f1xx_hal_spi.o(i.HAL_SPI_TxRxCpltCallback), (2 bytes).
    Removing stm32f1xx_hal_spi.o(i.HAL_SPI_TxRxHalfCpltCallback), (2 bytes).
    Removing stm32f1xx_hal_spi.o(i.SPI_2linesRxISR_16BIT), (48 bytes).
    Removing stm32f1xx_hal_spi.o(i.SPI_2linesRxISR_8BIT), (46 bytes).
    Removing stm32f1xx_hal_spi.o(i.SPI_2linesTxISR_16BIT), (48 bytes).
    Removing stm32f1xx_hal_spi.o(i.SPI_2linesTxISR_8BIT), (46 bytes).
    Removing stm32f1xx_hal_spi.o(i.SPI_AbortRx_ISR), (80 bytes).
    Removing stm32f1xx_hal_spi.o(i.SPI_AbortTx_ISR), (22 bytes).
    Removing stm32f1xx_hal_spi.o(i.SPI_CloseRxTx_ISR), (144 bytes).
    Removing stm32f1xx_hal_spi.o(i.SPI_CloseRx_ISR), (78 bytes).
    Removing stm32f1xx_hal_spi.o(i.SPI_CloseTx_ISR), (124 bytes).
    Removing stm32f1xx_hal_spi.o(i.SPI_DMAAbortOnError), (16 bytes).
    Removing stm32f1xx_hal_spi.o(i.SPI_DMAError), (34 bytes).
    Removing stm32f1xx_hal_spi.o(i.SPI_DMAHalfReceiveCplt), (10 bytes).
    Removing stm32f1xx_hal_spi.o(i.SPI_DMAHalfTransmitCplt), (10 bytes).
    Removing stm32f1xx_hal_spi.o(i.SPI_DMAHalfTransmitReceiveCplt), (10 bytes).
    Removing stm32f1xx_hal_spi.o(i.SPI_DMAReceiveCplt), (82 bytes).
    Removing stm32f1xx_hal_spi.o(i.SPI_DMARxAbortCallback), (66 bytes).
    Removing stm32f1xx_hal_spi.o(i.SPI_DMATransmitCplt), (90 bytes).
    Removing stm32f1xx_hal_spi.o(i.SPI_DMATransmitReceiveCplt), (80 bytes).
    Removing stm32f1xx_hal_spi.o(i.SPI_DMATxAbortCallback), (96 bytes).
    Removing stm32f1xx_hal_spi.o(i.SPI_ISCRCErrorValid), (4 bytes).
    Removing stm32f1xx_hal_spi.o(i.SPI_RxISR_16BIT), (32 bytes).
    Removing stm32f1xx_hal_spi.o(i.SPI_RxISR_8BIT), (30 bytes).
    Removing stm32f1xx_hal_spi.o(i.SPI_TxISR_16BIT), (32 bytes).
    Removing stm32f1xx_hal_spi.o(i.SPI_TxISR_8BIT), (30 bytes).
    Removing stm32f1xx_hal_spi_ex.o(.rev16_text), (4 bytes).
    Removing stm32f1xx_hal_spi_ex.o(.revsh_text), (4 bytes).
    Removing stm32f1xx_hal_spi_ex.o(.rrx_text), (6 bytes).
    Removing stm32f1xx_it.o(.rev16_text), (4 bytes).
    Removing stm32f1xx_it.o(.revsh_text), (4 bytes).
    Removing stm32f1xx_it.o(.rrx_text), (6 bytes).
    Removing main.o(.rev16_text), (4 bytes).
    Removing main.o(.revsh_text), (4 bytes).
    Removing main.o(.rrx_text), (6 bytes).
    Removing main.o(i._Error_Handler), (2 bytes).
    Removing main.o(.constdata), (384 bytes).
    Removing main.o(.constdata), (392 bytes).
    Removing main.o(.constdata), (12 bytes).
    Removing main.o(.constdata), (844 bytes).
    Removing main.o(.constdata), (760 bytes).
    Removing main.o(.constdata), (12 bytes).
    Removing main.o(.constdata), (1460 bytes).
    Removing main.o(.constdata), (760 bytes).
    Removing main.o(.constdata), (12 bytes).
    Removing main.o(.constdata), (3089 bytes).
    Removing main.o(.constdata), (760 bytes).
    Removing main.o(.constdata), (12 bytes).
    Removing main.o(.constdata), (5658 bytes).
    Removing main.o(.constdata), (760 bytes).
    Removing main.o(.constdata), (12 bytes).
    Removing main.o(.constdata), (1000 bytes).
    Removing main.o(.constdata), (760 bytes).
    Removing main.o(.constdata), (12 bytes).
    Removing main.o(.constdata), (1730 bytes).
    Removing main.o(.constdata), (760 bytes).
    Removing main.o(.constdata), (12 bytes).
    Removing main.o(.constdata), (3813 bytes).
    Removing main.o(.constdata), (760 bytes).
    Removing main.o(.constdata), (12 bytes).
    Removing main.o(.constdata), (6797 bytes).
    Removing main.o(.constdata), (760 bytes).
    Removing main.o(.constdata), (12 bytes).
    Removing main.o(.constdata), (1167 bytes).
    Removing main.o(.constdata), (760 bytes).
    Removing main.o(.constdata), (12 bytes).
    Removing main.o(.constdata), (1966 bytes).
    Removing main.o(.constdata), (760 bytes).
    Removing main.o(.constdata), (12 bytes).
    Removing main.o(.constdata), (4256 bytes).
    Removing main.o(.constdata), (760 bytes).
    Removing main.o(.constdata), (12 bytes).
    Removing main.o(.constdata), (7635 bytes).
    Removing main.o(.constdata), (760 bytes).
    Removing main.o(.constdata), (12 bytes).
    Removing main.o(.constdata), (982 bytes).
    Removing main.o(.constdata), (760 bytes).
    Removing main.o(.constdata), (12 bytes).
    Removing main.o(.constdata), (1707 bytes).
    Removing main.o(.constdata), (760 bytes).
    Removing main.o(.constdata), (12 bytes).
    Removing main.o(.constdata), (3514 bytes).
    Removing main.o(.constdata), (760 bytes).
    Removing main.o(.constdata), (12 bytes).
    Removing main.o(.constdata), (6452 bytes).
    Removing main.o(.constdata), (760 bytes).
    Removing main.o(.constdata), (12 bytes).
    Removing main.o(.constdata), (1150 bytes).
    Removing main.o(.constdata), (760 bytes).
    Removing main.o(.constdata), (12 bytes).
    Removing main.o(.constdata), (1969 bytes).
    Removing main.o(.constdata), (760 bytes).
    Removing main.o(.constdata), (12 bytes).
    Removing main.o(.constdata), (4159 bytes).
    Removing main.o(.constdata), (760 bytes).
    Removing main.o(.constdata), (12 bytes).
    Removing main.o(.constdata), (7464 bytes).
    Removing main.o(.constdata), (760 bytes).
    Removing main.o(.constdata), (12 bytes).
    Removing main.o(.constdata), (1230 bytes).
    Removing main.o(.constdata), (760 bytes).
    Removing main.o(.constdata), (12 bytes).
    Removing main.o(.constdata), (2186 bytes).
    Removing main.o(.constdata), (760 bytes).
    Removing main.o(.constdata), (12 bytes).
    Removing main.o(.constdata), (4503 bytes).
    Removing main.o(.constdata), (760 bytes).
    Removing main.o(.constdata), (12 bytes).
    Removing main.o(.constdata), (8143 bytes).
    Removing main.o(.constdata), (760 bytes).
    Removing main.o(.constdata), (12 bytes).
    Removing main.o(.constdata), (1464 bytes).
    Removing main.o(.constdata), (760 bytes).
    Removing main.o(.constdata), (12 bytes).
    Removing main.o(.constdata), (2535 bytes).
    Removing main.o(.constdata), (760 bytes).
    Removing main.o(.constdata), (12 bytes).
    Removing main.o(.constdata), (5271 bytes).
    Removing main.o(.constdata), (760 bytes).
    Removing main.o(.constdata), (12 bytes).
    Removing main.o(.constdata), (9447 bytes).
    Removing main.o(.constdata), (760 bytes).
    Removing main.o(.constdata), (12 bytes).
    Removing main.o(.constdata), (1369 bytes).
    Removing main.o(.constdata), (760 bytes).
    Removing main.o(.constdata), (12 bytes).
    Removing main.o(.constdata), (2362 bytes).
    Removing main.o(.constdata), (760 bytes).
    Removing main.o(.constdata), (12 bytes).
    Removing main.o(.constdata), (4951 bytes).
    Removing main.o(.constdata), (760 bytes).
    Removing main.o(.constdata), (12 bytes).
    Removing main.o(.constdata), (8811 bytes).
    Removing main.o(.constdata), (760 bytes).
    Removing main.o(.constdata), (12 bytes).
    Removing main.o(.constdata), (1080 bytes).
    Removing main.o(.constdata), (760 bytes).
    Removing main.o(.constdata), (12 bytes).
    Removing main.o(.constdata), (1839 bytes).
    Removing main.o(.constdata), (760 bytes).
    Removing main.o(.constdata), (12 bytes).
    Removing main.o(.constdata), (3886 bytes).
    Removing main.o(.constdata), (760 bytes).
    Removing main.o(.constdata), (12 bytes).
    Removing main.o(.constdata), (7010 bytes).
    Removing main.o(.constdata), (760 bytes).
    Removing main.o(.constdata), (12 bytes).
    Removing main.o(.constdata), (1991 bytes).
    Removing main.o(.constdata), (760 bytes).
    Removing main.o(.constdata), (12 bytes).
    Removing main.o(.constdata), (4273 bytes).
    Removing main.o(.constdata), (760 bytes).
    Removing main.o(.constdata), (12 bytes).
    Removing main.o(.constdata), (7847 bytes).
    Removing main.o(.constdata), (760 bytes).
    Removing main.o(.constdata), (12 bytes).
    Removing main.o(.constdata), (1310 bytes).
    Removing main.o(.constdata), (760 bytes).
    Removing main.o(.constdata), (12 bytes).
    Removing main.o(.constdata), (2238 bytes).
    Removing main.o(.constdata), (760 bytes).
    Removing main.o(.constdata), (12 bytes).
    Removing main.o(.constdata), (4738 bytes).
    Removing main.o(.constdata), (760 bytes).
    Removing main.o(.constdata), (12 bytes).
    Removing main.o(.constdata), (8245 bytes).
    Removing main.o(.constdata), (760 bytes).
    Removing main.o(.constdata), (12 bytes).
    Removing main.o(.constdata), (1163 bytes).
    Removing main.o(.constdata), (760 bytes).
    Removing main.o(.constdata), (12 bytes).
    Removing main.o(.constdata), (1984 bytes).
    Removing main.o(.constdata), (760 bytes).
    Removing main.o(.constdata), (12 bytes).
    Removing main.o(.constdata), (4133 bytes).
    Removing main.o(.constdata), (760 bytes).
    Removing main.o(.constdata), (12 bytes).
    Removing main.o(.constdata), (7579 bytes).
    Removing main.o(.constdata), (760 bytes).
    Removing main.o(.constdata), (12 bytes).
    Removing main.o(.constdata), (180 bytes).
    Removing main.o(.constdata), (760 bytes).
    Removing main.o(.constdata), (12 bytes).
    Removing main.o(.constdata), (142 bytes).
    Removing main.o(.constdata), (760 bytes).
    Removing main.o(.constdata), (12 bytes).
    Removing stm32f1xx_hal_msp.o(.rev16_text), (4 bytes).
    Removing stm32f1xx_hal_msp.o(.revsh_text), (4 bytes).
    Removing stm32f1xx_hal_msp.o(.rrx_text), (6 bytes).
    Removing stm32f1xx_hal_msp.o(i.HAL_SPI_MspDeInit), (40 bytes).
    Removing stm32f1xx_hal_msp.o(i.HAL_SRAM_MspDeInit), (68 bytes).
    Removing stm32f1xx_hal_msp.o(i.HAL_TIM_Base_MspDeInit), (48 bytes).
    Removing stm32f1xx_hal_msp.o(i.HAL_UART_MspDeInit), (44 bytes).
    Removing ili9325_fsmc.o(.rev16_text), (4 bytes).
    Removing ili9325_fsmc.o(.revsh_text), (4 bytes).
    Removing ili9325_fsmc.o(.rrx_text), (6 bytes).
    Removing xpt2046.o(.rev16_text), (4 bytes).
    Removing xpt2046.o(.revsh_text), (4 bytes).
    Removing xpt2046.o(.rrx_text), (6 bytes).

582 unused section(s) (total 243108 bytes) removed from the image.

==============================================================================

Image Symbol Table

    Local Symbols

    Symbol Name                              Value     Ov Type        Size  Object(Section)

    ../Drivers/STM32F1xx_HAL_Driver/Src/stm32f1xx_hal.c 0x00000000   Number         0  stm32f1xx_hal.o ABSOLUTE
    ../Drivers/STM32F1xx_HAL_Driver/Src/stm32f1xx_hal_cortex.c 0x00000000   Number         0  stm32f1xx_hal_cortex.o ABSOLUTE
    ../Drivers/STM32F1xx_HAL_Driver/Src/stm32f1xx_hal_dma.c 0x00000000   Number         0  stm32f1xx_hal_dma.o ABSOLUTE
    ../Drivers/STM32F1xx_HAL_Driver/Src/stm32f1xx_hal_flash.c 0x00000000   Number         0  stm32f1xx_hal_flash.o ABSOLUTE
    ../Drivers/STM32F1xx_HAL_Driver/Src/stm32f1xx_hal_flash_ex.c 0x00000000   Number         0  stm32f1xx_hal_flash_ex.o ABSOLUTE
    ../Drivers/STM32F1xx_HAL_Driver/Src/stm32f1xx_hal_gpio.c 0x00000000   Number         0  stm32f1xx_hal_gpio.o ABSOLUTE
    ../Drivers/STM32F1xx_HAL_Driver/Src/stm32f1xx_hal_gpio_ex.c 0x00000000   Number         0  stm32f1xx_hal_gpio_ex.o ABSOLUTE
    ../Drivers/STM32F1xx_HAL_Driver/Src/stm32f1xx_hal_pwr.c 0x00000000   Number         0  stm32f1xx_hal_pwr.o ABSOLUTE
    ../Drivers/STM32F1xx_HAL_Driver/Src/stm32f1xx_hal_rcc.c 0x00000000   Number         0  stm32f1xx_hal_rcc.o ABSOLUTE
    ../Drivers/STM32F1xx_HAL_Driver/Src/stm32f1xx_hal_rcc_ex.c 0x00000000   Number         0  stm32f1xx_hal_rcc_ex.o ABSOLUTE
    ../Drivers/STM32F1xx_HAL_Driver/Src/stm32f1xx_hal_spi.c 0x00000000   Number         0  stm32f1xx_hal_spi.o ABSOLUTE
    ../Drivers/STM32F1xx_HAL_Driver/Src/stm32f1xx_hal_spi_ex.c 0x00000000   Number         0  stm32f1xx_hal_spi_ex.o ABSOLUTE
    ../Drivers/STM32F1xx_HAL_Driver/Src/stm32f1xx_hal_sram.c 0x00000000   Number         0  stm32f1xx_hal_sram.o ABSOLUTE
    ../Drivers/STM32F1xx_HAL_Driver/Src/stm32f1xx_hal_tim.c 0x00000000   Number         0  stm32f1xx_hal_tim.o ABSOLUTE
    ../Drivers/STM32F1xx_HAL_Driver/Src/stm32f1xx_hal_tim_ex.c 0x00000000   Number         0  stm32f1xx_hal_tim_ex.o ABSOLUTE
    ../Drivers/STM32F1xx_HAL_Driver/Src/stm32f1xx_hal_uart.c 0x00000000   Number         0  stm32f1xx_hal_uart.o ABSOLUTE
    ../Drivers/STM32F1xx_HAL_Driver/Src/stm32f1xx_ll_fsmc.c 0x00000000   Number         0  stm32f1xx_ll_fsmc.o ABSOLUTE
    ../Src/main.c                            0x00000000   Number         0  main.o ABSOLUTE
    ../Src/stm32f1xx_hal_msp.c               0x00000000   Number         0  stm32f1xx_hal_msp.o ABSOLUTE
    ../Src/stm32f1xx_it.c                    0x00000000   Number         0  stm32f1xx_it.o ABSOLUTE
    ../Src/system_stm32f1xx.c                0x00000000   Number         0  system_stm32f1xx.o ABSOLUTE
    ../clib/microlib/division.c              0x00000000   Number         0  uldiv.o ABSOLUTE
    ../clib/microlib/init/entry.s            0x00000000   Number         0  entry7a.o ABSOLUTE
    ../clib/microlib/init/entry.s            0x00000000   Number         0  entry.o ABSOLUTE
    ../clib/microlib/init/entry.s            0x00000000   Number         0  entry11b.o ABSOLUTE
    ../clib/microlib/init/entry.s            0x00000000   Number         0  entry10b.o ABSOLUTE
    ../clib/microlib/init/entry.s            0x00000000   Number         0  entry10a.o ABSOLUTE
    ../clib/microlib/init/entry.s            0x00000000   Number         0  entry9b.o ABSOLUTE
    ../clib/microlib/init/entry.s            0x00000000   Number         0  entry9a.o ABSOLUTE
    ../clib/microlib/init/entry.s            0x00000000   Number         0  entry8b.o ABSOLUTE
    ../clib/microlib/init/entry.s            0x00000000   Number         0  entry8a.o ABSOLUTE
    ../clib/microlib/init/entry.s            0x00000000   Number         0  entry7b.o ABSOLUTE
    ../clib/microlib/init/entry.s            0x00000000   Number         0  entry11a.o ABSOLUTE
    ../clib/microlib/init/entry.s            0x00000000   Number         0  entry5.o ABSOLUTE
    ../clib/microlib/init/entry.s            0x00000000   Number         0  entry2.o ABSOLUTE
    ../clib/microlib/longlong.c              0x00000000   Number         0  llushr.o ABSOLUTE
    ../clib/microlib/longlong.c              0x00000000   Number         0  llshl.o ABSOLUTE
    ../clib/microlib/string/strlen.c         0x00000000   Number         0  strlen.o ABSOLUTE
    ..\Drivers\STM32F1xx_HAL_Driver\Src\stm32f1xx_hal.c 0x00000000   Number         0  stm32f1xx_hal.o ABSOLUTE
    ..\Drivers\STM32F1xx_HAL_Driver\Src\stm32f1xx_hal_cortex.c 0x00000000   Number         0  stm32f1xx_hal_cortex.o ABSOLUTE
    ..\Drivers\STM32F1xx_HAL_Driver\Src\stm32f1xx_hal_dma.c 0x00000000   Number         0  stm32f1xx_hal_dma.o ABSOLUTE
    ..\Drivers\STM32F1xx_HAL_Driver\Src\stm32f1xx_hal_flash.c 0x00000000   Number         0  stm32f1xx_hal_flash.o ABSOLUTE
    ..\Drivers\STM32F1xx_HAL_Driver\Src\stm32f1xx_hal_flash_ex.c 0x00000000   Number         0  stm32f1xx_hal_flash_ex.o ABSOLUTE
    ..\Drivers\STM32F1xx_HAL_Driver\Src\stm32f1xx_hal_gpio.c 0x00000000   Number         0  stm32f1xx_hal_gpio.o ABSOLUTE
    ..\Drivers\STM32F1xx_HAL_Driver\Src\stm32f1xx_hal_gpio_ex.c 0x00000000   Number         0  stm32f1xx_hal_gpio_ex.o ABSOLUTE
    ..\Drivers\STM32F1xx_HAL_Driver\Src\stm32f1xx_hal_pwr.c 0x00000000   Number         0  stm32f1xx_hal_pwr.o ABSOLUTE
    ..\Drivers\STM32F1xx_HAL_Driver\Src\stm32f1xx_hal_rcc.c 0x00000000   Number         0  stm32f1xx_hal_rcc.o ABSOLUTE
    ..\Drivers\STM32F1xx_HAL_Driver\Src\stm32f1xx_hal_rcc_ex.c 0x00000000   Number         0  stm32f1xx_hal_rcc_ex.o ABSOLUTE
    ..\Drivers\STM32F1xx_HAL_Driver\Src\stm32f1xx_hal_spi.c 0x00000000   Number         0  stm32f1xx_hal_spi.o ABSOLUTE
    ..\Drivers\STM32F1xx_HAL_Driver\Src\stm32f1xx_hal_spi_ex.c 0x00000000   Number         0  stm32f1xx_hal_spi_ex.o ABSOLUTE
    ..\Drivers\STM32F1xx_HAL_Driver\Src\stm32f1xx_hal_sram.c 0x00000000   Number         0  stm32f1xx_hal_sram.o ABSOLUTE
    ..\Drivers\STM32F1xx_HAL_Driver\Src\stm32f1xx_hal_tim.c 0x00000000   Number         0  stm32f1xx_hal_tim.o ABSOLUTE
    ..\Drivers\STM32F1xx_HAL_Driver\Src\stm32f1xx_hal_tim_ex.c 0x00000000   Number         0  stm32f1xx_hal_tim_ex.o ABSOLUTE
    ..\Drivers\STM32F1xx_HAL_Driver\Src\stm32f1xx_hal_uart.c 0x00000000   Number         0  stm32f1xx_hal_uart.o ABSOLUTE
    ..\Drivers\STM32F1xx_HAL_Driver\Src\stm32f1xx_ll_fsmc.c 0x00000000   Number         0  stm32f1xx_ll_fsmc.o ABSOLUTE
    ..\Src\ili9325_fsmc.c                    0x00000000   Number         0  ili9325_fsmc.o ABSOLUTE
    ..\Src\main.c                            0x00000000   Number         0  main.o ABSOLUTE
    ..\Src\stm32f1xx_hal_msp.c               0x00000000   Number         0  stm32f1xx_hal_msp.o ABSOLUTE
    ..\Src\stm32f1xx_it.c                    0x00000000   Number         0  stm32f1xx_it.o ABSOLUTE
    ..\Src\system_stm32f1xx.c                0x00000000   Number         0  system_stm32f1xx.o ABSOLUTE
    ..\Src\xpt2046.c                         0x00000000   Number         0  xpt2046.o ABSOLUTE
    ..\\Src\\ili9325_fsmc.c                  0x00000000   Number         0  ili9325_fsmc.o ABSOLUTE
    ..\\Src\\xpt2046.c                       0x00000000   Number         0  xpt2046.o ABSOLUTE
    dc.s                                     0x00000000   Number         0  dc.o ABSOLUTE
    handlers.s                               0x00000000   Number         0  handlers.o ABSOLUTE
    init.s                                   0x00000000   Number         0  init.o ABSOLUTE
    startup_stm32f103xe.s                    0x00000000   Number         0  startup_stm32f103xe.o ABSOLUTE
    RESET                                    0x08000000   Section      304  startup_stm32f103xe.o(RESET)
    .ARM.Collect$$$$00000000                 0x08000130   Section        0  entry.o(.ARM.Collect$$$$00000000)
    .ARM.Collect$$$$00000001                 0x08000130   Section        4  entry2.o(.ARM.Collect$$$$00000001)
    .ARM.Collect$$$$00000004                 0x08000134   Section        4  entry5.o(.ARM.Collect$$$$00000004)
    .ARM.Collect$$$$00000008                 0x08000138   Section        0  entry7b.o(.ARM.Collect$$$$00000008)
    .ARM.Collect$$$$0000000A                 0x08000138   Section        0  entry8b.o(.ARM.Collect$$$$0000000A)
    .ARM.Collect$$$$0000000B                 0x08000138   Section        8  entry9a.o(.ARM.Collect$$$$0000000B)
    .ARM.Collect$$$$0000000D                 0x08000140   Section        0  entry10a.o(.ARM.Collect$$$$0000000D)
    .ARM.Collect$$$$0000000F                 0x08000140   Section        0  entry11a.o(.ARM.Collect$$$$0000000F)
    .ARM.Collect$$$$00002712                 0x08000140   Section        4  entry2.o(.ARM.Collect$$$$00002712)
    __lit__00000000                          0x08000140   Data           4  entry2.o(.ARM.Collect$$$$00002712)
    .text                                    0x08000144   Section       36  startup_stm32f103xe.o(.text)
    .text                                    0x08000168   Section        0  uldiv.o(.text)
    .text                                    0x080001ca   Section        0  llushr.o(.text)
    .text                                    0x080001ea   Section        0  strlen.o(.text)
    .text                                    0x080001f8   Section        0  llshl.o(.text)
    .text                                    0x08000218   Section       36  init.o(.text)
    i.BusFault_Handler                       0x0800023c   Section        0  stm32f1xx_it.o(i.BusFault_Handler)
    i.DebugMon_Handler                       0x0800023e   Section        0  stm32f1xx_it.o(i.DebugMon_Handler)
    i.FSMC_NORSRAM_Extended_Timing_Init      0x08000240   Section        0  stm32f1xx_ll_fsmc.o(i.FSMC_NORSRAM_Extended_Timing_Init)
    i.FSMC_NORSRAM_Init                      0x0800027c   Section        0  stm32f1xx_ll_fsmc.o(i.FSMC_NORSRAM_Init)
    i.FSMC_NORSRAM_Timing_Init               0x08000314   Section        0  stm32f1xx_ll_fsmc.o(i.FSMC_NORSRAM_Timing_Init)
    i.HAL_Delay                              0x08000358   Section        0  stm32f1xx_hal.o(i.HAL_Delay)
    i.HAL_GPIO_Init                          0x08000374   Section        0  stm32f1xx_hal_gpio.o(i.HAL_GPIO_Init)
    i.HAL_GPIO_ReadPin                       0x0800055c   Section        0  stm32f1xx_hal_gpio.o(i.HAL_GPIO_ReadPin)
    i.HAL_GPIO_WritePin                      0x08000566   Section        0  stm32f1xx_hal_gpio.o(i.HAL_GPIO_WritePin)
    i.HAL_GetTick                            0x08000570   Section        0  stm32f1xx_hal.o(i.HAL_GetTick)
    i.HAL_IncTick                            0x0800057c   Section        0  stm32f1xx_hal.o(i.HAL_IncTick)
    i.HAL_Init                               0x0800058c   Section        0  stm32f1xx_hal.o(i.HAL_Init)
    i.HAL_InitTick                           0x080005b0   Section        0  stm32f1xx_hal.o(i.HAL_InitTick)
    i.HAL_MspInit                            0x080005d8   Section        0  stm32f1xx_hal_msp.o(i.HAL_MspInit)
    i.HAL_NVIC_EnableIRQ                     0x0800065c   Section        0  stm32f1xx_hal_cortex.o(i.HAL_NVIC_EnableIRQ)
    i.HAL_NVIC_SetPriority                   0x08000674   Section        0  stm32f1xx_hal_cortex.o(i.HAL_NVIC_SetPriority)
    i.HAL_NVIC_SetPriorityGrouping           0x080006b4   Section        0  stm32f1xx_hal_cortex.o(i.HAL_NVIC_SetPriorityGrouping)
    i.HAL_RCC_ClockConfig                    0x080006d8   Section        0  stm32f1xx_hal_rcc.o(i.HAL_RCC_ClockConfig)
    i.HAL_RCC_GetHCLKFreq                    0x0800082c   Section        0  stm32f1xx_hal_rcc.o(i.HAL_RCC_GetHCLKFreq)
    i.HAL_RCC_GetPCLK1Freq                   0x08000838   Section        0  stm32f1xx_hal_rcc.o(i.HAL_RCC_GetPCLK1Freq)
    i.HAL_RCC_GetPCLK2Freq                   0x08000858   Section        0  stm32f1xx_hal_rcc.o(i.HAL_RCC_GetPCLK2Freq)
    i.HAL_RCC_GetSysClockFreq                0x08000878   Section        0  stm32f1xx_hal_rcc.o(i.HAL_RCC_GetSysClockFreq)
    i.HAL_RCC_OscConfig                      0x080008e4   Section        0  stm32f1xx_hal_rcc.o(i.HAL_RCC_OscConfig)
    i.HAL_SPI_Init                           0x08000be8   Section        0  stm32f1xx_hal_spi_ex.o(i.HAL_SPI_Init)
    i.HAL_SPI_MspInit                        0x08000c6c   Section        0  stm32f1xx_hal_msp.o(i.HAL_SPI_MspInit)
    i.HAL_SPI_Transmit                       0x08000cc4   Section        0  stm32f1xx_hal_spi.o(i.HAL_SPI_Transmit)
    i.HAL_SPI_TransmitReceive                0x08000e2c   Section        0  stm32f1xx_hal_spi.o(i.HAL_SPI_TransmitReceive)
    i.HAL_SRAM_Init                          0x08001004   Section        0  stm32f1xx_hal_sram.o(i.HAL_SRAM_Init)
    i.HAL_SRAM_MspInit                       0x0800105c   Section        0  stm32f1xx_hal_msp.o(i.HAL_SRAM_MspInit)
    i.HAL_SYSTICK_CLKSourceConfig            0x080010bc   Section        0  stm32f1xx_hal_cortex.o(i.HAL_SYSTICK_CLKSourceConfig)
    i.HAL_SYSTICK_Callback                   0x080010d4   Section        0  stm32f1xx_hal_cortex.o(i.HAL_SYSTICK_Callback)
    i.HAL_SYSTICK_Config                     0x080010d6   Section        0  stm32f1xx_hal_cortex.o(i.HAL_SYSTICK_Config)
    i.HAL_SYSTICK_IRQHandler                 0x080010fe   Section        0  stm32f1xx_hal_cortex.o(i.HAL_SYSTICK_IRQHandler)
    i.HAL_TIMEx_BreakCallback                0x08001106   Section        0  stm32f1xx_hal_tim_ex.o(i.HAL_TIMEx_BreakCallback)
    i.HAL_TIMEx_CommutationCallback          0x08001108   Section        0  stm32f1xx_hal_tim_ex.o(i.HAL_TIMEx_CommutationCallback)
    i.HAL_TIMEx_MasterConfigSynchronization  0x0800110a   Section        0  stm32f1xx_hal_tim_ex.o(i.HAL_TIMEx_MasterConfigSynchronization)
    i.HAL_TIM_Base_Init                      0x0800115a   Section        0  stm32f1xx_hal_tim.o(i.HAL_TIM_Base_Init)
    i.HAL_TIM_Base_MspInit                   0x08001190   Section        0  stm32f1xx_hal_msp.o(i.HAL_TIM_Base_MspInit)
    i.HAL_TIM_Base_Start                     0x080011dc   Section        0  stm32f1xx_hal_tim.o(i.HAL_TIM_Base_Start)
    i.HAL_TIM_Base_Start_IT                  0x080011f6   Section        0  stm32f1xx_hal_tim.o(i.HAL_TIM_Base_Start_IT)
    i.HAL_TIM_ConfigClockSource              0x0800120e   Section        0  stm32f1xx_hal_tim.o(i.HAL_TIM_ConfigClockSource)
    i.HAL_TIM_IC_CaptureCallback             0x08001300   Section        0  stm32f1xx_hal_tim.o(i.HAL_TIM_IC_CaptureCallback)
    i.HAL_TIM_IRQHandler                     0x08001302   Section        0  stm32f1xx_hal_tim.o(i.HAL_TIM_IRQHandler)
    i.HAL_TIM_OC_DelayElapsedCallback        0x08001468   Section        0  stm32f1xx_hal_tim.o(i.HAL_TIM_OC_DelayElapsedCallback)
    i.HAL_TIM_PWM_PulseFinishedCallback      0x0800146a   Section        0  stm32f1xx_hal_tim.o(i.HAL_TIM_PWM_PulseFinishedCallback)
    i.HAL_TIM_PeriodElapsedCallback          0x0800146c   Section        0  stm32f1xx_hal_tim.o(i.HAL_TIM_PeriodElapsedCallback)
    i.HAL_TIM_TriggerCallback                0x0800146e   Section        0  stm32f1xx_hal_tim.o(i.HAL_TIM_TriggerCallback)
    i.HAL_UART_Init                          0x08001470   Section        0  stm32f1xx_hal_uart.o(i.HAL_UART_Init)
    i.HAL_UART_MspInit                       0x080014d4   Section        0  stm32f1xx_hal_msp.o(i.HAL_UART_MspInit)
    i.HardFault_Handler                      0x0800152c   Section        0  stm32f1xx_it.o(i.HardFault_Handler)
    i.LCD_Char                               0x0800152e   Section        0  ili9325_fsmc.o(i.LCD_Char)
    LCD_Char                                 0x0800152f   Thumb Code   198  ili9325_fsmc.o(i.LCD_Char)
    i.LCD_Circle                             0x080015f4   Section        0  ili9325_fsmc.o(i.LCD_Circle)
    i.LCD_Circle_Fill_Helper                 0x08001722   Section        0  ili9325_fsmc.o(i.LCD_Circle_Fill_Helper)
    i.LCD_Circle_Helper                      0x08001808   Section        0  ili9325_fsmc.o(i.LCD_Circle_Helper)
    i.LCD_Ellipse                            0x08001920   Section        0  ili9325_fsmc.o(i.LCD_Ellipse)
    i.LCD_Font                               0x08001bb8   Section        0  ili9325_fsmc.o(i.LCD_Font)
    i.LCD_Init                               0x08001c48   Section        0  ili9325_fsmc.o(i.LCD_Init)
    i.LCD_Line                               0x08001ce4   Section        0  ili9325_fsmc.o(i.LCD_Line)
    i.LCD_Rect                               0x08001d5e   Section        0  ili9325_fsmc.o(i.LCD_Rect)
    i.LCD_Rect_Fill                          0x08001db0   Section        0  ili9325_fsmc.o(i.LCD_Rect_Fill)
    i.LCD_Rect_Round                         0x08001e1c   Section        0  ili9325_fsmc.o(i.LCD_Rect_Round)
    i.LCD_Rect_Round_Fill                    0x08001efa   Section        0  ili9325_fsmc.o(i.LCD_Rect_Round_Fill)
    i.LCD_Send_Reg                           0x08001f60   Section        0  ili9325_fsmc.o(i.LCD_Send_Reg)
    LCD_Send_Reg                             0x08001f61   Thumb Code    12  ili9325_fsmc.o(i.LCD_Send_Reg)
    i.LCD_Triangle                           0x08001f70   Section        0  ili9325_fsmc.o(i.LCD_Triangle)
    i.MX_FSMC_Init                           0x08001fb0   Section        0  main.o(i.MX_FSMC_Init)
    MX_FSMC_Init                             0x08001fb1   Thumb Code   116  main.o(i.MX_FSMC_Init)
    i.MX_GPIO_Init                           0x08002030   Section        0  main.o(i.MX_GPIO_Init)
    MX_GPIO_Init                             0x08002031   Thumb Code   124  main.o(i.MX_GPIO_Init)
    i.MX_SPI1_Init                           0x080020b4   Section        0  main.o(i.MX_SPI1_Init)
    MX_SPI1_Init                             0x080020b5   Thumb Code    56  main.o(i.MX_SPI1_Init)
    i.MX_TIM1_Init                           0x080020f4   Section        0  main.o(i.MX_TIM1_Init)
    MX_TIM1_Init                             0x080020f5   Thumb Code    82  main.o(i.MX_TIM1_Init)
    i.MemManage_Handler                      0x08002150   Section        0  stm32f1xx_it.o(i.MemManage_Handler)
    i.NMI_Handler                            0x08002152   Section        0  stm32f1xx_it.o(i.NMI_Handler)
    i.NVIC_SetPriority                       0x08002154   Section        0  stm32f1xx_hal_cortex.o(i.NVIC_SetPriority)
    NVIC_SetPriority                         0x08002155   Thumb Code    32  stm32f1xx_hal_cortex.o(i.NVIC_SetPriority)
    i.PendSV_Handler                         0x08002174   Section        0  stm32f1xx_it.o(i.PendSV_Handler)
    i.SPI_CheckFlag_BSY                      0x08002176   Section        0  stm32f1xx_hal_spi.o(i.SPI_CheckFlag_BSY)
    SPI_CheckFlag_BSY                        0x08002177   Thumb Code    32  stm32f1xx_hal_spi.o(i.SPI_CheckFlag_BSY)
    i.SPI_WaitFlagStateUntilTimeout          0x08002196   Section        0  stm32f1xx_hal_spi.o(i.SPI_WaitFlagStateUntilTimeout)
    SPI_WaitFlagStateUntilTimeout            0x08002197   Thumb Code   150  stm32f1xx_hal_spi.o(i.SPI_WaitFlagStateUntilTimeout)
    i.SVC_Handler                            0x0800222c   Section        0  stm32f1xx_it.o(i.SVC_Handler)
    i.SysTick_Handler                        0x0800222e   Section        0  stm32f1xx_it.o(i.SysTick_Handler)
    i.SystemClock_Config                     0x0800223c   Section        0  main.o(i.SystemClock_Config)
    i.SystemInit                             0x080022a4   Section        0  system_stm32f1xx.o(i.SystemInit)
    i.TIM1_BRK_IRQHandler                    0x080022ec   Section        0  stm32f1xx_it.o(i.TIM1_BRK_IRQHandler)
    i.TIM1_UP_IRQHandler                     0x080022f8   Section        0  stm32f1xx_it.o(i.TIM1_UP_IRQHandler)
    i.TIM_Base_SetConfig                     0x08002318   Section        0  stm32f1xx_hal_tim.o(i.TIM_Base_SetConfig)
    i.TIM_ETR_SetConfig                      0x080023a4   Section        0  stm32f1xx_hal_tim.o(i.TIM_ETR_SetConfig)
    TIM_ETR_SetConfig                        0x080023a5   Thumb Code    20  stm32f1xx_hal_tim.o(i.TIM_ETR_SetConfig)
    i.TIM_ITRx_SetConfig                     0x080023b8   Section        0  stm32f1xx_hal_tim.o(i.TIM_ITRx_SetConfig)
    TIM_ITRx_SetConfig                       0x080023b9   Thumb Code    16  stm32f1xx_hal_tim.o(i.TIM_ITRx_SetConfig)
    i.TIM_TI1_ConfigInputStage               0x080023c8   Section        0  stm32f1xx_hal_tim.o(i.TIM_TI1_ConfigInputStage)
    TIM_TI1_ConfigInputStage                 0x080023c9   Thumb Code    34  stm32f1xx_hal_tim.o(i.TIM_TI1_ConfigInputStage)
    i.TIM_TI2_ConfigInputStage               0x080023ea   Section        0  stm32f1xx_hal_tim.o(i.TIM_TI2_ConfigInputStage)
    TIM_TI2_ConfigInputStage                 0x080023eb   Thumb Code    36  stm32f1xx_hal_tim.o(i.TIM_TI2_ConfigInputStage)
    i.UART_SetConfig                         0x08002410   Section        0  stm32f1xx_hal_uart.o(i.UART_SetConfig)
    UART_SetConfig                           0x08002411   Thumb Code   364  stm32f1xx_hal_uart.o(i.UART_SetConfig)
    i.UsageFault_Handler                     0x08002580   Section        0  stm32f1xx_it.o(i.UsageFault_Handler)
    i.XPT2046_Init                           0x08002584   Section        0  xpt2046.o(i.XPT2046_Init)
    i.__scatterload_copy                     0x080025b8   Section       14  handlers.o(i.__scatterload_copy)
    i.__scatterload_null                     0x080025c6   Section        2  handlers.o(i.__scatterload_null)
    i.__scatterload_zeroinit                 0x080025c8   Section       14  handlers.o(i.__scatterload_zeroinit)
    i.getRaw                                 0x080025d8   Section        0  xpt2046.o(i.getRaw)
    i.getX                                   0x08002630   Section        0  xpt2046.o(i.getX)
    i.getY                                   0x0800264c   Section        0  xpt2046.o(i.getY)
    i.main                                   0x08002668   Section        0  main.o(i.main)
    i.map                                    0x080029ac   Section        0  xpt2046.o(i.map)
    .constdata                               0x080029c2   Section       16  system_stm32f1xx.o(.constdata)
    .constdata                               0x080029d2   Section        8  system_stm32f1xx.o(.constdata)
    .constdata                               0x080029da   Section      161  main.o(.constdata)
    .constdata                               0x08002a7c   Section      264  main.o(.constdata)
    .constdata                               0x08002b84   Section       60  main.o(.constdata)
    .constdata                               0x08002bc0   Section     1162  main.o(.constdata)
    .constdata                               0x0800304a   Section      760  main.o(.constdata)
    .constdata                               0x08003342   Section     1363  main.o(.constdata)
    .constdata                               0x08003896   Section       80  main.o(.constdata)
    .constdata                               0x080038e6   Section      271  main.o(.constdata)
    .constdata                               0x080039f6   Section      760  main.o(.constdata)
    .constdata                               0x08003cee   Section      418  main.o(.constdata)
    .constdata                               0x08003e90   Section      760  main.o(.constdata)
    .data                                    0x20000000   Section        4  system_stm32f1xx.o(.data)
    .data                                    0x20000004   Section        4  stm32f1xx_hal.o(.data)
    .data                                    0x20000008   Section       16  main.o(.data)
    .data                                    0x20000018   Section        8  stm32f1xx_hal_msp.o(.data)
    FSMC_Initialized                         0x20000018   Data           4  stm32f1xx_hal_msp.o(.data)
    FSMC_DeInitialized                       0x2000001c   Data           4  stm32f1xx_hal_msp.o(.data)
    .bss                                     0x20000020   Section      284  main.o(.bss)
    STACK                                    0x20000140   Section     1024  startup_stm32f103xe.o(STACK)

    Global Symbols

    Symbol Name                              Value     Ov Type        Size  Object(Section)

    BuildAttributes$$THM_ISAv4$P$D$K$B$S$PE$A:L22UL41UL21$X:L11$S22US41US21$IEEE1$IW$USESV6$~STKCKD$USESV7$~SHL$OSPACE$EBA8$MICROLIB$REQ8$PRES8$EABIv2 0x00000000   Number         0  anon$$obj.o ABSOLUTE
    __ARM_use_no_argv                        0x00000000   Number         0  main.o ABSOLUTE
    __cpp_initialize__aeabi_                  - Undefined Weak Reference
    __cxa_finalize                            - Undefined Weak Reference
    __decompress                              - Undefined Weak Reference
    _clock_init                               - Undefined Weak Reference
    _microlib_exit                            - Undefined Weak Reference
    __Vectors_Size                           0x00000130   Number         0  startup_stm32f103xe.o ABSOLUTE
    __Vectors                                0x08000000   Data           4  startup_stm32f103xe.o(RESET)
    __Vectors_End                            0x08000130   Data           0  startup_stm32f103xe.o(RESET)
    __main                                   0x08000131   Thumb Code     0  entry.o(.ARM.Collect$$$$00000000)
    _main_stk                                0x08000131   Thumb Code     0  entry2.o(.ARM.Collect$$$$00000001)
    _main_scatterload                        0x08000135   Thumb Code     0  entry5.o(.ARM.Collect$$$$00000004)
    __main_after_scatterload                 0x08000139   Thumb Code     0  entry5.o(.ARM.Collect$$$$00000004)
    _main_clock                              0x08000139   Thumb Code     0  entry7b.o(.ARM.Collect$$$$00000008)
    _main_cpp_init                           0x08000139   Thumb Code     0  entry8b.o(.ARM.Collect$$$$0000000A)
    _main_init                               0x08000139   Thumb Code     0  entry9a.o(.ARM.Collect$$$$0000000B)
    __rt_final_cpp                           0x08000141   Thumb Code     0  entry10a.o(.ARM.Collect$$$$0000000D)
    __rt_final_exit                          0x08000141   Thumb Code     0  entry11a.o(.ARM.Collect$$$$0000000F)
    Reset_Handler                            0x08000145   Thumb Code     8  startup_stm32f103xe.o(.text)
    ADC1_2_IRQHandler                        0x0800015f   Thumb Code     0  startup_stm32f103xe.o(.text)
    ADC3_IRQHandler                          0x0800015f   Thumb Code     0  startup_stm32f103xe.o(.text)
    CAN1_RX1_IRQHandler                      0x0800015f   Thumb Code     0  startup_stm32f103xe.o(.text)
    CAN1_SCE_IRQHandler                      0x0800015f   Thumb Code     0  startup_stm32f103xe.o(.text)
    DMA1_Channel1_IRQHandler                 0x0800015f   Thumb Code     0  startup_stm32f103xe.o(.text)
    DMA1_Channel2_IRQHandler                 0x0800015f   Thumb Code     0  startup_stm32f103xe.o(.text)
    DMA1_Channel3_IRQHandler                 0x0800015f   Thumb Code     0  startup_stm32f103xe.o(.text)
    DMA1_Channel4_IRQHandler                 0x0800015f   Thumb Code     0  startup_stm32f103xe.o(.text)
    DMA1_Channel5_IRQHandler                 0x0800015f   Thumb Code     0  startup_stm32f103xe.o(.text)
    DMA1_Channel6_IRQHandler                 0x0800015f   Thumb Code     0  startup_stm32f103xe.o(.text)
    DMA1_Channel7_IRQHandler                 0x0800015f   Thumb Code     0  startup_stm32f103xe.o(.text)
    DMA2_Channel1_IRQHandler                 0x0800015f   Thumb Code     0  startup_stm32f103xe.o(.text)
    DMA2_Channel2_IRQHandler                 0x0800015f   Thumb Code     0  startup_stm32f103xe.o(.text)
    DMA2_Channel3_IRQHandler                 0x0800015f   Thumb Code     0  startup_stm32f103xe.o(.text)
    DMA2_Channel4_5_IRQHandler               0x0800015f   Thumb Code     0  startup_stm32f103xe.o(.text)
    EXTI0_IRQHandler                         0x0800015f   Thumb Code     0  startup_stm32f103xe.o(.text)
    EXTI15_10_IRQHandler                     0x0800015f   Thumb Code     0  startup_stm32f103xe.o(.text)
    EXTI1_IRQHandler                         0x0800015f   Thumb Code     0  startup_stm32f103xe.o(.text)
    EXTI2_IRQHandler                         0x0800015f   Thumb Code     0  startup_stm32f103xe.o(.text)
    EXTI3_IRQHandler                         0x0800015f   Thumb Code     0  startup_stm32f103xe.o(.text)
    EXTI4_IRQHandler                         0x0800015f   Thumb Code     0  startup_stm32f103xe.o(.text)
    EXTI9_5_IRQHandler                       0x0800015f   Thumb Code     0  startup_stm32f103xe.o(.text)
    FLASH_IRQHandler                         0x0800015f   Thumb Code     0  startup_stm32f103xe.o(.text)
    FSMC_IRQHandler                          0x0800015f   Thumb Code     0  startup_stm32f103xe.o(.text)
    I2C1_ER_IRQHandler                       0x0800015f   Thumb Code     0  startup_stm32f103xe.o(.text)
    I2C1_EV_IRQHandler                       0x0800015f   Thumb Code     0  startup_stm32f103xe.o(.text)
    I2C2_ER_IRQHandler                       0x0800015f   Thumb Code     0  startup_stm32f103xe.o(.text)
    I2C2_EV_IRQHandler                       0x0800015f   Thumb Code     0  startup_stm32f103xe.o(.text)
    PVD_IRQHandler                           0x0800015f   Thumb Code     0  startup_stm32f103xe.o(.text)
    RCC_IRQHandler                           0x0800015f   Thumb Code     0  startup_stm32f103xe.o(.text)
    RTC_Alarm_IRQHandler                     0x0800015f   Thumb Code     0  startup_stm32f103xe.o(.text)
    RTC_IRQHandler                           0x0800015f   Thumb Code     0  startup_stm32f103xe.o(.text)
    SDIO_IRQHandler                          0x0800015f   Thumb Code     0  startup_stm32f103xe.o(.text)
    SPI1_IRQHandler                          0x0800015f   Thumb Code     0  startup_stm32f103xe.o(.text)
    SPI2_IRQHandler                          0x0800015f   Thumb Code     0  startup_stm32f103xe.o(.text)
    SPI3_IRQHandler                          0x0800015f   Thumb Code     0  startup_stm32f103xe.o(.text)
    TAMPER_IRQHandler                        0x0800015f   Thumb Code     0  startup_stm32f103xe.o(.text)
    TIM1_CC_IRQHandler                       0x0800015f   Thumb Code     0  startup_stm32f103xe.o(.text)
    TIM1_TRG_COM_IRQHandler                  0x0800015f   Thumb Code     0  startup_stm32f103xe.o(.text)
    TIM2_IRQHandler                          0x0800015f   Thumb Code     0  startup_stm32f103xe.o(.text)
    TIM3_IRQHandler                          0x0800015f   Thumb Code     0  startup_stm32f103xe.o(.text)
    TIM4_IRQHandler                          0x0800015f   Thumb Code     0  startup_stm32f103xe.o(.text)
    TIM5_IRQHandler                          0x0800015f   Thumb Code     0  startup_stm32f103xe.o(.text)
    TIM6_IRQHandler                          0x0800015f   Thumb Code     0  startup_stm32f103xe.o(.text)
    TIM7_IRQHandler                          0x0800015f   Thumb Code     0  startup_stm32f103xe.o(.text)
    TIM8_BRK_IRQHandler                      0x0800015f   Thumb Code     0  startup_stm32f103xe.o(.text)
    TIM8_CC_IRQHandler                       0x0800015f   Thumb Code     0  startup_stm32f103xe.o(.text)
    TIM8_TRG_COM_IRQHandler                  0x0800015f   Thumb Code     0  startup_stm32f103xe.o(.text)
    TIM8_UP_IRQHandler                       0x0800015f   Thumb Code     0  startup_stm32f103xe.o(.text)
    UART4_IRQHandler                         0x0800015f   Thumb Code     0  startup_stm32f103xe.o(.text)
    UART5_IRQHandler                         0x0800015f   Thumb Code     0  startup_stm32f103xe.o(.text)
    USART1_IRQHandler                        0x0800015f   Thumb Code     0  startup_stm32f103xe.o(.text)
    USART2_IRQHandler                        0x0800015f   Thumb Code     0  startup_stm32f103xe.o(.text)
    USART3_IRQHandler                        0x0800015f   Thumb Code     0  startup_stm32f103xe.o(.text)
    USBWakeUp_IRQHandler                     0x0800015f   Thumb Code     0  startup_stm32f103xe.o(.text)
    USB_HP_CAN1_TX_IRQHandler                0x0800015f   Thumb Code     0  startup_stm32f103xe.o(.text)
    USB_LP_CAN1_RX0_IRQHandler               0x0800015f   Thumb Code     0  startup_stm32f103xe.o(.text)
    WWDG_IRQHandler                          0x0800015f   Thumb Code     0  startup_stm32f103xe.o(.text)
    __aeabi_uldivmod                         0x08000169   Thumb Code    98  uldiv.o(.text)
    __aeabi_llsr                             0x080001cb   Thumb Code    32  llushr.o(.text)
    _ll_ushift_r                             0x080001cb   Thumb Code     0  llushr.o(.text)
    strlen                                   0x080001eb   Thumb Code    14  strlen.o(.text)
    __aeabi_llsl                             0x080001f9   Thumb Code    30  llshl.o(.text)
    _ll_shift_l                              0x080001f9   Thumb Code     0  llshl.o(.text)
    __scatterload                            0x08000219   Thumb Code    28  init.o(.text)
    __scatterload_rt2                        0x08000219   Thumb Code     0  init.o(.text)
    BusFault_Handler                         0x0800023d   Thumb Code     2  stm32f1xx_it.o(i.BusFault_Handler)
    DebugMon_Handler                         0x0800023f   Thumb Code     2  stm32f1xx_it.o(i.DebugMon_Handler)
    FSMC_NORSRAM_Extended_Timing_Init        0x08000241   Thumb Code    56  stm32f1xx_ll_fsmc.o(i.FSMC_NORSRAM_Extended_Timing_Init)
    FSMC_NORSRAM_Init                        0x0800027d   Thumb Code   148  stm32f1xx_ll_fsmc.o(i.FSMC_NORSRAM_Init)
    FSMC_NORSRAM_Timing_Init                 0x08000315   Thumb Code    64  stm32f1xx_ll_fsmc.o(i.FSMC_NORSRAM_Timing_Init)
    HAL_Delay                                0x08000359   Thumb Code    28  stm32f1xx_hal.o(i.HAL_Delay)
    HAL_GPIO_Init                            0x08000375   Thumb Code   446  stm32f1xx_hal_gpio.o(i.HAL_GPIO_Init)
    HAL_GPIO_ReadPin                         0x0800055d   Thumb Code    10  stm32f1xx_hal_gpio.o(i.HAL_GPIO_ReadPin)
    HAL_GPIO_WritePin                        0x08000567   Thumb Code    10  stm32f1xx_hal_gpio.o(i.HAL_GPIO_WritePin)
    HAL_GetTick                              0x08000571   Thumb Code     6  stm32f1xx_hal.o(i.HAL_GetTick)
    HAL_IncTick                              0x0800057d   Thumb Code    10  stm32f1xx_hal.o(i.HAL_IncTick)
    HAL_Init                                 0x0800058d   Thumb Code    32  stm32f1xx_hal.o(i.HAL_Init)
    HAL_InitTick                             0x080005b1   Thumb Code    34  stm32f1xx_hal.o(i.HAL_InitTick)
    HAL_MspInit                              0x080005d9   Thumb Code   122  stm32f1xx_hal_msp.o(i.HAL_MspInit)
    HAL_NVIC_EnableIRQ                       0x0800065d   Thumb Code    22  stm32f1xx_hal_cortex.o(i.HAL_NVIC_EnableIRQ)
    HAL_NVIC_SetPriority                     0x08000675   Thumb Code    60  stm32f1xx_hal_cortex.o(i.HAL_NVIC_SetPriority)
    HAL_NVIC_SetPriorityGrouping             0x080006b5   Thumb Code    26  stm32f1xx_hal_cortex.o(i.HAL_NVIC_SetPriorityGrouping)
    HAL_RCC_ClockConfig                      0x080006d9   Thumb Code   322  stm32f1xx_hal_rcc.o(i.HAL_RCC_ClockConfig)
    HAL_RCC_GetHCLKFreq                      0x0800082d   Thumb Code     6  stm32f1xx_hal_rcc.o(i.HAL_RCC_GetHCLKFreq)
    HAL_RCC_GetPCLK1Freq                     0x08000839   Thumb Code    20  stm32f1xx_hal_rcc.o(i.HAL_RCC_GetPCLK1Freq)
    HAL_RCC_GetPCLK2Freq                     0x08000859   Thumb Code    20  stm32f1xx_hal_rcc.o(i.HAL_RCC_GetPCLK2Freq)
    HAL_RCC_GetSysClockFreq                  0x08000879   Thumb Code    74  stm32f1xx_hal_rcc.o(i.HAL_RCC_GetSysClockFreq)
    HAL_RCC_OscConfig                        0x080008e5   Thumb Code   750  stm32f1xx_hal_rcc.o(i.HAL_RCC_OscConfig)
    HAL_SPI_Init                             0x08000be9   Thumb Code   130  stm32f1xx_hal_spi_ex.o(i.HAL_SPI_Init)
    HAL_SPI_MspInit                          0x08000c6d   Thumb Code    74  stm32f1xx_hal_msp.o(i.HAL_SPI_MspInit)
    HAL_SPI_Transmit                         0x08000cc5   Thumb Code   360  stm32f1xx_hal_spi.o(i.HAL_SPI_Transmit)
    HAL_SPI_TransmitReceive                  0x08000e2d   Thumb Code   472  stm32f1xx_hal_spi.o(i.HAL_SPI_TransmitReceive)
    HAL_SRAM_Init                            0x08001005   Thumb Code    86  stm32f1xx_hal_sram.o(i.HAL_SRAM_Init)
    HAL_SRAM_MspInit                         0x0800105d   Thumb Code    78  stm32f1xx_hal_msp.o(i.HAL_SRAM_MspInit)
    HAL_SYSTICK_CLKSourceConfig              0x080010bd   Thumb Code    24  stm32f1xx_hal_cortex.o(i.HAL_SYSTICK_CLKSourceConfig)
    HAL_SYSTICK_Callback                     0x080010d5   Thumb Code     2  stm32f1xx_hal_cortex.o(i.HAL_SYSTICK_Callback)
    HAL_SYSTICK_Config                       0x080010d7   Thumb Code    40  stm32f1xx_hal_cortex.o(i.HAL_SYSTICK_Config)
    HAL_SYSTICK_IRQHandler                   0x080010ff   Thumb Code     8  stm32f1xx_hal_cortex.o(i.HAL_SYSTICK_IRQHandler)
    HAL_TIMEx_BreakCallback                  0x08001107   Thumb Code     2  stm32f1xx_hal_tim_ex.o(i.HAL_TIMEx_BreakCallback)
    HAL_TIMEx_CommutationCallback            0x08001109   Thumb Code     2  stm32f1xx_hal_tim_ex.o(i.HAL_TIMEx_CommutationCallback)
    HAL_TIMEx_MasterConfigSynchronization    0x0800110b   Thumb Code    80  stm32f1xx_hal_tim_ex.o(i.HAL_TIMEx_MasterConfigSynchronization)
    HAL_TIM_Base_Init                        0x0800115b   Thumb Code    54  stm32f1xx_hal_tim.o(i.HAL_TIM_Base_Init)
    HAL_TIM_Base_MspInit                     0x08001191   Thumb Code    66  stm32f1xx_hal_msp.o(i.HAL_TIM_Base_MspInit)
    HAL_TIM_Base_Start                       0x080011dd   Thumb Code    26  stm32f1xx_hal_tim.o(i.HAL_TIM_Base_Start)
    HAL_TIM_Base_Start_IT                    0x080011f7   Thumb Code    24  stm32f1xx_hal_tim.o(i.HAL_TIM_Base_Start_IT)
    HAL_TIM_ConfigClockSource                0x0800120f   Thumb Code   242  stm32f1xx_hal_tim.o(i.HAL_TIM_ConfigClockSource)
    HAL_TIM_IC_CaptureCallback               0x08001301   Thumb Code     2  stm32f1xx_hal_tim.o(i.HAL_TIM_IC_CaptureCallback)
    HAL_TIM_IRQHandler                       0x08001303   Thumb Code   358  stm32f1xx_hal_tim.o(i.HAL_TIM_IRQHandler)
    HAL_TIM_OC_DelayElapsedCallback          0x08001469   Thumb Code     2  stm32f1xx_hal_tim.o(i.HAL_TIM_OC_DelayElapsedCallback)
    HAL_TIM_PWM_PulseFinishedCallback        0x0800146b   Thumb Code     2  stm32f1xx_hal_tim.o(i.HAL_TIM_PWM_PulseFinishedCallback)
    HAL_TIM_PeriodElapsedCallback            0x0800146d   Thumb Code     2  stm32f1xx_hal_tim.o(i.HAL_TIM_PeriodElapsedCallback)
    HAL_TIM_TriggerCallback                  0x0800146f   Thumb Code     2  stm32f1xx_hal_tim.o(i.HAL_TIM_TriggerCallback)
    HAL_UART_Init                            0x08001471   Thumb Code    98  stm32f1xx_hal_uart.o(i.HAL_UART_Init)
    HAL_UART_MspInit                         0x080014d5   Thumb Code    76  stm32f1xx_hal_msp.o(i.HAL_UART_MspInit)
    HardFault_Handler                        0x0800152d   Thumb Code     2  stm32f1xx_it.o(i.HardFault_Handler)
    LCD_Circle                               0x080015f5   Thumb Code   302  ili9325_fsmc.o(i.LCD_Circle)
    LCD_Circle_Fill_Helper                   0x08001723   Thumb Code   228  ili9325_fsmc.o(i.LCD_Circle_Fill_Helper)
    LCD_Circle_Helper                        0x08001809   Thumb Code   280  ili9325_fsmc.o(i.LCD_Circle_Helper)
    LCD_Ellipse                              0x08001921   Thumb Code   664  ili9325_fsmc.o(i.LCD_Ellipse)
    LCD_Font                                 0x08001bb9   Thumb Code   144  ili9325_fsmc.o(i.LCD_Font)
    LCD_Init                                 0x08001c49   Thumb Code   156  ili9325_fsmc.o(i.LCD_Init)
    LCD_Line                                 0x08001ce5   Thumb Code   122  ili9325_fsmc.o(i.LCD_Line)
    LCD_Rect                                 0x08001d5f   Thumb Code    82  ili9325_fsmc.o(i.LCD_Rect)
    LCD_Rect_Fill                            0x08001db1   Thumb Code   102  ili9325_fsmc.o(i.LCD_Rect_Fill)
    LCD_Rect_Round                           0x08001e1d   Thumb Code   222  ili9325_fsmc.o(i.LCD_Rect_Round)
    LCD_Rect_Round_Fill                      0x08001efb   Thumb Code   100  ili9325_fsmc.o(i.LCD_Rect_Round_Fill)
    LCD_Triangle                             0x08001f71   Thumb Code    64  ili9325_fsmc.o(i.LCD_Triangle)
    MemManage_Handler                        0x08002151   Thumb Code     2  stm32f1xx_it.o(i.MemManage_Handler)
    NMI_Handler                              0x08002153   Thumb Code     2  stm32f1xx_it.o(i.NMI_Handler)
    PendSV_Handler                           0x08002175   Thumb Code     2  stm32f1xx_it.o(i.PendSV_Handler)
    SVC_Handler                              0x0800222d   Thumb Code     2  stm32f1xx_it.o(i.SVC_Handler)
    SysTick_Handler                          0x0800222f   Thumb Code    14  stm32f1xx_it.o(i.SysTick_Handler)
    SystemClock_Config                       0x0800223d   Thumb Code   104  main.o(i.SystemClock_Config)
    SystemInit                               0x080022a5   Thumb Code    56  system_stm32f1xx.o(i.SystemInit)
    TIM1_BRK_IRQHandler                      0x080022ed   Thumb Code     6  stm32f1xx_it.o(i.TIM1_BRK_IRQHandler)
    TIM1_UP_IRQHandler                       0x080022f9   Thumb Code    22  stm32f1xx_it.o(i.TIM1_UP_IRQHandler)
    TIM_Base_SetConfig                       0x08002319   Thumb Code   120  stm32f1xx_hal_tim.o(i.TIM_Base_SetConfig)
    UsageFault_Handler                       0x08002581   Thumb Code     2  stm32f1xx_it.o(i.UsageFault_Handler)
    XPT2046_Init                             0x08002585   Thumb Code    46  xpt2046.o(i.XPT2046_Init)
    __scatterload_copy                       0x080025b9   Thumb Code    14  handlers.o(i.__scatterload_copy)
    __scatterload_null                       0x080025c7   Thumb Code     2  handlers.o(i.__scatterload_null)
    __scatterload_zeroinit                   0x080025c9   Thumb Code    14  handlers.o(i.__scatterload_zeroinit)
    getRaw                                   0x080025d9   Thumb Code    82  xpt2046.o(i.getRaw)
    getX                                     0x08002631   Thumb Code    28  xpt2046.o(i.getX)
    getY                                     0x0800264d   Thumb Code    28  xpt2046.o(i.getY)
    main                                     0x08002669   Thumb Code   716  main.o(i.main)
    map                                      0x080029ad   Thumb Code    22  xpt2046.o(i.map)
    AHBPrescTable                            0x080029c2   Data          16  system_stm32f1xx.o(.constdata)
    APBPrescTable                            0x080029d2   Data           8  system_stm32f1xx.o(.constdata)
    Dmd8x7ClockBitmaps                       0x080029da   Data         161  main.o(.constdata)
    Dmd8x7ClockGlyphs                        0x08002a7c   Data         264  main.o(.constdata)
    Dmd8x7Clock                              0x08002b84   Data          12  main.o(.constdata)
    FreeSerifBold9pt7b                       0x08002b90   Data          12  main.o(.constdata)
    FreeSevenSegNum                          0x08002b9c   Data          12  main.o(.constdata)
    Org_01                                   0x08002ba8   Data          12  main.o(.constdata)
    TomThumb                                 0x08002bb4   Data          12  main.o(.constdata)
    FreeSerifBold9pt7bBitmaps                0x08002bc0   Data        1162  main.o(.constdata)
    FreeSerifBold9pt7bGlyphs                 0x0800304a   Data         760  main.o(.constdata)
    FreeSevenSegNumBitmaps                   0x08003342   Data        1363  main.o(.constdata)
    FreeSevenSegNumGlyphs                    0x08003896   Data          80  main.o(.constdata)
    Org_01Bitmaps                            0x080038e6   Data         271  main.o(.constdata)
    Org_01Glyphs                             0x080039f6   Data         760  main.o(.constdata)
    TomThumbBitmaps                          0x08003cee   Data         418  main.o(.constdata)
    TomThumbGlyphs                           0x08003e90   Data         760  main.o(.constdata)
    Region$$Table$$Base                      0x08004188   Number         0  anon$$obj.o(Region$$Table)
    Region$$Table$$Limit                     0x080041a8   Number         0  anon$$obj.o(Region$$Table)
    SystemCoreClock                          0x20000000   Data           4  system_stm32f1xx.o(.data)
    uwTick                                   0x20000004   Data           4  stm32f1xx_hal.o(.data)
    touchIRQ                                 0x20000008   Data           1  main.o(.data)
    touchX                                   0x2000000a   Data           2  main.o(.data)
    touchY                                   0x2000000c   Data           2  main.o(.data)
    millis                                   0x20000010   Data           8  main.o(.data)
    hspi1                                    0x20000020   Data          88  main.o(.bss)
    htim1                                    0x20000078   Data          64  main.o(.bss)
    huart1                                   0x200000b8   Data          64  main.o(.bss)
    hsram1                                   0x200000f8   Data          68  main.o(.bss)
    __initial_sp                             0x20000540   Data           0  startup_stm32f103xe.o(STACK)



==============================================================================

Memory Map of the image

  Image Entry point : 0x08000131

  Load Region LR_IROM1 (Base: 0x08000000, Size: 0x000041c8, Max: 0x00040000, ABSOLUTE)

    Execution Region ER_IROM1 (Exec base: 0x08000000, Load base: 0x08000000, Size: 0x000041a8, Max: 0x00040000, ABSOLUTE)

    Exec Addr    Load Addr    Size         Type   Attr      Idx    E Section Name        Object

    0x08000000   0x08000000   0x00000130   Data   RO            3    RESET               startup_stm32f103xe.o
    0x08000130   0x08000130   0x00000000   Code   RO         3429  * .ARM.Collect$$$$00000000  mc_w.l(entry.o)
    0x08000130   0x08000130   0x00000004   Code   RO         3438    .ARM.Collect$$$$00000001  mc_w.l(entry2.o)
    0x08000134   0x08000134   0x00000004   Code   RO         3441    .ARM.Collect$$$$00000004  mc_w.l(entry5.o)
    0x08000138   0x08000138   0x00000000   Code   RO         3443    .ARM.Collect$$$$00000008  mc_w.l(entry7b.o)
    0x08000138   0x08000138   0x00000000   Code   RO         3445    .ARM.Collect$$$$0000000A  mc_w.l(entry8b.o)
    0x08000138   0x08000138   0x00000008   Code   RO         3446    .ARM.Collect$$$$0000000B  mc_w.l(entry9a.o)
    0x08000140   0x08000140   0x00000000   Code   RO         3448    .ARM.Collect$$$$0000000D  mc_w.l(entry10a.o)
    0x08000140   0x08000140   0x00000000   Code   RO         3450    .ARM.Collect$$$$0000000F  mc_w.l(entry11a.o)
    0x08000140   0x08000140   0x00000004   Code   RO         3439    .ARM.Collect$$$$00002712  mc_w.l(entry2.o)
    0x08000144   0x08000144   0x00000024   Code   RO            4    .text               startup_stm32f103xe.o
    0x08000168   0x08000168   0x00000062   Code   RO         3432    .text               mc_w.l(uldiv.o)
    0x080001ca   0x080001ca   0x00000020   Code   RO         3434    .text               mc_w.l(llushr.o)
    0x080001ea   0x080001ea   0x0000000e   Code   RO         3436    .text               mc_w.l(strlen.o)
    0x080001f8   0x080001f8   0x0000001e   Code   RO         3452    .text               mc_w.l(llshl.o)
    0x08000216   0x08000216   0x00000002   PAD
    0x08000218   0x08000218   0x00000024   Code   RO         3454    .text               mc_w.l(init.o)
    0x0800023c   0x0800023c   0x00000002   Code   RO         2831    i.BusFault_Handler  stm32f1xx_it.o
    0x0800023e   0x0800023e   0x00000002   Code   RO         2832    i.DebugMon_Handler  stm32f1xx_it.o
    0x08000240   0x08000240   0x0000003c   Code   RO         1083    i.FSMC_NORSRAM_Extended_Timing_Init  stm32f1xx_ll_fsmc.o
    0x0800027c   0x0800027c   0x00000098   Code   RO         1084    i.FSMC_NORSRAM_Init  stm32f1xx_ll_fsmc.o
    0x08000314   0x08000314   0x00000044   Code   RO         1085    i.FSMC_NORSRAM_Timing_Init  stm32f1xx_ll_fsmc.o
    0x08000358   0x08000358   0x0000001c   Code   RO          875    i.HAL_Delay         stm32f1xx_hal.o
    0x08000374   0x08000374   0x000001e8   Code   RO         1012    i.HAL_GPIO_Init     stm32f1xx_hal_gpio.o
    0x0800055c   0x0800055c   0x0000000a   Code   RO         1014    i.HAL_GPIO_ReadPin  stm32f1xx_hal_gpio.o
    0x08000566   0x08000566   0x0000000a   Code   RO         1016    i.HAL_GPIO_WritePin  stm32f1xx_hal_gpio.o
    0x08000570   0x08000570   0x0000000c   Code   RO          879    i.HAL_GetTick       stm32f1xx_hal.o
    0x0800057c   0x0800057c   0x00000010   Code   RO          881    i.HAL_IncTick       stm32f1xx_hal.o
    0x0800058c   0x0800058c   0x00000024   Code   RO          882    i.HAL_Init          stm32f1xx_hal.o
    0x080005b0   0x080005b0   0x00000028   Code   RO          883    i.HAL_InitTick      stm32f1xx_hal.o
    0x080005d8   0x080005d8   0x00000084   Code   RO         3209    i.HAL_MspInit       stm32f1xx_hal_msp.o
    0x0800065c   0x0800065c   0x00000016   Code   RO          628    i.HAL_NVIC_EnableIRQ  stm32f1xx_hal_cortex.o
    0x08000672   0x08000672   0x00000002   PAD
    0x08000674   0x08000674   0x00000040   Code   RO          634    i.HAL_NVIC_SetPriority  stm32f1xx_hal_cortex.o
    0x080006b4   0x080006b4   0x00000024   Code   RO          635    i.HAL_NVIC_SetPriorityGrouping  stm32f1xx_hal_cortex.o
    0x080006d8   0x080006d8   0x00000154   Code   RO         1238    i.HAL_RCC_ClockConfig  stm32f1xx_hal_rcc.o
    0x0800082c   0x0800082c   0x0000000c   Code   RO         1243    i.HAL_RCC_GetHCLKFreq  stm32f1xx_hal_rcc.o
    0x08000838   0x08000838   0x00000020   Code   RO         1245    i.HAL_RCC_GetPCLK1Freq  stm32f1xx_hal_rcc.o
    0x08000858   0x08000858   0x00000020   Code   RO         1246    i.HAL_RCC_GetPCLK2Freq  stm32f1xx_hal_rcc.o
    0x08000878   0x08000878   0x0000006c   Code   RO         1247    i.HAL_RCC_GetSysClockFreq  stm32f1xx_hal_rcc.o
    0x080008e4   0x080008e4   0x00000304   Code   RO         1250    i.HAL_RCC_OscConfig  stm32f1xx_hal_rcc.o
    0x08000be8   0x08000be8   0x00000082   Code   RO         2807    i.HAL_SPI_Init      stm32f1xx_hal_spi_ex.o
    0x08000c6a   0x08000c6a   0x00000002   PAD
    0x08000c6c   0x08000c6c   0x00000058   Code   RO         3211    i.HAL_SPI_MspInit   stm32f1xx_hal_msp.o
    0x08000cc4   0x08000cc4   0x00000168   Code   RO         2503    i.HAL_SPI_Transmit  stm32f1xx_hal_spi.o
    0x08000e2c   0x08000e2c   0x000001d8   Code   RO         2504    i.HAL_SPI_TransmitReceive  stm32f1xx_hal_spi.o
    0x08001004   0x08001004   0x00000056   Code   RO          182    i.HAL_SRAM_Init     stm32f1xx_hal_sram.o
    0x0800105a   0x0800105a   0x00000002   PAD
    0x0800105c   0x0800105c   0x00000060   Code   RO         3213    i.HAL_SRAM_MspInit  stm32f1xx_hal_msp.o
    0x080010bc   0x080010bc   0x00000018   Code   RO          637    i.HAL_SYSTICK_CLKSourceConfig  stm32f1xx_hal_cortex.o
    0x080010d4   0x080010d4   0x00000002   Code   RO          638    i.HAL_SYSTICK_Callback  stm32f1xx_hal_cortex.o
    0x080010d6   0x080010d6   0x00000028   Code   RO          639    i.HAL_SYSTICK_Config  stm32f1xx_hal_cortex.o
    0x080010fe   0x080010fe   0x00000008   Code   RO          640    i.HAL_SYSTICK_IRQHandler  stm32f1xx_hal_cortex.o
    0x08001106   0x08001106   0x00000002   Code   RO          298    i.HAL_TIMEx_BreakCallback  stm32f1xx_hal_tim_ex.o
    0x08001108   0x08001108   0x00000002   Code   RO          299    i.HAL_TIMEx_CommutationCallback  stm32f1xx_hal_tim_ex.o
    0x0800110a   0x0800110a   0x00000050   Code   RO          315    i.HAL_TIMEx_MasterConfigSynchronization  stm32f1xx_hal_tim_ex.o
    0x0800115a   0x0800115a   0x00000036   Code   RO         1667    i.HAL_TIM_Base_Init  stm32f1xx_hal_tim.o
    0x08001190   0x08001190   0x0000004c   Code   RO         3215    i.HAL_TIM_Base_MspInit  stm32f1xx_hal_msp.o
    0x080011dc   0x080011dc   0x0000001a   Code   RO         1670    i.HAL_TIM_Base_Start  stm32f1xx_hal_tim.o
    0x080011f6   0x080011f6   0x00000018   Code   RO         1672    i.HAL_TIM_Base_Start_IT  stm32f1xx_hal_tim.o
    0x0800120e   0x0800120e   0x000000f2   Code   RO         1676    i.HAL_TIM_ConfigClockSource  stm32f1xx_hal_tim.o
    0x08001300   0x08001300   0x00000002   Code   RO         1696    i.HAL_TIM_IC_CaptureCallback  stm32f1xx_hal_tim.o
    0x08001302   0x08001302   0x00000166   Code   RO         1709    i.HAL_TIM_IRQHandler  stm32f1xx_hal_tim.o
    0x08001468   0x08001468   0x00000002   Code   RO         1712    i.HAL_TIM_OC_DelayElapsedCallback  stm32f1xx_hal_tim.o
    0x0800146a   0x0800146a   0x00000002   Code   RO         1739    i.HAL_TIM_PWM_PulseFinishedCallback  stm32f1xx_hal_tim.o
    0x0800146c   0x0800146c   0x00000002   Code   RO         1746    i.HAL_TIM_PeriodElapsedCallback  stm32f1xx_hal_tim.o
    0x0800146e   0x0800146e   0x00000002   Code   RO         1750    i.HAL_TIM_TriggerCallback  stm32f1xx_hal_tim.o
    0x08001470   0x08001470   0x00000062   Code   RO         1364    i.HAL_UART_Init     stm32f1xx_hal_uart.o
    0x080014d2   0x080014d2   0x00000002   PAD
    0x080014d4   0x080014d4   0x00000058   Code   RO         3217    i.HAL_UART_MspInit  stm32f1xx_hal_msp.o
    0x0800152c   0x0800152c   0x00000002   Code   RO         2833    i.HardFault_Handler  stm32f1xx_it.o
    0x0800152e   0x0800152e   0x000000c6   Code   RO         3283    i.LCD_Char          ili9325_fsmc.o
    0x080015f4   0x080015f4   0x0000012e   Code   RO         3284    i.LCD_Circle        ili9325_fsmc.o
    0x08001722   0x08001722   0x000000e4   Code   RO         3285    i.LCD_Circle_Fill_Helper  ili9325_fsmc.o
    0x08001806   0x08001806   0x00000002   PAD
    0x08001808   0x08001808   0x00000118   Code   RO         3286    i.LCD_Circle_Helper  ili9325_fsmc.o
    0x08001920   0x08001920   0x00000298   Code   RO         3287    i.LCD_Ellipse       ili9325_fsmc.o
    0x08001bb8   0x08001bb8   0x00000090   Code   RO         3288    i.LCD_Font          ili9325_fsmc.o
    0x08001c48   0x08001c48   0x0000009c   Code   RO         3289    i.LCD_Init          ili9325_fsmc.o
    0x08001ce4   0x08001ce4   0x0000007a   Code   RO         3290    i.LCD_Line          ili9325_fsmc.o
    0x08001d5e   0x08001d5e   0x00000052   Code   RO         3291    i.LCD_Rect          ili9325_fsmc.o
    0x08001db0   0x08001db0   0x0000006c   Code   RO         3292    i.LCD_Rect_Fill     ili9325_fsmc.o
    0x08001e1c   0x08001e1c   0x000000de   Code   RO         3293    i.LCD_Rect_Round    ili9325_fsmc.o
    0x08001efa   0x08001efa   0x00000064   Code   RO         3294    i.LCD_Rect_Round_Fill  ili9325_fsmc.o
    0x08001f5e   0x08001f5e   0x00000002   PAD
    0x08001f60   0x08001f60   0x00000010   Code   RO         3295    i.LCD_Send_Reg      ili9325_fsmc.o
    0x08001f70   0x08001f70   0x00000040   Code   RO         3296    i.LCD_Triangle      ili9325_fsmc.o
    0x08001fb0   0x08001fb0   0x00000080   Code   RO         2919    i.MX_FSMC_Init      main.o
    0x08002030   0x08002030   0x00000084   Code   RO         2920    i.MX_GPIO_Init      main.o
    0x080020b4   0x080020b4   0x00000040   Code   RO         2921    i.MX_SPI1_Init      main.o
    0x080020f4   0x080020f4   0x0000005c   Code   RO         2922    i.MX_TIM1_Init      main.o
    0x08002150   0x08002150   0x00000002   Code   RO         2834    i.MemManage_Handler  stm32f1xx_it.o
    0x08002152   0x08002152   0x00000002   Code   RO         2835    i.NMI_Handler       stm32f1xx_it.o
    0x08002154   0x08002154   0x00000020   Code   RO          641    i.NVIC_SetPriority  stm32f1xx_hal_cortex.o
    0x08002174   0x08002174   0x00000002   Code   RO         2836    i.PendSV_Handler    stm32f1xx_it.o
    0x08002176   0x08002176   0x00000020   Code   RO         2519    i.SPI_CheckFlag_BSY  stm32f1xx_hal_spi.o
    0x08002196   0x08002196   0x00000096   Code   RO         2538    i.SPI_WaitFlagStateUntilTimeout  stm32f1xx_hal_spi.o
    0x0800222c   0x0800222c   0x00000002   Code   RO         2837    i.SVC_Handler       stm32f1xx_it.o
    0x0800222e   0x0800222e   0x0000000e   Code   RO         2838    i.SysTick_Handler   stm32f1xx_it.o
    0x0800223c   0x0800223c   0x00000068   Code   RO         2923    i.SystemClock_Config  main.o
    0x080022a4   0x080022a4   0x00000048   Code   RO           14    i.SystemInit        system_stm32f1xx.o
    0x080022ec   0x080022ec   0x0000000c   Code   RO         2839    i.TIM1_BRK_IRQHandler  stm32f1xx_it.o
    0x080022f8   0x080022f8   0x00000020   Code   RO         2840    i.TIM1_UP_IRQHandler  stm32f1xx_it.o
    0x08002318   0x08002318   0x0000008c   Code   RO         1751    i.TIM_Base_SetConfig  stm32f1xx_hal_tim.o
    0x080023a4   0x080023a4   0x00000014   Code   RO         1758    i.TIM_ETR_SetConfig  stm32f1xx_hal_tim.o
    0x080023b8   0x080023b8   0x00000010   Code   RO         1759    i.TIM_ITRx_SetConfig  stm32f1xx_hal_tim.o
    0x080023c8   0x080023c8   0x00000022   Code   RO         1765    i.TIM_TI1_ConfigInputStage  stm32f1xx_hal_tim.o
    0x080023ea   0x080023ea   0x00000024   Code   RO         1767    i.TIM_TI2_ConfigInputStage  stm32f1xx_hal_tim.o
    0x0800240e   0x0800240e   0x00000002   PAD
    0x08002410   0x08002410   0x00000170   Code   RO         1390    i.UART_SetConfig    stm32f1xx_hal_uart.o
    0x08002580   0x08002580   0x00000002   Code   RO         2841    i.UsageFault_Handler  stm32f1xx_it.o
    0x08002582   0x08002582   0x00000002   PAD
    0x08002584   0x08002584   0x00000034   Code   RO         3384    i.XPT2046_Init      xpt2046.o
    0x080025b8   0x080025b8   0x0000000e   Code   RO         3458    i.__scatterload_copy  mc_w.l(handlers.o)
    0x080025c6   0x080025c6   0x00000002   Code   RO         3459    i.__scatterload_null  mc_w.l(handlers.o)
    0x080025c8   0x080025c8   0x0000000e   Code   RO         3460    i.__scatterload_zeroinit  mc_w.l(handlers.o)
    0x080025d6   0x080025d6   0x00000002   PAD
    0x080025d8   0x080025d8   0x00000058   Code   RO         3385    i.getRaw            xpt2046.o
    0x08002630   0x08002630   0x0000001c   Code   RO         3386    i.getX              xpt2046.o
    0x0800264c   0x0800264c   0x0000001c   Code   RO         3387    i.getY              xpt2046.o
    0x08002668   0x08002668   0x00000344   Code   RO         2925    i.main              main.o
    0x080029ac   0x080029ac   0x00000016   Code   RO         3388    i.map               xpt2046.o
    0x080029c2   0x080029c2   0x00000010   Data   RO           15    .constdata          system_stm32f1xx.o
    0x080029d2   0x080029d2   0x00000008   Data   RO           16    .constdata          system_stm32f1xx.o
    0x080029da   0x080029da   0x000000a1   Data   RO         2927    .constdata          main.o
    0x08002a7b   0x08002a7b   0x00000001   PAD
    0x08002a7c   0x08002a7c   0x00000108   Data   RO         2928    .constdata          main.o
    0x08002b84   0x08002b84   0x0000003c   Data   RO         2929    .constdata          main.o
    0x08002bc0   0x08002bc0   0x0000048a   Data   RO         3041    .constdata          main.o
    0x0800304a   0x0800304a   0x000002f8   Data   RO         3042    .constdata          main.o
    0x08003342   0x08003342   0x00000553   Data   RO         3076    .constdata          main.o
    0x08003895   0x08003895   0x00000001   PAD
    0x08003896   0x08003896   0x00000050   Data   RO         3077    .constdata          main.o
    0x080038e6   0x080038e6   0x0000010f   Data   RO         3078    .constdata          main.o
    0x080039f5   0x080039f5   0x00000001   PAD
    0x080039f6   0x080039f6   0x000002f8   Data   RO         3079    .constdata          main.o
    0x08003cee   0x08003cee   0x000001a2   Data   RO         3086    .constdata          main.o
    0x08003e90   0x08003e90   0x000002f8   Data   RO         3087    .constdata          main.o
    0x08004188   0x08004188   0x00000020   Data   RO         3456    Region$$Table       anon$$obj.o


    Execution Region RW_IRAM1 (Exec base: 0x20000000, Load base: 0x080041a8, Size: 0x00000540, Max: 0x0000c000, ABSOLUTE)

    Exec Addr    Load Addr    Size         Type   Attr      Idx    E Section Name        Object

    0x20000000   0x080041a8   0x00000004   Data   RW           17    .data               system_stm32f1xx.o
    0x20000004   0x080041ac   0x00000004   Data   RW          888    .data               stm32f1xx_hal.o
    0x20000008   0x080041b0   0x00000010   Data   RW         3088    .data               main.o
    0x20000018   0x080041c0   0x00000008   Data   RW         3218    .data               stm32f1xx_hal_msp.o
    0x20000020        -       0x0000011c   Zero   RW         2926    .bss                main.o
    0x2000013c   0x080041c8   0x00000004   PAD
    0x20000140        -       0x00000400   Zero   RW            1    STACK               startup_stm32f103xe.o


==============================================================================

Image component sizes


      Code (inc. data)   RO Data    RW Data    ZI Data      Debug   Object Name

      2686         10          0          0          0      12640   ili9325_fsmc.o
      1356        158       6059         16        284      31224   main.o
        36          8        304          0       1024        784   startup_stm32f103xe.o
       132         22          0          4          0       3515   stm32f1xx_hal.o
       228         14          0          0          0      27205   stm32f1xx_hal_cortex.o
       508         42          0          0          0       3435   stm32f1xx_hal_gpio.o
       480         64          0          8          0       3569   stm32f1xx_hal_msp.o
      1296        104          0          0          0       5488   stm32f1xx_hal_rcc.o
      1014          0          0          0          0       4769   stm32f1xx_hal_spi.o
       130          0          0          0          0       1023   stm32f1xx_hal_spi_ex.o
        86          0          0          0          0       1152   stm32f1xx_hal_sram.o
       960         20          0          0          0      10248   stm32f1xx_hal_tim.o
        84          0          0          0          0       2250   stm32f1xx_hal_tim_ex.o
       466          4          0          0          0       1844   stm32f1xx_hal_uart.o
        74         16          0          0          0       4477   stm32f1xx_it.o
       280         12          0          0          0       2483   stm32f1xx_ll_fsmc.o
        72         16         24          4          0     494171   system_stm32f1xx.o
       218         12          0          0          0       2730   xpt2046.o

    ----------------------------------------------------------------------
     10122        502       6422         32       1312     613007   Object Totals
         0          0         32          0          0          0   (incl. Generated)
        16          0          3          0          4          0   (incl. Padding)

    ----------------------------------------------------------------------

      Code (inc. data)   RO Data    RW Data    ZI Data      Debug   Library Member Name

         0          0          0          0          0          0   entry.o
         0          0          0          0          0          0   entry10a.o
         0          0          0          0          0          0   entry11a.o
         8          4          0          0          0          0   entry2.o
         4          0          0          0          0          0   entry5.o
         0          0          0          0          0          0   entry7b.o
         0          0          0          0          0          0   entry8b.o
         8          4          0          0          0          0   entry9a.o
        30          0          0          0          0          0   handlers.o
        36          8          0          0          0         68   init.o
        30          0          0          0          0         68   llshl.o
        32          0          0          0          0         68   llushr.o
        14          0          0          0          0         68   strlen.o
        98          0          0          0          0         92   uldiv.o

    ----------------------------------------------------------------------
       264         16          0          0          0        364   Library Totals
         4          0          0          0          0          0   (incl. Padding)

    ----------------------------------------------------------------------

      Code (inc. data)   RO Data    RW Data    ZI Data      Debug   Library Name

       260         16          0          0          0        364   mc_w.l

    ----------------------------------------------------------------------
       264         16          0          0          0        364   Library Totals

    ----------------------------------------------------------------------

==============================================================================


      Code (inc. data)   RO Data    RW Data    ZI Data      Debug   

     10386        518       6422         32       1312     608791   Grand Totals
     10386        518       6422         32       1312     608791   ELF Image Totals
     10386        518       6422         32          0          0   ROM Totals

==============================================================================

    Total RO  Size (Code + RO Data)                16808 (  16.41kB)
    Total RW  Size (RW Data + ZI Data)              1344 (   1.31kB)
    Total ROM Size (Code + RO Data + RW Data)      16840 (  16.45kB)

==============================================================================

