../Core/Src/stm32f1xx_hal_msp.c:63:6:HAL_MspInit	24	static
../Core/Src/stm32f1xx_hal_msp.c:90:6:HAL_SPI_MspInit	40	static
../Core/Src/stm32f1xx_hal_msp.c:132:6:HAL_SPI_MspDeInit	16	static
../Core/Src/stm32f1xx_hal_msp.c:163:6:HAL_UART_MspInit	40	static
../Core/Src/stm32f1xx_hal_msp.c:203:6:HAL_UART_MspDeInit	16	static
../Core/Src/stm32f1xx_hal_msp.c:228:13:HAL_FSMC_MspInit	32	static
../Core/Src/stm32f1xx_hal_msp.c:282:6:HAL_SRAM_MspInit	16	static
../Core/Src/stm32f1xx_hal_msp.c:294:13:HAL_FSMC_MspDeInit	8	static
../Core/Src/stm32f1xx_hal_msp.c:340:6:HAL_SRAM_MspDeInit	16	static
