Archive member included to satisfy reference by file (symbol)

c:/program files (x86)/atmel/studio/7.0/toolchain/avr8/avr8-gnu-toolchain/bin/../lib/gcc/avr/5.4.0/avr5\libgcc.a(_exit.o)
                              C:/Program Files (x86)/Atmel/Studio/7.0/Packs/Atmel/ATmega_DFP/1.2.209/gcc/dev/atmega328p/avr5/crtatmega328p.o (exit)
c:/program files (x86)/atmel/studio/7.0/toolchain/avr8/avr8-gnu-toolchain/bin/../lib/gcc/avr/5.4.0/avr5\libgcc.a(_copy_data.o)
                              ili9341.o (__do_copy_data)
c:/program files (x86)/atmel/studio/7.0/toolchain/avr8/avr8-gnu-toolchain/bin/../lib/gcc/avr/5.4.0/avr5\libgcc.a(_clear_bss.o)
                              ili9341.o (__do_clear_bss)
c:/program files (x86)/atmel/studio/7.0/toolchain/avr8/avr8-gnu-toolchain/bin/../lib/gcc/avr/5.4.0/avr5\libgcc.a(_mulshisi3.o)
                              ili9341.o (__mulshisi3)
c:/program files (x86)/atmel/studio/7.0/toolchain/avr8/avr8-gnu-toolchain/bin/../lib/gcc/avr/5.4.0/avr5\libgcc.a(_muluhisi3.o)
                              c:/program files (x86)/atmel/studio/7.0/toolchain/avr8/avr8-gnu-toolchain/bin/../lib/gcc/avr/5.4.0/avr5\libgcc.a(_mulshisi3.o) (__muluhisi3)
c:/program files (x86)/atmel/studio/7.0/toolchain/avr8/avr8-gnu-toolchain/bin/../lib/gcc/avr/5.4.0/avr5\libgcc.a(_umulhisi3.o)
                              c:/program files (x86)/atmel/studio/7.0/toolchain/avr8/avr8-gnu-toolchain/bin/../lib/gcc/avr/5.4.0/avr5\libgcc.a(_muluhisi3.o) (__umulhisi3)
c:/program files (x86)/atmel/studio/7.0/toolchain/avr8/avr8-gnu-toolchain/bin/../lib/gcc/avr/5.4.0/../../../../avr/lib/avr5\libc.a(memcpy_P.o)
                              ili9341.o (memcpy_P)

Allocating common symbols
Common symbol       size              file

iScrollStart        0x2               ili9341.o

Discarded input sections

 .data          0x00000000        0x0 C:/Program Files (x86)/Atmel/Studio/7.0/Packs/Atmel/ATmega_DFP/1.2.209/gcc/dev/atmega328p/avr5/crtatmega328p.o
 .bss           0x00000000        0x0 C:/Program Files (x86)/Atmel/Studio/7.0/Packs/Atmel/ATmega_DFP/1.2.209/gcc/dev/atmega328p/avr5/crtatmega328p.o
 .text          0x00000000        0x0 ili9341.o
 .data          0x00000000        0x0 ili9341.o
 .bss           0x00000000        0x0 ili9341.o
 .text.LCD_Bitmap
                0x00000000      0x122 ili9341.o
 .text.LCD_setupScrollArea
                0x00000000       0x64 ili9341.o
 .text.LCD_scrollAddress
                0x00000000       0x28 ili9341.o
 .text.LCD_scrollLine
                0x00000000       0x78 ili9341.o
 .data.yDraw    0x00000000        0x2 ili9341.o
 .data.yArea    0x00000000        0x2 ili9341.o
 .data.yStart   0x00000000        0x2 ili9341.o
 .bss.LCD_Column_Start
                0x00000000        0x2 ili9341.o
 .bss.LCD_Row_Start
                0x00000000        0x2 ili9341.o
 COMMON         0x00000000        0x2 ili9341.o
 .text          0x00000000        0x0 main.o
 .data          0x00000000        0x0 main.o
 .bss           0x00000000        0x0 main.o
 .progmem.data.Tiny3x3a2pt7b
                0x00000000        0x7 main.o
 .progmem.data.Tiny3x3a2pt7bGlyphs
                0x00000000      0x299 main.o
 .progmem.data.Tiny3x3a2pt7bBitmaps
                0x00000000       0x8e main.o
 .progmem.data.Picopixel
                0x00000000        0x7 main.o
 .progmem.data.PicopixelGlyphs
                0x00000000      0x299 main.o
 .progmem.data.PicopixelBitmaps
                0x00000000       0xb4 main.o
 .progmem.data.Org_01
                0x00000000        0x7 main.o
 .progmem.data.Org_01Glyphs
                0x00000000      0x299 main.o
 .progmem.data.Org_01Bitmaps
                0x00000000      0x10f main.o
 .progmem.data.FreeSerifItalic24pt7b
                0x00000000        0x7 main.o
 .progmem.data.FreeSerifItalic24pt7bGlyphs
                0x00000000      0x299 main.o
 .progmem.data.FreeSerifItalic24pt7bBitmaps
                0x00000000     0x1d9b main.o
 .progmem.data.FreeSerifItalic18pt7b
                0x00000000        0x7 main.o
 .progmem.data.FreeSerifItalic18pt7bGlyphs
                0x00000000      0x299 main.o
 .progmem.data.FreeSerifItalic18pt7bBitmaps
                0x00000000     0x1025 main.o
 .progmem.data.FreeSerifItalic12pt7b
                0x00000000        0x7 main.o
 .progmem.data.FreeSerifItalic12pt7bGlyphs
                0x00000000      0x299 main.o
 .progmem.data.FreeSerifItalic12pt7bBitmaps
                0x00000000      0x7c0 main.o
 .progmem.data.FreeSerifItalic9pt7b
                0x00000000        0x7 main.o
 .progmem.data.FreeSerifItalic9pt7bGlyphs
                0x00000000      0x299 main.o
 .progmem.data.FreeSerifItalic9pt7bBitmaps
                0x00000000      0x48b main.o
 .progmem.data.FreeSerifBoldItalic24pt7b
                0x00000000        0x7 main.o
 .progmem.data.FreeSerifBoldItalic24pt7bGlyphs
                0x00000000      0x299 main.o
 .progmem.data.FreeSerifBoldItalic24pt7bBitmaps
                0x00000000     0x2035 main.o
 .progmem.data.FreeSerifBoldItalic18pt7b
                0x00000000        0x7 main.o
 .progmem.data.FreeSerifBoldItalic18pt7bGlyphs
                0x00000000      0x299 main.o
 .progmem.data.FreeSerifBoldItalic18pt7bBitmaps
                0x00000000     0x1282 main.o
 .progmem.data.FreeSerifBoldItalic12pt7b
                0x00000000        0x7 main.o
 .progmem.data.FreeSerifBoldItalic12pt7bGlyphs
                0x00000000      0x299 main.o
 .progmem.data.FreeSerifBoldItalic12pt7bBitmaps
                0x00000000      0x8be main.o
 .progmem.data.FreeSerifBoldItalic9pt7b
                0x00000000        0x7 main.o
 .progmem.data.FreeSerifBoldItalic9pt7bGlyphs
                0x00000000      0x299 main.o
 .progmem.data.FreeSerifBoldItalic9pt7bBitmaps
                0x00000000      0x51e main.o
 .progmem.data.FreeSerifBold24pt7b
                0x00000000        0x7 main.o
 .progmem.data.FreeSerifBold24pt7bGlyphs
                0x00000000      0x299 main.o
 .progmem.data.FreeSerifBold24pt7bBitmaps
                0x00000000     0x1ea7 main.o
 .progmem.data.FreeSerifBold18pt7b
                0x00000000        0x7 main.o
 .progmem.data.FreeSerifBold18pt7bGlyphs
                0x00000000      0x299 main.o
 .progmem.data.FreeSerifBold18pt7bBitmaps
                0x00000000     0x10b1 main.o
 .progmem.data.FreeSerifBold12pt7b
                0x00000000        0x7 main.o
 .progmem.data.FreeSerifBold12pt7bGlyphs
                0x00000000      0x299 main.o
 .progmem.data.FreeSerifBold12pt7bBitmaps
                0x00000000      0x7c7 main.o
 .progmem.data.FreeSerifBold9pt7b
                0x00000000        0x7 main.o
 .progmem.data.FreeSerifBold9pt7bGlyphs
                0x00000000      0x299 main.o
 .progmem.data.FreeSerifBold9pt7bBitmaps
                0x00000000      0x48a main.o
 .progmem.data.FreeSerif24pt7b
                0x00000000        0x7 main.o
 .progmem.data.FreeSerif24pt7bGlyphs
                0x00000000      0x299 main.o
 .progmem.data.FreeSerif24pt7bBitmaps
                0x00000000     0x1b62 main.o
 .progmem.data.FreeSerif18pt7b
                0x00000000        0x7 main.o
 .progmem.data.FreeSerif18pt7bGlyphs
                0x00000000      0x299 main.o
 .progmem.data.FreeSerif18pt7bBitmaps
                0x00000000      0xf2e main.o
 .progmem.data.FreeSerif12pt7b
                0x00000000        0x7 main.o
 .progmem.data.FreeSerif12pt7bGlyphs
                0x00000000      0x299 main.o
 .progmem.data.FreeSerif12pt7bBitmaps
                0x00000000      0x72f main.o
 .progmem.data.FreeSerif9pt7b
                0x00000000        0x7 main.o
 .progmem.data.FreeSerif9pt7bGlyphs
                0x00000000      0x299 main.o
 .progmem.data.FreeSerif9pt7bBitmaps
                0x00000000      0x438 main.o
 .progmem.data.FreeSansOblique24pt7b
                0x00000000        0x7 main.o
 .progmem.data.FreeSansOblique24pt7bGlyphs
                0x00000000      0x299 main.o
 .progmem.data.FreeSansOblique24pt7bBitmaps
                0x00000000     0x226b main.o
 .progmem.data.FreeSansOblique18pt7b
                0x00000000        0x7 main.o
 .progmem.data.FreeSansOblique18pt7bGlyphs
                0x00000000      0x299 main.o
 .progmem.data.FreeSansOblique18pt7bBitmaps
                0x00000000     0x1357 main.o
 .progmem.data.FreeSansOblique12pt7b
                0x00000000        0x7 main.o
 .progmem.data.FreeSansOblique12pt7bGlyphs
                0x00000000      0x299 main.o
 .progmem.data.FreeSansOblique12pt7bBitmaps
                0x00000000      0x93a main.o
 .progmem.data.FreeSansOblique9pt7b
                0x00000000        0x7 main.o
 .progmem.data.FreeSansOblique9pt7bGlyphs
                0x00000000      0x299 main.o
 .progmem.data.FreeSansOblique9pt7bBitmaps
                0x00000000      0x559 main.o
 .progmem.data.FreeSansBoldOblique24pt7b
                0x00000000        0x7 main.o
 .progmem.data.FreeSansBoldOblique24pt7bGlyphs
                0x00000000      0x299 main.o
 .progmem.data.FreeSansBoldOblique24pt7bBitmaps
                0x00000000     0x24e7 main.o
 .progmem.data.FreeSansBoldOblique18pt7b
                0x00000000        0x7 main.o
 .progmem.data.FreeSansBoldOblique18pt7bGlyphs
                0x00000000      0x299 main.o
 .progmem.data.FreeSansBoldOblique18pt7bBitmaps
                0x00000000     0x1497 main.o
 .progmem.data.FreeSansBoldOblique12pt7b
                0x00000000        0x7 main.o
 .progmem.data.FreeSansBoldOblique12pt7bGlyphs
                0x00000000      0x299 main.o
 .progmem.data.FreeSansBoldOblique12pt7bBitmaps
                0x00000000      0x9e7 main.o
 .progmem.data.FreeSansBoldOblique9pt7b
                0x00000000        0x7 main.o
 .progmem.data.FreeSansBoldOblique9pt7bGlyphs
                0x00000000      0x299 main.o
 .progmem.data.FreeSansBoldOblique9pt7bBitmaps
                0x00000000      0x5b8 main.o
 .progmem.data.FreeSansBold24pt7b
                0x00000000        0x7 main.o
 .progmem.data.FreeSansBold24pt7bGlyphs
                0x00000000      0x299 main.o
 .progmem.data.FreeSansBold24pt7bBitmaps
                0x00000000     0x1fcf main.o
 .progmem.data.FreeSansBold18pt7b
                0x00000000        0x7 main.o
 .progmem.data.FreeSansBold18pt7bGlyphs
                0x00000000      0x299 main.o
 .progmem.data.FreeSansBold18pt7bBitmaps
                0x00000000     0x1197 main.o
 .progmem.data.FreeSansBold12pt7b
                0x00000000        0x7 main.o
 .progmem.data.FreeSansBold12pt7bGlyphs
                0x00000000      0x299 main.o
 .progmem.data.FreeSansBold12pt7bBitmaps
                0x00000000      0x88a main.o
 .progmem.data.FreeSansBold9pt7b
                0x00000000        0x7 main.o
 .progmem.data.FreeSansBold9pt7bGlyphs
                0x00000000      0x299 main.o
 .progmem.data.FreeSansBold9pt7bBitmaps
                0x00000000      0x4ce main.o
 .progmem.data.FreeSans24pt7b
                0x00000000        0x7 main.o
 .progmem.data.FreeSans24pt7bGlyphs
                0x00000000      0x299 main.o
 .progmem.data.FreeSans24pt7bBitmaps
                0x00000000     0x1d28 main.o
 .progmem.data.FreeSans18pt7b
                0x00000000        0x7 main.o
 .progmem.data.FreeSans18pt7bGlyphs
                0x00000000      0x299 main.o
 .progmem.data.FreeSans18pt7bBitmaps
                0x00000000     0x103f main.o
 .progmem.data.FreeSans12pt7b
                0x00000000        0x7 main.o
 .progmem.data.FreeSans12pt7bGlyphs
                0x00000000      0x299 main.o
 .progmem.data.FreeSans12pt7bBitmaps
                0x00000000      0x7b1 main.o
 .progmem.data.FreeSans9pt7b
                0x00000000        0x7 main.o
 .progmem.data.FreeSans9pt7bGlyphs
                0x00000000      0x299 main.o
 .progmem.data.FreeSans9pt7bBitmaps
                0x00000000      0x47e main.o
 .progmem.data.FreeMonoOblique24pt7b
                0x00000000        0x7 main.o
 .progmem.data.FreeMonoOblique24pt7bGlyphs
                0x00000000      0x299 main.o
 .progmem.data.FreeMonoOblique24pt7bBitmaps
                0x00000000     0x1934 main.o
 .progmem.data.FreeMonoOblique18pt7b
                0x00000000        0x7 main.o
 .progmem.data.FreeMonoOblique18pt7bGlyphs
                0x00000000      0x299 main.o
 .progmem.data.FreeMonoOblique18pt7bBitmaps
                0x00000000      0xdba main.o
 .progmem.data.FreeMonoOblique12pt7b
                0x00000000        0x7 main.o
 .progmem.data.FreeMonoOblique12pt7bGlyphs
                0x00000000      0x299 main.o
 .progmem.data.FreeMonoOblique12pt7bBitmaps
                0x00000000      0x6ab main.o
 .progmem.data.FreeMonoOblique9pt7b
                0x00000000        0x7 main.o
 .progmem.data.FreeMonoOblique9pt7bGlyphs
                0x00000000      0x299 main.o
 .progmem.data.FreeMonoOblique9pt7bBitmaps
                0x00000000      0x3d6 main.o
 .progmem.data.FreeMonoBoldOblique24pt7b
                0x00000000        0x7 main.o
 .progmem.data.FreeMonoBoldOblique24pt7bGlyphs
                0x00000000      0x299 main.o
 .progmem.data.FreeMonoBoldOblique24pt7bBitmaps
                0x00000000     0x1dd3 main.o
 .progmem.data.FreeMonoBoldOblique18pt7b
                0x00000000        0x7 main.o
 .progmem.data.FreeMonoBoldOblique18pt7bGlyphs
                0x00000000      0x299 main.o
 .progmem.data.FreeMonoBoldOblique18pt7bBitmaps
                0x00000000     0x10a0 main.o
 .progmem.data.FreeMonoBoldOblique12pt7b
                0x00000000        0x7 main.o
 .progmem.data.FreeMonoBoldOblique12pt7bGlyphs
                0x00000000      0x299 main.o
 .progmem.data.FreeMonoBoldOblique12pt7bBitmaps
                0x00000000      0x7ae main.o
 .progmem.data.FreeMonoBoldOblique9pt7b
                0x00000000        0x7 main.o
 .progmem.data.FreeMonoBoldOblique9pt7bGlyphs
                0x00000000      0x299 main.o
 .progmem.data.FreeMonoBoldOblique9pt7bBitmaps
                0x00000000      0x48f main.o
 .progmem.data.FreeMonoBold24pt7b
                0x00000000        0x7 main.o
 .progmem.data.FreeMonoBold24pt7bGlyphs
                0x00000000      0x299 main.o
 .progmem.data.FreeMonoBold24pt7bBitmaps
                0x00000000     0x1a8d main.o
 .progmem.data.FreeMonoBold18pt7b
                0x00000000        0x7 main.o
 .progmem.data.FreeMonoBold18pt7bGlyphs
                0x00000000      0x299 main.o
 .progmem.data.FreeMonoBold18pt7bBitmaps
                0x00000000      0xee5 main.o
 .progmem.data.FreeMonoBold12pt7b
                0x00000000        0x7 main.o
 .progmem.data.FreeMonoBold12pt7bGlyphs
                0x00000000      0x299 main.o
 .progmem.data.FreeMonoBold12pt7bBitmaps
                0x00000000      0x6c2 main.o
 .progmem.data.FreeMonoBold9pt7b
                0x00000000        0x7 main.o
 .progmem.data.FreeMonoBold9pt7bGlyphs
                0x00000000      0x299 main.o
 .progmem.data.FreeMonoBold9pt7bBitmaps
                0x00000000      0x3e8 main.o
 .progmem.data.FreeMono24pt7b
                0x00000000        0x7 main.o
 .progmem.data.FreeMono24pt7bGlyphs
                0x00000000      0x299 main.o
 .progmem.data.FreeMono24pt7bBitmaps
                0x00000000     0x161a main.o
 .progmem.data.FreeMono18pt7b
                0x00000000        0x7 main.o
 .progmem.data.FreeMono18pt7bGlyphs
                0x00000000      0x299 main.o
 .progmem.data.FreeMono18pt7bBitmaps
                0x00000000      0xc11 main.o
 .progmem.data.FreeMono12pt7b
                0x00000000        0x7 main.o
 .progmem.data.FreeMono12pt7bGlyphs
                0x00000000      0x299 main.o
 .progmem.data.FreeMono12pt7bBitmaps
                0x00000000      0x5b4 main.o
 .progmem.data.FreeMono9pt7b
                0x00000000        0x7 main.o
 .progmem.data.FreeMono9pt7bGlyphs
                0x00000000      0x299 main.o
 .progmem.data.FreeMono9pt7bBitmaps
                0x00000000      0x34c main.o
 .progmem.data.Dmd13x20Clock
                0x00000000        0x7 main.o
 .progmem.data.Dmd13x20ClockGlyphs
                0x00000000      0x157 main.o
 .progmem.data.Dmd13x20ClockBitmaps
                0x00000000      0x180 main.o
 .text          0x00000000        0x0 c:/program files (x86)/atmel/studio/7.0/toolchain/avr8/avr8-gnu-toolchain/bin/../lib/gcc/avr/5.4.0/avr5\libgcc.a(_exit.o)
 .data          0x00000000        0x0 c:/program files (x86)/atmel/studio/7.0/toolchain/avr8/avr8-gnu-toolchain/bin/../lib/gcc/avr/5.4.0/avr5\libgcc.a(_exit.o)
 .bss           0x00000000        0x0 c:/program files (x86)/atmel/studio/7.0/toolchain/avr8/avr8-gnu-toolchain/bin/../lib/gcc/avr/5.4.0/avr5\libgcc.a(_exit.o)
 .text.libgcc.mul
                0x00000000        0x0 c:/program files (x86)/atmel/studio/7.0/toolchain/avr8/avr8-gnu-toolchain/bin/../lib/gcc/avr/5.4.0/avr5\libgcc.a(_exit.o)
 .text.libgcc.div
                0x00000000        0x0 c:/program files (x86)/atmel/studio/7.0/toolchain/avr8/avr8-gnu-toolchain/bin/../lib/gcc/avr/5.4.0/avr5\libgcc.a(_exit.o)
 .text.libgcc   0x00000000        0x0 c:/program files (x86)/atmel/studio/7.0/toolchain/avr8/avr8-gnu-toolchain/bin/../lib/gcc/avr/5.4.0/avr5\libgcc.a(_exit.o)
 .text.libgcc.prologue
                0x00000000        0x0 c:/program files (x86)/atmel/studio/7.0/toolchain/avr8/avr8-gnu-toolchain/bin/../lib/gcc/avr/5.4.0/avr5\libgcc.a(_exit.o)
 .text.libgcc.builtins
                0x00000000        0x0 c:/program files (x86)/atmel/studio/7.0/toolchain/avr8/avr8-gnu-toolchain/bin/../lib/gcc/avr/5.4.0/avr5\libgcc.a(_exit.o)
 .text.libgcc.fmul
                0x00000000        0x0 c:/program files (x86)/atmel/studio/7.0/toolchain/avr8/avr8-gnu-toolchain/bin/../lib/gcc/avr/5.4.0/avr5\libgcc.a(_exit.o)
 .text.libgcc.fixed
                0x00000000        0x0 c:/program files (x86)/atmel/studio/7.0/toolchain/avr8/avr8-gnu-toolchain/bin/../lib/gcc/avr/5.4.0/avr5\libgcc.a(_exit.o)
 .text          0x00000000        0x0 c:/program files (x86)/atmel/studio/7.0/toolchain/avr8/avr8-gnu-toolchain/bin/../lib/gcc/avr/5.4.0/avr5\libgcc.a(_copy_data.o)
 .data          0x00000000        0x0 c:/program files (x86)/atmel/studio/7.0/toolchain/avr8/avr8-gnu-toolchain/bin/../lib/gcc/avr/5.4.0/avr5\libgcc.a(_copy_data.o)
 .bss           0x00000000        0x0 c:/program files (x86)/atmel/studio/7.0/toolchain/avr8/avr8-gnu-toolchain/bin/../lib/gcc/avr/5.4.0/avr5\libgcc.a(_copy_data.o)
 .text.libgcc.mul
                0x00000000        0x0 c:/program files (x86)/atmel/studio/7.0/toolchain/avr8/avr8-gnu-toolchain/bin/../lib/gcc/avr/5.4.0/avr5\libgcc.a(_copy_data.o)
 .text.libgcc.div
                0x00000000        0x0 c:/program files (x86)/atmel/studio/7.0/toolchain/avr8/avr8-gnu-toolchain/bin/../lib/gcc/avr/5.4.0/avr5\libgcc.a(_copy_data.o)
 .text.libgcc   0x00000000        0x0 c:/program files (x86)/atmel/studio/7.0/toolchain/avr8/avr8-gnu-toolchain/bin/../lib/gcc/avr/5.4.0/avr5\libgcc.a(_copy_data.o)
 .text.libgcc.prologue
                0x00000000        0x0 c:/program files (x86)/atmel/studio/7.0/toolchain/avr8/avr8-gnu-toolchain/bin/../lib/gcc/avr/5.4.0/avr5\libgcc.a(_copy_data.o)
 .text.libgcc.builtins
                0x00000000        0x0 c:/program files (x86)/atmel/studio/7.0/toolchain/avr8/avr8-gnu-toolchain/bin/../lib/gcc/avr/5.4.0/avr5\libgcc.a(_copy_data.o)
 .text.libgcc.fmul
                0x00000000        0x0 c:/program files (x86)/atmel/studio/7.0/toolchain/avr8/avr8-gnu-toolchain/bin/../lib/gcc/avr/5.4.0/avr5\libgcc.a(_copy_data.o)
 .text.libgcc.fixed
                0x00000000        0x0 c:/program files (x86)/atmel/studio/7.0/toolchain/avr8/avr8-gnu-toolchain/bin/../lib/gcc/avr/5.4.0/avr5\libgcc.a(_copy_data.o)
 .text          0x00000000        0x0 c:/program files (x86)/atmel/studio/7.0/toolchain/avr8/avr8-gnu-toolchain/bin/../lib/gcc/avr/5.4.0/avr5\libgcc.a(_clear_bss.o)
 .data          0x00000000        0x0 c:/program files (x86)/atmel/studio/7.0/toolchain/avr8/avr8-gnu-toolchain/bin/../lib/gcc/avr/5.4.0/avr5\libgcc.a(_clear_bss.o)
 .bss           0x00000000        0x0 c:/program files (x86)/atmel/studio/7.0/toolchain/avr8/avr8-gnu-toolchain/bin/../lib/gcc/avr/5.4.0/avr5\libgcc.a(_clear_bss.o)
 .text.libgcc.mul
                0x00000000        0x0 c:/program files (x86)/atmel/studio/7.0/toolchain/avr8/avr8-gnu-toolchain/bin/../lib/gcc/avr/5.4.0/avr5\libgcc.a(_clear_bss.o)
 .text.libgcc.div
                0x00000000        0x0 c:/program files (x86)/atmel/studio/7.0/toolchain/avr8/avr8-gnu-toolchain/bin/../lib/gcc/avr/5.4.0/avr5\libgcc.a(_clear_bss.o)
 .text.libgcc   0x00000000        0x0 c:/program files (x86)/atmel/studio/7.0/toolchain/avr8/avr8-gnu-toolchain/bin/../lib/gcc/avr/5.4.0/avr5\libgcc.a(_clear_bss.o)
 .text.libgcc.prologue
                0x00000000        0x0 c:/program files (x86)/atmel/studio/7.0/toolchain/avr8/avr8-gnu-toolchain/bin/../lib/gcc/avr/5.4.0/avr5\libgcc.a(_clear_bss.o)
 .text.libgcc.builtins
                0x00000000        0x0 c:/program files (x86)/atmel/studio/7.0/toolchain/avr8/avr8-gnu-toolchain/bin/../lib/gcc/avr/5.4.0/avr5\libgcc.a(_clear_bss.o)
 .text.libgcc.fmul
                0x00000000        0x0 c:/program files (x86)/atmel/studio/7.0/toolchain/avr8/avr8-gnu-toolchain/bin/../lib/gcc/avr/5.4.0/avr5\libgcc.a(_clear_bss.o)
 .text.libgcc.fixed
                0x00000000        0x0 c:/program files (x86)/atmel/studio/7.0/toolchain/avr8/avr8-gnu-toolchain/bin/../lib/gcc/avr/5.4.0/avr5\libgcc.a(_clear_bss.o)
 .text          0x00000000        0x0 c:/program files (x86)/atmel/studio/7.0/toolchain/avr8/avr8-gnu-toolchain/bin/../lib/gcc/avr/5.4.0/avr5\libgcc.a(_mulshisi3.o)
 .data          0x00000000        0x0 c:/program files (x86)/atmel/studio/7.0/toolchain/avr8/avr8-gnu-toolchain/bin/../lib/gcc/avr/5.4.0/avr5\libgcc.a(_mulshisi3.o)
 .bss           0x00000000        0x0 c:/program files (x86)/atmel/studio/7.0/toolchain/avr8/avr8-gnu-toolchain/bin/../lib/gcc/avr/5.4.0/avr5\libgcc.a(_mulshisi3.o)
 .text.libgcc.div
                0x00000000        0x0 c:/program files (x86)/atmel/studio/7.0/toolchain/avr8/avr8-gnu-toolchain/bin/../lib/gcc/avr/5.4.0/avr5\libgcc.a(_mulshisi3.o)
 .text.libgcc   0x00000000        0x0 c:/program files (x86)/atmel/studio/7.0/toolchain/avr8/avr8-gnu-toolchain/bin/../lib/gcc/avr/5.4.0/avr5\libgcc.a(_mulshisi3.o)
 .text.libgcc.prologue
                0x00000000        0x0 c:/program files (x86)/atmel/studio/7.0/toolchain/avr8/avr8-gnu-toolchain/bin/../lib/gcc/avr/5.4.0/avr5\libgcc.a(_mulshisi3.o)
 .text.libgcc.builtins
                0x00000000        0x0 c:/program files (x86)/atmel/studio/7.0/toolchain/avr8/avr8-gnu-toolchain/bin/../lib/gcc/avr/5.4.0/avr5\libgcc.a(_mulshisi3.o)
 .text.libgcc.fmul
                0x00000000        0x0 c:/program files (x86)/atmel/studio/7.0/toolchain/avr8/avr8-gnu-toolchain/bin/../lib/gcc/avr/5.4.0/avr5\libgcc.a(_mulshisi3.o)
 .text.libgcc.fixed
                0x00000000        0x0 c:/program files (x86)/atmel/studio/7.0/toolchain/avr8/avr8-gnu-toolchain/bin/../lib/gcc/avr/5.4.0/avr5\libgcc.a(_mulshisi3.o)
 .text          0x00000000        0x0 c:/program files (x86)/atmel/studio/7.0/toolchain/avr8/avr8-gnu-toolchain/bin/../lib/gcc/avr/5.4.0/avr5\libgcc.a(_muluhisi3.o)
 .data          0x00000000        0x0 c:/program files (x86)/atmel/studio/7.0/toolchain/avr8/avr8-gnu-toolchain/bin/../lib/gcc/avr/5.4.0/avr5\libgcc.a(_muluhisi3.o)
 .bss           0x00000000        0x0 c:/program files (x86)/atmel/studio/7.0/toolchain/avr8/avr8-gnu-toolchain/bin/../lib/gcc/avr/5.4.0/avr5\libgcc.a(_muluhisi3.o)
 .text.libgcc.div
                0x00000000        0x0 c:/program files (x86)/atmel/studio/7.0/toolchain/avr8/avr8-gnu-toolchain/bin/../lib/gcc/avr/5.4.0/avr5\libgcc.a(_muluhisi3.o)
 .text.libgcc   0x00000000        0x0 c:/program files (x86)/atmel/studio/7.0/toolchain/avr8/avr8-gnu-toolchain/bin/../lib/gcc/avr/5.4.0/avr5\libgcc.a(_muluhisi3.o)
 .text.libgcc.prologue
                0x00000000        0x0 c:/program files (x86)/atmel/studio/7.0/toolchain/avr8/avr8-gnu-toolchain/bin/../lib/gcc/avr/5.4.0/avr5\libgcc.a(_muluhisi3.o)
 .text.libgcc.builtins
                0x00000000        0x0 c:/program files (x86)/atmel/studio/7.0/toolchain/avr8/avr8-gnu-toolchain/bin/../lib/gcc/avr/5.4.0/avr5\libgcc.a(_muluhisi3.o)
 .text.libgcc.fmul
                0x00000000        0x0 c:/program files (x86)/atmel/studio/7.0/toolchain/avr8/avr8-gnu-toolchain/bin/../lib/gcc/avr/5.4.0/avr5\libgcc.a(_muluhisi3.o)
 .text.libgcc.fixed
                0x00000000        0x0 c:/program files (x86)/atmel/studio/7.0/toolchain/avr8/avr8-gnu-toolchain/bin/../lib/gcc/avr/5.4.0/avr5\libgcc.a(_muluhisi3.o)
 .text          0x00000000        0x0 c:/program files (x86)/atmel/studio/7.0/toolchain/avr8/avr8-gnu-toolchain/bin/../lib/gcc/avr/5.4.0/avr5\libgcc.a(_umulhisi3.o)
 .data          0x00000000        0x0 c:/program files (x86)/atmel/studio/7.0/toolchain/avr8/avr8-gnu-toolchain/bin/../lib/gcc/avr/5.4.0/avr5\libgcc.a(_umulhisi3.o)
 .bss           0x00000000        0x0 c:/program files (x86)/atmel/studio/7.0/toolchain/avr8/avr8-gnu-toolchain/bin/../lib/gcc/avr/5.4.0/avr5\libgcc.a(_umulhisi3.o)
 .text.libgcc.div
                0x00000000        0x0 c:/program files (x86)/atmel/studio/7.0/toolchain/avr8/avr8-gnu-toolchain/bin/../lib/gcc/avr/5.4.0/avr5\libgcc.a(_umulhisi3.o)
 .text.libgcc   0x00000000        0x0 c:/program files (x86)/atmel/studio/7.0/toolchain/avr8/avr8-gnu-toolchain/bin/../lib/gcc/avr/5.4.0/avr5\libgcc.a(_umulhisi3.o)
 .text.libgcc.prologue
                0x00000000        0x0 c:/program files (x86)/atmel/studio/7.0/toolchain/avr8/avr8-gnu-toolchain/bin/../lib/gcc/avr/5.4.0/avr5\libgcc.a(_umulhisi3.o)
 .text.libgcc.builtins
                0x00000000        0x0 c:/program files (x86)/atmel/studio/7.0/toolchain/avr8/avr8-gnu-toolchain/bin/../lib/gcc/avr/5.4.0/avr5\libgcc.a(_umulhisi3.o)
 .text.libgcc.fmul
                0x00000000        0x0 c:/program files (x86)/atmel/studio/7.0/toolchain/avr8/avr8-gnu-toolchain/bin/../lib/gcc/avr/5.4.0/avr5\libgcc.a(_umulhisi3.o)
 .text.libgcc.fixed
                0x00000000        0x0 c:/program files (x86)/atmel/studio/7.0/toolchain/avr8/avr8-gnu-toolchain/bin/../lib/gcc/avr/5.4.0/avr5\libgcc.a(_umulhisi3.o)
 .text          0x00000000        0x0 c:/program files (x86)/atmel/studio/7.0/toolchain/avr8/avr8-gnu-toolchain/bin/../lib/gcc/avr/5.4.0/../../../../avr/lib/avr5\libc.a(memcpy_P.o)
 .data          0x00000000        0x0 c:/program files (x86)/atmel/studio/7.0/toolchain/avr8/avr8-gnu-toolchain/bin/../lib/gcc/avr/5.4.0/../../../../avr/lib/avr5\libc.a(memcpy_P.o)
 .bss           0x00000000        0x0 c:/program files (x86)/atmel/studio/7.0/toolchain/avr8/avr8-gnu-toolchain/bin/../lib/gcc/avr/5.4.0/../../../../avr/lib/avr5\libc.a(memcpy_P.o)

Memory Configuration

Name             Origin             Length             Attributes
text             0x00000000         0x00020000         xr
data             0x00800060         0x0000ffa0         rw !x
eeprom           0x00810000         0x00010000         rw !x
fuse             0x00820000         0x00000003         rw !x
lock             0x00830000         0x00000400         rw !x
signature        0x00840000         0x00000400         rw !x
user_signatures  0x00850000         0x00000400         rw !x
*default*        0x00000000         0xffffffff

Linker script and memory map

Address of section .data set to 0x800100
LOAD C:/Program Files (x86)/Atmel/Studio/7.0/Packs/Atmel/ATmega_DFP/1.2.209/gcc/dev/atmega328p/avr5/crtatmega328p.o
LOAD ili9341.o
LOAD main.o
START GROUP
LOAD c:/program files (x86)/atmel/studio/7.0/toolchain/avr8/avr8-gnu-toolchain/bin/../lib/gcc/avr/5.4.0/../../../../avr/lib/avr5\libm.a
END GROUP
START GROUP
LOAD c:/program files (x86)/atmel/studio/7.0/toolchain/avr8/avr8-gnu-toolchain/bin/../lib/gcc/avr/5.4.0/avr5\libgcc.a
LOAD c:/program files (x86)/atmel/studio/7.0/toolchain/avr8/avr8-gnu-toolchain/bin/../lib/gcc/avr/5.4.0/../../../../avr/lib/avr5\libm.a
LOAD c:/program files (x86)/atmel/studio/7.0/toolchain/avr8/avr8-gnu-toolchain/bin/../lib/gcc/avr/5.4.0/../../../../avr/lib/avr5\libc.a
LOAD C:/Program Files (x86)/Atmel/Studio/7.0/Packs/Atmel/ATmega_DFP/1.2.209/gcc/dev/atmega328p/avr5\libatmega328p.a
END GROUP
                0x00020000                __TEXT_REGION_LENGTH__ = DEFINED (__TEXT_REGION_LENGTH__)?__TEXT_REGION_LENGTH__:0x20000
                0x0000ffa0                __DATA_REGION_LENGTH__ = DEFINED (__DATA_REGION_LENGTH__)?__DATA_REGION_LENGTH__:0xffa0
                0x00010000                __EEPROM_REGION_LENGTH__ = DEFINED (__EEPROM_REGION_LENGTH__)?__EEPROM_REGION_LENGTH__:0x10000
                [0x00000003]                __FUSE_REGION_LENGTH__ = DEFINED (__FUSE_REGION_LENGTH__)?__FUSE_REGION_LENGTH__:0x400
                0x00000400                __LOCK_REGION_LENGTH__ = DEFINED (__LOCK_REGION_LENGTH__)?__LOCK_REGION_LENGTH__:0x400
                0x00000400                __SIGNATURE_REGION_LENGTH__ = DEFINED (__SIGNATURE_REGION_LENGTH__)?__SIGNATURE_REGION_LENGTH__:0x400
                0x00000400                __USER_SIGNATURE_REGION_LENGTH__ = DEFINED (__USER_SIGNATURE_REGION_LENGTH__)?__USER_SIGNATURE_REGION_LENGTH__:0x400

.hash
 *(.hash)

.dynsym
 *(.dynsym)

.dynstr
 *(.dynstr)

.gnu.version
 *(.gnu.version)

.gnu.version_d
 *(.gnu.version_d)

.gnu.version_r
 *(.gnu.version_r)

.rel.init
 *(.rel.init)

.rela.init
 *(.rela.init)

.rel.text
 *(.rel.text)
 *(.rel.text.*)
 *(.rel.gnu.linkonce.t*)

.rela.text
 *(.rela.text)
 *(.rela.text.*)
 *(.rela.gnu.linkonce.t*)

.rel.fini
 *(.rel.fini)

.rela.fini
 *(.rela.fini)

.rel.rodata
 *(.rel.rodata)
 *(.rel.rodata.*)
 *(.rel.gnu.linkonce.r*)

.rela.rodata
 *(.rela.rodata)
 *(.rela.rodata.*)
 *(.rela.gnu.linkonce.r*)

.rel.data
 *(.rel.data)
 *(.rel.data.*)
 *(.rel.gnu.linkonce.d*)

.rela.data
 *(.rela.data)
 *(.rela.data.*)
 *(.rela.gnu.linkonce.d*)

.rel.ctors
 *(.rel.ctors)

.rela.ctors
 *(.rela.ctors)

.rel.dtors
 *(.rel.dtors)

.rela.dtors
 *(.rela.dtors)

.rel.got
 *(.rel.got)

.rela.got
 *(.rela.got)

.rel.bss
 *(.rel.bss)

.rela.bss
 *(.rela.bss)

.rel.plt
 *(.rel.plt)

.rela.plt
 *(.rela.plt)

.text           0x00000000     0x3760
 *(.vectors)
 .vectors       0x00000000       0x68 C:/Program Files (x86)/Atmel/Studio/7.0/Packs/Atmel/ATmega_DFP/1.2.209/gcc/dev/atmega328p/avr5/crtatmega328p.o
                0x00000000                __vector_default
                0x00000000                __vectors
 *(.vectors)
 *(.progmem.gcc*)
                0x00000068                . = ALIGN (0x2)
                0x00000068                __trampolines_start = .
 *(.trampolines)
 .trampolines   0x00000068        0x0 linker stubs
 *(.trampolines*)
                0x00000068                __trampolines_end = .
 *libprintf_flt.a:*(.progmem.data)
 *libc.a:*(.progmem.data)
 *(.progmem*)
 .progmem.data.CHARACTERS
                0x00000068      0x1e0 ili9341.o
                0x00000068                CHARACTERS
 .progmem.data.TomThumb
                0x00000248        0x7 main.o
                0x00000248                TomThumb
 .progmem.data.TomThumbGlyphs
                0x0000024f      0x299 main.o
                0x0000024f                TomThumbGlyphs
 .progmem.data.TomThumbBitmaps
                0x000004e8      0x1a2 main.o
                0x000004e8                TomThumbBitmaps
 .progmem.data.FreeSevenSegNum
                0x0000068a        0x7 main.o
                0x0000068a                FreeSevenSegNum
 .progmem.data.FreeSevenSegNumGlyphs
                0x00000691       0x46 main.o
                0x00000691                FreeSevenSegNumGlyphs
 .progmem.data.FreeSevenSegNumBitmaps
                0x000006d7      0x553 main.o
                0x000006d7                FreeSevenSegNumBitmaps
 .progmem.data.Dmd8x7Clock
                0x00000c2a        0x7 main.o
                0x00000c2a                Dmd8x7Clock
 .progmem.data.Dmd8x7ClockGlyphs
                0x00000c31       0xe7 main.o
                0x00000c31                Dmd8x7ClockGlyphs
 .progmem.data.Dmd8x7ClockBitmaps
                0x00000d18       0xa1 main.o
                0x00000d18                Dmd8x7ClockBitmaps
 .progmem.data.bitmapImageMono
                0x00000db9      0x818 main.o
                0x00000db9                bitmapImageMono
                0x000015d2                . = ALIGN (0x2)
 *fill*         0x000015d1        0x1 
 *(.jumptables)
 *(.jumptables*)
 *(.lowtext)
 *(.lowtext*)
                0x000015d2                __ctors_start = .
 *(.ctors)
                0x000015d2                __ctors_end = .
                0x000015d2                __dtors_start = .
 *(.dtors)
                0x000015d2                __dtors_end = .
 SORT(*)(.ctors)
 SORT(*)(.dtors)
 *(.init0)
 .init0         0x000015d2        0x0 C:/Program Files (x86)/Atmel/Studio/7.0/Packs/Atmel/ATmega_DFP/1.2.209/gcc/dev/atmega328p/avr5/crtatmega328p.o
                0x000015d2                __init
 *(.init0)
 *(.init1)
 *(.init1)
 *(.init2)
 .init2         0x000015d2        0xc C:/Program Files (x86)/Atmel/Studio/7.0/Packs/Atmel/ATmega_DFP/1.2.209/gcc/dev/atmega328p/avr5/crtatmega328p.o
 *(.init2)
 *(.init3)
 *(.init3)
 *(.init4)
 .init4         0x000015de       0x16 c:/program files (x86)/atmel/studio/7.0/toolchain/avr8/avr8-gnu-toolchain/bin/../lib/gcc/avr/5.4.0/avr5\libgcc.a(_copy_data.o)
                0x000015de                __do_copy_data
 .init4         0x000015f4       0x10 c:/program files (x86)/atmel/studio/7.0/toolchain/avr8/avr8-gnu-toolchain/bin/../lib/gcc/avr/5.4.0/avr5\libgcc.a(_clear_bss.o)
                0x000015f4                __do_clear_bss
 *(.init4)
 *(.init5)
 *(.init5)
 *(.init6)
 *(.init6)
 *(.init7)
 *(.init7)
 *(.init8)
 *(.init8)
 *(.init9)
 .init9         0x00001604        0x8 C:/Program Files (x86)/Atmel/Studio/7.0/Packs/Atmel/ATmega_DFP/1.2.209/gcc/dev/atmega328p/avr5/crtatmega328p.o
 *(.init9)
 *(.text)
 .text          0x0000160c        0x4 C:/Program Files (x86)/Atmel/Studio/7.0/Packs/Atmel/ATmega_DFP/1.2.209/gcc/dev/atmega328p/avr5/crtatmega328p.o
                0x0000160c                __vector_22
                0x0000160c                __vector_1
                0x0000160c                __vector_24
                0x0000160c                __vector_12
                0x0000160c                __bad_interrupt
                0x0000160c                __vector_6
                0x0000160c                __vector_3
                0x0000160c                __vector_23
                0x0000160c                __vector_25
                0x0000160c                __vector_11
                0x0000160c                __vector_13
                0x0000160c                __vector_17
                0x0000160c                __vector_19
                0x0000160c                __vector_7
                0x0000160c                __vector_5
                0x0000160c                __vector_4
                0x0000160c                __vector_9
                0x0000160c                __vector_2
                0x0000160c                __vector_21
                0x0000160c                __vector_15
                0x0000160c                __vector_8
                0x0000160c                __vector_14
                0x0000160c                __vector_10
                0x0000160c                __vector_16
                0x0000160c                __vector_18
                0x0000160c                __vector_20
                0x00001610                . = ALIGN (0x2)
 *(.text.*)
 .text.LCD_Pixel
                0x00001610       0xcc ili9341.o
                0x00001610                LCD_Pixel
 .text.LCD_Rect_Fill
                0x000016dc      0x154 ili9341.o
                0x000016dc                LCD_Rect_Fill
 .text.LCD_Line
                0x00001830      0x156 ili9341.o
                0x00001830                LCD_Line
 .text.LCD_Triangle
                0x00001986       0x9a ili9341.o
                0x00001986                LCD_Triangle
 .text.LCD_Rect
                0x00001a20       0x7e ili9341.o
                0x00001a20                LCD_Rect
 .text.LCD_Ellipse
                0x00001a9e      0x6a8 ili9341.o
                0x00001a9e                LCD_Ellipse
 .text.LCD_Circle
                0x00002146      0x23a ili9341.o
                0x00002146                LCD_Circle
 .text.LCD_Circle_Helper
                0x00002380      0x20c ili9341.o
                0x00002380                LCD_Circle_Helper
 .text.LCD_Rect_Round
                0x0000258c      0x178 ili9341.o
                0x0000258c                LCD_Rect_Round
 .text.LCD_Circle_Fill_Helper
                0x00002704      0x1a4 ili9341.o
                0x00002704                LCD_Circle_Fill_Helper
 .text.LCD_Rect_Round_Fill
                0x000028a8       0xd6 ili9341.o
                0x000028a8                LCD_Rect_Round_Fill
 .text.LCD_String
                0x0000297e      0x31a ili9341.o
                0x0000297e                LCD_String
 .text.LCD_Font
                0x00002c98      0x2a2 ili9341.o
                0x00002c98                LCD_Font
 .text.LCD_Bitmap_Mono
                0x00002f3a      0x1e4 ili9341.o
                0x00002f3a                LCD_Bitmap_Mono
 .text.LCD_SPI  0x0000311e       0x1a ili9341.o
                0x0000311e                LCD_SPI
 .text.LCD_Reset
                0x00003138       0x32 ili9341.o
                0x00003138                LCD_Reset
 .text.LCD_Orientation
                0x0000316a       0xca ili9341.o
                0x0000316a                LCD_Orientation
 .text.LCD_Init
                0x00003234      0x1a2 ili9341.o
                0x00003234                LCD_Init
 .text.main     0x000033d6      0x336 main.o
                0x000033d6                main
 .text.libgcc.mul
                0x0000370c        0xc c:/program files (x86)/atmel/studio/7.0/toolchain/avr8/avr8-gnu-toolchain/bin/../lib/gcc/avr/5.4.0/avr5\libgcc.a(_mulshisi3.o)
                0x0000370c                __mulshisi3
                0x00003710                __mulohisi3
 .text.libgcc.mul
                0x00003718       0x14 c:/program files (x86)/atmel/studio/7.0/toolchain/avr8/avr8-gnu-toolchain/bin/../lib/gcc/avr/5.4.0/avr5\libgcc.a(_muluhisi3.o)
                0x00003718                __muluhisi3
 .text.libgcc.mul
                0x0000372c       0x1e c:/program files (x86)/atmel/studio/7.0/toolchain/avr8/avr8-gnu-toolchain/bin/../lib/gcc/avr/5.4.0/avr5\libgcc.a(_umulhisi3.o)
                0x0000372c                __umulhisi3
 .text.avr-libc
                0x0000374a       0x12 c:/program files (x86)/atmel/studio/7.0/toolchain/avr8/avr8-gnu-toolchain/bin/../lib/gcc/avr/5.4.0/../../../../avr/lib/avr5\libc.a(memcpy_P.o)
                0x0000374a                memcpy_P
                0x0000375c                . = ALIGN (0x2)
 *(.fini9)
 .fini9         0x0000375c        0x0 c:/program files (x86)/atmel/studio/7.0/toolchain/avr8/avr8-gnu-toolchain/bin/../lib/gcc/avr/5.4.0/avr5\libgcc.a(_exit.o)
                0x0000375c                _exit
                0x0000375c                exit
 *(.fini9)
 *(.fini8)
 *(.fini8)
 *(.fini7)
 *(.fini7)
 *(.fini6)
 *(.fini6)
 *(.fini5)
 *(.fini5)
 *(.fini4)
 *(.fini4)
 *(.fini3)
 *(.fini3)
 *(.fini2)
 *(.fini2)
 *(.fini1)
 *(.fini1)
 *(.fini0)
 .fini0         0x0000375c        0x4 c:/program files (x86)/atmel/studio/7.0/toolchain/avr8/avr8-gnu-toolchain/bin/../lib/gcc/avr/5.4.0/avr5\libgcc.a(_exit.o)
 *(.fini0)
                0x00003760                _etext = .

.data           0x00800100       0x5e load address 0x00003760
                0x00800100                PROVIDE (__data_start, .)
 *(.data)
 *(.data*)
 *(.gnu.linkonce.d*)
 *(.rodata)
 *(.rodata*)
 .rodata.str1.1
                0x00800100       0x5d main.o
 *(.gnu.linkonce.r*)
                0x0080015e                . = ALIGN (0x2)
 *fill*         0x0080015d        0x1 
                0x0080015e                _edata = .
                0x0080015e                PROVIDE (__data_end, .)

.bss            0x0080015e        0x8
                0x0080015e                PROVIDE (__bss_start, .)
 *(.bss)
 *(.bss*)
 .bss.cacheMemIndexCol
                0x0080015e        0x2 ili9341.o
                0x0080015e                cacheMemIndexCol
 .bss.cacheMemIndexRow
                0x00800160        0x2 ili9341.o
                0x00800160                cacheMemIndexRow
 .bss.LCD_Height
                0x00800162        0x2 ili9341.o
                0x00800162                LCD_Height
 .bss.LCD_Width
                0x00800164        0x2 ili9341.o
                0x00800164                LCD_Width
 *(COMMON)
                0x00800166                PROVIDE (__bss_end, .)
                0x00003760                __data_load_start = LOADADDR (.data)
                0x000037be                __data_load_end = (__data_load_start + SIZEOF (.data))

.noinit         0x00800166        0x0
                [!provide]                PROVIDE (__noinit_start, .)
 *(.noinit*)
                [!provide]                PROVIDE (__noinit_end, .)
                0x00800166                _end = .
                [!provide]                PROVIDE (__heap_start, .)

.eeprom         0x00810000        0x0
 *(.eeprom*)
                0x00810000                __eeprom_end = .

.fuse
 *(.fuse)
 *(.lfuse)
 *(.hfuse)
 *(.efuse)

.lock
 *(.lock*)

.signature
 *(.signature*)

.user_signatures
 *(.user_signatures*)

.stab
 *(.stab)

.stabstr
 *(.stabstr)

.stab.excl
 *(.stab.excl)

.stab.exclstr
 *(.stab.exclstr)

.stab.index
 *(.stab.index)

.stab.indexstr
 *(.stab.indexstr)

.comment        0x00000000       0x30
 *(.comment)
 .comment       0x00000000       0x30 ili9341.o
                                 0x31 (size before relaxing)
 .comment       0x00000030       0x31 main.o

.note.gnu.avr.deviceinfo
                0x00000000       0x40
 .note.gnu.avr.deviceinfo
                0x00000000       0x40 C:/Program Files (x86)/Atmel/Studio/7.0/Packs/Atmel/ATmega_DFP/1.2.209/gcc/dev/atmega328p/avr5/crtatmega328p.o

.note.gnu.build-id
 *(.note.gnu.build-id)

.debug
 *(.debug)

.line
 *(.line)

.debug_srcinfo
 *(.debug_srcinfo)

.debug_sfnames
 *(.debug_sfnames)

.debug_aranges  0x00000000       0xe8
 *(.debug_aranges)
 .debug_aranges
                0x00000000       0xc8 ili9341.o
 .debug_aranges
                0x000000c8       0x20 main.o

.debug_pubnames
 *(.debug_pubnames)

.debug_info     0x00000000     0x529d
 *(.debug_info .gnu.linkonce.wi.*)
 .debug_info    0x00000000      0x5f4 C:/Program Files (x86)/Atmel/Studio/7.0/Packs/Atmel/ATmega_DFP/1.2.209/gcc/dev/atmega328p/avr5/crtatmega328p.o
 .debug_info    0x000005f4     0x2f7a ili9341.o
 .debug_info    0x0000356e     0x1d2f main.o

.debug_abbrev   0x00000000      0xad3
 *(.debug_abbrev)
 .debug_abbrev  0x00000000      0x5a2 C:/Program Files (x86)/Atmel/Studio/7.0/Packs/Atmel/ATmega_DFP/1.2.209/gcc/dev/atmega328p/avr5/crtatmega328p.o
 .debug_abbrev  0x000005a2      0x395 ili9341.o
 .debug_abbrev  0x00000937      0x19c main.o

.debug_line     0x00000000     0x1ce6
 *(.debug_line .debug_line.* .debug_line_end)
 .debug_line    0x00000000      0x133 C:/Program Files (x86)/Atmel/Studio/7.0/Packs/Atmel/ATmega_DFP/1.2.209/gcc/dev/atmega328p/avr5/crtatmega328p.o
 .debug_line    0x00000133     0x1460 ili9341.o
 .debug_line    0x00001593      0x753 main.o

.debug_frame    0x00000000      0x66c
 *(.debug_frame)
 .debug_frame   0x00000000      0x648 ili9341.o
 .debug_frame   0x00000648       0x24 main.o

.debug_str      0x00000000     0x167b
 *(.debug_str)
 .debug_str     0x00000000      0x208 C:/Program Files (x86)/Atmel/Studio/7.0/Packs/Atmel/ATmega_DFP/1.2.209/gcc/dev/atmega328p/avr5/crtatmega328p.o
 .debug_str     0x00000208      0x515 ili9341.o
                                0x570 (size before relaxing)
 .debug_str     0x0000071d      0xf5e main.o
                               0x1207 (size before relaxing)

.debug_loc      0x00000000     0x3a87
 *(.debug_loc)
 .debug_loc     0x00000000     0x38cb ili9341.o
 .debug_loc     0x000038cb      0x1bc main.o

.debug_macinfo
 *(.debug_macinfo)

.debug_weaknames
 *(.debug_weaknames)

.debug_funcnames
 *(.debug_funcnames)

.debug_typenames
 *(.debug_typenames)

.debug_varnames
 *(.debug_varnames)

.debug_pubtypes
 *(.debug_pubtypes)

.debug_ranges   0x00000000      0x1b8
 *(.debug_ranges)
 .debug_ranges  0x00000000      0x1a8 ili9341.o
 .debug_ranges  0x000001a8       0x10 main.o

.debug_macro
 *(.debug_macro)
OUTPUT(ILI9341_AVR.elf elf32-avr)
LOAD linker stubs
